Archive member included because of file (symbol)

../nxtOSEK/ecrobot/../ecrobot/libecrobot.a(ecrobot_HiTechnic.o)
                              build/device/GyroSensor.o (ecrobot_get_gyro_sensor)
../nxtOSEK/ecrobot/../ecrobot/libecrobot.a(ecrobot_interface.o)
                              build/model_impl.o (ecrobot_set_light_sensor_active)
../nxtOSEK/ecrobot/../ecrobot/libecrobot.a(colorsensor.o)
                              ../nxtOSEK/ecrobot/../ecrobot/libecrobot.a(ecrobot_interface.o) (colorsensor_init)
../nxtOSEK/ecrobot/../ecrobot/libecrobot.a(osek_hook.o)
                              build/kernel/osctl.o (StartupHook)
../nxtOSEK/ecrobot/../ecrobot/libecrobot.a(uart.oram)
                              build/config/at91sam7s-gnu/irq.oram (uart_isr_C_0)
../nxtOSEK/ecrobot/../ecrobot/libecrobot.a(systick.oram)
                              build/syslib/at91sam7s-gnu/lego_nxt/hw_sys_timer.oram (systick_low_priority_C)
../nxtOSEK/ecrobot/../ecrobot/libecrobot.a(byte_fifo.oram)
                              ../nxtOSEK/ecrobot/../ecrobot/libecrobot.a(uart.oram) (byte_fifo_put)
../nxtOSEK/ecrobot/../ecrobot/libecrobot.a(aic.oram)
                              ../nxtOSEK/ecrobot/../ecrobot/libecrobot.a(uart.oram) (aic_set_vector)
../nxtOSEK/ecrobot/../ecrobot/libecrobot.a(udp.oram)
                              build/config/at91sam7s-gnu/irq.oram (udp_isr_C)
../nxtOSEK/ecrobot/../ecrobot/libecrobot.a(twi.oram)
                              build/config/at91sam7s-gnu/irq.oram (twi_isr_C)
../nxtOSEK/ecrobot/../ecrobot/libecrobot.a(nxt_spi.oram)
                              build/config/at91sam7s-gnu/irq.oram (spi_isr_C)
../nxtOSEK/ecrobot/../ecrobot/libecrobot.a(nxt_motors.oram)
                              build/device/Motor.o (nxt_motor_get_count)
../nxtOSEK/ecrobot/../ecrobot/libecrobot.a(data_abort.oram)
                              build/ecrobot_init.o (data_abort_C)
../nxtOSEK/ecrobot/../ecrobot/libecrobot.a(display.oram)
                              build/ecrobot_base.o (display_update)
../nxtOSEK/ecrobot/../ecrobot/libecrobot.a(i2c.oram)
                              build/config/at91sam7s-gnu/irq.oram (i2c_timer_isr_C)
../nxtOSEK/ecrobot/../ecrobot/libecrobot.a(sound.oram)
                              ../nxtOSEK/ecrobot/../ecrobot/libecrobot.a(ecrobot_interface.o) (sound_get_time)
../nxtOSEK/ecrobot/../ecrobot/libecrobot.a(bt.oram)
                              build/ecrobot_bluetooth.o (bt_send)
../nxtOSEK/ecrobot/../ecrobot/libecrobot.a(nxt_avr.oram)
                              build/ecrobot_base.o (nxt_avr_power_down)
../nxtOSEK/ecrobot/../ecrobot/libecrobot.a(sensors.oram)
                              ../nxtOSEK/ecrobot/../ecrobot/libecrobot.a(ecrobot_interface.o) (unset_digi0)
../nxtOSEK/ecrobot/../ecrobot/libecrobot.a(sensors1.oram)
                              ../nxtOSEK/ecrobot/../ecrobot/libecrobot.a(colorsensor.o) (sensor_pins)
../nxtOSEK/ecrobot/../ecrobot/libecrobot.a(nxt_lcd.oram)
                              ../nxtOSEK/ecrobot/../ecrobot/libecrobot.a(display.oram) (nxt_lcd_force_update)
../nxtOSEK/ecrobot/../ecrobot/libecrobot.a(flash_loader.oram)
                              build/ecrobot_base.o (set_flash_request)
../nxtOSEK/ecrobot/../ecrobot/libecrobot.a(interrupts.oram)
                              ../nxtOSEK/ecrobot/../ecrobot/libecrobot.a(uart.oram) (interrupts_get_and_disable)
../nxtOSEK/ecrobot/../ecrobot/libecrobot.a(nxtosek_splash.obmp)
                              build/ecrobot_base.o (nxtosek_splash_bmp_start)
../nxtOSEK/ecrobot/../ecrobot/libecrobot.a(ecrobot_usb.o)
                              ../nxtOSEK/ecrobot/../ecrobot/libecrobot.a(flash_loader.oram) (ecrobot_init_usb)
../nxtOSEK/ecrobot/../ecrobot/libecrobot.a(flashprog.oram)
                              ../nxtOSEK/ecrobot/../ecrobot/libecrobot.a(flash_loader.oram) (flash_write_page)
../nxtOSEK/ecrobot/../ecrobot/libnxtway_gs_balancer.a(balancer.o)
                              build/technique/BalanceControl.o (balance_control)
/cygdrive/C/cygwin/GNUARM/bin/../lib/gcc/arm-elf/4.0.2/thumb/interwork/libgcc.a(_udivsi3.o)
                              build/ecrobot_base.o (__udivsi3)
/cygdrive/C/cygwin/GNUARM/bin/../lib/gcc/arm-elf/4.0.2/thumb/interwork/libgcc.a(_divsi3.o)
                              build/technique/Commander.o (__divsi3)
/cygdrive/C/cygwin/GNUARM/bin/../lib/gcc/arm-elf/4.0.2/thumb/interwork/libgcc.a(_umodsi3.o)
                              ../nxtOSEK/ecrobot/../ecrobot/libecrobot.a(display.oram) (__umodsi3)
/cygdrive/C/cygwin/GNUARM/bin/../lib/gcc/arm-elf/4.0.2/thumb/interwork/libgcc.a(_modsi3.o)
                              ../nxtOSEK/ecrobot/../ecrobot/libecrobot.a(sound.oram) (__modsi3)
/cygdrive/C/cygwin/GNUARM/bin/../lib/gcc/arm-elf/4.0.2/thumb/interwork/libgcc.a(_dvmd_tls.o)
                              /cygdrive/C/cygwin/GNUARM/bin/../lib/gcc/arm-elf/4.0.2/thumb/interwork/libgcc.a(_udivsi3.o) (__div0)
[...]
Memory Configuration

Name             Origin             Length             Attributes
header_ram       0x001ffff0         0x00000010
vector_ram       0x00200000         0x00000040
ram              0x00200040         0x0000ffc0
*default*        0x00000000         0xffffffff

Linker script and memory map

LOAD build/kernel/alarm.o
LOAD build/kernel/event.o
LOAD build/kernel/interrupt.o
LOAD build/kernel/osctl.o
LOAD build/kernel/resource.o
LOAD build/kernel/task.o
LOAD build/kernel/task_manage.o
LOAD build/config/at91sam7s-gnu/cpu_config.o
LOAD build/config/at91sam7s-gnu/lego_nxt/sys_config.o
LOAD build/./kernel_cfg.o
LOAD build/syscalls.o
LOAD build/ecrobot_bluetooth.o
LOAD build/ecrobot_base.o
LOAD build/ecrobot.o
LOAD build/model_impl.o
LOAD build/balancer_param.o
LOAD build/device/Bluetooth.o
LOAD build/device/GyroSensor.o
LOAD build/device/TouchSensor.o
LOAD build/device/Motor.o
LOAD build/device/LightSensor.o
LOAD build/device/SonarSensor.o
LOAD build/device/LCD.o
LOAD build/device/Logger.o
LOAD build/device/Timer.o
LOAD build/competision/Competision.o
LOAD build/competision/Strategy.o
LOAD build/competision/LineTracer.o
LOAD build/competision/Runner.o
LOAD build/competision/BasicStage.o
LOAD build/competision/Jump.o
LOAD build/technique/Tail.o
LOAD build/technique/Wheel.o
LOAD build/technique/BalanceControl.o
LOAD build/technique/PidControl.o
LOAD build/technique/Communication.o
LOAD build/technique/Commander.o
LOAD build/technique/GrayDecision.o
LOAD build/technique/WheelAverage.o
LOAD build/technique/Distance.o
LOAD build/technique/Dash.o
LOAD build/technique/BumpDecision.o
LOAD build/technique/TrialDecision.o
LOAD build/technique/LineChange.o
LOAD build/CheckStart.o
LOAD build/Calibration.o
LOAD build/syslib/at91sam7s-gnu/lego_nxt/hw_sys_timer.oram
LOAD build/nxtvm/platform/nxt/vectors.o
LOAD build/config/at91sam7s-gnu/debug.o
LOAD build/config/at91sam7s-gnu/lego_nxt/sys_support.o
LOAD build/nxt_binary_header.o
LOAD build/nxt_entry_point.o
LOAD build/ecrobot_init.o
LOAD build/config/at91sam7s-gnu/cpu_support.oram
LOAD build/config/at91sam7s-gnu/irq.oram
LOAD ../nxtOSEK/ecrobot/../c++/liblejososek.a
LOAD ../nxtOSEK/ecrobot/../ecrobot/libecrobot.a
LOAD ../nxtOSEK/ecrobot/../ecrobot/libnxtway_gs_balancer.a
LOAD /cygdrive/C/cygwin/GNUARM/bin/../lib/gcc/arm-elf/4.0.2/../../../../arm-elf/lib/thumb/interwork/libstdc++.a
LOAD /cygdrive/C/cygwin/GNUARM/bin/../lib/gcc/arm-elf/4.0.2/../../../../arm-elf/lib/thumb/interwork/libm.a
LOAD /cygdrive/C/cygwin/GNUARM/bin/../lib/gcc/arm-elf/4.0.2/thumb/interwork/libgcc.a
LOAD /cygdrive/C/cygwin/GNUARM/bin/../lib/gcc/arm-elf/4.0.2/../../../../arm-elf/lib/thumb/interwork/libc.a
LOAD /cygdrive/C/cygwin/GNUARM/bin/../lib/gcc/arm-elf/4.0.2/thumb/interwork/libgcc.a
                0x00200000                RAM_BASE = 0x200000
                0x00010000                RAM_SIZE = 0x10000

.header         0x001ffff0       0x10
 *nxt_binary_header.o(*.text *.text.*)
 .text          0x001ffff0       0x10 build/nxt_binary_header.o
                0x00200000                . = ALIGN (0x10)

.vectors        0x00200000       0x40
 vectors.o(*.text *.text.*)
 .text          0x00200000       0x38 build/nxtvm/platform/nxt/vectors.o
                0x00200040                . = ALIGN (0x10)
 *fill*         0x00200038        0x8 00
                0x00200000                __vectors_ram_start__ = ADDR (.vectors)
                0x00200040                __vectors_ram_end__ = (ADDR (.vectors) + SIZEOF (.vectors))
                0x00200000                __vectors_load_start__ = LOADADDR (.vectors)
                0x00200040                __vectors_load_end__ = (LOADADDR (.vectors) + SIZEOF (.vectors))

.entry          0x00200040       0x40
 *nxt_entry_point.o(*.text *.text.*)
 .text          0x00200040       0x38 build/nxt_entry_point.o
                0x00200040                NXT_Entry_Point
                0x00200080                . = ALIGN (0x10)
 *fill*         0x00200078        0x8 00

.init           0x00200080      0x280
 *ecrobot_init.o(*.text *.text.*)
 .text          0x00200080      0x280 build/ecrobot_init.o
                0x002001ec                undef_handler
                0x002001f4                prefetch_abort_handler
                0x002001f8                data_abort_handler
                0x002001f0                swi_handler
                0x00200080                start
                0x00200214                reserved_handler
                0x00200300                . = ALIGN (0x10)

.ram_text       0x00200300     0x3760
                0x00200300                . = ALIGN (0x10)
 *.oram(*.text *.text.* *.glue*)
 .text.systick_isr_C1
                0x00200300       0x28 build/syslib/at91sam7s-gnu/lego_nxt/hw_sys_timer.oram
                0x00200300                systick_isr_C1
 *fill*         0x00200328        0x8 00
 .text          0x00200330      0x230 build/config/at91sam7s-gnu/cpu_support.oram
                0x00200510                enable_int
                0x002003b0                start_dispatch
                0x00200370                activate_r
                0x00200508                disable_int
                0x00200330                dispatch
                0x002004dc                int_return
                0x0020046c                _interrupt
                0x002003a0                exit_and_dispatch
                0x00200518                nop
 .text          0x00200560      0x2c0 build/config/at91sam7s-gnu/irq.oram
                0x00200560                default_isr
                0x002006ec                uart_isr_entry_0
                0x0020066c                twi_isr_entry
                0x0020072c                uart_isr_entry_1
                0x0020062c                spi_isr_entry
                0x002005ac                systick_low_priority_entry
                0x0020076c                nxt_motor_isr_entry
                0x002007ac                i2c_timer_isr_entry
                0x00200560                default_fiq
                0x00200564                systick_isr_entry
                0x00200560                spurious_isr
                0x002006ac                sound_isr_entry
                0x002005ec                udp_isr_entry
 .text.uart_process_isr
                0x00200820       0x88 ../nxtOSEK/ecrobot/../ecrobot/libecrobot.a(uart.oram)
 .text.uart_isr_C_0
                0x002008a8        0xc ../nxtOSEK/ecrobot/../ecrobot/libecrobot.a(uart.oram)
                0x002008a8                uart_isr_C_0
 .text.uart_isr_C_1
                0x002008b4        0xc ../nxtOSEK/ecrobot/../ecrobot/libecrobot.a(uart.oram)
                0x002008b4                uart_isr_C_1
 .text.systick_low_priority_C
                0x002008c0       0x1c ../nxtOSEK/ecrobot/../ecrobot/libecrobot.a(systick.oram)
                0x002008c0                systick_low_priority_C
 .text.systick_isr_C
                0x002008dc       0x24 ../nxtOSEK/ecrobot/../ecrobot/libecrobot.a(systick.oram)
                0x002008dc                systick_isr_C
 .text.systick_get_ms
                0x00200900        0xc ../nxtOSEK/ecrobot/../ecrobot/libecrobot.a(systick.oram)
                0x00200900                systick_get_ms
 .text.systick_wait_ms
                0x0020090c       0x1c ../nxtOSEK/ecrobot/../ecrobot/libecrobot.a(systick.oram)
                0x0020090c                systick_wait_ms
 .text.systick_wait_ns
                0x00200928       0x1c ../nxtOSEK/ecrobot/../ecrobot/libecrobot.a(systick.oram)
                0x00200928                systick_wait_ns
 .text.systick_init
                0x00200944       0x58 ../nxtOSEK/ecrobot/../ecrobot/libecrobot.a(systick.oram)
                0x00200944                systick_init
 .text.systick_suspend
                0x0020099c        0xc ../nxtOSEK/ecrobot/../ecrobot/libecrobot.a(systick.oram)
                0x0020099c                systick_suspend
 .text.systick_resume
                0x002009a8        0xc ../nxtOSEK/ecrobot/../ecrobot/libecrobot.a(systick.oram)
                0x002009a8                systick_resume
 .text.byte_fifo_put
                0x002009b4       0x58 ../nxtOSEK/ecrobot/../ecrobot/libecrobot.a(byte_fifo.oram)
                0x002009b4                byte_fifo_put
 .text.byte_fifo_get
                0x00200a0c       0x2c ../nxtOSEK/ecrobot/../ecrobot/libecrobot.a(byte_fifo.oram)
                0x00200a0c                byte_fifo_get
 .text.aic_initialise
                0x00200a38       0x5c ../nxtOSEK/ecrobot/../ecrobot/libecrobot.a(aic.oram)
                0x00200a38                aic_initialise
 .text.aic_set_vector
                0x00200a94       0x30 ../nxtOSEK/ecrobot/../ecrobot/libecrobot.a(aic.oram)
                0x00200a94                aic_set_vector
 .text.aic_mask_on
                0x00200ac4       0x24 ../nxtOSEK/ecrobot/../ecrobot/libecrobot.a(aic.oram)
                0x00200ac4                aic_mask_on
 .text.aic_mask_off
                0x00200ae8       0x24 ../nxtOSEK/ecrobot/../ecrobot/libecrobot.a(aic.oram)
                0x00200ae8                aic_mask_off
 .text.aic_clear
                0x00200b0c       0x24 ../nxtOSEK/ecrobot/../ecrobot/libecrobot.a(aic.oram)
                0x00200b0c                aic_clear
 .text.reset    0x00200b30       0x4c ../nxtOSEK/ecrobot/../ecrobot/libecrobot.a(udp.oram)
 .text.udp_send_null
                0x00200b7c       0x2c ../nxtOSEK/ecrobot/../ecrobot/libecrobot.a(udp.oram)
 .text.udp_send_stall
                0x00200ba8       0x2c ../nxtOSEK/ecrobot/../ecrobot/libecrobot.a(udp.oram)
 .text.udp_send_control
                0x00200bd4       0x60 ../nxtOSEK/ecrobot/../ecrobot/libecrobot.a(udp.oram)
 .text.udp_isr_C
                0x00200c34      0x7d0 ../nxtOSEK/ecrobot/../ecrobot/libecrobot.a(udp.oram)
                0x00200c34                udp_isr_C
 .text.twi_status
                0x00201404       0x20 ../nxtOSEK/ecrobot/../ecrobot/libecrobot.a(twi.oram)
                0x00201404                twi_status
 .text.twi_isr_C
                0x00201424       0xc4 ../nxtOSEK/ecrobot/../ecrobot/libecrobot.a(twi.oram)
                0x00201424                twi_isr_C
 .text.twi_reset
                0x002014e8       0xb4 ../nxtOSEK/ecrobot/../ecrobot/libecrobot.a(twi.oram)
                0x002014e8                twi_reset
 .text.twi_init
                0x0020159c       0x4c ../nxtOSEK/ecrobot/../ecrobot/libecrobot.a(twi.oram)
                0x0020159c                twi_init
 .text.twi_start_read
                0x002015e8       0x60 ../nxtOSEK/ecrobot/../ecrobot/libecrobot.a(twi.oram)
                0x002015e8                twi_start_read
 .text.twi_start_write
                0x00201648       0x64 ../nxtOSEK/ecrobot/../ecrobot/libecrobot.a(twi.oram)
                0x00201648                twi_start_write
 .text.spi_set_mode
                0x002016ac       0x40 ../nxtOSEK/ecrobot/../ecrobot/libecrobot.a(nxt_spi.oram)
 .text.spi_isr_C
                0x002016ec       0x8c ../nxtOSEK/ecrobot/../ecrobot/libecrobot.a(nxt_spi.oram)
                0x002016ec                spi_isr_C
 .text.nxt_spi_init
                0x00201778      0x12c ../nxtOSEK/ecrobot/../ecrobot/libecrobot.a(nxt_spi.oram)
                0x00201778                nxt_spi_init
 .text.nxt_spi_write
                0x002018a4       0x44 ../nxtOSEK/ecrobot/../ecrobot/libecrobot.a(nxt_spi.oram)
                0x002018a4                nxt_spi_write
 .text.nxt_spi_set_display
                0x002018e8       0x10 ../nxtOSEK/ecrobot/../ecrobot/libecrobot.a(nxt_spi.oram)
                0x002018e8                nxt_spi_set_display
 .text.nxt_spi_refresh
                0x002018f8       0x24 ../nxtOSEK/ecrobot/../ecrobot/libecrobot.a(nxt_spi.oram)
                0x002018f8                nxt_spi_refresh
 .text.nxt_motor_get_count
                0x0020191c       0x14 ../nxtOSEK/ecrobot/../ecrobot/libecrobot.a(nxt_motors.oram)
                0x0020191c                nxt_motor_get_count
 .text.nxt_motor_set_count
                0x00201930       0x10 ../nxtOSEK/ecrobot/../ecrobot/libecrobot.a(nxt_motors.oram)
                0x00201930                nxt_motor_set_count
 .text.nxt_motor_set_speed
                0x00201940       0x34 ../nxtOSEK/ecrobot/../ecrobot/libecrobot.a(nxt_motors.oram)
                0x00201940                nxt_motor_set_speed
 .text.nxt_motor_1kHz_process
                0x00201974       0x28 ../nxtOSEK/ecrobot/../ecrobot/libecrobot.a(nxt_motors.oram)
                0x00201974                nxt_motor_1kHz_process
 .text.nxt_motor_quad_decode
                0x0020199c       0x30 ../nxtOSEK/ecrobot/../ecrobot/libecrobot.a(nxt_motors.oram)
                0x0020199c                nxt_motor_quad_decode
 .text.nxt_motor_isr_C
                0x002019cc       0x88 ../nxtOSEK/ecrobot/../ecrobot/libecrobot.a(nxt_motors.oram)
                0x002019cc                nxt_motor_isr_C
 .text.nxt_motor_init
                0x00201a54       0x68 ../nxtOSEK/ecrobot/../ecrobot/libecrobot.a(nxt_motors.oram)
                0x00201a54                nxt_motor_init
 .text.data_abort_C
                0x00201abc       0x7c ../nxtOSEK/ecrobot/../ecrobot/libecrobot.a(data_abort.oram)
                0x00201abc                data_abort_C
 .text.display_update
                0x00201b38       0x14 ../nxtOSEK/ecrobot/../ecrobot/libecrobot.a(display.oram)
                0x00201b38                display_update
 .text.display_force_update
                0x00201b4c        0xc ../nxtOSEK/ecrobot/../ecrobot/libecrobot.a(display.oram)
                0x00201b4c                display_force_update
 .text.display_clear
                0x00201b58       0x24 ../nxtOSEK/ecrobot/../ecrobot/libecrobot.a(display.oram)
                0x00201b58                display_clear
 .text.display_goto_xy
                0x00201b7c       0x14 ../nxtOSEK/ecrobot/../ecrobot/libecrobot.a(display.oram)
                0x00201b7c                display_goto_xy
 .text.display_char
                0x00201b90       0x60 ../nxtOSEK/ecrobot/../ecrobot/libecrobot.a(display.oram)
                0x00201b90                display_char
 .text.display_string
                0x00201bf0       0x3c ../nxtOSEK/ecrobot/../ecrobot/libecrobot.a(display.oram)
                0x00201bf0                display_string
 .text.display_hex
                0x00201c2c       0x50 ../nxtOSEK/ecrobot/../ecrobot/libecrobot.a(display.oram)
                0x00201c2c                display_hex
 .text.display_unsigned_worker
                0x00201c7c       0x70 ../nxtOSEK/ecrobot/../ecrobot/libecrobot.a(display.oram)
 .text.display_unsigned
                0x00201cec        0xc ../nxtOSEK/ecrobot/../ecrobot/libecrobot.a(display.oram)
                0x00201cec                display_unsigned
 .text.display_int
                0x00201cf8       0x14 ../nxtOSEK/ecrobot/../ecrobot/libecrobot.a(display.oram)
                0x00201cf8                display_int
 .text.display_bitmap_copy
                0x00201d0c       0x5c ../nxtOSEK/ecrobot/../ecrobot/libecrobot.a(display.oram)
                0x00201d0c                display_bitmap_copy
 .text.display_init
                0x00201d68       0x50 ../nxtOSEK/ecrobot/../ecrobot/libecrobot.a(display.oram)
                0x00201d68                display_init
 .text.i2c_timer_isr_C
                0x00201db8      0x314 ../nxtOSEK/ecrobot/../ecrobot/libecrobot.a(i2c.oram)
                0x00201db8                i2c_timer_isr_C
 .text.i2c_disable
                0x002020cc       0x20 ../nxtOSEK/ecrobot/../ecrobot/libecrobot.a(i2c.oram)
                0x002020cc                i2c_disable
 .text.i2c_enable
                0x002020ec       0x40 ../nxtOSEK/ecrobot/../ecrobot/libecrobot.a(i2c.oram)
                0x002020ec                i2c_enable
 .text.i2c_init
                0x0020212c       0xa4 ../nxtOSEK/ecrobot/../ecrobot/libecrobot.a(i2c.oram)
                0x0020212c                i2c_init
 .text.set_vol  0x002021d0       0xa4 ../nxtOSEK/ecrobot/../ecrobot/libecrobot.a(sound.oram)
 .text.sound_fill_sample_buffer
                0x00202274       0xe4 ../nxtOSEK/ecrobot/../ecrobot/libecrobot.a(sound.oram)
                0x00202274                sound_fill_sample_buffer
 .text.sound_freq_vol
                0x00202358      0x1ec ../nxtOSEK/ecrobot/../ecrobot/libecrobot.a(sound.oram)
                0x00202358                sound_freq_vol
 .text.sound_init
                0x00202544       0xa0 ../nxtOSEK/ecrobot/../ecrobot/libecrobot.a(sound.oram)
                0x00202544                sound_init
 .text.sound_isr_C
                0x002025e4      0x180 ../nxtOSEK/ecrobot/../ecrobot/libecrobot.a(sound.oram)
                0x002025e4                sound_isr_C
 .text.bt_init  0x00202764      0x1c0 ../nxtOSEK/ecrobot/../ecrobot/libecrobot.a(bt.oram)
                0x00202764                bt_init
 .text.bt_send  0x00202924       0x5c ../nxtOSEK/ecrobot/../ecrobot/libecrobot.a(bt.oram)
                0x00202924                bt_send
 .text.bt_write
                0x00202980       0x70 ../nxtOSEK/ecrobot/../ecrobot/libecrobot.a(bt.oram)
                0x00202980                bt_write
 .text.bt_pending
                0x002029f0       0x50 ../nxtOSEK/ecrobot/../ecrobot/libecrobot.a(bt.oram)
                0x002029f0                bt_pending
 .text.bt_clear_arm7_cmd
                0x00202a40       0x10 ../nxtOSEK/ecrobot/../ecrobot/libecrobot.a(bt.oram)
                0x00202a40                bt_clear_arm7_cmd
 .text.bt_set_arm7_cmd
                0x00202a50       0x10 ../nxtOSEK/ecrobot/../ecrobot/libecrobot.a(bt.oram)
                0x00202a50                bt_set_arm7_cmd
 .text.bt_receive
                0x00202a60      0x160 ../nxtOSEK/ecrobot/../ecrobot/libecrobot.a(bt.oram)
                0x00202a60                bt_receive
 .text.bt_read  0x00202bc0      0x140 ../nxtOSEK/ecrobot/../ecrobot/libecrobot.a(bt.oram)
                0x00202bc0                bt_read
 .text.bt_reset
                0x00202d00       0x84 ../nxtOSEK/ecrobot/../ecrobot/libecrobot.a(bt.oram)
                0x00202d00                bt_reset
 .text.nxt_avr_power_down
                0x00202d84       0x10 ../nxtOSEK/ecrobot/../ecrobot/libecrobot.a(nxt_avr.oram)
                0x00202d84                nxt_avr_power_down
 .text.nxt_avr_link_init
                0x00202d94       0x20 ../nxtOSEK/ecrobot/../ecrobot/libecrobot.a(nxt_avr.oram)
                0x00202d94                nxt_avr_link_init
 .text.nxt_avr_init
                0x00202db4       0x6c ../nxtOSEK/ecrobot/../ecrobot/libecrobot.a(nxt_avr.oram)
                0x00202db4                nxt_avr_init
 .text.nxt_avr_1kHz_update
                0x00202e20      0x1cc ../nxtOSEK/ecrobot/../ecrobot/libecrobot.a(nxt_avr.oram)
                0x00202e20                nxt_avr_1kHz_update
 .text.buttons_get
                0x00202fec        0xc ../nxtOSEK/ecrobot/../ecrobot/libecrobot.a(nxt_avr.oram)
                0x00202fec                buttons_get
 .text.battery_voltage
                0x00202ff8       0x28 ../nxtOSEK/ecrobot/../ecrobot/libecrobot.a(nxt_avr.oram)
                0x00202ff8                battery_voltage
 .text.sensor_adc
                0x00203020       0x20 ../nxtOSEK/ecrobot/../ecrobot/libecrobot.a(nxt_avr.oram)
                0x00203020                sensor_adc
 .text.nxt_avr_set_motor
                0x00203040       0x34 ../nxtOSEK/ecrobot/../ecrobot/libecrobot.a(nxt_avr.oram)
                0x00203040                nxt_avr_set_motor
 .text.nxt_avr_set_input_power
                0x00203074       0x3c ../nxtOSEK/ecrobot/../ecrobot/libecrobot.a(nxt_avr.oram)
                0x00203074                nxt_avr_set_input_power
 .text.unset_digi0
                0x002030b0       0x44 ../nxtOSEK/ecrobot/../ecrobot/libecrobot.a(sensors.oram)
                0x002030b0                unset_digi0
 .text.unset_digi1
                0x002030f4       0x44 ../nxtOSEK/ecrobot/../ecrobot/libecrobot.a(sensors.oram)
                0x002030f4                unset_digi1
 .text.init_sensors
                0x00203138       0x4c ../nxtOSEK/ecrobot/../ecrobot/libecrobot.a(sensors.oram)
                0x00203138                init_sensors
 .text.set_digi0
                0x00203184       0x44 ../nxtOSEK/ecrobot/../ecrobot/libecrobot.a(sensors.oram)
                0x00203184                set_digi0
 .text.nxt_lcd_command
                0x002031c8       0x18 ../nxtOSEK/ecrobot/../ecrobot/libecrobot.a(nxt_lcd.oram)
                0x002031c8                nxt_lcd_command
 .text.nxt_lcd_set_col
                0x002031e0       0x24 ../nxtOSEK/ecrobot/../ecrobot/libecrobot.a(nxt_lcd.oram)
                0x002031e0                nxt_lcd_set_col
 .text.nxt_lcd_set_multiplex_rate
                0x00203204       0x18 ../nxtOSEK/ecrobot/../ecrobot/libecrobot.a(nxt_lcd.oram)
                0x00203204                nxt_lcd_set_multiplex_rate
 .text.nxt_lcd_set_page_address
                0x0020321c       0x18 ../nxtOSEK/ecrobot/../ecrobot/libecrobot.a(nxt_lcd.oram)
                0x0020321c                nxt_lcd_set_page_address
 .text.nxt_lcd_set_pot
                0x00203234       0x1c ../nxtOSEK/ecrobot/../ecrobot/libecrobot.a(nxt_lcd.oram)
                0x00203234                nxt_lcd_set_pot
 .text.nxt_lcd_set_ram_address_control
                0x00203250       0x18 ../nxtOSEK/ecrobot/../ecrobot/libecrobot.a(nxt_lcd.oram)
                0x00203250                nxt_lcd_set_ram_address_control
 .text.nxt_lcd_enable
                0x00203268       0x14 ../nxtOSEK/ecrobot/../ecrobot/libecrobot.a(nxt_lcd.oram)
                0x00203268                nxt_lcd_enable
 .text.nxt_lcd_set_map_control
                0x0020327c       0x18 ../nxtOSEK/ecrobot/../ecrobot/libecrobot.a(nxt_lcd.oram)
                0x0020327c                nxt_lcd_set_map_control
 .text.nxt_lcd_reset
                0x00203294        0xc ../nxtOSEK/ecrobot/../ecrobot/libecrobot.a(nxt_lcd.oram)
                0x00203294                nxt_lcd_reset
 .text.nxt_lcd_set_bias_ratio
                0x002032a0       0x18 ../nxtOSEK/ecrobot/../ecrobot/libecrobot.a(nxt_lcd.oram)
                0x002032a0                nxt_lcd_set_bias_ratio
 .text.nxt_lcd_force_update
                0x002032b8       0x30 ../nxtOSEK/ecrobot/../ecrobot/libecrobot.a(nxt_lcd.oram)
                0x002032b8                nxt_lcd_force_update
 .text.nxt_lcd_update
                0x002032e8        0xc ../nxtOSEK/ecrobot/../ecrobot/libecrobot.a(nxt_lcd.oram)
                0x002032e8                nxt_lcd_update
 .text.nxt_lcd_power_up
                0x002032f4       0x48 ../nxtOSEK/ecrobot/../ecrobot/libecrobot.a(nxt_lcd.oram)
                0x002032f4                nxt_lcd_power_up
 .text.nxt_lcd_power_down
                0x0020333c        0xc ../nxtOSEK/ecrobot/../ecrobot/libecrobot.a(nxt_lcd.oram)
                0x0020333c                nxt_lcd_power_down
 .text.nxt_lcd_init
                0x00203348       0x18 ../nxtOSEK/ecrobot/../ecrobot/libecrobot.a(nxt_lcd.oram)
                0x00203348                nxt_lcd_init
 .text.verify_flash_page
                0x00203360       0x34 ../nxtOSEK/ecrobot/../ecrobot/libecrobot.a(flash_loader.oram)
 .text.set_flash_request
                0x00203394       0x38 ../nxtOSEK/ecrobot/../ecrobot/libecrobot.a(flash_loader.oram)
                0x00203394                set_flash_request
 .text.nxt_device_init
                0x002033cc       0x38 ../nxtOSEK/ecrobot/../ecrobot/libecrobot.a(flash_loader.oram)
                0x002033cc                nxt_device_init
 .text          0x00203404       0x68 ../nxtOSEK/ecrobot/../ecrobot/libecrobot.a(interrupts.oram)
                0x0020345c                fiq_enable
                0x00203404                interrupts_get_and_disable
                0x00203438                fiq_get_and_disable
                0x00203428                interrupts_enable
 .text.flash_write_page
                0x0020346c       0xc0 ../nxtOSEK/ecrobot/../ecrobot/libecrobot.a(flashprog.oram)
                0x0020346c                flash_write_page
                0x00203530                . = ALIGN (0x10)
 *fill*         0x0020352c        0x4 00
 *.oram(*.rodata *.rodata.*)
 .rodata.ld     0x00203530        0x4 ../nxtOSEK/ecrobot/../ecrobot/libecrobot.a(udp.oram)
 .rodata.cfd    0x00203534       0x20 ../nxtOSEK/ecrobot/../ecrobot/libecrobot.a(udp.oram)
 .rodata.dd     0x00203554       0x12 ../nxtOSEK/ecrobot/../ecrobot/libecrobot.a(udp.oram)
 *fill*         0x00203566        0x2 00
 .rodata.str1.4
                0x00203568       0x22 ../nxtOSEK/ecrobot/../ecrobot/libecrobot.a(data_abort.oram)
                                 0x24 (size before relaxing)
 .rodata.font   0x0020358a      0x280 ../nxtOSEK/ecrobot/../ecrobot/libecrobot.a(display.oram)
 *fill*         0x0020380a        0x2 00
 .rodata.str1.4
                0x0020380c       0x76 ../nxtOSEK/ecrobot/../ecrobot/libecrobot.a(display.oram)
                                 0x78 (size before relaxing)
 *fill*         0x00203882        0x2 00
 .rodata.i2c_pin
                0x00203884       0x20 ../nxtOSEK/ecrobot/../ecrobot/libecrobot.a(i2c.oram)
 .rodata.i2c_timer_isr_C
                0x002038a4       0x38 ../nxtOSEK/ecrobot/../ecrobot/libecrobot.a(i2c.oram)
 .rodata.logvol
                0x002038dc        0xc ../nxtOSEK/ecrobot/../ecrobot/libecrobot.a(sound.oram)
                0x002038dc                logvol
 .rodata.silence
                0x002038e8       0x40 ../nxtOSEK/ecrobot/../ecrobot/libecrobot.a(sound.oram)
                0x002038e8                silence
 .rodata.sine   0x00203928       0x10 ../nxtOSEK/ecrobot/../ecrobot/libecrobot.a(sound.oram)
                0x00203928                sine
 .rodata.sample_pattern
                0x00203938       0x84 ../nxtOSEK/ecrobot/../ecrobot/libecrobot.a(sound.oram)
                0x00203938                sample_pattern
 .rodata        0x002039bc        0xc ../nxtOSEK/ecrobot/../ecrobot/libecrobot.a(sound.oram)
 .rodata.avr_brainwash_string
                0x002039c8       0x30 ../nxtOSEK/ecrobot/../ecrobot/libecrobot.a(nxt_avr.oram)
                0x002039c8                avr_brainwash_string
 .rodata.nxt_avr_1kHz_update
                0x002039f8       0x14 ../nxtOSEK/ecrobot/../ecrobot/libecrobot.a(nxt_avr.oram)
 .rodata.C.33.1823
                0x00203a0c       0x10 ../nxtOSEK/ecrobot/../ecrobot/libecrobot.a(sensors.oram)
 .rodata.C.37.1857
                0x00203a1c       0x10 ../nxtOSEK/ecrobot/../ecrobot/libecrobot.a(sensors.oram)
 .rodata.C.31.1806
                0x00203a2c       0x10 ../nxtOSEK/ecrobot/../ecrobot/libecrobot.a(sensors.oram)
 .rodata.str1.4
                0x00203a3c       0x23 ../nxtOSEK/ecrobot/../ecrobot/libecrobot.a(flash_loader.oram)
                                 0x24 (size before relaxing)
                0x00203a60                . = ALIGN (0x10)
 *fill*         0x00203a5f        0x1 00
                0x00200300                __ramtext_ram_start__ = ADDR (.ram_text)
                0x00203a60                __ramtext_ram_end__ = (ADDR (.ram_text) + SIZEOF (.ram_text))
                0x00200300                __ramtext_load_start__ = LOADADDR (.ram_text)
                0x00203a60                __ramtext_load_end__ = (__ramtext_load_start__ + SIZEOF (.ram_text))

.wav_data       0x00203a60        0x0
 *.owav(*.data *.data.*)
                0x00203a60                . = ALIGN (0x10)

.bmp_data       0x00203a60      0x440
 *.obmp(*.data *.data.*)
 .data          0x00203a60      0x43e ../nxtOSEK/ecrobot/../ecrobot/libecrobot.a(nxtosek_splash.obmp)
                0x00203a60                nxtosek_splash_bmp_start
                0x00203e9e                nxtosek_splash_bmp_end
                0x00203ea0                . = ALIGN (0x10)
 *fill*         0x00203e9e        0x2 00

.spr_data       0x00203ea0        0x0
 *.ospr(*.data *.data.*)
                0x00203ea0                . = ALIGN (0x10)

.data           0x00203ea0       0x90
 *(*.data *.data.*)
 .data.bt_status
                0x00203ea0        0x1 build/ecrobot_bluetooth.o
 *fill*         0x00203ea1        0x3 00
 .data.K_THETADOT
                0x00203ea4        0x4 build/balancer_param.o
                0x00203ea4                K_THETADOT
 .data.K_PHIDOT
                0x00203ea8        0x4 build/balancer_param.o
                0x00203ea8                K_PHIDOT
 .data.K_I      0x00203eac        0x4 build/balancer_param.o
                0x00203eac                K_I
 .data.K_F      0x00203eb0       0x10 build/balancer_param.o
                0x00203eb0                K_F
 .data.A_R      0x00203ec0        0x4 build/balancer_param.o
                0x00203ec0                A_R
 .data.A_D      0x00203ec4        0x4 build/balancer_param.o
                0x00203ec4                A_D
 .data.distance_state
                0x00203ec8       0x10 ../nxtOSEK/ecrobot/../ecrobot/libecrobot.a(ecrobot_interface.o)
 .data.deviceStatus
                0x00203ed8        0x1 ../nxtOSEK/ecrobot/../ecrobot/libecrobot.a(ecrobot_interface.o)
 .data.named    0x00203ed9       0x22 ../nxtOSEK/ecrobot/../ecrobot/libecrobot.a(udp.oram)
 .data.snd      0x00203efb       0x1a ../nxtOSEK/ecrobot/../ecrobot/libecrobot.a(udp.oram)
 *fill*         0x00203f15        0x3 00
 .data.configured
                0x00203f18        0x4 ../nxtOSEK/ecrobot/../ecrobot/libecrobot.a(udp.oram)
 .data.mode     0x00203f1c        0x1 ../nxtOSEK/ecrobot/../ecrobot/libecrobot.a(nxt_spi.oram)
                0x00203f1c                mode
 *fill*         0x00203f1d        0x3 00
 .bss.data      0x00203f20        0x4 ../nxtOSEK/ecrobot/../ecrobot/libecrobot.a(nxt_spi.oram)
                0x00203f20                data
 .data.display_auto_update
                0x00203f24        0x4 ../nxtOSEK/ecrobot/../ecrobot/libecrobot.a(display.oram)
                0x00203f24                display_auto_update
 .data.display_buffer
                0x00203f28        0x4 ../nxtOSEK/ecrobot/../ecrobot/libecrobot.a(display.oram)
                0x00203f30                . = ALIGN (0x10)
 *fill*         0x00203f2c        0x4 00
                0x00203ea0                __data_ram_start__ = ADDR (.data)
                0x00203f30                __data_ram_end__ = (ADDR (.data) + SIZEOF (.data))
                0x00203ea0                __data_load_start__ = LOADADDR (.data)
                0x00203f30                __data_load_end__ = (__data_load_start__ + SIZEOF (.data))

.text           0x00203f30     0x3ea0
                0x00203f30                . = ALIGN (0x10)
 *(*.text *.text.* *.glue*)
 .text.enqueue_alarm
                0x00203f30       0x90 build/kernel/alarm.o
 .text.alarm_initialize
                0x00203fc0       0x98 build/kernel/alarm.o
                0x00203fc0                alarm_initialize
 .text.SignalCounter
                0x00204058      0x134 build/kernel/alarm.o
                0x00204058                SignalCounter
 .text.StartOS  0x0020418c       0x58 build/kernel/osctl.o
                0x0020418c                StartOS
 .text.ShutdownOS
                0x002041e4       0x4c build/kernel/osctl.o
                0x002041e4                ShutdownOS
 .text.call_pretaskhook
                0x00204230       0x24 build/kernel/osctl.o
                0x00204230                call_pretaskhook
 .text.call_errorhook
                0x00204254       0x78 build/kernel/osctl.o
                0x00204254                call_errorhook
 .text.call_posttaskhook
                0x002042cc       0x24 build/kernel/osctl.o
                0x002042cc                call_posttaskhook
 .text.search_schedtsk
                0x002042f0       0x94 build/kernel/task.o
                0x002042f0                search_schedtsk
 .text.make_runnable
                0x00204384       0xac build/kernel/task.o
                0x00204384                make_runnable
 .text.make_active
                0x00204430       0x78 build/kernel/task.o
                0x00204430                make_active
 .text.task_initialize
                0x002044a8       0x90 build/kernel/task.o
                0x002044a8                task_initialize
 .text.ActivateTask
                0x00204538       0x8c build/kernel/task_manage.o
                0x00204538                ActivateTask
 .text.TerminateTask
                0x002045c4       0x74 build/kernel/task_manage.o
                0x002045c4                TerminateTask
 .text.cpu_initialize
                0x00204638        0x4 build/config/at91sam7s-gnu/cpu_config.o
                0x00204638                cpu_initialize
 .text.cpu_terminate
                0x0020463c        0x4 build/config/at91sam7s-gnu/cpu_config.o
                0x0020463c                cpu_terminate
 .text.sys_initialize
                0x00204640        0x4 build/config/at91sam7s-gnu/lego_nxt/sys_config.o
                0x00204640                sys_initialize
 .text.sys_exit
                0x00204644        0x4 build/config/at91sam7s-gnu/lego_nxt/sys_config.o
                0x00204644                sys_exit
 .text._activate_alarm_cyclic_alarm1
                0x00204648        0xc build/./kernel_cfg.o
 .text._activate_alarm_cyclic_alarm2
                0x00204654        0xc build/./kernel_cfg.o
 .text.object_initialize
                0x00204660       0x10 build/./kernel_cfg.o
                0x00204660                object_initialize
 .text.ecrobot_get_bt_status
                0x00204670       0x10 build/ecrobot_bluetooth.o
                0x00204670                ecrobot_get_bt_status
 .text.close_bt_stream
                0x00204680       0x2c build/ecrobot_bluetooth.o
 .text.ecrobot_send_bt_packet
                0x002046ac       0x54 build/ecrobot_bluetooth.o
                0x002046ac                ecrobot_send_bt_packet
 .text.ecrobot_read_bt
                0x00204700       0x24 build/ecrobot_bluetooth.o
                0x00204700                ecrobot_read_bt
 .text.send_bt_command
                0x00204724       0x40 build/ecrobot_bluetooth.o
 .text.ecrobot_term_bt_connection
                0x00204764       0x48 build/ecrobot_bluetooth.o
                0x00204764                ecrobot_term_bt_connection
 .text.read_bt_command
                0x002047ac       0x5c build/ecrobot_bluetooth.o
 .text.open_bt_stream
                0x00204808       0x50 build/ecrobot_bluetooth.o
 .text.ecrobot_get_bt_device_address
                0x00204858       0x6c build/ecrobot_bluetooth.o
                0x00204858                ecrobot_get_bt_device_address
 .text.ecrobot_init_bt_slave
                0x002048c4      0x12c build/ecrobot_bluetooth.o
                0x002048c4                ecrobot_init_bt_slave
 .text.init_OS_flag
                0x002049f0        0xc build/ecrobot_base.o
                0x002049f0                init_OS_flag
 .text.set_OS_flag
                0x002049fc        0xc build/ecrobot_base.o
                0x002049fc                set_OS_flag
 .text.get_OS_flag
                0x00204a08        0xc build/ecrobot_base.o
                0x00204a08                get_OS_flag
 .text.cpp_constructor
                0x00204a14       0x28 build/ecrobot_base.o
                0x00204a14                cpp_constructor
 .text.cpp_destructor
                0x00204a3c       0x28 build/ecrobot_base.o
                0x00204a3c                cpp_destructor
 .text.execution_mode
                0x00204a64       0x24 build/ecrobot_base.o
                0x00204a64                execution_mode
 .text.show_main_screen
                0x00204a88       0x48 build/ecrobot_base.o
                0x00204a88                show_main_screen
 .text.display_status_bar
                0x00204ad0       0x5c build/ecrobot_base.o
                0x00204ad0                display_status_bar
 .text.restart_NXT
                0x00204b2c       0x2c build/ecrobot_base.o
                0x00204b2c                restart_NXT
 .text.shutdown_NXT
                0x00204b58       0x2c build/ecrobot_base.o
                0x00204b58                shutdown_NXT
 .text.check_NXT_buttons
                0x00204b84       0x38 build/ecrobot_base.o
                0x00204b84                check_NXT_buttons
 .text.show_bd_addr
                0x00204bbc       0x44 build/ecrobot_base.o
                0x00204bbc                show_bd_addr
 .text.show_bd_addr_err
                0x00204c00       0x3c build/ecrobot_base.o
                0x00204c00                show_bd_addr_err
 .text.add_status_info
                0x00204c3c       0x68 build/ecrobot_base.o
                0x00204c3c                add_status_info
 .text.show_splash_screen
                0x00204ca4       0x90 build/ecrobot_base.o
                0x00204ca4                show_splash_screen
 .text.main     0x00204d34      0x10c build/ecrobot.o
                0x00204d34                main
 .text.ecrobot_device_initialize
                0x00204e40       0x18 build/model_impl.o
                0x00204e40                ecrobot_device_initialize
 .text.ecrobot_device_terminate
                0x00204e58       0x20 build/model_impl.o
                0x00204e58                ecrobot_device_terminate
 .text.user_1ms_isr_type2
                0x00204e78       0x14 build/model_impl.o
                0x00204e78                user_1ms_isr_type2
 .text.TaskMainTaskInit
                0x00204e8c      0x2e8 build/model_impl.o
                0x00204e8c                TaskMainTaskInit
 .text.TaskMainTaskMain
                0x00205174       0x74 build/model_impl.o
                0x00205174                TaskMainTaskMain
 .text.TaskMainTaskBuletooth
                0x002051e8       0x38 build/model_impl.o
                0x002051e8                TaskMainTaskBuletooth
 .text.Bluetooth_init
                0x00205220        0xc build/device/Bluetooth.o
                0x00205220                Bluetooth_init
 .text.Bluetooth_start
                0x0020522c        0xc build/device/Bluetooth.o
                0x0020522c                Bluetooth_start
 .text.Bluetooth_checkConnection
                0x00205238       0x14 build/device/Bluetooth.o
                0x00205238                Bluetooth_checkConnection
 .text.Bluetooth_terminate
                0x0020524c        0xc build/device/Bluetooth.o
                0x0020524c                Bluetooth_terminate
 .text.Bluetooth_receive
                0x00205258       0x10 build/device/Bluetooth.o
                0x00205258                Bluetooth_receive
 .text.GyroSensor_init
                0x00205268        0xc build/device/GyroSensor.o
                0x00205268                GyroSensor_init
 .text.GyroSensor_getAngularVelocity
                0x00205274        0xc build/device/GyroSensor.o
                0x00205274                GyroSensor_getAngularVelocity
 .text.TouchSensor_init
                0x00205280        0x4 build/device/TouchSensor.o
                0x00205280                TouchSensor_init
 .text.TouchSensor_isPressed
                0x00205284        0xc build/device/TouchSensor.o
                0x00205284                TouchSensor_isPressed
 .text.Motor_init
                0x00205290        0x4 build/device/Motor.o
                0x00205290                Motor_init
 .text.Motor_getAngle
                0x00205294        0xc build/device/Motor.o
                0x00205294                Motor_getAngle
 .text.Motor_rotate
                0x002052a0       0x10 build/device/Motor.o
                0x002052a0                Motor_rotate
 .text.LightSensor_init
                0x002052b0        0x4 build/device/LightSensor.o
                0x002052b0                LightSensor_init
 .text.LightSensor_getBrightness
                0x002052b4        0xc build/device/LightSensor.o
                0x002052b4                LightSensor_getBrightness
 .text.SonarSensor_init
                0x002052c0       0x14 build/device/SonarSensor.o
                0x002052c0                SonarSensor_init
 .text.SonarSensor_term
                0x002052d4        0xc build/device/SonarSensor.o
                0x002052d4                SonarSensor_term
 .text.LCD_init
                0x002052e0        0x8 build/device/LCD.o
                0x002052e0                LCD_init
 .text.LCD_SetPointXY
                0x002052e8       0x24 build/device/LCD.o
                0x002052e8                LCD_SetPointXY
 .text.LCD_DisplayInt
                0x0020530c       0x20 build/device/LCD.o
                0x0020530c                LCD_DisplayInt
 .text.LCD_DisplayClear
                0x0020532c       0x10 build/device/LCD.o
                0x0020532c                LCD_DisplayClear
 .text.Logger_send
                0x0020533c       0x18 build/device/Logger.o
                0x0020533c                Logger_send
 .text.Timer_init
                0x00205354        0x8 build/device/Timer.o
                0x00205354                Timer_init
 .text.Competision_action
                0x0020535c       0x24 build/competision/Competision.o
                0x0020535c                Competision_action
 .text.Strategy_action
                0x00205380       0xb8 build/competision/Strategy.o
                0x00205380                Strategy_action
 .text.LineTracer_init
                0x00205438        0xc build/competision/LineTracer.o
                0x00205438                LineTracer_init
 .text.LineTracer_trace
                0x00205444       0x5c build/competision/LineTracer.o
                0x00205444                LineTracer_trace
 .text.Runner_run
                0x002054a0       0xa0 build/competision/Runner.o
                0x002054a0                Runner_run
 .text.BasicStage_action
                0x00205540      0x1b0 build/competision/BasicStage.o
                0x00205540                BasicStage_action
 .text.Jump_init
                0x002056f0        0x8 build/competision/Jump.o
                0x002056f0                Jump_init
 .text.Tail_setAngle
                0x002056f8       0x44 build/technique/Tail.o
                0x002056f8                Tail_setAngle
 .text.Tail_getAngle
                0x0020573c        0xc build/technique/Tail.o
                0x0020573c                Tail_getAngle
 .text.Wheel_setPwm
                0x00205748       0x1c build/technique/Wheel.o
                0x00205748                Wheel_setPwm
 .text.Wheel_getLeftAngle
                0x00205764        0xc build/technique/Wheel.o
                0x00205764                Wheel_getLeftAngle
 .text.Wheel_getRightAngle
                0x00205770        0xc build/technique/Wheel.o
                0x00205770                Wheel_getRightAngle
 .text.BalanceControl_checkBalanceFlag
                0x0020577c       0x1c build/technique/BalanceControl.o
                0x0020577c                BalanceControl_checkBalanceFlag
 .text.BalanceControl_chengeBalanceRun
                0x00205798       0x1c build/technique/BalanceControl.o
                0x00205798                BalanceControl_chengeBalanceRun
 .text.BalanceControl_chengeTailRun
                0x002057b4       0x40 build/technique/BalanceControl.o
                0x002057b4                BalanceControl_chengeTailRun
 .text.BalanceControl_getLeftMotorPwm
                0x002057f4        0x4 build/technique/BalanceControl.o
                0x002057f4                BalanceControl_getLeftMotorPwm
 .text.BalanceControl_getRightMotorPwm
                0x002057f8        0x4 build/technique/BalanceControl.o
                0x002057f8                BalanceControl_getRightMotorPwm
 .text.BalanceControl_BalanceRun
                0x002057fc       0xfc build/technique/BalanceControl.o
                0x002057fc                BalanceControl_BalanceRun
 .text.BalanceControl_run
                0x002058f8       0xd4 build/technique/BalanceControl.o
                0x002058f8                BalanceControl_run
 .text.BalanceControl_checkEmergencyStop
                0x002059cc        0x4 build/technique/BalanceControl.o
                0x002059cc                BalanceControl_checkEmergencyStop
 .text.PidControl_init
                0x002059d0       0x10 build/technique/PidControl.o
                0x002059d0                PidControl_init
 .text.PidControl_checDerailment
                0x002059e0       0x20 build/technique/PidControl.o
                0x002059e0                PidControl_checDerailment
 .text.PidControl_calcTurn
                0x00205a00       0xdc build/technique/PidControl.o
                0x00205a00                PidControl_calcTurn
 .text.Communication_init
                0x00205adc        0x8 build/technique/Communication.o
                0x00205adc                Communication_init
 .text.Communication_communicate
                0x00205ae4       0x4c build/technique/Communication.o
                0x00205ae4                Communication_communicate
 .text.Communication_setLogData1
                0x00205b30        0x8 build/technique/Communication.o
                0x00205b30                Communication_setLogData1
 .text.Communication_setLogData2
                0x00205b38        0x8 build/technique/Communication.o
                0x00205b38                Communication_setLogData2
 .text.Communication_getCommand
                0x00205b40       0x70 build/technique/Communication.o
                0x00205b40                Communication_getCommand
 .text.Commander_setCommandResult
                0x00205bb0       0x2c build/technique/Commander.o
 .text.Commander_action
                0x00205bdc      0x184 build/technique/Commander.o
                0x00205bdc                Commander_action
 .text.GrayDecision_init
                0x00205d60       0x18 build/technique/GrayDecision.o
                0x00205d60                GrayDecision_init
 .text.GrayDecision_setTarget
                0x00205d78        0x8 build/technique/GrayDecision.o
                0x00205d78                GrayDecision_setTarget
 .text.Distance_init
                0x00205d80        0x8 build/technique/Distance.o
                0x00205d80                Distance_init
 .text.Distance_calc
                0x00205d88       0x10 build/technique/Distance.o
 .text.Distance_set
                0x00205d98       0x10 build/technique/Distance.o
                0x00205d98                Distance_set
 .text.Distance_check
                0x00205da8       0x20 build/technique/Distance.o
                0x00205da8                Distance_check
 .text.Dash_init
                0x00205dc8        0x8 build/technique/Dash.o
                0x00205dc8                Dash_init
 .text.Dash_action
                0x00205dd0       0x2c build/technique/Dash.o
                0x00205dd0                Dash_action
 .text.BumpDecision_init
                0x00205dfc        0x4 build/technique/BumpDecision.o
                0x00205dfc                BumpDecision_init
 .text.TrialDecision_init
                0x00205e00        0x8 build/technique/TrialDecision.o
                0x00205e00                TrialDecision_init
 .text.LineChange_init
                0x00205e08        0x4 build/technique/LineChange.o
                0x00205e08                LineChange_init
 .text.CheckStart_init
                0x00205e0c        0x8 build/CheckStart.o
                0x00205e0c                CheckStart_init
 .text.CheckStart_isStart
                0x00205e14       0x10 build/CheckStart.o
                0x00205e14                CheckStart_isStart
 .text.CheckStart_start
                0x00205e24       0x30 build/CheckStart.o
 .text.CheckStart_waitStart
                0x00205e54       0x3c build/CheckStart.o
                0x00205e54                CheckStart_waitStart
 .text.Calibration_MeasureLight
                0x00205e90      0x134 build/Calibration.o
                0x00205e90                Calibration_MeasureLight
 .text.ecrobot_get_gyro_sensor
                0x00205fc4       0x14 ../nxtOSEK/ecrobot/../ecrobot/libecrobot.a(ecrobot_HiTechnic.o)
                0x00205fc4                ecrobot_get_gyro_sensor
 .text.ecrobot_set_light_sensor_active
                0x00205fd8       0x10 ../nxtOSEK/ecrobot/../ecrobot/libecrobot.a(ecrobot_interface.o)
                0x00205fd8                ecrobot_set_light_sensor_active
 .text.ecrobot_set_light_sensor_inactive
                0x00205fe8       0x10 ../nxtOSEK/ecrobot/../ecrobot/libecrobot.a(ecrobot_interface.o)
                0x00205fe8                ecrobot_set_light_sensor_inactive
 .text.ecrobot_get_light_sensor
                0x00205ff8       0x14 ../nxtOSEK/ecrobot/../ecrobot/libecrobot.a(ecrobot_interface.o)
                0x00205ff8                ecrobot_get_light_sensor
 .text.ecrobot_get_touch_sensor
                0x0020600c       0x20 ../nxtOSEK/ecrobot/../ecrobot/libecrobot.a(ecrobot_interface.o)
                0x0020600c                ecrobot_get_touch_sensor
 .text.ecrobot_init_i2c
                0x0020602c       0x2c ../nxtOSEK/ecrobot/../ecrobot/libecrobot.a(ecrobot_interface.o)
                0x0020602c                ecrobot_init_i2c
 .text.getDistance
                0x00206058       0x20 ../nxtOSEK/ecrobot/../ecrobot/libecrobot.a(ecrobot_interface.o)
 .text.ecrobot_init_sonar_sensor
                0x00206078       0x10 ../nxtOSEK/ecrobot/../ecrobot/libecrobot.a(ecrobot_interface.o)
                0x00206078                ecrobot_init_sonar_sensor
 .text.ecrobot_term_sonar_sensor
                0x00206088       0x20 ../nxtOSEK/ecrobot/../ecrobot/libecrobot.a(ecrobot_interface.o)
                0x00206088                ecrobot_term_sonar_sensor
 .text.ecrobot_get_battery_voltage
                0x002060a8        0xc ../nxtOSEK/ecrobot/../ecrobot/libecrobot.a(ecrobot_interface.o)
                0x002060a8                ecrobot_get_battery_voltage
 .text.ecrobot_get_button_state
                0x002060b4        0xc ../nxtOSEK/ecrobot/../ecrobot/libecrobot.a(ecrobot_interface.o)
                0x002060b4                ecrobot_get_button_state
 .text.ecrobot_init_nxtstate
                0x002060c0       0x28 ../nxtOSEK/ecrobot/../ecrobot/libecrobot.a(ecrobot_interface.o)
                0x002060c0                ecrobot_init_nxtstate
 .text.ecrobot_poll_nxtstate
                0x002060e8       0x64 ../nxtOSEK/ecrobot/../ecrobot/libecrobot.a(ecrobot_interface.o)
                0x002060e8                ecrobot_poll_nxtstate
 .text.ecrobot_setDeviceInitialized
                0x0020614c       0x18 ../nxtOSEK/ecrobot/../ecrobot/libecrobot.a(ecrobot_interface.o)
                0x0020614c                ecrobot_setDeviceInitialized
 .text.ecrobot_initDeviceStatus
                0x00206164        0xc ../nxtOSEK/ecrobot/../ecrobot/libecrobot.a(ecrobot_interface.o)
                0x00206164                ecrobot_initDeviceStatus
 .text.ecrobot_bt_data_logger
                0x00206170       0x84 ../nxtOSEK/ecrobot/../ecrobot/libecrobot.a(ecrobot_interface.o)
                0x00206170                ecrobot_bt_data_logger
 .text.ecrobot_bmp2lcd
                0x002061f4      0x1c8 ../nxtOSEK/ecrobot/../ecrobot/libecrobot.a(ecrobot_interface.o)
                0x002061f4                ecrobot_bmp2lcd
 .text.ecrobot_sound_tone
                0x002063bc        0xc ../nxtOSEK/ecrobot/../ecrobot/libecrobot.a(ecrobot_interface.o)
                0x002063bc                ecrobot_sound_tone
 .text.ecrobot_is_ENTER_button_pressed
                0x002063c8       0x10 ../nxtOSEK/ecrobot/../ecrobot/libecrobot.a(ecrobot_interface.o)
                0x002063c8                ecrobot_is_ENTER_button_pressed
 .text.StartupHook
                0x002063d8        0x4 ../nxtOSEK/ecrobot/../ecrobot/libecrobot.a(osek_hook.o)
                0x002063d8                StartupHook
 .text.PreTaskHook
                0x002063dc        0x4 ../nxtOSEK/ecrobot/../ecrobot/libecrobot.a(osek_hook.o)
                0x002063dc                PreTaskHook
 .text.PostTaskHook
                0x002063e0        0x4 ../nxtOSEK/ecrobot/../ecrobot/libecrobot.a(osek_hook.o)
                0x002063e0                PostTaskHook
 .text.ErrorHook
                0x002063e4        0x4 ../nxtOSEK/ecrobot/../ecrobot/libecrobot.a(osek_hook.o)
                0x002063e4                ErrorHook
 .text.ShutdownHook
                0x002063e8        0x4 ../nxtOSEK/ecrobot/../ecrobot/libecrobot.a(osek_hook.o)
                0x002063e8                ShutdownHook
 .text.balance_control
                0x002063ec      0x254 ../nxtOSEK/ecrobot/../ecrobot/libnxtway_gs_balancer.a(balancer.o)
                0x002063ec                balance_control
 .text.balance_init
                0x00206640       0x30 ../nxtOSEK/ecrobot/../ecrobot/libnxtway_gs_balancer.a(balancer.o)
                0x00206640                balance_init
 .text          0x00206670       0x8c /cygdrive/C/cygwin/GNUARM/bin/../lib/gcc/arm-elf/4.0.2/thumb/interwork/libgcc.a(_udivsi3.o)
                0x00206670                __udivsi3
                0x002066ec                __aeabi_uidivmod
 .text          0x002066fc       0xa4 /cygdrive/C/cygwin/GNUARM/bin/../lib/gcc/arm-elf/4.0.2/thumb/interwork/libgcc.a(_divsi3.o)
                0x002066fc                __divsi3
                0x00206790                __aeabi_idivmod
 .text          0x002067a0       0xc8 /cygdrive/C/cygwin/GNUARM/bin/../lib/gcc/arm-elf/4.0.2/thumb/interwork/libgcc.a(_umodsi3.o)
                0x002067a0                __umodsi3
 .text          0x00206868       0xd8 /cygdrive/C/cygwin/GNUARM/bin/../lib/gcc/arm-elf/4.0.2/thumb/interwork/libgcc.a(_modsi3.o)
                0x00206868                __modsi3
 .text          0x00206940        0x4 /cygdrive/C/cygwin/GNUARM/bin/../lib/gcc/arm-elf/4.0.2/thumb/interwork/libgcc.a(_dvmd_tls.o)
                0x00206940                __aeabi_ldiv0
                0x00206940                __div0
                0x00206940                __aeabi_idiv0
 .text          0x00206944      0x430 /cygdrive/C/cygwin/GNUARM/bin/../lib/gcc/arm-elf/4.0.2/thumb/interwork/libgcc.a(_addsubdf3.o)
                0x00206d08                __floatdidf
                0x00206c88                __floatsidf
                0x00206c60                __aeabi_ui2d
                0x00206944                __aeabi_drsub
                0x00206cb4                __extendsfdf2
                0x00206950                __adddf3
                0x00206c60                __floatunsidf
                0x00206950                __aeabi_dadd
                0x00206cf4                __aeabi_ul2d
                0x0020694c                __aeabi_dsub
                0x00206cf4                __floatundidf
                0x00206c88                __aeabi_i2d
                0x00206d08                __aeabi_l2d
                0x00206cb4                __aeabi_f2d
                0x0020694c                __subdf3
 .text          0x00206d74      0x49c /cygdrive/C/cygwin/GNUARM/bin/../lib/gcc/arm-elf/4.0.2/thumb/interwork/libgcc.a(_muldivdf3.o)
                0x00207004                __aeabi_ddiv
                0x00206d74                __aeabi_dmul
                0x00207004                __divdf3
                0x00206d74                __muldf3
 .text          0x00207210       0xa0 /cygdrive/C/cygwin/GNUARM/bin/../lib/gcc/arm-elf/4.0.2/thumb/interwork/libgcc.a(_truncdfsf2.o)
                0x00207210                __aeabi_d2f
                0x00207210                __truncdfsf2
 .text          0x002072b0      0x2ac /cygdrive/C/cygwin/GNUARM/bin/../lib/gcc/arm-elf/4.0.2/thumb/interwork/libgcc.a(_addsubsf3.o)
                0x002072bc                __aeabi_fadd
                0x002072b8                __subsf3
                0x00207480                __aeabi_i2f
                0x002072b8                __aeabi_fsub
                0x002074b0                __floatdisf
                0x00207480                __floatsisf
                0x002074a0                __floatundisf
                0x00207478                __aeabi_ui2f
                0x002074b0                __aeabi_l2f
                0x002074a0                __aeabi_ul2f
                0x002072b0                __aeabi_frsub
                0x00207478                __floatunsisf
                0x002072bc                __addsf3
 .text          0x0020755c      0x2f8 /cygdrive/C/cygwin/GNUARM/bin/../lib/gcc/arm-elf/4.0.2/thumb/interwork/libgcc.a(_muldivsf3.o)
                0x002076f4                __divsf3
                0x002076f4                __aeabi_fdiv
                0x0020755c                __mulsf3
                0x0020755c                __aeabi_fmul
 .text          0x00207854      0x110 /cygdrive/C/cygwin/GNUARM/bin/../lib/gcc/arm-elf/4.0.2/thumb/interwork/libgcc.a(_cmpsf2.o)
                0x0020794c                __aeabi_fcmpgt
                0x0020785c                __lesf2
                0x00207864                __nesf2
                0x00207934                __aeabi_fcmpge
                0x00207854                __gtsf2
                0x0020791c                __aeabi_fcmple
                0x00207864                __eqsf2
                0x00207864                __cmpsf2
                0x0020785c                __ltsf2
                0x002078d4                __aeabi_cfcmple
                0x00207854                __gesf2
                0x002078ec                __aeabi_fcmpeq
                0x002078c4                __aeabi_cfrcmple
                0x00207904                __aeabi_fcmplt
                0x002078d4                __aeabi_cfcmpeq
 .text          0x00207964       0x5c /cygdrive/C/cygwin/GNUARM/bin/../lib/gcc/arm-elf/4.0.2/thumb/interwork/libgcc.a(_fixsfsi.o)
                0x00207964                __fixsfsi
                0x00207964                __aeabi_f2iz
 .text          0x002079c0       0x68 /cygdrive/C/cygwin/GNUARM/bin/../lib/gcc/arm-elf/4.0.2/../../../../arm-elf/lib/thumb/interwork/libc.a(memcpy.o)
                0x002079c0                memcpy
 .text          0x00207a28       0x68 /cygdrive/C/cygwin/GNUARM/bin/../lib/gcc/arm-elf/4.0.2/../../../../arm-elf/lib/thumb/interwork/libc.a(memset.o)
                0x00207a28                memset
 .text          0x00207a90       0x60 /cygdrive/C/cygwin/GNUARM/bin/../lib/gcc/arm-elf/4.0.2/../../../../arm-elf/lib/thumb/interwork/libc.a(strcpy.o)
                0x00207a90                strcpy
 .text          0x00207af0       0x48 /cygdrive/C/cygwin/GNUARM/bin/../lib/gcc/arm-elf/4.0.2/../../../../arm-elf/lib/thumb/interwork/libc.a(strlen.o)
                0x00207af0                strlen
 .glue_7        0x00207b38       0x30 /cygdrive/C/cygwin/GNUARM/bin/../lib/gcc/arm-elf/4.0.2/../../../../arm-elf/lib/thumb/interwork/libc.a(strncpy.o)
                0x00207b50                __call_posttaskhook_from_arm
                0x00207b39                __ecrobot_debug1_from_arm
                0x00207b45                __ecrobot_debug2_from_arm
                0x00207b5c                __call_pretaskhook_from_arm
 .glue_7t       0x00207b68       0xe8 /cygdrive/C/cygwin/GNUARM/bin/../lib/gcc/arm-elf/4.0.2/../../../../arm-elf/lib/thumb/interwork/libc.a(strncpy.o)
                0x00207b94                __start_change_to_arm
                0x00207c20                __interrupts_get_and_disable_from_thumb
                0x00207c48                ____lesf2_from_thumb
                0x00207c19                ____gtdf2_from_thumb
                0x00207b88                __exit_and_dispatch_from_thumb
                0x00207c38                ____divsf3_from_thumb
                0x00207c44                ____gesf2_change_to_arm
                0x00207bc4                __OrderList_checkFinished_change_to_arm
                0x00207b9c                ____fixsfsi_change_to_arm
                0x00207bac                ____addsf3_change_to_arm
                0x00207b98                ____fixsfsi_from_thumb
                0x00207ba0                ____floatsisf_from_thumb
                0x00207be0                ____extendsfdf2_from_thumb
                0x00207b8c                __exit_and_dispatch_change_to_arm
                0x00207b68                __disable_int_from_thumb
                0x00207c40                ____gesf2_from_thumb
                0x00207b80                __start_dispatch_from_thumb
                0x00207bd8                ____ltsf2_from_thumb
                0x00207c04                ____divdf3_change_to_arm
                0x00207c4c                ____lesf2_change_to_arm
                0x00207b90                __start_from_thumb
                0x00207c09                __OrderList_finishOrder_from_thumb
                0x00207bf8                ____truncdfsf2_from_thumb
                0x00207bec                ____muldf3_change_to_arm
                0x00207c3c                ____divsf3_change_to_arm
                0x00207c0c                __OrderList_finishOrder_change_to_arm
                0x00207c00                ____divdf3_from_thumb
                0x00207b70                __enable_int_from_thumb
                0x00207b78                __dispatch_from_thumb
                0x00207c2c                __interrupts_enable_change_to_arm
                0x00207bd0                ____gtsf2_from_thumb
                0x00207c24                __interrupts_get_and_disable_change_to_arm
                0x00207b7c                __dispatch_change_to_arm
                0x00207bcc                ____mulsf3_change_to_arm
                0x00207bf4                ____adddf3_change_to_arm
                0x00207bb9                __OrderList_lineTraceRunning_from_thumb
                0x00207c1c                ____gtdf2_change_to_arm
                0x00207bfc                ____truncdfsf2_change_to_arm
                0x00207be4                ____extendsfdf2_change_to_arm
                0x00207c11                ____floatsidf_from_thumb
                0x00207ba4                ____floatsisf_change_to_arm
                0x00207c31                __display_bios_status_from_thumb
                0x00207bb0                ____subsf3_from_thumb
                0x00207bf0                ____adddf3_from_thumb
                0x00207bd4                ____gtsf2_change_to_arm
                0x00207b6c                __disable_int_change_to_arm
                0x00207bdc                ____ltsf2_change_to_arm
                0x00207bc8                ____mulsf3_from_thumb
                0x00207ba8                ____addsf3_from_thumb
                0x00207be8                ____muldf3_from_thumb
                0x00207bb4                ____subsf3_change_to_arm
                0x00207b74                __enable_int_change_to_arm
                0x00207c14                ____floatsidf_change_to_arm
                0x00207c28                __interrupts_enable_from_thumb
                0x00207c34                __display_bios_status_change_to_arm
                0x00207bbc                __OrderList_lineTraceRunning_change_to_arm
                0x00207bc1                __OrderList_checkFinished_from_thumb
                0x00207b84                __start_dispatch_change_to_arm
                0x00207c50                . = ALIGN (0x10)
 *(*.rodata *.rodata.*)
 .rodata.search_table.966
                0x00207c50        0xf build/kernel/task.o
 *fill*         0x00207c5f        0x1 00
 .rodata.alminib_cycle
                0x00207c60        0x8 build/./kernel_cfg.o
                0x00207c60                alminib_cycle
 .rodata.alminib_almval
                0x00207c68        0x8 build/./kernel_cfg.o
                0x00207c68                alminib_almval
 .rodata.alminib_autosta
                0x00207c70        0x2 build/./kernel_cfg.o
                0x00207c70                alminib_autosta
 *fill*         0x00207c72        0x2 00
 .rodata.alminib_cback
                0x00207c74        0x8 build/./kernel_cfg.o
                0x00207c74                alminib_cback
 .rodata.alminib_cntid
                0x00207c7c        0x2 build/./kernel_cfg.o
                0x00207c7c                alminib_cntid
 *fill*         0x00207c7e        0x2 00
 .rodata.cntinib_tickbase
                0x00207c80        0x4 build/./kernel_cfg.o
                0x00207c80                cntinib_tickbase
 .rodata.cntinib_maxval2
                0x00207c84        0x4 build/./kernel_cfg.o
                0x00207c84                cntinib_maxval2
 .rodata.cntinib_maxval
                0x00207c88        0x4 build/./kernel_cfg.o
                0x00207c88                cntinib_maxval
 .rodata.SysTimerCnt
                0x00207c8c        0x1 build/./kernel_cfg.o
                0x00207c8c                SysTimerCnt
 *fill*         0x00207c8d        0x1 00
 .rodata.tinib_stksz
                0x00207c8e        0x6 build/./kernel_cfg.o
                0x00207c8e                tinib_stksz
 .rodata.tinib_stk
                0x00207c94        0xc build/./kernel_cfg.o
                0x00207c94                tinib_stk
 .rodata.tinib_task
                0x00207ca0        0xc build/./kernel_cfg.o
                0x00207ca0                tinib_task
 .rodata.tinib_autoact
                0x00207cac        0x3 build/./kernel_cfg.o
                0x00207cac                tinib_autoact
 .rodata.tinib_maxact
                0x00207caf        0x3 build/./kernel_cfg.o
                0x00207caf                tinib_maxact
 .rodata.tinib_exepri
                0x00207cb2        0x3 build/./kernel_cfg.o
                0x00207cb2                tinib_exepri
 .rodata.tinib_inipri
                0x00207cb5        0x3 build/./kernel_cfg.o
                0x00207cb5                tinib_inipri
 .rodata.tnum_exttask
                0x00207cb8        0x1 build/./kernel_cfg.o
                0x00207cb8                tnum_exttask
 .rodata.tnum_task
                0x00207cb9        0x1 build/./kernel_cfg.o
                0x00207cb9                tnum_task
 .rodata.tnum_counter
                0x00207cba        0x1 build/./kernel_cfg.o
                0x00207cba                tnum_counter
 .rodata.tnum_alarm
                0x00207cbb        0x1 build/./kernel_cfg.o
                0x00207cbb                tnum_alarm
 .rodata.exec_addr
                0x00207cbc        0x4 build/ecrobot_base.o
                0x00207cbc                exec_addr
 .rodata.str1.4
                0x00207cc0       0x80 build/ecrobot_base.o
 .rodata.BATTERY_OFFSET
                0x00207d40        0x4 build/balancer_param.o
                0x00207d40                BATTERY_OFFSET
 .rodata.BATTERY_GAIN
                0x00207d44        0x4 build/balancer_param.o
                0x00207d44                BATTERY_GAIN
 .rodata.str1.4
                0x00207d48        0x5 build/device/Bluetooth.o
                                  0x8 (size before relaxing)
 *fill*         0x00207d4d        0x3 00
 .rodata.BasicStage_action
                0x00207d50       0x78 build/competision/BasicStage.o
                0x00207dd0                . = ALIGN (0x10)
 *fill*         0x00207dc8        0x8 00
 *(*.gnu.linkonce.* .gcc_except_table)
                0x00207dd0                . = ALIGN (0x10)

.tors           0x00207dd0        0x0
                0x00207dd0                . = ALIGN (0x10)
                0x00207dd0                __ctor_begin = .
 *(*.ctors*)
                0x00207dd0                __ctor_end = .
                0x00207dd0                . = ALIGN (0x10)
                0x00207dd0                __dtor_begin = .
 *(*.dtors*)
                0x00207dd0                __dtor_end = .
                0x00207dd0                . = ALIGN (0x10)

.bss            0x00207dd0     0x1a6c
 *(*.bss *.bss.*)
 .bss.ready_primap
                0x00207dd0        0x2 build/kernel/task.o
 .bss.ready_queue_last
                0x00207dd2       0x10 build/kernel/task.o
 .bss.ready_queue_first
                0x00207de2       0x10 build/kernel/task.o
 *fill*         0x00207df2        0x2 00
 .bss._stack_TaskBuletooth
                0x00207df4      0x200 build/./kernel_cfg.o
 .bss._stack_TaskMain
                0x00207ff4      0x200 build/./kernel_cfg.o
 .bss._stack_TaskInit
                0x002081f4      0x200 build/./kernel_cfg.o
 .bss.receiveBuf
                0x002083f4       0x80 build/ecrobot_bluetooth.o
 .bss.sendBuf   0x00208474      0x100 build/ecrobot_bluetooth.o
 .bss.handle    0x00208574        0x1 build/ecrobot_bluetooth.o
 *fill*         0x00208575        0x3 00
 .bss.status_bar_position
                0x00208578        0x4 build/ecrobot_base.o
 .bss.last_act_time.2753
                0x0020857c        0x4 build/ecrobot_base.o
 .bss.lcd.2682  0x00208580      0x320 build/ecrobot_base.o
 .bss.OS_flag   0x002088a0        0x4 build/ecrobot_base.o
 .bss.status_bar
                0x002088a4       0x10 build/ecrobot_base.o
 .bss.buttons_i
                0x002088b4        0x4 ../nxtOSEK/ecrobot/../ecrobot/libecrobot.a(ecrobot_interface.o)
 .bss.buttons_states
                0x002088b8       0x14 ../nxtOSEK/ecrobot/../ecrobot/libecrobot.a(ecrobot_interface.o)
 .bss.ecrobot_inputs
                0x002088cc        0x8 ../nxtOSEK/ecrobot/../ecrobot/libecrobot.a(ecrobot_interface.o)
 .bss.systick_ms
                0x002088d4        0x4 ../nxtOSEK/ecrobot/../ecrobot/libecrobot.a(systick.oram)
 .bss.delayedEnable
                0x002088d8        0x1 ../nxtOSEK/ecrobot/../ecrobot/libecrobot.a(udp.oram)
 *fill*         0x002088d9        0x3 00
 .bss.outCnt    0x002088dc        0x4 ../nxtOSEK/ecrobot/../ecrobot/libecrobot.a(udp.oram)
 .bss.outPtr    0x002088e0        0x4 ../nxtOSEK/ecrobot/../ecrobot/libecrobot.a(udp.oram)
 .bss.newAddress
                0x002088e4        0x4 ../nxtOSEK/ecrobot/../ecrobot/libecrobot.a(udp.oram)
 .bss.currentRxBank
                0x002088e8        0x4 ../nxtOSEK/ecrobot/../ecrobot/libecrobot.a(udp.oram)
 .bss.currentFeatures
                0x002088ec        0x4 ../nxtOSEK/ecrobot/../ecrobot/libecrobot.a(udp.oram)
 .bss.currentConfig
                0x002088f0        0x1 ../nxtOSEK/ecrobot/../ecrobot/libecrobot.a(udp.oram)
 *fill*         0x002088f1        0x3 00
 .bss.twi_mask  0x002088f4        0x4 ../nxtOSEK/ecrobot/../ecrobot/libecrobot.a(twi.oram)
 .bss.twi_ptr   0x002088f8        0x4 ../nxtOSEK/ecrobot/../ecrobot/libecrobot.a(twi.oram)
 .bss.twi_pending
                0x002088fc        0x4 ../nxtOSEK/ecrobot/../ecrobot/libecrobot.a(twi.oram)
 .bss.twi_state
                0x00208900        0x4 ../nxtOSEK/ecrobot/../ecrobot/libecrobot.a(twi.oram)
 .bss.page      0x00208904        0x1 ../nxtOSEK/ecrobot/../ecrobot/libecrobot.a(nxt_spi.oram)
                0x00208904                page
 .bss.dirty     0x00208905        0x1 ../nxtOSEK/ecrobot/../ecrobot/libecrobot.a(nxt_spi.oram)
                0x00208905                dirty
 *fill*         0x00208906        0x2 00
 .bss.display   0x00208908        0x4 ../nxtOSEK/ecrobot/../ecrobot/libecrobot.a(nxt_spi.oram)
                0x00208908                display
 .bss.interrupts_this_period
                0x0020890c        0x4 ../nxtOSEK/ecrobot/../ecrobot/libecrobot.a(nxt_motors.oram)
 .bss.nxt_motor_initialised
                0x00208910        0x4 ../nxtOSEK/ecrobot/../ecrobot/libecrobot.a(nxt_motors.oram)
 .bss.motor     0x00208914       0x30 ../nxtOSEK/ecrobot/../ecrobot/libecrobot.a(nxt_motors.oram)
 .bss.display_tick
                0x00208944        0x4 ../nxtOSEK/ecrobot/../ecrobot/libecrobot.a(display.oram)
                0x00208944                display_tick
 .bss.display_array
                0x00208948      0x388 ../nxtOSEK/ecrobot/../ecrobot/libecrobot.a(display.oram)
 .bss.i2c_int_count
                0x00208cd0        0x4 ../nxtOSEK/ecrobot/../ecrobot/libecrobot.a(i2c.oram)
 .bss.i2c_port  0x00208cd4      0x170 ../nxtOSEK/ecrobot/../ecrobot/libecrobot.a(i2c.oram)
 .bss.sound_mode
                0x00208e44        0x1 ../nxtOSEK/ecrobot/../ecrobot/libecrobot.a(sound.oram)
                0x00208e44                sound_mode
 *fill*         0x00208e45        0x3 00
 .bss.in_buf_idx
                0x00208e48        0x4 ../nxtOSEK/ecrobot/../ecrobot/libecrobot.a(bt.oram)
 .bss.buf_ptr   0x00208e4c        0x4 ../nxtOSEK/ecrobot/../ecrobot/libecrobot.a(bt.oram)
 .bss.out_buf   0x00208e50      0x200 ../nxtOSEK/ecrobot/../ecrobot/libecrobot.a(bt.oram)
 .bss.out_buf_ptr
                0x00209050        0x1 ../nxtOSEK/ecrobot/../ecrobot/libecrobot.a(bt.oram)
 .bss.in_buf_in_ptr
                0x00209051        0x1 ../nxtOSEK/ecrobot/../ecrobot/libecrobot.a(bt.oram)
 .bss.in_buf    0x00209052      0x100 ../nxtOSEK/ecrobot/../ecrobot/libecrobot.a(bt.oram)
 *fill*         0x00209152        0x2 00
 .bss.link_state
                0x00209154        0x4 ../nxtOSEK/ecrobot/../ecrobot/libecrobot.a(nxt_avr.oram)
 .bss.update_count
                0x00209158        0x4 ../nxtOSEK/ecrobot/../ecrobot/libecrobot.a(nxt_avr.oram)
 .bss.nxt_avr_stats
                0x0020915c       0x14 ../nxtOSEK/ecrobot/../ecrobot/libecrobot.a(nxt_avr.oram)
 .bss.debounce_cnt
                0x00209170        0x2 ../nxtOSEK/ecrobot/../ecrobot/libecrobot.a(nxt_avr.oram)
 .bss.debounce_state
                0x00209172        0x2 ../nxtOSEK/ecrobot/../ecrobot/libecrobot.a(nxt_avr.oram)
 .bss.button_state
                0x00209174        0x2 ../nxtOSEK/ecrobot/../ecrobot/libecrobot.a(nxt_avr.oram)
 .bss.prev_buttons
                0x00209176        0x2 ../nxtOSEK/ecrobot/../ecrobot/libecrobot.a(nxt_avr.oram)
 .bss.from_buf  0x00209178        0x4 ../nxtOSEK/ecrobot/../ecrobot/libecrobot.a(nxt_avr.oram)
 .bss.io_from_avr
                0x0020917c        0x4 ../nxtOSEK/ecrobot/../ecrobot/libecrobot.a(nxt_avr.oram)
 .bss.data_from_avr
                0x00209180       0x1a ../nxtOSEK/ecrobot/../ecrobot/libecrobot.a(nxt_avr.oram)
 .bss.data_to_avr
                0x0020919a        0x9 ../nxtOSEK/ecrobot/../ecrobot/libecrobot.a(nxt_avr.oram)
 .bss.io_to_avr
                0x002091a3        0x8 ../nxtOSEK/ecrobot/../ecrobot/libecrobot.a(nxt_avr.oram)
 *fill*         0x002091ab        0x1 00
 .bss.display   0x002091ac        0x4 ../nxtOSEK/ecrobot/../ecrobot/libecrobot.a(nxt_lcd.oram)
 .bss.ud_thetadot_cmd_lpf
                0x002091b0        0x4 ../nxtOSEK/ecrobot/../ecrobot/libnxtway_gs_balancer.a(balancer.o)
 .bss.ud_theta_ref
                0x002091b4        0x4 ../nxtOSEK/ecrobot/../ecrobot/libnxtway_gs_balancer.a(balancer.o)
 .bss.ud_theta_lpf
                0x002091b8        0x4 ../nxtOSEK/ecrobot/../ecrobot/libnxtway_gs_balancer.a(balancer.o)
 .bss.ud_psi    0x002091bc        0x4 ../nxtOSEK/ecrobot/../ecrobot/libnxtway_gs_balancer.a(balancer.o)
 .bss.ud_err_theta
                0x002091c0        0x4 ../nxtOSEK/ecrobot/../ecrobot/libnxtway_gs_balancer.a(balancer.o)
                0x002091d0                . = ALIGN (0x10)
 *fill*         0x002091c4        0xc 00
                0x002091d0                __bss_end__ = .
 COMMON         0x002091d0        0x2 build/kernel/interrupt.o
                0x002091d0                runisr
                0x002091d1                sus_all_cnt
 *fill*         0x002091d2        0x2 00
 COMMON         0x002091d4       0x10 build/kernel/osctl.o
                0x002091d4                callevel
                0x002091d5                _errorhook_svcid
                0x002091d6                appmode
                0x002091d8                _errorhook_par1
                0x002091dc                _errorhook_par3
                0x002091e0                _errorhook_par2
 COMMON         0x002091e4        0x3 build/kernel/task.o
                0x002091e4                runtsk
                0x002091e5                schedtsk
                0x002091e6                nextpri
 *fill*         0x002091e7        0x1 00
 COMMON         0x002091e8       0x50 build/./kernel_cfg.o
                0x002091e8                tcb_waievt
                0x002091ec                rescb_prevpri
                0x002091ed                almcb_prev
                0x002091ef                tcb_lastres
                0x002091f4                almcb_almval
                0x002091fc                tcxb_pc
                0x00209208                tcb_next
                0x0020920b                tcb_curpri
                0x0020920e                tcb_tstat
                0x00209211                isrcb_lastres
                0x00209212                cntcb_almque
                0x00209213                rescb_prevres
                0x00209214                tcb_actcnt
                0x00209218                tcb_curevt
                0x0020921c                almcb_cycle
                0x00209224                tcxb_sp
                0x00209230                almcb_next
                0x00209234                cntcb_curval
 COMMON         0x00209238      0x290 build/model_impl.o
                0x00209238                info
                0x00209254                wheel
                0x0020925c                basicStageDistance
                0x00209260                strategy
                0x00209284                pidControl
                0x00209290                rightMotor
                0x00209294                lcd
                0x0020929c                tailMotor
                0x002092a0                basicStage
                0x002092a8                bluetooth
                0x002092ac                sonarSensor
                0x002092b0                lookUpGateTimer
                0x002092b4                runner
                0x002092c4                command
                0x002092cc                gyroSensor
                0x002092d4                runnerInfo
                0x00209300                distance
                0x00209304                communication
                0x00209394                tail
                0x00209398                leftMotor
                0x0020939c                jump
                0x002093a8                logger
                0x002093ac                grayDecision
                0x002093d4                touchSensor
                0x002093d8                strategyDistance
                0x002093dc                commander
                0x002093e4                trialDicision
                0x002093f4                calibration
                0x0020940c                lookupGageDistance
                0x00209410                lightSensor
                0x00209414                lineTracer
                0x00209430                checkStart
                0x00209444                dash
                0x00209448                courseInfo
                0x0020945c                balanceControl
                0x0020948c                garageInDistance
                0x00209490                bumpDecision
                0x00209494                settingInfo
                0x002094b4                grayDecisionTimer
                0x002094b8                competision
                0x002094c4                lineChange
 COMMON         0x002094c8       0x44 ../nxtOSEK/ecrobot/../ecrobot/libecrobot.a(uart.oram)
                0x002094c8                uart
 COMMON         0x0020950c        0x4 ../nxtOSEK/ecrobot/../ecrobot/libecrobot.a(data_abort.oram)
                0x0020950c                data_abort_pc
 COMMON         0x00209510        0x8 ../nxtOSEK/ecrobot/../ecrobot/libecrobot.a(display.oram)
                0x00209510                display_x
                0x00209514                display_y
 COMMON         0x00209518      0x324 ../nxtOSEK/ecrobot/../ecrobot/libecrobot.a(sound.oram)
                0x00209518                sample
                0x00207dd0                __bss_start__ = ADDR (.bss)
                0x0020983c                __bss_end__ = (ADDR (.bss) + SIZEOF (.bss))
                0x0020983c                PROVIDE (end, .)

.heap_area      0x0020983c     0x633c
                0x0020fb78                . = (. + (0x20fb78 - end))
 *fill*         0x0020983c     0x633c 00

.stack          0x0020fb78      0x488
                0x0020fbf8                . = (. + 0x80)
 *fill*         0x0020fb78       0x80 00
                0x0020fc00                . = ALIGN (0x10)
 *fill*         0x0020fbf8        0x8 00
                0x0020fc00                __irq_stack__ = .
                0x0020fc00                __system_stack_bottom__ = .
                0x00210000                . = (. + 0x400)
 *fill*         0x0020fc00      0x400 00
                0x00210000                . = ALIGN (0x10)
                0x00210000                __system_stack__ = .
                0x00210000                __system_stack_top__ = .
                0x0020fb78                __stack_start__ = ADDR (.stack)
                0x00210000                __stack_end__ = (ADDR (.stack) + SIZEOF (.stack))
OUTPUT(azuma2014_rxe.elf elf32-littlearm)

.comment        0x00000000      0x5b2
 .comment       0x00000000       0x12 build/kernel/alarm.o
 .comment       0x00000012       0x12 build/kernel/event.o
 .comment       0x00000024       0x12 build/kernel/interrupt.o
 .comment       0x00000036       0x12 build/kernel/osctl.o
 .comment       0x00000048       0x12 build/kernel/resource.o
 .comment       0x0000005a       0x12 build/kernel/task.o
 .comment       0x0000006c       0x12 build/kernel/task_manage.o
 .comment       0x0000007e       0x12 build/config/at91sam7s-gnu/cpu_config.o
 .comment       0x00000090       0x12 build/config/at91sam7s-gnu/lego_nxt/sys_config.o
 .comment       0x000000a2       0x12 build/./kernel_cfg.o
 .comment       0x000000b4       0x12 build/syscalls.o
 .comment       0x000000c6       0x12 build/ecrobot_bluetooth.o
 .comment       0x000000d8       0x12 build/ecrobot_base.o
 .comment       0x000000ea       0x12 build/ecrobot.o
 .comment       0x000000fc       0x12 build/model_impl.o
 .comment       0x0000010e       0x12 build/balancer_param.o
 .comment       0x00000120       0x12 build/device/Bluetooth.o
 .comment       0x00000132       0x12 build/device/GyroSensor.o
 .comment       0x00000144       0x12 build/device/TouchSensor.o
 .comment       0x00000156       0x12 build/device/Motor.o
 .comment       0x00000168       0x12 build/device/LightSensor.o
 .comment       0x0000017a       0x12 build/device/SonarSensor.o
 .comment       0x0000018c       0x12 build/device/LCD.o
 .comment       0x0000019e       0x12 build/device/Logger.o
 .comment       0x000001b0       0x12 build/device/Timer.o
 .comment       0x000001c2       0x12 build/competision/Competision.o
 .comment       0x000001d4       0x12 build/competision/Strategy.o
 .comment       0x000001e6       0x12 build/competision/LineTracer.o
 .comment       0x000001f8       0x12 build/competision/Runner.o
 .comment       0x0000020a       0x12 build/competision/BasicStage.o
 .comment       0x0000021c       0x12 build/competision/Jump.o
 .comment       0x0000022e       0x12 build/technique/Tail.o
 .comment       0x00000240       0x12 build/technique/Wheel.o
 .comment       0x00000252       0x12 build/technique/BalanceControl.o
 .comment       0x00000264       0x12 build/technique/PidControl.o
 .comment       0x00000276       0x12 build/technique/Communication.o
 .comment       0x00000288       0x12 build/technique/Commander.o
 .comment       0x0000029a       0x12 build/technique/GrayDecision.o
 .comment       0x000002ac       0x12 build/technique/WheelAverage.o
 .comment       0x000002be       0x12 build/technique/Distance.o
 .comment       0x000002d0       0x12 build/technique/Dash.o
 .comment       0x000002e2       0x12 build/technique/BumpDecision.o
 .comment       0x000002f4       0x12 build/technique/TrialDecision.o
 .comment       0x00000306       0x12 build/technique/LineChange.o
 .comment       0x00000318       0x12 build/CheckStart.o
 .comment       0x0000032a       0x12 build/Calibration.o
 .comment       0x0000033c       0x12 build/syslib/at91sam7s-gnu/lego_nxt/hw_sys_timer.oram
 .comment       0x0000034e       0x12 ../nxtOSEK/ecrobot/../ecrobot/libecrobot.a(ecrobot_HiTechnic.o)
 .comment       0x00000360       0x12 ../nxtOSEK/ecrobot/../ecrobot/libecrobot.a(ecrobot_interface.o)
 .comment       0x00000372       0x12 ../nxtOSEK/ecrobot/../ecrobot/libecrobot.a(colorsensor.o)
 .comment       0x00000384       0x12 ../nxtOSEK/ecrobot/../ecrobot/libecrobot.a(osek_hook.o)
 .comment       0x00000396       0x12 ../nxtOSEK/ecrobot/../ecrobot/libecrobot.a(uart.oram)
 .comment       0x000003a8       0x12 ../nxtOSEK/ecrobot/../ecrobot/libecrobot.a(systick.oram)
 .comment       0x000003ba       0x12 ../nxtOSEK/ecrobot/../ecrobot/libecrobot.a(byte_fifo.oram)
 .comment       0x000003cc       0x12 ../nxtOSEK/ecrobot/../ecrobot/libecrobot.a(aic.oram)
 .comment       0x000003de       0x12 ../nxtOSEK/ecrobot/../ecrobot/libecrobot.a(udp.oram)
 .comment       0x000003f0       0x12 ../nxtOSEK/ecrobot/../ecrobot/libecrobot.a(twi.oram)
 .comment       0x00000402       0x12 ../nxtOSEK/ecrobot/../ecrobot/libecrobot.a(nxt_spi.oram)
 .comment       0x00000414       0x12 ../nxtOSEK/ecrobot/../ecrobot/libecrobot.a(nxt_motors.oram)
 .comment       0x00000426       0x12 ../nxtOSEK/ecrobot/../ecrobot/libecrobot.a(data_abort.oram)
 .comment       0x00000438       0x12 ../nxtOSEK/ecrobot/../ecrobot/libecrobot.a(display.oram)
 .comment       0x0000044a       0x12 ../nxtOSEK/ecrobot/../ecrobot/libecrobot.a(i2c.oram)
 .comment       0x0000045c       0x12 ../nxtOSEK/ecrobot/../ecrobot/libecrobot.a(sound.oram)
 .comment       0x0000046e       0x12 ../nxtOSEK/ecrobot/../ecrobot/libecrobot.a(bt.oram)
 .comment       0x00000480       0x12 ../nxtOSEK/ecrobot/../ecrobot/libecrobot.a(nxt_avr.oram)
 .comment       0x00000492       0x12 ../nxtOSEK/ecrobot/../ecrobot/libecrobot.a(sensors.oram)
 .comment       0x000004a4       0x12 ../nxtOSEK/ecrobot/../ecrobot/libecrobot.a(sensors1.oram)
 .comment       0x000004b6       0x12 ../nxtOSEK/ecrobot/../ecrobot/libecrobot.a(nxt_lcd.oram)
 .comment       0x000004c8       0x12 ../nxtOSEK/ecrobot/../ecrobot/libecrobot.a(flash_loader.oram)
 .comment       0x000004da       0x12 ../nxtOSEK/ecrobot/../ecrobot/libecrobot.a(ecrobot_usb.o)
 .comment       0x000004ec       0x12 ../nxtOSEK/ecrobot/../ecrobot/libecrobot.a(flashprog.oram)
 .comment       0x000004fe       0x12 ../nxtOSEK/ecrobot/../ecrobot/libnxtway_gs_balancer.a(balancer.o)
 .comment       0x00000510       0x12 /cygdrive/C/cygwin/GNUARM/bin/../lib/gcc/arm-elf/4.0.2/thumb/interwork/libgcc.a(_muldi3.o)
 .comment       0x00000522       0x12 /cygdrive/C/cygwin/GNUARM/bin/../lib/gcc/arm-elf/4.0.2/thumb/interwork/libgcc.a(_divdi3.o)
 .comment       0x00000534       0x12 /cygdrive/C/cygwin/GNUARM/bin/../lib/gcc/arm-elf/4.0.2/thumb/interwork/libgcc.a(_clz.o)
 .comment       0x00000546       0x12 /cygdrive/C/cygwin/GNUARM/bin/../lib/gcc/arm-elf/4.0.2/../../../../arm-elf/lib/thumb/interwork/libc.a(memcpy.o)
 .comment       0x00000558       0x12 /cygdrive/C/cygwin/GNUARM/bin/../lib/gcc/arm-elf/4.0.2/../../../../arm-elf/lib/thumb/interwork/libc.a(memset.o)
 .comment       0x0000056a       0x12 /cygdrive/C/cygwin/GNUARM/bin/../lib/gcc/arm-elf/4.0.2/../../../../arm-elf/lib/thumb/interwork/libc.a(strcmp.o)
 .comment       0x0000057c       0x12 /cygdrive/C/cygwin/GNUARM/bin/../lib/gcc/arm-elf/4.0.2/../../../../arm-elf/lib/thumb/interwork/libc.a(strcpy.o)
 .comment       0x0000058e       0x12 /cygdrive/C/cygwin/GNUARM/bin/../lib/gcc/arm-elf/4.0.2/../../../../arm-elf/lib/thumb/interwork/libc.a(strlen.o)
 .comment       0x000005a0       0x12 /cygdrive/C/cygwin/GNUARM/bin/../lib/gcc/arm-elf/4.0.2/../../../../arm-elf/lib/thumb/interwork/libc.a(strncpy.o)

.debug_line     0x00000000      0xf28
 .debug_line    0x00000000       0x70 /cygdrive/C/cygwin/GNUARM/bin/../lib/gcc/arm-elf/4.0.2/thumb/interwork/libgcc.a(_udivsi3.o)
 .debug_line    0x00000070       0x7c /cygdrive/C/cygwin/GNUARM/bin/../lib/gcc/arm-elf/4.0.2/thumb/interwork/libgcc.a(_divsi3.o)
 .debug_line    0x000000ec       0x68 /cygdrive/C/cygwin/GNUARM/bin/../lib/gcc/arm-elf/4.0.2/thumb/interwork/libgcc.a(_umodsi3.o)
 .debug_line    0x00000154       0x71 /cygdrive/C/cygwin/GNUARM/bin/../lib/gcc/arm-elf/4.0.2/thumb/interwork/libgcc.a(_modsi3.o)
 .debug_line    0x000001c5       0x5a /cygdrive/C/cygwin/GNUARM/bin/../lib/gcc/arm-elf/4.0.2/thumb/interwork/libgcc.a(_dvmd_tls.o)
 .debug_line    0x0000021f      0x162 /cygdrive/C/cygwin/GNUARM/bin/../lib/gcc/arm-elf/4.0.2/thumb/interwork/libgcc.a(_addsubdf3.o)
 .debug_line    0x00000381      0x177 /cygdrive/C/cygwin/GNUARM/bin/../lib/gcc/arm-elf/4.0.2/thumb/interwork/libgcc.a(_muldivdf3.o)
 .debug_line    0x000004f8       0xa4 /cygdrive/C/cygwin/GNUARM/bin/../lib/gcc/arm-elf/4.0.2/thumb/interwork/libgcc.a(_cmpdf2.o)
 .debug_line    0x0000059c       0x80 /cygdrive/C/cygwin/GNUARM/bin/../lib/gcc/arm-elf/4.0.2/thumb/interwork/libgcc.a(_truncdfsf2.o)
 .debug_line    0x0000061c      0x110 /cygdrive/C/cygwin/GNUARM/bin/../lib/gcc/arm-elf/4.0.2/thumb/interwork/libgcc.a(_addsubsf3.o)
 .debug_line    0x0000072c      0x11a /cygdrive/C/cygwin/GNUARM/bin/../lib/gcc/arm-elf/4.0.2/thumb/interwork/libgcc.a(_muldivsf3.o)
 .debug_line    0x00000846       0x98 /cygdrive/C/cygwin/GNUARM/bin/../lib/gcc/arm-elf/4.0.2/thumb/interwork/libgcc.a(_cmpsf2.o)
 .debug_line    0x000008de       0x6f /cygdrive/C/cygwin/GNUARM/bin/../lib/gcc/arm-elf/4.0.2/thumb/interwork/libgcc.a(_fixsfsi.o)
 .debug_line    0x0000094d       0x61 /cygdrive/C/cygwin/GNUARM/bin/../lib/gcc/arm-elf/4.0.2/thumb/interwork/libgcc.a(_muldi3.o)
 .debug_line    0x000009ae      0x122 /cygdrive/C/cygwin/GNUARM/bin/../lib/gcc/arm-elf/4.0.2/thumb/interwork/libgcc.a(_divdi3.o)
 .debug_line    0x00000ad0       0x48 /cygdrive/C/cygwin/GNUARM/bin/../lib/gcc/arm-elf/4.0.2/thumb/interwork/libgcc.a(_clz.o)
 .debug_line    0x00000b18       0xc3 /cygdrive/C/cygwin/GNUARM/bin/../lib/gcc/arm-elf/4.0.2/../../../../arm-elf/lib/thumb/interwork/libc.a(memcpy.o)
 .debug_line    0x00000bdb       0xd4 /cygdrive/C/cygwin/GNUARM/bin/../lib/gcc/arm-elf/4.0.2/../../../../arm-elf/lib/thumb/interwork/libc.a(memset.o)
 .debug_line    0x00000caf       0x88 /cygdrive/C/cygwin/GNUARM/bin/../lib/gcc/arm-elf/4.0.2/../../../../arm-elf/lib/thumb/interwork/libc.a(strcmp.o)
 .debug_line    0x00000d37       0x80 /cygdrive/C/cygwin/GNUARM/bin/../lib/gcc/arm-elf/4.0.2/../../../../arm-elf/lib/thumb/interwork/libc.a(strcpy.o)
 .debug_line    0x00000db7       0xaf /cygdrive/C/cygwin/GNUARM/bin/../lib/gcc/arm-elf/4.0.2/../../../../arm-elf/lib/thumb/interwork/libc.a(strlen.o)
 .debug_line    0x00000e66       0xc2 /cygdrive/C/cygwin/GNUARM/bin/../lib/gcc/arm-elf/4.0.2/../../../../arm-elf/lib/thumb/interwork/libc.a(strncpy.o)

.debug_info     0x00000000     0x1587
 .debug_info    0x00000000       0x6a /cygdrive/C/cygwin/GNUARM/bin/../lib/gcc/arm-elf/4.0.2/thumb/interwork/libgcc.a(_udivsi3.o)
 .debug_info    0x0000006a       0x6a /cygdrive/C/cygwin/GNUARM/bin/../lib/gcc/arm-elf/4.0.2/thumb/interwork/libgcc.a(_divsi3.o)
 .debug_info    0x000000d4       0x6a /cygdrive/C/cygwin/GNUARM/bin/../lib/gcc/arm-elf/4.0.2/thumb/interwork/libgcc.a(_umodsi3.o)
 .debug_info    0x0000013e       0x6a /cygdrive/C/cygwin/GNUARM/bin/../lib/gcc/arm-elf/4.0.2/thumb/interwork/libgcc.a(_modsi3.o)
 .debug_info    0x000001a8       0x6a /cygdrive/C/cygwin/GNUARM/bin/../lib/gcc/arm-elf/4.0.2/thumb/interwork/libgcc.a(_dvmd_tls.o)
 .debug_info    0x00000212       0x69 /cygdrive/C/cygwin/GNUARM/bin/../lib/gcc/arm-elf/4.0.2/thumb/interwork/libgcc.a(_addsubdf3.o)
 .debug_info    0x0000027b       0x69 /cygdrive/C/cygwin/GNUARM/bin/../lib/gcc/arm-elf/4.0.2/thumb/interwork/libgcc.a(_muldivdf3.o)
 .debug_info    0x000002e4       0x69 /cygdrive/C/cygwin/GNUARM/bin/../lib/gcc/arm-elf/4.0.2/thumb/interwork/libgcc.a(_cmpdf2.o)
 .debug_info    0x0000034d       0x69 /cygdrive/C/cygwin/GNUARM/bin/../lib/gcc/arm-elf/4.0.2/thumb/interwork/libgcc.a(_truncdfsf2.o)
 .debug_info    0x000003b6       0x69 /cygdrive/C/cygwin/GNUARM/bin/../lib/gcc/arm-elf/4.0.2/thumb/interwork/libgcc.a(_addsubsf3.o)
 .debug_info    0x0000041f       0x69 /cygdrive/C/cygwin/GNUARM/bin/../lib/gcc/arm-elf/4.0.2/thumb/interwork/libgcc.a(_muldivsf3.o)
 .debug_info    0x00000488       0x69 /cygdrive/C/cygwin/GNUARM/bin/../lib/gcc/arm-elf/4.0.2/thumb/interwork/libgcc.a(_cmpsf2.o)
 .debug_info    0x000004f1       0x69 /cygdrive/C/cygwin/GNUARM/bin/../lib/gcc/arm-elf/4.0.2/thumb/interwork/libgcc.a(_fixsfsi.o)
 .debug_info    0x0000055a      0x20e /cygdrive/C/cygwin/GNUARM/bin/../lib/gcc/arm-elf/4.0.2/thumb/interwork/libgcc.a(_muldi3.o)
 .debug_info    0x00000768      0x758 /cygdrive/C/cygwin/GNUARM/bin/../lib/gcc/arm-elf/4.0.2/thumb/interwork/libgcc.a(_divdi3.o)
 .debug_info    0x00000ec0       0xc9 /cygdrive/C/cygwin/GNUARM/bin/../lib/gcc/arm-elf/4.0.2/thumb/interwork/libgcc.a(_clz.o)
 .debug_info    0x00000f89      0x10d /cygdrive/C/cygwin/GNUARM/bin/../lib/gcc/arm-elf/4.0.2/../../../../arm-elf/lib/thumb/interwork/libc.a(memcpy.o)
 .debug_info    0x00001096      0x111 /cygdrive/C/cygwin/GNUARM/bin/../lib/gcc/arm-elf/4.0.2/../../../../arm-elf/lib/thumb/interwork/libc.a(memset.o)
 .debug_info    0x000011a7       0xd9 /cygdrive/C/cygwin/GNUARM/bin/../lib/gcc/arm-elf/4.0.2/../../../../arm-elf/lib/thumb/interwork/libc.a(strcmp.o)
 .debug_info    0x00001280      0x10c /cygdrive/C/cygwin/GNUARM/bin/../lib/gcc/arm-elf/4.0.2/../../../../arm-elf/lib/thumb/interwork/libc.a(strcpy.o)
 .debug_info    0x0000138c       0xd5 /cygdrive/C/cygwin/GNUARM/bin/../lib/gcc/arm-elf/4.0.2/../../../../arm-elf/lib/thumb/interwork/libc.a(strlen.o)
 .debug_info    0x00001461      0x126 /cygdrive/C/cygwin/GNUARM/bin/../lib/gcc/arm-elf/4.0.2/../../../../arm-elf/lib/thumb/interwork/libc.a(strncpy.o)

.debug_abbrev   0x00000000      0x701
 .debug_abbrev  0x00000000       0x14 /cygdrive/C/cygwin/GNUARM/bin/../lib/gcc/arm-elf/4.0.2/thumb/interwork/libgcc.a(_udivsi3.o)
 .debug_abbrev  0x00000014       0x14 /cygdrive/C/cygwin/GNUARM/bin/../lib/gcc/arm-elf/4.0.2/thumb/interwork/libgcc.a(_divsi3.o)
 .debug_abbrev  0x00000028       0x14 /cygdrive/C/cygwin/GNUARM/bin/../lib/gcc/arm-elf/4.0.2/thumb/interwork/libgcc.a(_umodsi3.o)
 .debug_abbrev  0x0000003c       0x14 /cygdrive/C/cygwin/GNUARM/bin/../lib/gcc/arm-elf/4.0.2/thumb/interwork/libgcc.a(_modsi3.o)
 .debug_abbrev  0x00000050       0x14 /cygdrive/C/cygwin/GNUARM/bin/../lib/gcc/arm-elf/4.0.2/thumb/interwork/libgcc.a(_dvmd_tls.o)
 .debug_abbrev  0x00000064       0x14 /cygdrive/C/cygwin/GNUARM/bin/../lib/gcc/arm-elf/4.0.2/thumb/interwork/libgcc.a(_addsubdf3.o)
 .debug_abbrev  0x00000078       0x14 /cygdrive/C/cygwin/GNUARM/bin/../lib/gcc/arm-elf/4.0.2/thumb/interwork/libgcc.a(_muldivdf3.o)