Archive member included because of file (symbol)

../nxtOSEK/ecrobot/../ecrobot/libecrobot.a(ecrobot_HiTechnic.o)
                              build/device/GyroSensor.o (ecrobot_get_gyro_sensor)
../nxtOSEK/ecrobot/../ecrobot/libecrobot.a(ecrobot_interface.o)
                              build/model_impl.o (ecrobot_set_light_sensor_active)
../nxtOSEK/ecrobot/../ecrobot/libecrobot.a(colorsensor.o)
                              ../nxtOSEK/ecrobot/../ecrobot/libecrobot.a(ecrobot_interface.o) (colorsensor_init)
../nxtOSEK/ecrobot/../ecrobot/libecrobot.a(osek_hook.o)
                              build/kernel/osctl.o (StartupHook)
../nxtOSEK/ecrobot/../ecrobot/libecrobot.a(uart.oram)
                              build/config/at91sam7s-gnu/irq.oram (uart_isr_C_0)
../nxtOSEK/ecrobot/../ecrobot/libecrobot.a(systick.oram)
                              build/syslib/at91sam7s-gnu/lego_nxt/hw_sys_timer.oram (systick_low_priority_C)
../nxtOSEK/ecrobot/../ecrobot/libecrobot.a(byte_fifo.oram)
                              ../nxtOSEK/ecrobot/../ecrobot/libecrobot.a(uart.oram) (byte_fifo_put)
../nxtOSEK/ecrobot/../ecrobot/libecrobot.a(aic.oram)
                              ../nxtOSEK/ecrobot/../ecrobot/libecrobot.a(uart.oram) (aic_set_vector)
../nxtOSEK/ecrobot/../ecrobot/libecrobot.a(udp.oram)
                              build/config/at91sam7s-gnu/irq.oram (udp_isr_C)
../nxtOSEK/ecrobot/../ecrobot/libecrobot.a(twi.oram)
                              build/config/at91sam7s-gnu/irq.oram (twi_isr_C)
../nxtOSEK/ecrobot/../ecrobot/libecrobot.a(nxt_spi.oram)
                              build/config/at91sam7s-gnu/irq.oram (spi_isr_C)
../nxtOSEK/ecrobot/../ecrobot/libecrobot.a(nxt_motors.oram)
                              build/device/Motor.o (nxt_motor_get_count)
../nxtOSEK/ecrobot/../ecrobot/libecrobot.a(data_abort.oram)
                              build/ecrobot_init.o (data_abort_C)
../nxtOSEK/ecrobot/../ecrobot/libecrobot.a(display.oram)
                              build/ecrobot_base.o (display_update)
../nxtOSEK/ecrobot/../ecrobot/libecrobot.a(i2c.oram)
                              build/config/at91sam7s-gnu/irq.oram (i2c_timer_isr_C)
../nxtOSEK/ecrobot/../ecrobot/libecrobot.a(sound.oram)
                              ../nxtOSEK/ecrobot/../ecrobot/libecrobot.a(ecrobot_interface.o) (sound_get_time)
../nxtOSEK/ecrobot/../ecrobot/libecrobot.a(bt.oram)
                              build/ecrobot_bluetooth.o (bt_send)
../nxtOSEK/ecrobot/../ecrobot/libecrobot.a(nxt_avr.oram)
                              build/ecrobot_base.o (nxt_avr_power_down)
../nxtOSEK/ecrobot/../ecrobot/libecrobot.a(sensors.oram)
                              ../nxtOSEK/ecrobot/../ecrobot/libecrobot.a(ecrobot_interface.o) (unset_digi0)
../nxtOSEK/ecrobot/../ecrobot/libecrobot.a(sensors1.oram)
                              ../nxtOSEK/ecrobot/../ecrobot/libecrobot.a(colorsensor.o) (sensor_pins)
../nxtOSEK/ecrobot/../ecrobot/libecrobot.a(nxt_lcd.oram)
                              ../nxtOSEK/ecrobot/../ecrobot/libecrobot.a(display.oram) (nxt_lcd_force_update)
../nxtOSEK/ecrobot/../ecrobot/libecrobot.a(flash_loader.oram)
                              build/ecrobot_base.o (set_flash_request)
../nxtOSEK/ecrobot/../ecrobot/libecrobot.a(interrupts.oram)
                              ../nxtOSEK/ecrobot/../ecrobot/libecrobot.a(uart.oram) (interrupts_get_and_disable)
../nxtOSEK/ecrobot/../ecrobot/libecrobot.a(nxtosek_splash.obmp)
                              build/ecrobot_base.o (nxtosek_splash_bmp_start)
../nxtOSEK/ecrobot/../ecrobot/libecrobot.a(ecrobot_usb.o)
                              ../nxtOSEK/ecrobot/../ecrobot/libecrobot.a(flash_loader.oram) (ecrobot_init_usb)
../nxtOSEK/ecrobot/../ecrobot/libecrobot.a(flashprog.oram)
                              ../nxtOSEK/ecrobot/../ecrobot/libecrobot.a(flash_loader.oram) (flash_write_page)
../nxtOSEK/ecrobot/../ecrobot/libnxtway_gs_balancer.a(balancer.o)
                              build/technique/BalanceControl.o (balance_control)
/cygdrive/C/cygwin/GNUARM/bin/../lib/gcc/arm-elf/4.0.2/thumb/interwork/libgcc.a(_udivsi3.o)
                              build/ecrobot_base.o (__udivsi3)
/cygdrive/C/cygwin/GNUARM/bin/../lib/gcc/arm-elf/4.0.2/thumb/interwork/libgcc.a(_divsi3.o)
                              build/technique/Commander.o (__divsi3)
/cygdrive/C/cygwin/GNUARM/bin/../lib/gcc/arm-elf/4.0.2/thumb/interwork/libgcc.a(_umodsi3.o)
                              ../nxtOSEK/ecrobot/../ecrobot/libecrobot.a(display.oram) (__umodsi3)
/cygdrive/C/cygwin/GNUARM/bin/../lib/gcc/arm-elf/4.0.2/thumb/interwork/libgcc.a(_modsi3.o)
                              build/competision/OrderList.o (__modsi3)
/cygdrive/C/cygwin/GNUARM/bin/../lib/gcc/arm-elf/4.0.2/thumb/interwork/libgcc.a(_dvmd_tls.o)
                              /cygdrive/C/cygwin/GNUARM/bin/../lib/gcc/arm-elf/4.0.2/thumb/interwork/libgcc.a(_udivsi3.o) (__div0)
/cygdrive/C/cygwin/GNUARM/bin/../lib/gcc/arm-elf/4.0.2/thumb/interwork/libgcc.a(_addsubdf3.o)
[...]
Memory Configuration

Name             Origin             Length             Attributes
vector_ram       0x00200000         0x00000040
ram              0x00200040         0x0000ffc0
*default*        0x00000000         0xffffffff

Linker script and memory map

LOAD build/kernel/alarm.o
LOAD build/kernel/event.o
LOAD build/kernel/interrupt.o
LOAD build/kernel/osctl.o
LOAD build/kernel/resource.o
LOAD build/kernel/task.o
LOAD build/kernel/task_manage.o
LOAD build/config/at91sam7s-gnu/cpu_config.o
LOAD build/config/at91sam7s-gnu/lego_nxt/sys_config.o
LOAD build/./kernel_cfg.o
LOAD build/syscalls.o
LOAD build/ecrobot_bluetooth.o
LOAD build/ecrobot_base.o
LOAD build/ecrobot.o
LOAD build/model_impl.o
LOAD build/balancer_param.o
LOAD build/device/Bluetooth.o
LOAD build/device/GyroSensor.o
LOAD build/device/TouchSensor.o
LOAD build/device/Motor.o
LOAD build/device/LightSensor.o
LOAD build/device/SonarSensor.o
LOAD build/device/LCD.o
LOAD build/device/Logger.o
LOAD build/device/Timer.o
LOAD build/competision/Competision.o
LOAD build/competision/Strategy.o
LOAD build/competision/LineTracer.o
LOAD build/competision/Runner.o
LOAD build/competision/BasicStage.o
LOAD build/technique/Tail.o
LOAD build/technique/Wheel.o
LOAD build/technique/BalanceControl.o
LOAD build/technique/PidControl.o
LOAD build/technique/Communication.o
LOAD build/technique/Commander.o
LOAD build/technique/Distance.o
LOAD build/technique/Dash.o
LOAD build/CheckStart.o
LOAD build/Calibration.o
LOAD build/competision/RoboControl.o
LOAD build/competision/Order.o
LOAD build/competision/OrderList.o
LOAD build/competision/Jump.o
LOAD build/competision/Mogul.o
LOAD build/competision/OrderTest.o
LOAD build/competision/Course.o
LOAD build/competision/PendingArea.o
LOAD build/technique/FrontWheel.o
LOAD build/technique/DrivingWheel.o
LOAD build/technique/BumpDecision.o
LOAD build/technique/TrialDecision.o
LOAD build/technique/LineChange.o
LOAD build/syslib/at91sam7s-gnu/lego_nxt/hw_sys_timer.oram
LOAD build/nxtvm/platform/nxt/vectors.o
LOAD build/config/at91sam7s-gnu/debug.o
LOAD build/config/at91sam7s-gnu/lego_nxt/sys_support.o
LOAD build/nxt_binary_header.o
LOAD build/nxt_entry_point.o
LOAD build/ecrobot_init.o
LOAD build/config/at91sam7s-gnu/cpu_support.oram
LOAD build/config/at91sam7s-gnu/irq.oram
LOAD ../nxtOSEK/ecrobot/../c++/liblejososek.a
LOAD ../nxtOSEK/ecrobot/../ecrobot/libecrobot.a
LOAD ../nxtOSEK/ecrobot/../ecrobot/libnxtway_gs_balancer.a
LOAD /cygdrive/C/cygwin/GNUARM/bin/../lib/gcc/arm-elf/4.0.2/../../../../arm-elf/lib/thumb/interwork/libstdc++.a
LOAD /cygdrive/C/cygwin/GNUARM/bin/../lib/gcc/arm-elf/4.0.2/../../../../arm-elf/lib/thumb/interwork/libm.a
LOAD /cygdrive/C/cygwin/GNUARM/bin/../lib/gcc/arm-elf/4.0.2/thumb/interwork/libgcc.a
LOAD /cygdrive/C/cygwin/GNUARM/bin/../lib/gcc/arm-elf/4.0.2/../../../../arm-elf/lib/thumb/interwork/libc.a
LOAD /cygdrive/C/cygwin/GNUARM/bin/../lib/gcc/arm-elf/4.0.2/thumb/interwork/libgcc.a
                0x00200000                RAM_BASE = 0x200000
                0x00010000                RAM_SIZE = 0x10000

.samba_reserved
                0x00200040     0x1fc0
                0x00202000                . = 0x1fc0
 *fill*         0x00200040     0x1fc0 00
                0x00200040                __samba_ram_start__ = ADDR (.samba_reserved)
                0x00202000                __samba_ram_end__ = (__samba_ram_start__ + SIZEOF (.samba_reserved))

.vectors        0x00200000       0x40 load address 0x00202000
 vectors.o(*.text *.text.*)
 .text          0x00200000       0x38 build/nxtvm/platform/nxt/vectors.o
                0x00200040                . = ALIGN (0x10)
 *fill*         0x00200038        0x8 00
                0x00200000                __vectors_ram_start__ = ADDR (.vectors)
                0x00200040                __vectors_ram_end__ = (ADDR (.vectors) + SIZEOF (.vectors))
                0x00202000                __vectors_load_start__ = LOADADDR (.vectors)
                0x00202040                __vectors_load_end__ = (LOADADDR (.vectors) + SIZEOF (.vectors))

.init           0x00202040      0x280
 *ecrobot_init.o(*.text *.text.*)
 .text          0x00202040      0x280 build/ecrobot_init.o
                0x002021ac                undef_handler
                0x002021b4                prefetch_abort_handler
                0x002021b8                data_abort_handler
                0x002021b0                swi_handler
                0x00202040                start
                0x002021d4                reserved_handler
                0x002022c0                . = ALIGN (0x10)

.ram_text       0x002022c0     0x3760
                0x002022c0                . = ALIGN (0x10)
 *.oram(*.text *.text.* *.glue*)
 .text.systick_isr_C1
                0x002022c0       0x28 build/syslib/at91sam7s-gnu/lego_nxt/hw_sys_timer.oram
                0x002022c0                systick_isr_C1
 *fill*         0x002022e8        0x8 00
 .text          0x002022f0      0x230 build/config/at91sam7s-gnu/cpu_support.oram
                0x002024d0                enable_int
                0x00202370                start_dispatch
                0x00202330                activate_r
                0x002024c8                disable_int
                0x002022f0                dispatch
                0x0020249c                int_return
                0x0020242c                _interrupt
                0x00202360                exit_and_dispatch
                0x002024d8                nop
 .text          0x00202520      0x2c0 build/config/at91sam7s-gnu/irq.oram
                0x00202520                default_isr
                0x002026ac                uart_isr_entry_0
                0x0020262c                twi_isr_entry
                0x002026ec                uart_isr_entry_1
                0x002025ec                spi_isr_entry
                0x0020256c                systick_low_priority_entry
                0x0020272c                nxt_motor_isr_entry
                0x0020276c                i2c_timer_isr_entry
                0x00202520                default_fiq
                0x00202524                systick_isr_entry
                0x00202520                spurious_isr
                0x0020266c                sound_isr_entry
                0x002025ac                udp_isr_entry
 .text.uart_process_isr
                0x002027e0       0x88 ../nxtOSEK/ecrobot/../ecrobot/libecrobot.a(uart.oram)
 .text.uart_isr_C_0
                0x00202868        0xc ../nxtOSEK/ecrobot/../ecrobot/libecrobot.a(uart.oram)
                0x00202868                uart_isr_C_0
 .text.uart_isr_C_1
                0x00202874        0xc ../nxtOSEK/ecrobot/../ecrobot/libecrobot.a(uart.oram)
                0x00202874                uart_isr_C_1
 .text.systick_low_priority_C
                0x00202880       0x1c ../nxtOSEK/ecrobot/../ecrobot/libecrobot.a(systick.oram)
                0x00202880                systick_low_priority_C
 .text.systick_isr_C
                0x0020289c       0x24 ../nxtOSEK/ecrobot/../ecrobot/libecrobot.a(systick.oram)
                0x0020289c                systick_isr_C
 .text.systick_get_ms
                0x002028c0        0xc ../nxtOSEK/ecrobot/../ecrobot/libecrobot.a(systick.oram)
                0x002028c0                systick_get_ms
 .text.systick_wait_ms
                0x002028cc       0x1c ../nxtOSEK/ecrobot/../ecrobot/libecrobot.a(systick.oram)
                0x002028cc                systick_wait_ms
 .text.systick_wait_ns
                0x002028e8       0x1c ../nxtOSEK/ecrobot/../ecrobot/libecrobot.a(systick.oram)
                0x002028e8                systick_wait_ns
 .text.systick_init
                0x00202904       0x58 ../nxtOSEK/ecrobot/../ecrobot/libecrobot.a(systick.oram)
                0x00202904                systick_init
 .text.systick_suspend
                0x0020295c        0xc ../nxtOSEK/ecrobot/../ecrobot/libecrobot.a(systick.oram)
                0x0020295c                systick_suspend
 .text.systick_resume
                0x00202968        0xc ../nxtOSEK/ecrobot/../ecrobot/libecrobot.a(systick.oram)
                0x00202968                systick_resume
 .text.byte_fifo_put
                0x00202974       0x58 ../nxtOSEK/ecrobot/../ecrobot/libecrobot.a(byte_fifo.oram)
                0x00202974                byte_fifo_put
 .text.byte_fifo_get
                0x002029cc       0x2c ../nxtOSEK/ecrobot/../ecrobot/libecrobot.a(byte_fifo.oram)
                0x002029cc                byte_fifo_get
 .text.aic_initialise
                0x002029f8       0x5c ../nxtOSEK/ecrobot/../ecrobot/libecrobot.a(aic.oram)
                0x002029f8                aic_initialise
 .text.aic_set_vector
                0x00202a54       0x30 ../nxtOSEK/ecrobot/../ecrobot/libecrobot.a(aic.oram)
                0x00202a54                aic_set_vector
 .text.aic_mask_on
                0x00202a84       0x24 ../nxtOSEK/ecrobot/../ecrobot/libecrobot.a(aic.oram)
                0x00202a84                aic_mask_on
 .text.aic_mask_off
                0x00202aa8       0x24 ../nxtOSEK/ecrobot/../ecrobot/libecrobot.a(aic.oram)
                0x00202aa8                aic_mask_off
 .text.aic_clear
                0x00202acc       0x24 ../nxtOSEK/ecrobot/../ecrobot/libecrobot.a(aic.oram)
                0x00202acc                aic_clear
 .text.reset    0x00202af0       0x4c ../nxtOSEK/ecrobot/../ecrobot/libecrobot.a(udp.oram)
 .text.udp_send_null
                0x00202b3c       0x2c ../nxtOSEK/ecrobot/../ecrobot/libecrobot.a(udp.oram)
 .text.udp_send_stall
                0x00202b68       0x2c ../nxtOSEK/ecrobot/../ecrobot/libecrobot.a(udp.oram)
 .text.udp_send_control
                0x00202b94       0x60 ../nxtOSEK/ecrobot/../ecrobot/libecrobot.a(udp.oram)
 .text.udp_isr_C
                0x00202bf4      0x7d0 ../nxtOSEK/ecrobot/../ecrobot/libecrobot.a(udp.oram)
                0x00202bf4                udp_isr_C
 .text.twi_status
                0x002033c4       0x20 ../nxtOSEK/ecrobot/../ecrobot/libecrobot.a(twi.oram)
                0x002033c4                twi_status
 .text.twi_isr_C
                0x002033e4       0xc4 ../nxtOSEK/ecrobot/../ecrobot/libecrobot.a(twi.oram)
                0x002033e4                twi_isr_C
 .text.twi_reset
                0x002034a8       0xb4 ../nxtOSEK/ecrobot/../ecrobot/libecrobot.a(twi.oram)
                0x002034a8                twi_reset
 .text.twi_init
                0x0020355c       0x4c ../nxtOSEK/ecrobot/../ecrobot/libecrobot.a(twi.oram)
                0x0020355c                twi_init
 .text.twi_start_read
                0x002035a8       0x60 ../nxtOSEK/ecrobot/../ecrobot/libecrobot.a(twi.oram)
                0x002035a8                twi_start_read
 .text.twi_start_write
                0x00203608       0x64 ../nxtOSEK/ecrobot/../ecrobot/libecrobot.a(twi.oram)
                0x00203608                twi_start_write
 .text.spi_set_mode
                0x0020366c       0x40 ../nxtOSEK/ecrobot/../ecrobot/libecrobot.a(nxt_spi.oram)
 .text.spi_isr_C
                0x002036ac       0x8c ../nxtOSEK/ecrobot/../ecrobot/libecrobot.a(nxt_spi.oram)
                0x002036ac                spi_isr_C
 .text.nxt_spi_init
                0x00203738      0x12c ../nxtOSEK/ecrobot/../ecrobot/libecrobot.a(nxt_spi.oram)
                0x00203738                nxt_spi_init
 .text.nxt_spi_write
                0x00203864       0x44 ../nxtOSEK/ecrobot/../ecrobot/libecrobot.a(nxt_spi.oram)
                0x00203864                nxt_spi_write
 .text.nxt_spi_set_display
                0x002038a8       0x10 ../nxtOSEK/ecrobot/../ecrobot/libecrobot.a(nxt_spi.oram)
                0x002038a8                nxt_spi_set_display
 .text.nxt_spi_refresh
                0x002038b8       0x24 ../nxtOSEK/ecrobot/../ecrobot/libecrobot.a(nxt_spi.oram)
                0x002038b8                nxt_spi_refresh
 .text.nxt_motor_get_count
                0x002038dc       0x14 ../nxtOSEK/ecrobot/../ecrobot/libecrobot.a(nxt_motors.oram)
                0x002038dc                nxt_motor_get_count
 .text.nxt_motor_set_count
                0x002038f0       0x10 ../nxtOSEK/ecrobot/../ecrobot/libecrobot.a(nxt_motors.oram)
                0x002038f0                nxt_motor_set_count
 .text.nxt_motor_set_speed
                0x00203900       0x34 ../nxtOSEK/ecrobot/../ecrobot/libecrobot.a(nxt_motors.oram)
                0x00203900                nxt_motor_set_speed
 .text.nxt_motor_1kHz_process
                0x00203934       0x28 ../nxtOSEK/ecrobot/../ecrobot/libecrobot.a(nxt_motors.oram)
                0x00203934                nxt_motor_1kHz_process
 .text.nxt_motor_quad_decode
                0x0020395c       0x30 ../nxtOSEK/ecrobot/../ecrobot/libecrobot.a(nxt_motors.oram)
                0x0020395c                nxt_motor_quad_decode
 .text.nxt_motor_isr_C
                0x0020398c       0x88 ../nxtOSEK/ecrobot/../ecrobot/libecrobot.a(nxt_motors.oram)
                0x0020398c                nxt_motor_isr_C
 .text.nxt_motor_init
                0x00203a14       0x68 ../nxtOSEK/ecrobot/../ecrobot/libecrobot.a(nxt_motors.oram)
                0x00203a14                nxt_motor_init
 .text.data_abort_C
                0x00203a7c       0x7c ../nxtOSEK/ecrobot/../ecrobot/libecrobot.a(data_abort.oram)
                0x00203a7c                data_abort_C
 .text.display_update
                0x00203af8       0x14 ../nxtOSEK/ecrobot/../ecrobot/libecrobot.a(display.oram)
                0x00203af8                display_update
 .text.display_force_update
                0x00203b0c        0xc ../nxtOSEK/ecrobot/../ecrobot/libecrobot.a(display.oram)
                0x00203b0c                display_force_update
 .text.display_clear
                0x00203b18       0x24 ../nxtOSEK/ecrobot/../ecrobot/libecrobot.a(display.oram)
                0x00203b18                display_clear
 .text.display_goto_xy
                0x00203b3c       0x14 ../nxtOSEK/ecrobot/../ecrobot/libecrobot.a(display.oram)
                0x00203b3c                display_goto_xy
 .text.display_char
                0x00203b50       0x60 ../nxtOSEK/ecrobot/../ecrobot/libecrobot.a(display.oram)
                0x00203b50                display_char
 .text.display_string
                0x00203bb0       0x3c ../nxtOSEK/ecrobot/../ecrobot/libecrobot.a(display.oram)
                0x00203bb0                display_string
 .text.display_hex
                0x00203bec       0x50 ../nxtOSEK/ecrobot/../ecrobot/libecrobot.a(display.oram)
                0x00203bec                display_hex
 .text.display_unsigned_worker
                0x00203c3c       0x70 ../nxtOSEK/ecrobot/../ecrobot/libecrobot.a(display.oram)
 .text.display_unsigned
                0x00203cac        0xc ../nxtOSEK/ecrobot/../ecrobot/libecrobot.a(display.oram)
                0x00203cac                display_unsigned
 .text.display_int
                0x00203cb8       0x14 ../nxtOSEK/ecrobot/../ecrobot/libecrobot.a(display.oram)
                0x00203cb8                display_int
 .text.display_bitmap_copy
                0x00203ccc       0x5c ../nxtOSEK/ecrobot/../ecrobot/libecrobot.a(display.oram)
                0x00203ccc                display_bitmap_copy
 .text.display_init
                0x00203d28       0x50 ../nxtOSEK/ecrobot/../ecrobot/libecrobot.a(display.oram)
                0x00203d28                display_init
 .text.i2c_timer_isr_C
                0x00203d78      0x314 ../nxtOSEK/ecrobot/../ecrobot/libecrobot.a(i2c.oram)
                0x00203d78                i2c_timer_isr_C
 .text.i2c_disable
                0x0020408c       0x20 ../nxtOSEK/ecrobot/../ecrobot/libecrobot.a(i2c.oram)
                0x0020408c                i2c_disable
 .text.i2c_enable
                0x002040ac       0x40 ../nxtOSEK/ecrobot/../ecrobot/libecrobot.a(i2c.oram)
                0x002040ac                i2c_enable
 .text.i2c_init
                0x002040ec       0xa4 ../nxtOSEK/ecrobot/../ecrobot/libecrobot.a(i2c.oram)
                0x002040ec                i2c_init
 .text.set_vol  0x00204190       0xa4 ../nxtOSEK/ecrobot/../ecrobot/libecrobot.a(sound.oram)
 .text.sound_fill_sample_buffer
                0x00204234       0xe4 ../nxtOSEK/ecrobot/../ecrobot/libecrobot.a(sound.oram)
                0x00204234                sound_fill_sample_buffer
 .text.sound_freq_vol
                0x00204318      0x1ec ../nxtOSEK/ecrobot/../ecrobot/libecrobot.a(sound.oram)
                0x00204318                sound_freq_vol
 .text.sound_init
                0x00204504       0xa0 ../nxtOSEK/ecrobot/../ecrobot/libecrobot.a(sound.oram)
                0x00204504                sound_init
 .text.sound_isr_C
                0x002045a4      0x180 ../nxtOSEK/ecrobot/../ecrobot/libecrobot.a(sound.oram)
                0x002045a4                sound_isr_C
 .text.bt_init  0x00204724      0x1c0 ../nxtOSEK/ecrobot/../ecrobot/libecrobot.a(bt.oram)
                0x00204724                bt_init
 .text.bt_send  0x002048e4       0x5c ../nxtOSEK/ecrobot/../ecrobot/libecrobot.a(bt.oram)
                0x002048e4                bt_send
 .text.bt_write
                0x00204940       0x70 ../nxtOSEK/ecrobot/../ecrobot/libecrobot.a(bt.oram)
                0x00204940                bt_write
 .text.bt_pending
                0x002049b0       0x50 ../nxtOSEK/ecrobot/../ecrobot/libecrobot.a(bt.oram)
                0x002049b0                bt_pending
 .text.bt_clear_arm7_cmd
                0x00204a00       0x10 ../nxtOSEK/ecrobot/../ecrobot/libecrobot.a(bt.oram)
                0x00204a00                bt_clear_arm7_cmd
 .text.bt_set_arm7_cmd
                0x00204a10       0x10 ../nxtOSEK/ecrobot/../ecrobot/libecrobot.a(bt.oram)
                0x00204a10                bt_set_arm7_cmd
 .text.bt_receive
                0x00204a20      0x160 ../nxtOSEK/ecrobot/../ecrobot/libecrobot.a(bt.oram)
                0x00204a20                bt_receive
 .text.bt_read  0x00204b80      0x140 ../nxtOSEK/ecrobot/../ecrobot/libecrobot.a(bt.oram)
                0x00204b80                bt_read
 .text.bt_reset
                0x00204cc0       0x84 ../nxtOSEK/ecrobot/../ecrobot/libecrobot.a(bt.oram)
                0x00204cc0                bt_reset
 .text.nxt_avr_power_down
                0x00204d44       0x10 ../nxtOSEK/ecrobot/../ecrobot/libecrobot.a(nxt_avr.oram)
                0x00204d44                nxt_avr_power_down
 .text.nxt_avr_link_init
                0x00204d54       0x20 ../nxtOSEK/ecrobot/../ecrobot/libecrobot.a(nxt_avr.oram)
                0x00204d54                nxt_avr_link_init
 .text.nxt_avr_init
                0x00204d74       0x6c ../nxtOSEK/ecrobot/../ecrobot/libecrobot.a(nxt_avr.oram)
                0x00204d74                nxt_avr_init
 .text.nxt_avr_1kHz_update
                0x00204de0      0x1cc ../nxtOSEK/ecrobot/../ecrobot/libecrobot.a(nxt_avr.oram)
                0x00204de0                nxt_avr_1kHz_update
 .text.buttons_get
                0x00204fac        0xc ../nxtOSEK/ecrobot/../ecrobot/libecrobot.a(nxt_avr.oram)
                0x00204fac                buttons_get
 .text.battery_voltage
                0x00204fb8       0x28 ../nxtOSEK/ecrobot/../ecrobot/libecrobot.a(nxt_avr.oram)
                0x00204fb8                battery_voltage
 .text.sensor_adc
                0x00204fe0       0x20 ../nxtOSEK/ecrobot/../ecrobot/libecrobot.a(nxt_avr.oram)
                0x00204fe0                sensor_adc
 .text.nxt_avr_set_motor
                0x00205000       0x34 ../nxtOSEK/ecrobot/../ecrobot/libecrobot.a(nxt_avr.oram)
                0x00205000                nxt_avr_set_motor
 .text.nxt_avr_set_input_power
                0x00205034       0x3c ../nxtOSEK/ecrobot/../ecrobot/libecrobot.a(nxt_avr.oram)
                0x00205034                nxt_avr_set_input_power
 .text.unset_digi0
                0x00205070       0x44 ../nxtOSEK/ecrobot/../ecrobot/libecrobot.a(sensors.oram)
                0x00205070                unset_digi0
 .text.unset_digi1
                0x002050b4       0x44 ../nxtOSEK/ecrobot/../ecrobot/libecrobot.a(sensors.oram)
                0x002050b4                unset_digi1
 .text.init_sensors
                0x002050f8       0x4c ../nxtOSEK/ecrobot/../ecrobot/libecrobot.a(sensors.oram)
                0x002050f8                init_sensors
 .text.set_digi0
                0x00205144       0x44 ../nxtOSEK/ecrobot/../ecrobot/libecrobot.a(sensors.oram)
                0x00205144                set_digi0
 .text.nxt_lcd_command
                0x00205188       0x18 ../nxtOSEK/ecrobot/../ecrobot/libecrobot.a(nxt_lcd.oram)
                0x00205188                nxt_lcd_command
 .text.nxt_lcd_set_col
                0x002051a0       0x24 ../nxtOSEK/ecrobot/../ecrobot/libecrobot.a(nxt_lcd.oram)
                0x002051a0                nxt_lcd_set_col
 .text.nxt_lcd_set_multiplex_rate
                0x002051c4       0x18 ../nxtOSEK/ecrobot/../ecrobot/libecrobot.a(nxt_lcd.oram)
                0x002051c4                nxt_lcd_set_multiplex_rate
 .text.nxt_lcd_set_page_address
                0x002051dc       0x18 ../nxtOSEK/ecrobot/../ecrobot/libecrobot.a(nxt_lcd.oram)
                0x002051dc                nxt_lcd_set_page_address
 .text.nxt_lcd_set_pot
                0x002051f4       0x1c ../nxtOSEK/ecrobot/../ecrobot/libecrobot.a(nxt_lcd.oram)
                0x002051f4                nxt_lcd_set_pot
 .text.nxt_lcd_set_ram_address_control
                0x00205210       0x18 ../nxtOSEK/ecrobot/../ecrobot/libecrobot.a(nxt_lcd.oram)
                0x00205210                nxt_lcd_set_ram_address_control
 .text.nxt_lcd_enable
                0x00205228       0x14 ../nxtOSEK/ecrobot/../ecrobot/libecrobot.a(nxt_lcd.oram)
                0x00205228                nxt_lcd_enable
 .text.nxt_lcd_set_map_control
                0x0020523c       0x18 ../nxtOSEK/ecrobot/../ecrobot/libecrobot.a(nxt_lcd.oram)
                0x0020523c                nxt_lcd_set_map_control
 .text.nxt_lcd_reset
                0x00205254        0xc ../nxtOSEK/ecrobot/../ecrobot/libecrobot.a(nxt_lcd.oram)
                0x00205254                nxt_lcd_reset
 .text.nxt_lcd_set_bias_ratio
                0x00205260       0x18 ../nxtOSEK/ecrobot/../ecrobot/libecrobot.a(nxt_lcd.oram)
                0x00205260                nxt_lcd_set_bias_ratio
 .text.nxt_lcd_force_update
                0x00205278       0x30 ../nxtOSEK/ecrobot/../ecrobot/libecrobot.a(nxt_lcd.oram)
                0x00205278                nxt_lcd_force_update
 .text.nxt_lcd_update
                0x002052a8        0xc ../nxtOSEK/ecrobot/../ecrobot/libecrobot.a(nxt_lcd.oram)
                0x002052a8                nxt_lcd_update
 .text.nxt_lcd_power_up
                0x002052b4       0x48 ../nxtOSEK/ecrobot/../ecrobot/libecrobot.a(nxt_lcd.oram)
                0x002052b4                nxt_lcd_power_up
 .text.nxt_lcd_power_down
                0x002052fc        0xc ../nxtOSEK/ecrobot/../ecrobot/libecrobot.a(nxt_lcd.oram)
                0x002052fc                nxt_lcd_power_down
 .text.nxt_lcd_init
                0x00205308       0x18 ../nxtOSEK/ecrobot/../ecrobot/libecrobot.a(nxt_lcd.oram)
                0x00205308                nxt_lcd_init
 .text.verify_flash_page
                0x00205320       0x34 ../nxtOSEK/ecrobot/../ecrobot/libecrobot.a(flash_loader.oram)
 .text.set_flash_request
                0x00205354       0x38 ../nxtOSEK/ecrobot/../ecrobot/libecrobot.a(flash_loader.oram)
                0x00205354                set_flash_request
 .text.nxt_device_init
                0x0020538c       0x38 ../nxtOSEK/ecrobot/../ecrobot/libecrobot.a(flash_loader.oram)
                0x0020538c                nxt_device_init
 .text          0x002053c4       0x68 ../nxtOSEK/ecrobot/../ecrobot/libecrobot.a(interrupts.oram)
                0x0020541c                fiq_enable
                0x002053c4                interrupts_get_and_disable
                0x002053f8                fiq_get_and_disable
                0x002053e8                interrupts_enable
 .text.flash_write_page
                0x0020542c       0xc0 ../nxtOSEK/ecrobot/../ecrobot/libecrobot.a(flashprog.oram)
                0x0020542c                flash_write_page
                0x002054f0                . = ALIGN (0x10)
 *fill*         0x002054ec        0x4 00
 *.oram(*.rodata *.rodata.*)
 .rodata.ld     0x002054f0        0x4 ../nxtOSEK/ecrobot/../ecrobot/libecrobot.a(udp.oram)
 .rodata.cfd    0x002054f4       0x20 ../nxtOSEK/ecrobot/../ecrobot/libecrobot.a(udp.oram)
 .rodata.dd     0x00205514       0x12 ../nxtOSEK/ecrobot/../ecrobot/libecrobot.a(udp.oram)
 *fill*         0x00205526        0x2 00
 .rodata.str1.4
                0x00205528       0x22 ../nxtOSEK/ecrobot/../ecrobot/libecrobot.a(data_abort.oram)
                                 0x24 (size before relaxing)
 .rodata.font   0x0020554a      0x280 ../nxtOSEK/ecrobot/../ecrobot/libecrobot.a(display.oram)
 *fill*         0x002057ca        0x2 00
 .rodata.str1.4
                0x002057cc       0x76 ../nxtOSEK/ecrobot/../ecrobot/libecrobot.a(display.oram)
                                 0x78 (size before relaxing)
 *fill*         0x00205842        0x2 00
 .rodata.i2c_pin
                0x00205844       0x20 ../nxtOSEK/ecrobot/../ecrobot/libecrobot.a(i2c.oram)
 .rodata.i2c_timer_isr_C
                0x00205864       0x38 ../nxtOSEK/ecrobot/../ecrobot/libecrobot.a(i2c.oram)
 .rodata.logvol
                0x0020589c        0xc ../nxtOSEK/ecrobot/../ecrobot/libecrobot.a(sound.oram)
                0x0020589c                logvol
 .rodata.silence
                0x002058a8       0x40 ../nxtOSEK/ecrobot/../ecrobot/libecrobot.a(sound.oram)
                0x002058a8                silence
 .rodata.sine   0x002058e8       0x10 ../nxtOSEK/ecrobot/../ecrobot/libecrobot.a(sound.oram)
                0x002058e8                sine
 .rodata.sample_pattern
                0x002058f8       0x84 ../nxtOSEK/ecrobot/../ecrobot/libecrobot.a(sound.oram)
                0x002058f8                sample_pattern
 .rodata        0x0020597c        0xc ../nxtOSEK/ecrobot/../ecrobot/libecrobot.a(sound.oram)
 .rodata.avr_brainwash_string
                0x00205988       0x30 ../nxtOSEK/ecrobot/../ecrobot/libecrobot.a(nxt_avr.oram)
                0x00205988                avr_brainwash_string
 .rodata.nxt_avr_1kHz_update
                0x002059b8       0x14 ../nxtOSEK/ecrobot/../ecrobot/libecrobot.a(nxt_avr.oram)
 .rodata.C.33.1823
                0x002059cc       0x10 ../nxtOSEK/ecrobot/../ecrobot/libecrobot.a(sensors.oram)
 .rodata.C.37.1857
                0x002059dc       0x10 ../nxtOSEK/ecrobot/../ecrobot/libecrobot.a(sensors.oram)
 .rodata.C.31.1806
                0x002059ec       0x10 ../nxtOSEK/ecrobot/../ecrobot/libecrobot.a(sensors.oram)
 .rodata.str1.4
                0x002059fc       0x23 ../nxtOSEK/ecrobot/../ecrobot/libecrobot.a(flash_loader.oram)
                                 0x24 (size before relaxing)
                0x00205a20                . = ALIGN (0x10)
 *fill*         0x00205a1f        0x1 00
                0x002022c0                __ramtext_ram_start__ = ADDR (.ram_text)
                0x00205a20                __ramtext_ram_end__ = (ADDR (.ram_text) + SIZEOF (.ram_text))
                0x002022c0                __ramtext_load_start__ = LOADADDR (.ram_text)
                0x00205a20                __ramtext_load_end__ = (__ramtext_load_start__ + SIZEOF (.ram_text))

.wav_data       0x00205a20        0x0
 *.owav(*.data *.data.*)
                0x00205a20                . = ALIGN (0x10)

.bmp_data       0x00205a20      0x440
 *.obmp(*.data *.data.*)
 .data          0x00205a20      0x43e ../nxtOSEK/ecrobot/../ecrobot/libecrobot.a(nxtosek_splash.obmp)
                0x00205a20                nxtosek_splash_bmp_start
                0x00205e5e                nxtosek_splash_bmp_end
                0x00205e60                . = ALIGN (0x10)
 *fill*         0x00205e5e        0x2 00

.spr_data       0x00205e60        0x0
 *.ospr(*.data *.data.*)
                0x00205e60                . = ALIGN (0x10)

.data           0x00205e60       0x70
 *(*.data *.data.*)
 .data.bt_status
                0x00205e60        0x1 build/ecrobot_bluetooth.o
 *fill*         0x00205e61        0x3 00
 .data.distance_state
                0x00205e64       0x10 ../nxtOSEK/ecrobot/../ecrobot/libecrobot.a(ecrobot_interface.o)
 .data.deviceStatus
                0x00205e74        0x1 ../nxtOSEK/ecrobot/../ecrobot/libecrobot.a(ecrobot_interface.o)
 .data.named    0x00205e75       0x22 ../nxtOSEK/ecrobot/../ecrobot/libecrobot.a(udp.oram)
 .data.snd      0x00205e97       0x1a ../nxtOSEK/ecrobot/../ecrobot/libecrobot.a(udp.oram)
 *fill*         0x00205eb1        0x3 00
 .data.configured
                0x00205eb4        0x4 ../nxtOSEK/ecrobot/../ecrobot/libecrobot.a(udp.oram)
 .data.mode     0x00205eb8        0x1 ../nxtOSEK/ecrobot/../ecrobot/libecrobot.a(nxt_spi.oram)
                0x00205eb8                mode
 *fill*         0x00205eb9        0x3 00
 .bss.data      0x00205ebc        0x4 ../nxtOSEK/ecrobot/../ecrobot/libecrobot.a(nxt_spi.oram)
                0x00205ebc                data
 .data.display_auto_update
                0x00205ec0        0x4 ../nxtOSEK/ecrobot/../ecrobot/libecrobot.a(display.oram)
                0x00205ec0                display_auto_update
 .data.display_buffer
                0x00205ec4        0x4 ../nxtOSEK/ecrobot/../ecrobot/libecrobot.a(display.oram)
                0x00205ed0                . = ALIGN (0x10)
 *fill*         0x00205ec8        0x8 00
                0x00205e60                __data_ram_start__ = ADDR (.data)
                0x00205ed0                __data_ram_end__ = (ADDR (.data) + SIZEOF (.data))
                0x00205e60                __data_load_start__ = LOADADDR (.data)
                0x00205ed0                __data_load_end__ = (__data_load_start__ + SIZEOF (.data))

.text           0x00205ed0     0x3e10
                0x00205ed0                . = ALIGN (0x10)
 *(*.text *.text.* *.glue*)
 .text.enqueue_alarm
                0x00205ed0       0x90 build/kernel/alarm.o
 .text.alarm_initialize
                0x00205f60       0x98 build/kernel/alarm.o
                0x00205f60                alarm_initialize
 .text.SignalCounter
                0x00205ff8      0x134 build/kernel/alarm.o
                0x00205ff8                SignalCounter
 .text.StartOS  0x0020612c       0x58 build/kernel/osctl.o
                0x0020612c                StartOS
 .text.ShutdownOS
                0x00206184       0x4c build/kernel/osctl.o
                0x00206184                ShutdownOS
 .text.call_pretaskhook
                0x002061d0       0x24 build/kernel/osctl.o
                0x002061d0                call_pretaskhook
 .text.call_errorhook
                0x002061f4       0x78 build/kernel/osctl.o
                0x002061f4                call_errorhook
 .text.call_posttaskhook
                0x0020626c       0x24 build/kernel/osctl.o
                0x0020626c                call_posttaskhook
 .text.search_schedtsk
                0x00206290       0x94 build/kernel/task.o
                0x00206290                search_schedtsk
 .text.make_runnable
                0x00206324       0xac build/kernel/task.o
                0x00206324                make_runnable
 .text.make_active
                0x002063d0       0x78 build/kernel/task.o
                0x002063d0                make_active
 .text.task_initialize
                0x00206448       0x90 build/kernel/task.o
                0x00206448                task_initialize
 .text.ActivateTask
                0x002064d8       0x8c build/kernel/task_manage.o
                0x002064d8                ActivateTask
 .text.TerminateTask
                0x00206564       0x74 build/kernel/task_manage.o
                0x00206564                TerminateTask
 .text.cpu_initialize
                0x002065d8        0x4 build/config/at91sam7s-gnu/cpu_config.o
                0x002065d8                cpu_initialize
 .text.cpu_terminate
                0x002065dc        0x4 build/config/at91sam7s-gnu/cpu_config.o
                0x002065dc                cpu_terminate
 .text.sys_initialize
                0x002065e0        0x4 build/config/at91sam7s-gnu/lego_nxt/sys_config.o
                0x002065e0                sys_initialize
 .text.sys_exit
                0x002065e4        0x4 build/config/at91sam7s-gnu/lego_nxt/sys_config.o
                0x002065e4                sys_exit
 .text._activate_alarm_cyclic_alarm1
                0x002065e8        0xc build/./kernel_cfg.o
 .text._activate_alarm_cyclic_alarm2
                0x002065f4        0xc build/./kernel_cfg.o
 .text.object_initialize
                0x00206600       0x10 build/./kernel_cfg.o
                0x00206600                object_initialize
 .text.ecrobot_get_bt_status
                0x00206610       0x10 build/ecrobot_bluetooth.o
                0x00206610                ecrobot_get_bt_status
 .text.close_bt_stream
                0x00206620       0x2c build/ecrobot_bluetooth.o
 .text.ecrobot_send_bt
                0x0020664c       0x40 build/ecrobot_bluetooth.o
                0x0020664c                ecrobot_send_bt
 .text.ecrobot_read_bt
                0x0020668c       0x24 build/ecrobot_bluetooth.o
                0x0020668c                ecrobot_read_bt
 .text.send_bt_command
                0x002066b0       0x40 build/ecrobot_bluetooth.o
 .text.ecrobot_term_bt_connection
                0x002066f0       0x48 build/ecrobot_bluetooth.o
                0x002066f0                ecrobot_term_bt_connection
 .text.read_bt_command
                0x00206738       0x5c build/ecrobot_bluetooth.o
 .text.open_bt_stream
                0x00206794       0x50 build/ecrobot_bluetooth.o
 .text.ecrobot_get_bt_device_address
                0x002067e4       0x6c build/ecrobot_bluetooth.o
                0x002067e4                ecrobot_get_bt_device_address
 .text.ecrobot_init_bt_slave
                0x00206850      0x12c build/ecrobot_bluetooth.o
                0x00206850                ecrobot_init_bt_slave
 .text.init_OS_flag
                0x0020697c        0xc build/ecrobot_base.o
                0x0020697c                init_OS_flag
 .text.set_OS_flag
                0x00206988        0xc build/ecrobot_base.o
                0x00206988                set_OS_flag
 .text.get_OS_flag
                0x00206994        0xc build/ecrobot_base.o
                0x00206994                get_OS_flag
 .text.cpp_constructor
                0x002069a0       0x28 build/ecrobot_base.o
                0x002069a0                cpp_constructor
 .text.cpp_destructor
                0x002069c8       0x28 build/ecrobot_base.o
                0x002069c8                cpp_destructor
 .text.execution_mode
                0x002069f0       0x24 build/ecrobot_base.o
                0x002069f0                execution_mode
 .text.show_main_screen
                0x00206a14       0x48 build/ecrobot_base.o
                0x00206a14                show_main_screen
 .text.display_status_bar
                0x00206a5c       0x5c build/ecrobot_base.o
                0x00206a5c                display_status_bar
 .text.restart_NXT
                0x00206ab8       0x2c build/ecrobot_base.o
                0x00206ab8                restart_NXT
 .text.shutdown_NXT
                0x00206ae4       0x2c build/ecrobot_base.o
                0x00206ae4                shutdown_NXT
 .text.check_NXT_buttons
                0x00206b10       0x38 build/ecrobot_base.o
                0x00206b10                check_NXT_buttons
 .text.show_bd_addr
                0x00206b48       0x44 build/ecrobot_base.o
                0x00206b48                show_bd_addr
 .text.show_bd_addr_err
                0x00206b8c       0x3c build/ecrobot_base.o
                0x00206b8c                show_bd_addr_err
 .text.add_status_info
                0x00206bc8       0x68 build/ecrobot_base.o
                0x00206bc8                add_status_info
 .text.show_splash_screen
                0x00206c30       0x90 build/ecrobot_base.o
                0x00206c30                show_splash_screen
 .text.main     0x00206cc0      0x10c build/ecrobot.o
                0x00206cc0                main
 .text.test_data_send
                0x00206dcc      0x124 build/model_impl.o
                0x00206dcc                test_data_send
 .text.ecrobot_device_initialize
                0x00206ef0       0x18 build/model_impl.o
                0x00206ef0                ecrobot_device_initialize
 .text.ecrobot_device_terminate
                0x00206f08       0x20 build/model_impl.o
                0x00206f08                ecrobot_device_terminate
 .text.user_1ms_isr_type2
                0x00206f28       0x14 build/model_impl.o
                0x00206f28                user_1ms_isr_type2
 .text.TaskMainTaskInit
                0x00206f3c      0x334 build/model_impl.o
                0x00206f3c                TaskMainTaskInit
 .text.TaskMainTaskMain
                0x00207270       0x74 build/model_impl.o
                0x00207270                TaskMainTaskMain
 .text.TaskMainTaskBuletooth
                0x002072e4       0x3c build/model_impl.o
                0x002072e4                TaskMainTaskBuletooth
 .text.Bluetooth_init
                0x00207320        0xc build/device/Bluetooth.o
                0x00207320                Bluetooth_init
 .text.Bluetooth_start
                0x0020732c        0xc build/device/Bluetooth.o
                0x0020732c                Bluetooth_start
 .text.Bluetooth_checkConnection
                0x00207338       0x14 build/device/Bluetooth.o
                0x00207338                Bluetooth_checkConnection
 .text.Bluetooth_terminate
                0x0020734c        0xc build/device/Bluetooth.o
                0x0020734c                Bluetooth_terminate
 .text.Bluetooth_receive
                0x00207358       0x10 build/device/Bluetooth.o
                0x00207358                Bluetooth_receive
 .text.Bluetooth_send
                0x00207368       0x10 build/device/Bluetooth.o
                0x00207368                Bluetooth_send
 .text.GyroSensor_init
                0x00207378        0xc build/device/GyroSensor.o
                0x00207378                GyroSensor_init
 .text.GyroSensor_getAngularVelocity
                0x00207384        0xc build/device/GyroSensor.o
                0x00207384                GyroSensor_getAngularVelocity
 .text.TouchSensor_init
                0x00207390        0x4 build/device/TouchSensor.o
                0x00207390                TouchSensor_init
 .text.TouchSensor_isPressed
                0x00207394        0xc build/device/TouchSensor.o
                0x00207394                TouchSensor_isPressed
 .text.Motor_init
                0x002073a0        0x8 build/device/Motor.o
                0x002073a0                Motor_init
 .text.Motor_getAngle
                0x002073a8        0xc build/device/Motor.o
                0x002073a8                Motor_getAngle
 .text.Motor_rotate
                0x002073b4       0x10 build/device/Motor.o
                0x002073b4                Motor_rotate
 .text.LightSensor_init
                0x002073c4        0x4 build/device/LightSensor.o
                0x002073c4                LightSensor_init
 .text.LightSensor_getBrightness
                0x002073c8        0xc build/device/LightSensor.o
                0x002073c8                LightSensor_getBrightness
 .text.SonarSensor_init
                0x002073d4       0x14 build/device/SonarSensor.o
                0x002073d4                SonarSensor_init
 .text.SonarSensor_term
                0x002073e8        0xc build/device/SonarSensor.o
                0x002073e8                SonarSensor_term
 .text.LCD_init
                0x002073f4        0x8 build/device/LCD.o
                0x002073f4                LCD_init
 .text.LCD_DisplayClear
                0x002073fc       0x10 build/device/LCD.o
                0x002073fc                LCD_DisplayClear
 .text.Timer_init
                0x0020740c        0x8 build/device/Timer.o
                0x0020740c                Timer_init
 .text.Competision_action
                0x00207414       0x24 build/competision/Competision.o
                0x00207414                Competision_action
 .text.Strategy_action
                0x00207438       0xa4 build/competision/Strategy.o
                0x00207438                Strategy_action
 .text.LineTracer_init
                0x002074dc        0xc build/competision/LineTracer.o
                0x002074dc                LineTracer_init
 .text.LineTracer_trace
                0x002074e8       0x2c build/competision/LineTracer.o
                0x002074e8                LineTracer_trace
 .text.LineTracer_getTurn
                0x00207514        0x4 build/competision/LineTracer.o
                0x00207514                LineTracer_getTurn
 .text.LineTracer_setTarget
                0x00207518        0x4 build/competision/LineTracer.o
                0x00207518                LineTracer_setTarget
 .text.Runner_getDistance
                0x0020751c       0x28 build/competision/Runner.o
                0x0020751c                Runner_getDistance
 .text.Runner_lineTraceRun
                0x00207544       0x1c build/competision/Runner.o
 .text.Runner_turnByFrontWheel
                0x00207560       0x2c build/competision/Runner.o
 .text.Runner_turnByDrivingWheel
                0x0020758c       0x9c build/competision/Runner.o
 .text.Runner_fowardFrontWheel
                0x00207628       0x24 build/competision/Runner.o
 .text.Runner_run
                0x0020764c       0x80 build/competision/Runner.o
                0x0020764c                Runner_run
 .text.PidControl_init
                0x002076cc       0x10 build/technique/PidControl.o
                0x002076cc                PidControl_init
 .text.PidControl_calcTurn
                0x002076dc       0xe4 build/technique/PidControl.o
                0x002076dc                PidControl_calcTurn
 .text.Communication_init
                0x002077c0        0xc build/technique/Communication.o
                0x002077c0                Communication_init
 .text.Communication_setSendData
                0x002077cc       0x1c build/technique/Communication.o
                0x002077cc                Communication_setSendData
 .text.Communication_communicate
                0x002077e8       0x54 build/technique/Communication.o
                0x002077e8                Communication_communicate
 .text.Communication_setLogData1
                0x0020783c        0x8 build/technique/Communication.o
                0x0020783c                Communication_setLogData1
 .text.Communication_setLogData2
                0x00207844        0x8 build/technique/Communication.o
                0x00207844                Communication_setLogData2
 .text.Communication_getCommand
                0x0020784c       0x70 build/technique/Communication.o
                0x0020784c                Communication_getCommand
 .text.Commander_setCommandResult
                0x002078bc       0x2c build/technique/Commander.o
 .text.Commander_action
                0x002078e8      0x1b4 build/technique/Commander.o
                0x002078e8                Commander_action
 .text.Distance_init
                0x00207a9c        0x8 build/technique/Distance.o
                0x00207a9c                Distance_init
 .text.Dash_init
                0x00207aa4        0x8 build/technique/Dash.o
                0x00207aa4                Dash_init
 .text.CheckStart_init
                0x00207aac        0x8 build/CheckStart.o
                0x00207aac                CheckStart_init
 .text.CheckStart_isStart
                0x00207ab4       0x10 build/CheckStart.o
                0x00207ab4                CheckStart_isStart
 .text.CheckStart_start
                0x00207ac4       0x30 build/CheckStart.o
 .text.CheckStart_waitStart
                0x00207af4       0x30 build/CheckStart.o
                0x00207af4                CheckStart_waitStart
 .text.RoboControl_init
                0x00207b24        0xc build/competision/RoboControl.o
                0x00207b24                RoboControl_init
 .text.RoboControl_control
                0x00207b30      0x164 build/competision/RoboControl.o
                0x00207b30                RoboControl_control
 .text.Order_init
                0x00207c94       0x14 build/competision/Order.o
                0x00207c94                Order_init
 .text.OrderList_init
                0x00207ca8       0x28 build/competision/OrderList.o
                0x00207ca8                OrderList_init
 .text.OrderList_getOrder
                0x00207cd0        0xc build/competision/OrderList.o
                0x00207cd0                OrderList_getOrder
 .text.OrderList_addOrder
                0x00207cdc       0x7c build/competision/OrderList.o
                0x00207cdc                OrderList_addOrder
 .text.OrderList_finishOrder
                0x00207d58       0x1c build/competision/OrderList.o
                0x00207d58                OrderList_finishOrder
 .text.OrderList_checkFinished
                0x00207d74       0x18 build/competision/OrderList.o
                0x00207d74                OrderList_checkFinished
 .text.OrderList_manualRunning
                0x00207d8c       0x24 build/competision/OrderList.o
                0x00207d8c                OrderList_manualRunning
 .text.OrderList_lineTraceRunning
                0x00207db0       0x24 build/competision/OrderList.o
                0x00207db0                OrderList_lineTraceRunning
 .text.OrderList_stop
                0x00207dd4       0x1c build/competision/OrderList.o
                0x00207dd4                OrderList_stop
 .text.OrderList_setPID
                0x00207df0       0x24 build/competision/OrderList.o
                0x00207df0                OrderList_setPID
 .text.Jump_init
                0x00207e14        0x8 build/competision/Jump.o
                0x00207e14                Jump_init
 .text.Jump_action
                0x00207e1c       0xa8 build/competision/Jump.o
                0x00207e1c                Jump_action
 .text.Mogul_init
                0x00207ec4        0x8 build/competision/Mogul.o
                0x00207ec4                Mogul_init
 .text.Mogul_main
                0x00207ecc       0x34 build/competision/Mogul.o
                0x00207ecc                Mogul_main
 .text.OrderTest_init
                0x00207f00        0x8 build/competision/OrderTest.o
                0x00207f00                OrderTest_init
 .text.Course_init
                0x00207f08       0x10 build/competision/Course.o
                0x00207f08                Course_init
 .text.Course_resetMode
                0x00207f18        0x8 build/competision/Course.o
                0x00207f18                Course_resetMode
 .text.Course_strateRunIN
                0x00207f20       0x6c build/competision/Course.o
                0x00207f20                Course_strateRunIN
 .text.Course_strateRunOUT
                0x00207f8c       0x6c build/competision/Course.o
                0x00207f8c                Course_strateRunOUT
 .text.Course_stableRunIN
                0x00207ff8       0x6c build/competision/Course.o
                0x00207ff8                Course_stableRunIN
 .text.PendingArea_init
                0x00208064        0xc build/competision/PendingArea.o
                0x00208064                PendingArea_init
 .text.FrontWheel_init
                0x00208070        0x4 build/technique/FrontWheel.o
                0x00208070                FrontWheel_init
 .text.FrontWheel_setAngle
                0x00208074       0x68 build/technique/FrontWheel.o
                0x00208074                FrontWheel_setAngle
 .text.FrontWheel_getAngle
                0x002080dc        0xc build/technique/FrontWheel.o
                0x002080dc                FrontWheel_getAngle
 .text.DrivingWheel_init
                0x002080e8        0x4 build/technique/DrivingWheel.o
                0x002080e8                DrivingWheel_init
 .text.DrivingWheel_setPwm
                0x002080ec       0x20 build/technique/DrivingWheel.o
                0x002080ec                DrivingWheel_setPwm
 .text.DrivingWheel_getLeftAngle
                0x0020810c        0xc build/technique/DrivingWheel.o
                0x0020810c                DrivingWheel_getLeftAngle
 .text.DrivingWheel_getRightAngle
                0x00208118        0xc build/technique/DrivingWheel.o
                0x00208118                DrivingWheel_getRightAngle
 .text.BumpDecision_init
                0x00208124        0x8 build/technique/BumpDecision.o
                0x00208124                BumpDecision_init
 .text.BumpDecision_checkBump
                0x0020812c       0x28 build/technique/BumpDecision.o
                0x0020812c                BumpDecision_checkBump
 .text.TrialDecision_init
                0x00208154        0x8 build/technique/TrialDecision.o
                0x00208154                TrialDecision_init
 .text.TrialDecision_action
                0x0020815c       0xa4 build/technique/TrialDecision.o
                0x0020815c                TrialDecision_action
 .text.LineChange_init
                0x00208200        0x8 build/technique/LineChange.o
                0x00208200                LineChange_init
 .text.ecrobot_get_gyro_sensor
                0x00208208       0x14 ../nxtOSEK/ecrobot/../ecrobot/libecrobot.a(ecrobot_HiTechnic.o)
                0x00208208                ecrobot_get_gyro_sensor
 .text.ecrobot_set_light_sensor_active
                0x0020821c       0x10 ../nxtOSEK/ecrobot/../ecrobot/libecrobot.a(ecrobot_interface.o)
                0x0020821c                ecrobot_set_light_sensor_active
 .text.ecrobot_set_light_sensor_inactive
                0x0020822c       0x10 ../nxtOSEK/ecrobot/../ecrobot/libecrobot.a(ecrobot_interface.o)
                0x0020822c                ecrobot_set_light_sensor_inactive
 .text.ecrobot_get_light_sensor
                0x0020823c       0x14 ../nxtOSEK/ecrobot/../ecrobot/libecrobot.a(ecrobot_interface.o)
                0x0020823c                ecrobot_get_light_sensor
 .text.ecrobot_get_touch_sensor
                0x00208250       0x20 ../nxtOSEK/ecrobot/../ecrobot/libecrobot.a(ecrobot_interface.o)
                0x00208250                ecrobot_get_touch_sensor
 .text.ecrobot_init_i2c
                0x00208270       0x2c ../nxtOSEK/ecrobot/../ecrobot/libecrobot.a(ecrobot_interface.o)
                0x00208270                ecrobot_init_i2c
 .text.ecrobot_init_sonar_sensor
                0x0020829c       0x10 ../nxtOSEK/ecrobot/../ecrobot/libecrobot.a(ecrobot_interface.o)
                0x0020829c                ecrobot_init_sonar_sensor
 .text.ecrobot_term_sonar_sensor
                0x002082ac       0x20 ../nxtOSEK/ecrobot/../ecrobot/libecrobot.a(ecrobot_interface.o)
                0x002082ac                ecrobot_term_sonar_sensor
 .text.ecrobot_get_battery_voltage
                0x002082cc        0xc ../nxtOSEK/ecrobot/../ecrobot/libecrobot.a(ecrobot_interface.o)
                0x002082cc                ecrobot_get_battery_voltage
 .text.ecrobot_get_button_state
                0x002082d8        0xc ../nxtOSEK/ecrobot/../ecrobot/libecrobot.a(ecrobot_interface.o)
                0x002082d8                ecrobot_get_button_state
 .text.ecrobot_init_nxtstate
                0x002082e4       0x28 ../nxtOSEK/ecrobot/../ecrobot/libecrobot.a(ecrobot_interface.o)
                0x002082e4                ecrobot_init_nxtstate
 .text.ecrobot_poll_nxtstate
                0x0020830c       0x64 ../nxtOSEK/ecrobot/../ecrobot/libecrobot.a(ecrobot_interface.o)
                0x0020830c                ecrobot_poll_nxtstate
 .text.ecrobot_setDeviceInitialized
                0x00208370       0x18 ../nxtOSEK/ecrobot/../ecrobot/libecrobot.a(ecrobot_interface.o)
                0x00208370                ecrobot_setDeviceInitialized
 .text.ecrobot_initDeviceStatus
                0x00208388        0xc ../nxtOSEK/ecrobot/../ecrobot/libecrobot.a(ecrobot_interface.o)
                0x00208388                ecrobot_initDeviceStatus
 .text.ecrobot_bmp2lcd
                0x00208394      0x1c8 ../nxtOSEK/ecrobot/../ecrobot/libecrobot.a(ecrobot_interface.o)
                0x00208394                ecrobot_bmp2lcd
 .text.ecrobot_sound_tone
                0x0020855c        0xc ../nxtOSEK/ecrobot/../ecrobot/libecrobot.a(ecrobot_interface.o)
                0x0020855c                ecrobot_sound_tone
 .text.StartupHook
                0x00208568        0x4 ../nxtOSEK/ecrobot/../ecrobot/libecrobot.a(osek_hook.o)
                0x00208568                StartupHook
 .text.PreTaskHook
                0x0020856c        0x4 ../nxtOSEK/ecrobot/../ecrobot/libecrobot.a(osek_hook.o)
                0x0020856c                PreTaskHook
 .text.PostTaskHook
                0x00208570        0x4 ../nxtOSEK/ecrobot/../ecrobot/libecrobot.a(osek_hook.o)
                0x00208570                PostTaskHook
 .text.ErrorHook
                0x00208574        0x4 ../nxtOSEK/ecrobot/../ecrobot/libecrobot.a(osek_hook.o)
                0x00208574                ErrorHook
 .text.ShutdownHook
                0x00208578        0x4 ../nxtOSEK/ecrobot/../ecrobot/libecrobot.a(osek_hook.o)
                0x00208578                ShutdownHook
 .text          0x0020857c       0x8c /cygdrive/C/cygwin/GNUARM/bin/../lib/gcc/arm-elf/4.0.2/thumb/interwork/libgcc.a(_udivsi3.o)
                0x0020857c                __udivsi3
                0x002085f8                __aeabi_uidivmod
 .text          0x00208608       0xa4 /cygdrive/C/cygwin/GNUARM/bin/../lib/gcc/arm-elf/4.0.2/thumb/interwork/libgcc.a(_divsi3.o)
                0x00208608                __divsi3
                0x0020869c                __aeabi_idivmod
 .text          0x002086ac       0xc8 /cygdrive/C/cygwin/GNUARM/bin/../lib/gcc/arm-elf/4.0.2/thumb/interwork/libgcc.a(_umodsi3.o)
                0x002086ac                __umodsi3
 .text          0x00208774       0xd8 /cygdrive/C/cygwin/GNUARM/bin/../lib/gcc/arm-elf/4.0.2/thumb/interwork/libgcc.a(_modsi3.o)
                0x00208774                __modsi3
 .text          0x0020884c        0x4 /cygdrive/C/cygwin/GNUARM/bin/../lib/gcc/arm-elf/4.0.2/thumb/interwork/libgcc.a(_dvmd_tls.o)
                0x0020884c                __aeabi_ldiv0
                0x0020884c                __div0
                0x0020884c                __aeabi_idiv0
 .text          0x00208850      0x430 /cygdrive/C/cygwin/GNUARM/bin/../lib/gcc/arm-elf/4.0.2/thumb/interwork/libgcc.a(_addsubdf3.o)
                0x00208c14                __floatdidf
                0x00208b94                __floatsidf
                0x00208b6c                __aeabi_ui2d
                0x00208850                __aeabi_drsub
                0x00208bc0                __extendsfdf2
                0x0020885c                __adddf3
                0x00208b6c                __floatunsidf
                0x0020885c                __aeabi_dadd
                0x00208c00                __aeabi_ul2d
                0x00208858                __aeabi_dsub
                0x00208c00                __floatundidf
                0x00208b94                __aeabi_i2d
                0x00208c14                __aeabi_l2d
                0x00208bc0                __aeabi_f2d
                0x00208858                __subdf3
 .text          0x00208c80      0x49c /cygdrive/C/cygwin/GNUARM/bin/../lib/gcc/arm-elf/4.0.2/thumb/interwork/libgcc.a(_muldivdf3.o)
                0x00208f10                __aeabi_ddiv
                0x00208c80                __aeabi_dmul
                0x00208f10                __divdf3
                0x00208c80                __muldf3
 .text          0x0020911c       0x5c /cygdrive/C/cygwin/GNUARM/bin/../lib/gcc/arm-elf/4.0.2/thumb/interwork/libgcc.a(_fixdfsi.o)
                0x0020911c                __fixdfsi
                0x0020911c                __aeabi_d2iz
 .text          0x00209178       0xa0 /cygdrive/C/cygwin/GNUARM/bin/../lib/gcc/arm-elf/4.0.2/thumb/interwork/libgcc.a(_truncdfsf2.o)
                0x00209178                __aeabi_d2f
                0x00209178                __truncdfsf2
 .text          0x00209218      0x2ac /cygdrive/C/cygwin/GNUARM/bin/../lib/gcc/arm-elf/4.0.2/thumb/interwork/libgcc.a(_addsubsf3.o)
                0x00209224                __aeabi_fadd
                0x00209220                __subsf3
                0x002093e8                __aeabi_i2f
                0x00209220                __aeabi_fsub
                0x00209418                __floatdisf
                0x002093e8                __floatsisf
                0x00209408                __floatundisf
                0x002093e0                __aeabi_ui2f
                0x00209418                __aeabi_l2f
                0x00209408                __aeabi_ul2f
                0x00209218                __aeabi_frsub
                0x002093e0                __floatunsisf
                0x00209224                __addsf3
 .text          0x002094c4      0x2f8 /cygdrive/C/cygwin/GNUARM/bin/../lib/gcc/arm-elf/4.0.2/thumb/interwork/libgcc.a(_muldivsf3.o)
                0x0020965c                __divsf3
                0x0020965c                __aeabi_fdiv
                0x002094c4                __mulsf3
                0x002094c4                __aeabi_fmul
 .text          0x002097bc      0x110 /cygdrive/C/cygwin/GNUARM/bin/../lib/gcc/arm-elf/4.0.2/thumb/interwork/libgcc.a(_cmpsf2.o)
                0x002098b4                __aeabi_fcmpgt
                0x002097c4                __lesf2
                0x002097cc                __nesf2
                0x0020989c                __aeabi_fcmpge
                0x002097bc                __gtsf2
                0x00209884                __aeabi_fcmple
                0x002097cc                __eqsf2
                0x002097cc                __cmpsf2
                0x002097c4                __ltsf2
                0x0020983c                __aeabi_cfcmple
                0x002097bc                __gesf2
                0x00209854                __aeabi_fcmpeq
                0x0020982c                __aeabi_cfrcmple
                0x0020986c                __aeabi_fcmplt
                0x0020983c                __aeabi_cfcmpeq
 .text          0x002098cc       0x5c /cygdrive/C/cygwin/GNUARM/bin/../lib/gcc/arm-elf/4.0.2/thumb/interwork/libgcc.a(_fixsfsi.o)
                0x002098cc                __fixsfsi
                0x002098cc                __aeabi_f2iz
 .text          0x00209928       0x68 /cygdrive/C/cygwin/GNUARM/bin/../lib/gcc/arm-elf/4.0.2/../../../../arm-elf/lib/thumb/interwork/libc.a(memcpy.o)
                0x00209928                memcpy
 .text          0x00209990       0x68 /cygdrive/C/cygwin/GNUARM/bin/../lib/gcc/arm-elf/4.0.2/../../../../arm-elf/lib/thumb/interwork/libc.a(memset.o)
                0x00209990                memset
 .text          0x002099f8       0x60 /cygdrive/C/cygwin/GNUARM/bin/../lib/gcc/arm-elf/4.0.2/../../../../arm-elf/lib/thumb/interwork/libc.a(strcpy.o)
                0x002099f8                strcpy
 .text          0x00209a58       0x48 /cygdrive/C/cygwin/GNUARM/bin/../lib/gcc/arm-elf/4.0.2/../../../../arm-elf/lib/thumb/interwork/libc.a(strlen.o)
                0x00209a58                strlen
 .glue_7        0x00209aa0       0x30 /cygdrive/C/cygwin/GNUARM/bin/../lib/gcc/arm-elf/4.0.2/../../../../arm-elf/lib/thumb/interwork/libc.a(strncpy.o)
                0x00209ab8                __call_posttaskhook_from_arm
                0x00209aa1                __ecrobot_debug1_from_arm
                0x00209aad                __ecrobot_debug2_from_arm
                0x00209ac4                __call_pretaskhook_from_arm
 .glue_7t       0x00209ad0       0xe0 /cygdrive/C/cygwin/GNUARM/bin/../lib/gcc/arm-elf/4.0.2/../../../../arm-elf/lib/thumb/interwork/libc.a(strncpy.o)
                0x00209afc                __start_change_to_arm
                0x00209b88                __interrupts_get_and_disable_from_thumb
                0x00209ba9                ____lesf2_from_thumb
                0x00209b81                ____gtdf2_from_thumb
                0x00209af0                __exit_and_dispatch_from_thumb
                0x00209b60                ____divsf3_from_thumb
                0x00209ba4                ____gesf2_change_to_arm
                0x00209b70                ____subdf3_from_thumb
                0x00209b0c                ____fixsfsi_change_to_arm
                0x00209b1c                ____addsf3_change_to_arm
                0x00209b74                ____subdf3_change_to_arm
                0x00209b08                ____fixsfsi_from_thumb
                0x00209b10                ____floatsisf_from_thumb
                0x00209b38                ____extendsfdf2_from_thumb
                0x00209af4                __exit_and_dispatch_change_to_arm
                0x00209ad0                __disable_int_from_thumb
                0x00209ba1                ____gesf2_from_thumb
                0x00209ae8                __start_dispatch_from_thumb
                0x00209b30                ____ltsf2_from_thumb
                0x00209b78                ____fixdfsi_from_thumb
                0x00209b5c                ____divdf3_change_to_arm
                0x00209bac                ____lesf2_change_to_arm
                0x00209af8                __start_from_thumb
                0x00209b50                ____truncdfsf2_from_thumb
                0x00209b44                ____muldf3_change_to_arm
                0x00209b64                ____divsf3_change_to_arm
                0x00209b7c                ____fixdfsi_change_to_arm
                0x00209b58                ____divdf3_from_thumb
                0x00209ad8                __enable_int_from_thumb
                0x00209ae0                __dispatch_from_thumb
                0x00209b94                __interrupts_enable_change_to_arm
                0x00209b28                ____gtsf2_from_thumb
                0x00209b8c                __interrupts_get_and_disable_change_to_arm
                0x00209ae4                __dispatch_change_to_arm
                0x00209b04                ____mulsf3_change_to_arm
                0x00209b4c                ____adddf3_change_to_arm
                0x00209b84                ____gtdf2_change_to_arm
                0x00209b54                ____truncdfsf2_change_to_arm
                0x00209b3c                ____extendsfdf2_change_to_arm
                0x00209b68                ____floatsidf_from_thumb
                0x00209b14                ____floatsisf_change_to_arm
                0x00209b99                __display_bios_status_from_thumb
                0x00209b20                ____subsf3_from_thumb
                0x00209b48                ____adddf3_from_thumb
                0x00209b2c                ____gtsf2_change_to_arm
                0x00209ad4                __disable_int_change_to_arm
                0x00209b34                ____ltsf2_change_to_arm
                0x00209b00                ____mulsf3_from_thumb
                0x00209b18                ____addsf3_from_thumb
                0x00209b40                ____muldf3_from_thumb
                0x00209b24                ____subsf3_change_to_arm
                0x00209adc                __enable_int_change_to_arm
                0x00209b6c                ____floatsidf_change_to_arm
                0x00209b90                __interrupts_enable_from_thumb
                0x00209b9c                __display_bios_status_change_to_arm
                0x00209aec                __start_dispatch_change_to_arm
                0x00209bb0                . = ALIGN (0x10)
 *(*.rodata *.rodata.*)
 .rodata.search_table.966
                0x00209bb0        0xf build/kernel/task.o
 *fill*         0x00209bbf        0x1 00
 .rodata.alminib_cycle
                0x00209bc0        0x8 build/./kernel_cfg.o
                0x00209bc0                alminib_cycle
 .rodata.alminib_almval
                0x00209bc8        0x8 build/./kernel_cfg.o
                0x00209bc8                alminib_almval
 .rodata.alminib_autosta
                0x00209bd0        0x2 build/./kernel_cfg.o
                0x00209bd0                alminib_autosta
 *fill*         0x00209bd2        0x2 00
 .rodata.alminib_cback
                0x00209bd4        0x8 build/./kernel_cfg.o
                0x00209bd4                alminib_cback
 .rodata.alminib_cntid
                0x00209bdc        0x2 build/./kernel_cfg.o
                0x00209bdc                alminib_cntid
 *fill*         0x00209bde        0x2 00
 .rodata.cntinib_tickbase
                0x00209be0        0x4 build/./kernel_cfg.o
                0x00209be0                cntinib_tickbase
 .rodata.cntinib_maxval2
                0x00209be4        0x4 build/./kernel_cfg.o
                0x00209be4                cntinib_maxval2
 .rodata.cntinib_maxval
                0x00209be8        0x4 build/./kernel_cfg.o
                0x00209be8                cntinib_maxval
 .rodata.SysTimerCnt
                0x00209bec        0x1 build/./kernel_cfg.o
                0x00209bec                SysTimerCnt
 *fill*         0x00209bed        0x1 00
 .rodata.tinib_stksz
                0x00209bee        0x6 build/./kernel_cfg.o
                0x00209bee                tinib_stksz
 .rodata.tinib_stk
                0x00209bf4        0xc build/./kernel_cfg.o
                0x00209bf4                tinib_stk
 .rodata.tinib_task
                0x00209c00        0xc build/./kernel_cfg.o
                0x00209c00                tinib_task
 .rodata.tinib_autoact
                0x00209c0c        0x3 build/./kernel_cfg.o
                0x00209c0c                tinib_autoact
 .rodata.tinib_maxact
                0x00209c0f        0x3 build/./kernel_cfg.o
                0x00209c0f                tinib_maxact
 .rodata.tinib_exepri
                0x00209c12        0x3 build/./kernel_cfg.o
                0x00209c12                tinib_exepri
 .rodata.tinib_inipri
                0x00209c15        0x3 build/./kernel_cfg.o
                0x00209c15                tinib_inipri
 .rodata.tnum_exttask
                0x00209c18        0x1 build/./kernel_cfg.o
                0x00209c18                tnum_exttask
 .rodata.tnum_task
                0x00209c19        0x1 build/./kernel_cfg.o
                0x00209c19                tnum_task
 .rodata.tnum_counter
                0x00209c1a        0x1 build/./kernel_cfg.o
                0x00209c1a                tnum_counter
 .rodata.tnum_alarm
                0x00209c1b        0x1 build/./kernel_cfg.o
                0x00209c1b                tnum_alarm
 .rodata.exec_addr
                0x00209c1c        0x4 build/ecrobot_base.o
                0x00209c1c                exec_addr
 .rodata.str1.4
                0x00209c20       0x80 build/ecrobot_base.o
 .rodata.str1.4
                0x00209ca0        0xd build/model_impl.o
                                 0x10 (size before relaxing)
 *fill*         0x00209cad        0x3 00
 .rodata.str1.4
                0x00209cb0        0x5 build/device/Bluetooth.o
                                  0x8 (size before relaxing)
 *fill*         0x00209cb5        0x3 00
 .rodata.Jump_action
                0x00209cb8       0x14 build/competision/Jump.o
 .rodata.TrialDecision_action
                0x00209ccc       0x14 build/technique/TrialDecision.o
                0x00209ce0                . = ALIGN (0x10)
 *(*.gnu.linkonce.* .gcc_except_table)
                0x00209ce0                . = ALIGN (0x10)

.tors           0x00209ce0        0x0
                0x00209ce0                . = ALIGN (0x10)
                0x00209ce0                __ctor_begin = .
 *(*.ctors*)
                0x00209ce0                __ctor_end = .
                0x00209ce0                . = ALIGN (0x10)
                0x00209ce0                __dtor_begin = .
 *(*.dtors*)
                0x00209ce0                __dtor_end = .
                0x00209ce0                . = ALIGN (0x10)

.bss            0x00209ce0     0x1d84
 *(*.bss *.bss.*)
 .bss.ready_primap
                0x00209ce0        0x2 build/kernel/task.o
 .bss.ready_queue_last
                0x00209ce2       0x10 build/kernel/task.o
 .bss.ready_queue_first
                0x00209cf2       0x10 build/kernel/task.o
 *fill*         0x00209d02        0x2 00
 .bss._stack_TaskBuletooth
                0x00209d04      0x200 build/./kernel_cfg.o
 .bss._stack_TaskMain
                0x00209f04      0x200 build/./kernel_cfg.o
 .bss._stack_TaskInit
                0x0020a104      0x200 build/./kernel_cfg.o
 .bss.receiveBuf
                0x0020a304       0x80 build/ecrobot_bluetooth.o
 .bss.sendBuf   0x0020a384      0x100 build/ecrobot_bluetooth.o
 .bss.handle    0x0020a484        0x1 build/ecrobot_bluetooth.o
 *fill*         0x0020a485        0x3 00
 .bss.status_bar_position
                0x0020a488        0x4 build/ecrobot_base.o
 .bss.last_act_time.2753
                0x0020a48c        0x4 build/ecrobot_base.o
 .bss.lcd.2682  0x0020a490      0x320 build/ecrobot_base.o
 .bss.OS_flag   0x0020a7b0        0x4 build/ecrobot_base.o
 .bss.status_bar
                0x0020a7b4       0x10 build/ecrobot_base.o
 .bss.buttons_i
                0x0020a7c4        0x4 ../nxtOSEK/ecrobot/../ecrobot/libecrobot.a(ecrobot_interface.o)
 .bss.buttons_states
                0x0020a7c8       0x14 ../nxtOSEK/ecrobot/../ecrobot/libecrobot.a(ecrobot_interface.o)
 .bss.ecrobot_inputs
                0x0020a7dc        0x8 ../nxtOSEK/ecrobot/../ecrobot/libecrobot.a(ecrobot_interface.o)
 .bss.systick_ms
                0x0020a7e4        0x4 ../nxtOSEK/ecrobot/../ecrobot/libecrobot.a(systick.oram)
 .bss.delayedEnable
                0x0020a7e8        0x1 ../nxtOSEK/ecrobot/../ecrobot/libecrobot.a(udp.oram)
 *fill*         0x0020a7e9        0x3 00
 .bss.outCnt    0x0020a7ec        0x4 ../nxtOSEK/ecrobot/../ecrobot/libecrobot.a(udp.oram)
 .bss.outPtr    0x0020a7f0        0x4 ../nxtOSEK/ecrobot/../ecrobot/libecrobot.a(udp.oram)
 .bss.newAddress
                0x0020a7f4        0x4 ../nxtOSEK/ecrobot/../ecrobot/libecrobot.a(udp.oram)
 .bss.currentRxBank
                0x0020a7f8        0x4 ../nxtOSEK/ecrobot/../ecrobot/libecrobot.a(udp.oram)
 .bss.currentFeatures
                0x0020a7fc        0x4 ../nxtOSEK/ecrobot/../ecrobot/libecrobot.a(udp.oram)
 .bss.currentConfig
                0x0020a800        0x1 ../nxtOSEK/ecrobot/../ecrobot/libecrobot.a(udp.oram)
 *fill*         0x0020a801        0x3 00
 .bss.twi_mask  0x0020a804        0x4 ../nxtOSEK/ecrobot/../ecrobot/libecrobot.a(twi.oram)
 .bss.twi_ptr   0x0020a808        0x4 ../nxtOSEK/ecrobot/../ecrobot/libecrobot.a(twi.oram)
 .bss.twi_pending
                0x0020a80c        0x4 ../nxtOSEK/ecrobot/../ecrobot/libecrobot.a(twi.oram)
 .bss.twi_state
                0x0020a810        0x4 ../nxtOSEK/ecrobot/../ecrobot/libecrobot.a(twi.oram)
 .bss.page      0x0020a814        0x1 ../nxtOSEK/ecrobot/../ecrobot/libecrobot.a(nxt_spi.oram)
                0x0020a814                page
 .bss.dirty     0x0020a815        0x1 ../nxtOSEK/ecrobot/../ecrobot/libecrobot.a(nxt_spi.oram)
                0x0020a815                dirty
 *fill*         0x0020a816        0x2 00
 .bss.display   0x0020a818        0x4 ../nxtOSEK/ecrobot/../ecrobot/libecrobot.a(nxt_spi.oram)
                0x0020a818                display
 .bss.interrupts_this_period
                0x0020a81c        0x4 ../nxtOSEK/ecrobot/../ecrobot/libecrobot.a(nxt_motors.oram)
 .bss.nxt_motor_initialised
                0x0020a820        0x4 ../nxtOSEK/ecrobot/../ecrobot/libecrobot.a(nxt_motors.oram)
 .bss.motor     0x0020a824       0x30 ../nxtOSEK/ecrobot/../ecrobot/libecrobot.a(nxt_motors.oram)
 .bss.display_tick
                0x0020a854        0x4 ../nxtOSEK/ecrobot/../ecrobot/libecrobot.a(display.oram)
                0x0020a854                display_tick
 .bss.display_array
                0x0020a858      0x388 ../nxtOSEK/ecrobot/../ecrobot/libecrobot.a(display.oram)
 .bss.i2c_int_count
                0x0020abe0        0x4 ../nxtOSEK/ecrobot/../ecrobot/libecrobot.a(i2c.oram)
 .bss.i2c_port  0x0020abe4      0x170 ../nxtOSEK/ecrobot/../ecrobot/libecrobot.a(i2c.oram)
 .bss.sound_mode
                0x0020ad54        0x1 ../nxtOSEK/ecrobot/../ecrobot/libecrobot.a(sound.oram)
                0x0020ad54                sound_mode
 *fill*         0x0020ad55        0x3 00
 .bss.in_buf_idx
                0x0020ad58        0x4 ../nxtOSEK/ecrobot/../ecrobot/libecrobot.a(bt.oram)
 .bss.buf_ptr   0x0020ad5c        0x4 ../nxtOSEK/ecrobot/../ecrobot/libecrobot.a(bt.oram)
 .bss.out_buf   0x0020ad60      0x200 ../nxtOSEK/ecrobot/../ecrobot/libecrobot.a(bt.oram)
 .bss.out_buf_ptr
                0x0020af60        0x1 ../nxtOSEK/ecrobot/../ecrobot/libecrobot.a(bt.oram)
 .bss.in_buf_in_ptr
                0x0020af61        0x1 ../nxtOSEK/ecrobot/../ecrobot/libecrobot.a(bt.oram)
 .bss.in_buf    0x0020af62      0x100 ../nxtOSEK/ecrobot/../ecrobot/libecrobot.a(bt.oram)
 *fill*         0x0020b062        0x2 00
 .bss.link_state
                0x0020b064        0x4 ../nxtOSEK/ecrobot/../ecrobot/libecrobot.a(nxt_avr.oram)
 .bss.update_count
                0x0020b068        0x4 ../nxtOSEK/ecrobot/../ecrobot/libecrobot.a(nxt_avr.oram)
 .bss.nxt_avr_stats
                0x0020b06c       0x14 ../nxtOSEK/ecrobot/../ecrobot/libecrobot.a(nxt_avr.oram)
 .bss.debounce_cnt
                0x0020b080        0x2 ../nxtOSEK/ecrobot/../ecrobot/libecrobot.a(nxt_avr.oram)
 .bss.debounce_state
                0x0020b082        0x2 ../nxtOSEK/ecrobot/../ecrobot/libecrobot.a(nxt_avr.oram)
 .bss.button_state
                0x0020b084        0x2 ../nxtOSEK/ecrobot/../ecrobot/libecrobot.a(nxt_avr.oram)
 .bss.prev_buttons
                0x0020b086        0x2 ../nxtOSEK/ecrobot/../ecrobot/libecrobot.a(nxt_avr.oram)
 .bss.from_buf  0x0020b088        0x4 ../nxtOSEK/ecrobot/../ecrobot/libecrobot.a(nxt_avr.oram)
 .bss.io_from_avr
                0x0020b08c        0x4 ../nxtOSEK/ecrobot/../ecrobot/libecrobot.a(nxt_avr.oram)
 .bss.data_from_avr
                0x0020b090       0x1a ../nxtOSEK/ecrobot/../ecrobot/libecrobot.a(nxt_avr.oram)
 .bss.data_to_avr
                0x0020b0aa        0x9 ../nxtOSEK/ecrobot/../ecrobot/libecrobot.a(nxt_avr.oram)
 .bss.io_to_avr
                0x0020b0b3        0x8 ../nxtOSEK/ecrobot/../ecrobot/libecrobot.a(nxt_avr.oram)
 *fill*         0x0020b0bb        0x1 00
 .bss.display   0x0020b0bc        0x4 ../nxtOSEK/ecrobot/../ecrobot/libecrobot.a(nxt_lcd.oram)
                0x0020b0c0                . = ALIGN (0x10)
                0x0020b0c0                __bss_end__ = .
 COMMON         0x0020b0c0        0x2 build/kernel/interrupt.o
                0x0020b0c0                runisr
                0x0020b0c1                sus_all_cnt
 *fill*         0x0020b0c2        0x2 00
 COMMON         0x0020b0c4       0x10 build/kernel/osctl.o
                0x0020b0c4                callevel
                0x0020b0c5                _errorhook_svcid
                0x0020b0c6                appmode
                0x0020b0c8                _errorhook_par1
                0x0020b0cc                _errorhook_par3
                0x0020b0d0                _errorhook_par2
 COMMON         0x0020b0d4        0x3 build/kernel/task.o
                0x0020b0d4                runtsk
                0x0020b0d5                schedtsk
                0x0020b0d6                nextpri
 *fill*         0x0020b0d7        0x1 00
 COMMON         0x0020b0d8       0x50 build/./kernel_cfg.o
                0x0020b0d8                tcb_waievt
                0x0020b0dc                rescb_prevpri
                0x0020b0dd                almcb_prev
                0x0020b0df                tcb_lastres
                0x0020b0e4                almcb_almval
                0x0020b0ec                tcxb_pc
                0x0020b0f8                tcb_next
                0x0020b0fb                tcb_curpri
                0x0020b0fe                tcb_tstat
                0x0020b101                isrcb_lastres
                0x0020b102                cntcb_almque
                0x0020b103                rescb_prevres
                0x0020b104                tcb_actcnt
                0x0020b108                tcb_curevt
                0x0020b10c                almcb_cycle
                0x0020b114                tcxb_sp
                0x0020b120                almcb_next
                0x0020b124                cntcb_curval
 COMMON         0x0020b128      0x5c8 build/model_impl.o
                0x0020b128                info
                0x0020b144                wheel
                0x0020b14c                basicStageDistance
                0x0020b150                strategy
                0x0020b180                pidControl
                0x0020b198                rightMotor
                0x0020b1a0                frontMotor
                0x0020b1a8                orderList
                0x0020b3e0                lcd
                0x0020b3e8                tailMotor
                0x0020b3f0                basicStage
                0x0020b3f8                bluetooth
                0x0020b3fc                sonarSensor
                0x0020b400                lookUpGateTimer
                0x0020b404                runner
                0x0020b420                command
                0x0020b428                gyroSensor
                0x0020b430                runnerInfo
                0x0020b45c                distance
                0x0020b460                communication
                0x0020b574                tail
                0x0020b578                orderTest
                0x0020b584                leftMotor
                0x0020b58c                jump
                0x0020b598                logger
                0x0020b59c                course
                0x0020b5ac                frontWheel
                0x0020b5b4                touchSensor
                0x0020b5b8                strategyDistance
                0x0020b5bc                commander
                0x0020b5c4                trialDicision
                0x0020b5d4                calibration
                0x0020b5ec                lookupGageDistance
                0x0020b5f0                pendingArea
                0x0020b600                lightSensor
                0x0020b604                lineTracer
                0x0020b624                checkStart
                0x0020b638                dash
                0x0020b63c                drivingWheel
                0x0020b644                courseInfo
                0x0020b658                balanceControl
                0x0020b688                garageInDistance
                0x0020b68c                bumpDecision
                0x0020b694                settingInfo
                0x0020b6b4                grayDecisionTimer
                0x0020b6b8                competision
                0x0020b6c8                lineChange
                0x0020b6d0                mogul
                0x0020b6d8                roboControl
 COMMON         0x0020b6f0       0x44 ../nxtOSEK/ecrobot/../ecrobot/libecrobot.a(uart.oram)
                0x0020b6f0                uart
 COMMON         0x0020b734        0x4 ../nxtOSEK/ecrobot/../ecrobot/libecrobot.a(data_abort.oram)
                0x0020b734                data_abort_pc
 COMMON         0x0020b738        0x8 ../nxtOSEK/ecrobot/../ecrobot/libecrobot.a(display.oram)
                0x0020b738                display_x
                0x0020b73c                display_y
 COMMON         0x0020b740      0x324 ../nxtOSEK/ecrobot/../ecrobot/libecrobot.a(sound.oram)
                0x0020b740                sample
                0x00209ce0                __bss_start__ = ADDR (.bss)
                0x0020ba64                __bss_end__ = (ADDR (.bss) + SIZEOF (.bss))
                0x0020ba64                PROVIDE (end, .)

.heap_area      0x0020ba64     0x4114
                0x0020fb78                . = (. + (0x20fb78 - end))
 *fill*         0x0020ba64     0x4114 00

.stack          0x0020fb78      0x488
                0x0020fbf8                . = (. + 0x80)
 *fill*         0x0020fb78       0x80 00
                0x0020fc00                . = ALIGN (0x10)
 *fill*         0x0020fbf8        0x8 00
                0x0020fc00                __irq_stack__ = .
                0x0020fc00                __system_stack_bottom__ = .
                0x00210000                . = (. + 0x400)
 *fill*         0x0020fc00      0x400 00
                0x00210000                . = ALIGN (0x10)
                0x00210000                __system_stack__ = .
                0x00210000                __system_stack_top__ = .
                0x0020fb78                __stack_start__ = ADDR (.stack)
                0x00210000                __stack_end__ = (ADDR (.stack) + SIZEOF (.stack))
OUTPUT(azuma2014_ram.elf elf32-littlearm)

.comment        0x00000000      0x630
 .comment       0x00000000       0x12 build/kernel/alarm.o
 .comment       0x00000012       0x12 build/kernel/event.o
 .comment       0x00000024       0x12 build/kernel/interrupt.o
 .comment       0x00000036       0x12 build/kernel/osctl.o
 .comment       0x00000048       0x12 build/kernel/resource.o
 .comment       0x0000005a       0x12 build/kernel/task.o
 .comment       0x0000006c       0x12 build/kernel/task_manage.o
 .comment       0x0000007e       0x12 build/config/at91sam7s-gnu/cpu_config.o
 .comment       0x00000090       0x12 build/config/at91sam7s-gnu/lego_nxt/sys_config.o
 .comment       0x000000a2       0x12 build/./kernel_cfg.o
 .comment       0x000000b4       0x12 build/syscalls.o
 .comment       0x000000c6       0x12 build/ecrobot_bluetooth.o
 .comment       0x000000d8       0x12 build/ecrobot_base.o
 .comment       0x000000ea       0x12 build/ecrobot.o
 .comment       0x000000fc       0x12 build/model_impl.o
 .comment       0x0000010e       0x12 build/balancer_param.o
 .comment       0x00000120       0x12 build/device/Bluetooth.o
 .comment       0x00000132       0x12 build/device/GyroSensor.o
 .comment       0x00000144       0x12 build/device/TouchSensor.o
 .comment       0x00000156       0x12 build/device/Motor.o
 .comment       0x00000168       0x12 build/device/LightSensor.o
 .comment       0x0000017a       0x12 build/device/SonarSensor.o
 .comment       0x0000018c       0x12 build/device/LCD.o
 .comment       0x0000019e       0x12 build/device/Logger.o
 .comment       0x000001b0       0x12 build/device/Timer.o
 .comment       0x000001c2       0x12 build/competision/Competision.o
 .comment       0x000001d4       0x12 build/competision/Strategy.o
 .comment       0x000001e6       0x12 build/competision/LineTracer.o
 .comment       0x000001f8       0x12 build/competision/Runner.o
 .comment       0x0000020a       0x12 build/competision/BasicStage.o
 .comment       0x0000021c       0x12 build/technique/Tail.o
 .comment       0x0000022e       0x12 build/technique/Wheel.o
 .comment       0x00000240       0x12 build/technique/BalanceControl.o
 .comment       0x00000252       0x12 build/technique/PidControl.o
 .comment       0x00000264       0x12 build/technique/Communication.o
 .comment       0x00000276       0x12 build/technique/Commander.o
 .comment       0x00000288       0x12 build/technique/Distance.o
 .comment       0x0000029a       0x12 build/technique/Dash.o
 .comment       0x000002ac       0x12 build/CheckStart.o
 .comment       0x000002be       0x12 build/Calibration.o
 .comment       0x000002d0       0x12 build/competision/RoboControl.o
 .comment       0x000002e2       0x12 build/competision/Order.o
 .comment       0x000002f4       0x12 build/competision/OrderList.o
 .comment       0x00000306       0x12 build/competision/Jump.o
 .comment       0x00000318       0x12 build/competision/Mogul.o
 .comment       0x0000032a       0x12 build/competision/OrderTest.o
 .comment       0x0000033c       0x12 build/competision/Course.o
 .comment       0x0000034e       0x12 build/competision/PendingArea.o
 .comment       0x00000360       0x12 build/technique/FrontWheel.o
 .comment       0x00000372       0x12 build/technique/DrivingWheel.o
 .comment       0x00000384       0x12 build/technique/BumpDecision.o
 .comment       0x00000396       0x12 build/technique/TrialDecision.o
 .comment       0x000003a8       0x12 build/technique/LineChange.o
 .comment       0x000003ba       0x12 build/syslib/at91sam7s-gnu/lego_nxt/hw_sys_timer.oram
 .comment       0x000003cc       0x12 ../nxtOSEK/ecrobot/../ecrobot/libecrobot.a(ecrobot_HiTechnic.o)
 .comment       0x000003de       0x12 ../nxtOSEK/ecrobot/../ecrobot/libecrobot.a(ecrobot_interface.o)
 .comment       0x000003f0       0x12 ../nxtOSEK/ecrobot/../ecrobot/libecrobot.a(colorsensor.o)
 .comment       0x00000402       0x12 ../nxtOSEK/ecrobot/../ecrobot/libecrobot.a(osek_hook.o)
 .comment       0x00000414       0x12 ../nxtOSEK/ecrobot/../ecrobot/libecrobot.a(uart.oram)
 .comment       0x00000426       0x12 ../nxtOSEK/ecrobot/../ecrobot/libecrobot.a(systick.oram)
 .comment       0x00000438       0x12 ../nxtOSEK/ecrobot/../ecrobot/libecrobot.a(byte_fifo.oram)
 .comment       0x0000044a       0x12 ../nxtOSEK/ecrobot/../ecrobot/libecrobot.a(aic.oram)
 .comment       0x0000045c       0x12 ../nxtOSEK/ecrobot/../ecrobot/libecrobot.a(udp.oram)
 .comment       0x0000046e       0x12 ../nxtOSEK/ecrobot/../ecrobot/libecrobot.a(twi.oram)
 .comment       0x00000480       0x12 ../nxtOSEK/ecrobot/../ecrobot/libecrobot.a(nxt_spi.oram)
 .comment       0x00000492       0x12 ../nxtOSEK/ecrobot/../ecrobot/libecrobot.a(nxt_motors.oram)
 .comment       0x000004a4       0x12 ../nxtOSEK/ecrobot/../ecrobot/libecrobot.a(data_abort.oram)
 .comment       0x000004b6       0x12 ../nxtOSEK/ecrobot/../ecrobot/libecrobot.a(display.oram)
 .comment       0x000004c8       0x12 ../nxtOSEK/ecrobot/../ecrobot/libecrobot.a(i2c.oram)
 .comment       0x000004da       0x12 ../nxtOSEK/ecrobot/../ecrobot/libecrobot.a(sound.oram)
 .comment       0x000004ec       0x12 ../nxtOSEK/ecrobot/../ecrobot/libecrobot.a(bt.oram)
 .comment       0x000004fe       0x12 ../nxtOSEK/ecrobot/../ecrobot/libecrobot.a(nxt_avr.oram)
 .comment       0x00000510       0x12 ../nxtOSEK/ecrobot/../ecrobot/libecrobot.a(sensors.oram)
 .comment       0x00000522       0x12 ../nxtOSEK/ecrobot/../ecrobot/libecrobot.a(sensors1.oram)
 .comment       0x00000534       0x12 ../nxtOSEK/ecrobot/../ecrobot/libecrobot.a(nxt_lcd.oram)
 .comment       0x00000546       0x12 ../nxtOSEK/ecrobot/../ecrobot/libecrobot.a(flash_loader.oram)
 .comment       0x00000558       0x12 ../nxtOSEK/ecrobot/../ecrobot/libecrobot.a(ecrobot_usb.o)
 .comment       0x0000056a       0x12 ../nxtOSEK/ecrobot/../ecrobot/libecrobot.a(flashprog.oram)
 .comment       0x0000057c       0x12 ../nxtOSEK/ecrobot/../ecrobot/libnxtway_gs_balancer.a(balancer.o)
 .comment       0x0000058e       0x12 /cygdrive/C/cygwin/GNUARM/bin/../lib/gcc/arm-elf/4.0.2/thumb/interwork/libgcc.a(_muldi3.o)
 .comment       0x000005a0       0x12 /cygdrive/C/cygwin/GNUARM/bin/../lib/gcc/arm-elf/4.0.2/thumb/interwork/libgcc.a(_divdi3.o)
 .comment       0x000005b2       0x12 /cygdrive/C/cygwin/GNUARM/bin/../lib/gcc/arm-elf/4.0.2/thumb/interwork/libgcc.a(_clz.o)
 .comment       0x000005c4       0x12 /cygdrive/C/cygwin/GNUARM/bin/../lib/gcc/arm-elf/4.0.2/../../../../arm-elf/lib/thumb/interwork/libc.a(memcpy.o)
 .comment       0x000005d6       0x12 /cygdrive/C/cygwin/GNUARM/bin/../lib/gcc/arm-elf/4.0.2/../../../../arm-elf/lib/thumb/interwork/libc.a(memset.o)
 .comment       0x000005e8       0x12 /cygdrive/C/cygwin/GNUARM/bin/../lib/gcc/arm-elf/4.0.2/../../../../arm-elf/lib/thumb/interwork/libc.a(strcmp.o)
 .comment       0x000005fa       0x12 /cygdrive/C/cygwin/GNUARM/bin/../lib/gcc/arm-elf/4.0.2/../../../../arm-elf/lib/thumb/interwork/libc.a(strcpy.o)
 .comment       0x0000060c       0x12 /cygdrive/C/cygwin/GNUARM/bin/../lib/gcc/arm-elf/4.0.2/../../../../arm-elf/lib/thumb/interwork/libc.a(strlen.o)
 .comment       0x0000061e       0x12 /cygdrive/C/cygwin/GNUARM/bin/../lib/gcc/arm-elf/4.0.2/../../../../arm-elf/lib/thumb/interwork/libc.a(strncpy.o)

.debug_line     0x00000000      0xf97
 .debug_line    0x00000000       0x70 /cygdrive/C/cygwin/GNUARM/bin/../lib/gcc/arm-elf/4.0.2/thumb/interwork/libgcc.a(_udivsi3.o)
 .debug_line    0x00000070       0x7c /cygdrive/C/cygwin/GNUARM/bin/../lib/gcc/arm-elf/4.0.2/thumb/interwork/libgcc.a(_divsi3.o)
 .debug_line    0x000000ec       0x68 /cygdrive/C/cygwin/GNUARM/bin/../lib/gcc/arm-elf/4.0.2/thumb/interwork/libgcc.a(_umodsi3.o)
 .debug_line    0x00000154       0x71 /cygdrive/C/cygwin/GNUARM/bin/../lib/gcc/arm-elf/4.0.2/thumb/interwork/libgcc.a(_modsi3.o)
 .debug_line    0x000001c5       0x5a /cygdrive/C/cygwin/GNUARM/bin/../lib/gcc/arm-elf/4.0.2/thumb/interwork/libgcc.a(_dvmd_tls.o)
 .debug_line    0x0000021f      0x162 /cygdrive/C/cygwin/GNUARM/bin/../lib/gcc/arm-elf/4.0.2/thumb/interwork/libgcc.a(_addsubdf3.o)
 .debug_line    0x00000381      0x177 /cygdrive/C/cygwin/GNUARM/bin/../lib/gcc/arm-elf/4.0.2/thumb/interwork/libgcc.a(_muldivdf3.o)
 .debug_line    0x000004f8       0xa4 /cygdrive/C/cygwin/GNUARM/bin/../lib/gcc/arm-elf/4.0.2/thumb/interwork/libgcc.a(_cmpdf2.o)
 .debug_line    0x0000059c       0x6f /cygdrive/C/cygwin/GNUARM/bin/../lib/gcc/arm-elf/4.0.2/thumb/interwork/libgcc.a(_fixdfsi.o)
 .debug_line    0x0000060b       0x80 /cygdrive/C/cygwin/GNUARM/bin/../lib/gcc/arm-elf/4.0.2/thumb/interwork/libgcc.a(_truncdfsf2.o)
 .debug_line    0x0000068b      0x110 /cygdrive/C/cygwin/GNUARM/bin/../lib/gcc/arm-elf/4.0.2/thumb/interwork/libgcc.a(_addsubsf3.o)
 .debug_line    0x0000079b      0x11a /cygdrive/C/cygwin/GNUARM/bin/../lib/gcc/arm-elf/4.0.2/thumb/interwork/libgcc.a(_muldivsf3.o)
 .debug_line    0x000008b5       0x98 /cygdrive/C/cygwin/GNUARM/bin/../lib/gcc/arm-elf/4.0.2/thumb/interwork/libgcc.a(_cmpsf2.o)
 .debug_line    0x0000094d       0x6f /cygdrive/C/cygwin/GNUARM/bin/../lib/gcc/arm-elf/4.0.2/thumb/interwork/libgcc.a(_fixsfsi.o)
 .debug_line    0x000009bc       0x61 /cygdrive/C/cygwin/GNUARM/bin/../lib/gcc/arm-elf/4.0.2/thumb/interwork/libgcc.a(_muldi3.o)
 .debug_line    0x00000a1d      0x122 /cygdrive/C/cygwin/GNUARM/bin/../lib/gcc/arm-elf/4.0.2/thumb/interwork/libgcc.a(_divdi3.o)
 .debug_line    0x00000b3f       0x48 /cygdrive/C/cygwin/GNUARM/bin/../lib/gcc/arm-elf/4.0.2/thumb/interwork/libgcc.a(_clz.o)
 .debug_line    0x00000b87       0xc3 /cygdrive/C/cygwin/GNUARM/bin/../lib/gcc/arm-elf/4.0.2/../../../../arm-elf/lib/thumb/interwork/libc.a(memcpy.o)
 .debug_line    0x00000c4a       0xd4 /cygdrive/C/cygwin/GNUARM/bin/../lib/gcc/arm-elf/4.0.2/../../../../arm-elf/lib/thumb/interwork/libc.a(memset.o)
 .debug_line    0x00000d1e       0x88 /cygdrive/C/cygwin/GNUARM/bin/../lib/gcc/arm-elf/4.0.2/../../../../arm-elf/lib/thumb/interwork/libc.a(strcmp.o)
 .debug_line    0x00000da6       0x80 /cygdrive/C/cygwin/GNUARM/bin/../lib/gcc/arm-elf/4.0.2/../../../../arm-elf/lib/thumb/interwork/libc.a(strcpy.o)
 .debug_line    0x00000e26       0xaf /cygdrive/C/cygwin/GNUARM/bin/../lib/gcc/arm-elf/4.0.2/../../../../arm-elf/lib/thumb/interwork/libc.a(strlen.o)
 .debug_line    0x00000ed5       0xc2 /cygdrive/C/cygwin/GNUARM/bin/../lib/gcc/arm-elf/4.0.2/../../../../arm-elf/lib/thumb/interwork/libc.a(strncpy.o)

.debug_info     0x00000000     0x15f0
 .debug_info    0x00000000       0x6a /cygdrive/C/cygwin/GNUARM/bin/../lib/gcc/arm-elf/4.0.2/thumb/interwork/libgcc.a(_udivsi3.o)
 .debug_info    0x0000006a       0x6a /cygdrive/C/cygwin/GNUARM/bin/../lib/gcc/arm-elf/4.0.2/thumb/interwork/libgcc.a(_divsi3.o)
 .debug_info    0x000000d4       0x6a /cygdrive/C/cygwin/GNUARM/bin/../lib/gcc/arm-elf/4.0.2/thumb/interwork/libgcc.a(_umodsi3.o)
 .debug_info    0x0000013e       0x6a /cygdrive/C/cygwin/GNUARM/bin/../lib/gcc/arm-elf/4.0.2/thumb/interwork/libgcc.a(_modsi3.o)
 .debug_info    0x000001a8       0x6a /cygdrive/C/cygwin/GNUARM/bin/../lib/gcc/arm-elf/4.0.2/thumb/interwork/libgcc.a(_dvmd_tls.o)
 .debug_info    0x00000212       0x69 /cygdrive/C/cygwin/GNUARM/bin/../lib/gcc/arm-elf/4.0.2/thumb/interwork/libgcc.a(_addsubdf3.o)
 .debug_info    0x0000027b       0x69 /cygdrive/C/cygwin/GNUARM/bin/../lib/gcc/arm-elf/4.0.2/thumb/interwork/libgcc.a(_muldivdf3.o)
 .debug_info    0x000002e4       0x69 /cygdrive/C/cygwin/GNUARM/bin/../lib/gcc/arm-elf/4.0.2/thumb/interwork/libgcc.a(_cmpdf2.o)
 .debug_info    0x0000034d       0x69 /cygdrive/C/cygwin/GNUARM/bin/../lib/gcc/arm-elf/4.0.2/thumb/interwork/libgcc.a(_fixdfsi.o)
 .debug_info    0x000003b6       0x69 /cygdrive/C/cygwin/GNUARM/bin/../lib/gcc/arm-elf/4.0.2/thumb/interwork/libgcc.a(_truncdfsf2.o)
 .debug_info    0x0000041f       0x69 /cygdrive/C/cygwin/GNUARM/bin/../lib/gcc/arm-elf/4.0.2/thumb/interwork/libgcc.a(_addsubsf3.o)
 .debug_info    0x00000488       0x69 /cygdrive/C/cygwin/GNUARM/bin/../lib/gcc/arm-elf/4.0.2/thumb/interwork/libgcc.a(_muldivsf3.o)
 .debug_info    0x000004f1       0x69 /cygdrive/C/cygwin/GNUARM/bin/../lib/gcc/arm-elf/4.0.2/thumb/interwork/libgcc.a(_cmpsf2.o)
 .debug_info    0x0000055a       0x69 /cygdrive/C/cygwin/GNUARM/bin/../lib/gcc/arm-elf/4.0.2/thumb/interwork/libgcc.a(_fixsfsi.o)
 .debug_info    0x000005c3      0x20e /cygdrive/C/cygwin/GNUARM/bin/../lib/gcc/arm-elf/4.0.2/thumb/interwork/libgcc.a(_muldi3.o)
 .debug_info    0x000007d1      0x758 /cygdrive/C/cygwin/GNUARM/bin/../lib/gcc/arm-elf/4.0.2/thumb/interwork/libgcc.a(_divdi3.o)
 .debug_info    0x00000f29       0xc9 /cygdrive/C/cygwin/GNUARM/bin/../lib/gcc/arm-elf/4.0.2/thumb/interwork/libgcc.a(_clz.o)
 .debug_info    0x00000ff2      0x10d /cygdrive/C/cygwin/GNUARM/bin/../lib/gcc/arm-elf/4.0.2/../../../../arm-elf/lib/thumb/interwork/libc.a(memcpy.o)
 .debug_info    0x000010ff      0x111 /cygdrive/C/cygwin/GNUARM/bin/../lib/gcc/arm-elf/4.0.2/../../../../arm-elf/lib/thumb/interwork/libc.a(memset.o)
 .debug_info    0x00001210       0xd9 /cygdrive/C/cygwin/GNUARM/bin/../lib/gcc/arm-elf/4.0.2/../../../../arm-elf/lib/thumb/interwork/libc.a(strcmp.o)
 .debug_info    0x000012e9      0x10c /cygdrive/C/cygwin/GNUARM/bin/../lib/gcc/arm-elf/4.0.2/../../../../arm-elf/lib/thumb/interwork/libc.a(strcpy.o)
 .debug_info    0x000013f5       0xd5 /cygdrive/C/cygwin/GNUARM/bin/../lib/gcc/arm-elf/4.0.2/../../../../arm-elf/lib/thumb/interwork/libc.a(strlen.o)