Archive member included because of file (symbol)

../nxtOSEK/ecrobot/../ecrobot/libecrobot.a(ecrobot_HiTechnic.o)
                              build/device/GyroSensor.o (ecrobot_get_gyro_sensor)
../nxtOSEK/ecrobot/../ecrobot/libecrobot.a(ecrobot_interface.o)
                              build/model_impl.o (ecrobot_set_light_sensor_active)
../nxtOSEK/ecrobot/../ecrobot/libecrobot.a(colorsensor.o)
                              ../nxtOSEK/ecrobot/../ecrobot/libecrobot.a(ecrobot_interface.o) (colorsensor_init)
../nxtOSEK/ecrobot/../ecrobot/libecrobot.a(osek_hook.o)
                              build/kernel/osctl.o (StartupHook)
../nxtOSEK/ecrobot/../ecrobot/libecrobot.a(uart.oram)
                              build/config/at91sam7s-gnu/irq.oram (uart_isr_C_0)
../nxtOSEK/ecrobot/../ecrobot/libecrobot.a(systick.oram)
                              build/syslib/at91sam7s-gnu/lego_nxt/hw_sys_timer.oram (systick_low_priority_C)
../nxtOSEK/ecrobot/../ecrobot/libecrobot.a(byte_fifo.oram)
                              ../nxtOSEK/ecrobot/../ecrobot/libecrobot.a(uart.oram) (byte_fifo_put)
../nxtOSEK/ecrobot/../ecrobot/libecrobot.a(aic.oram)
                              ../nxtOSEK/ecrobot/../ecrobot/libecrobot.a(uart.oram) (aic_set_vector)
../nxtOSEK/ecrobot/../ecrobot/libecrobot.a(udp.oram)
                              build/config/at91sam7s-gnu/irq.oram (udp_isr_C)
../nxtOSEK/ecrobot/../ecrobot/libecrobot.a(twi.oram)
                              build/config/at91sam7s-gnu/irq.oram (twi_isr_C)
../nxtOSEK/ecrobot/../ecrobot/libecrobot.a(nxt_spi.oram)
                              build/config/at91sam7s-gnu/irq.oram (spi_isr_C)
../nxtOSEK/ecrobot/../ecrobot/libecrobot.a(nxt_motors.oram)
                              build/device/Motor.o (nxt_motor_get_count)
../nxtOSEK/ecrobot/../ecrobot/libecrobot.a(data_abort.oram)
                              build/ecrobot_init.o (data_abort_C)
../nxtOSEK/ecrobot/../ecrobot/libecrobot.a(display.oram)
                              build/ecrobot_base.o (display_update)
../nxtOSEK/ecrobot/../ecrobot/libecrobot.a(i2c.oram)
                              build/config/at91sam7s-gnu/irq.oram (i2c_timer_isr_C)
../nxtOSEK/ecrobot/../ecrobot/libecrobot.a(sound.oram)
                              ../nxtOSEK/ecrobot/../ecrobot/libecrobot.a(ecrobot_interface.o) (sound_get_time)
../nxtOSEK/ecrobot/../ecrobot/libecrobot.a(bt.oram)
                              build/ecrobot_bluetooth.o (bt_send)
../nxtOSEK/ecrobot/../ecrobot/libecrobot.a(nxt_avr.oram)
                              build/ecrobot_base.o (nxt_avr_power_down)
../nxtOSEK/ecrobot/../ecrobot/libecrobot.a(sensors.oram)
                              ../nxtOSEK/ecrobot/../ecrobot/libecrobot.a(ecrobot_interface.o) (unset_digi0)
../nxtOSEK/ecrobot/../ecrobot/libecrobot.a(sensors1.oram)
                              ../nxtOSEK/ecrobot/../ecrobot/libecrobot.a(colorsensor.o) (sensor_pins)
../nxtOSEK/ecrobot/../ecrobot/libecrobot.a(nxt_lcd.oram)
                              ../nxtOSEK/ecrobot/../ecrobot/libecrobot.a(display.oram) (nxt_lcd_force_update)
../nxtOSEK/ecrobot/../ecrobot/libecrobot.a(flash_loader.oram)
                              build/ecrobot_base.o (set_flash_request)
../nxtOSEK/ecrobot/../ecrobot/libecrobot.a(interrupts.oram)
                              ../nxtOSEK/ecrobot/../ecrobot/libecrobot.a(uart.oram) (interrupts_get_and_disable)
../nxtOSEK/ecrobot/../ecrobot/libecrobot.a(nxtosek_splash.obmp)
                              build/ecrobot_base.o (nxtosek_splash_bmp_start)
../nxtOSEK/ecrobot/../ecrobot/libecrobot.a(ecrobot_usb.o)
                              ../nxtOSEK/ecrobot/../ecrobot/libecrobot.a(flash_loader.oram) (ecrobot_init_usb)
../nxtOSEK/ecrobot/../ecrobot/libecrobot.a(flashprog.oram)
                              ../nxtOSEK/ecrobot/../ecrobot/libecrobot.a(flash_loader.oram) (flash_write_page)
../nxtOSEK/ecrobot/../ecrobot/libnxtway_gs_balancer.a(balancer.o)
                              build/technique/BalanceControl.o (balance_control)
/cygdrive/C/cygwin/GNUARM/bin/../lib/gcc/arm-elf/4.0.2/thumb/interwork/libgcc.a(_udivsi3.o)
                              build/ecrobot_base.o (__udivsi3)
/cygdrive/C/cygwin/GNUARM/bin/../lib/gcc/arm-elf/4.0.2/thumb/interwork/libgcc.a(_divsi3.o)
                              build/technique/Commander.o (__divsi3)
/cygdrive/C/cygwin/GNUARM/bin/../lib/gcc/arm-elf/4.0.2/thumb/interwork/libgcc.a(_umodsi3.o)
                              build/competision/LookUpGate.o (__umodsi3)
/cygdrive/C/cygwin/GNUARM/bin/../lib/gcc/arm-elf/4.0.2/thumb/interwork/libgcc.a(_modsi3.o)
                              ../nxtOSEK/ecrobot/../ecrobot/libecrobot.a(sound.oram) (__modsi3)
/cygdrive/C/cygwin/GNUARM/bin/../lib/gcc/arm-elf/4.0.2/thumb/interwork/libgcc.a(_dvmd_tls.o)
                              /cygdrive/C/cygwin/GNUARM/bin/../lib/gcc/arm-elf/4.0.2/thumb/interwork/libgcc.a(_udivsi3.o) (__div0)
/cygdrive/C/cygwin/GNUARM/bin/../lib/gcc/arm-elf/4.0.2/thumb/interwork/libgcc.a(_addsubdf3.o)
[...]
Memory Configuration

Name             Origin             Length             Attributes
rom              0x00108000         0x00038000
vector_ram       0x00200000         0x00000040
ram              0x00200040         0x0000ffc0
*default*        0x00000000         0xffffffff

Linker script and memory map

LOAD build/kernel/alarm.o
LOAD build/kernel/event.o
LOAD build/kernel/interrupt.o
LOAD build/kernel/osctl.o
LOAD build/kernel/resource.o
LOAD build/kernel/task.o
LOAD build/kernel/task_manage.o
LOAD build/config/at91sam7s-gnu/cpu_config.o
LOAD build/config/at91sam7s-gnu/lego_nxt/sys_config.o
LOAD build/./kernel_cfg.o
LOAD build/syscalls.o
LOAD build/ecrobot_bluetooth.o
LOAD build/ecrobot_base.o
LOAD build/ecrobot.o
LOAD build/model_impl.o
LOAD build/balancer_param.o
LOAD build/device/Bluetooth.o
LOAD build/device/GyroSensor.o
LOAD build/device/TouchSensor.o
LOAD build/device/Motor.o
LOAD build/device/LightSensor.o
LOAD build/device/SonarSensor.o
LOAD build/device/LCD.o
LOAD build/device/Logger.o
LOAD build/device/Timer.o
LOAD build/competision/Competision.o
LOAD build/competision/Strategy.o
LOAD build/competision/LineTracer.o
LOAD build/competision/Runner.o
LOAD build/competision/GarageIn.o
LOAD build/competision/Seesaw.o
LOAD build/competision/BasicStage.o
LOAD build/competision/LookUpGate.o
LOAD build/technique/Tail.o
LOAD build/technique/Wheel.o
LOAD build/technique/BalanceControl.o
LOAD build/technique/PidControl.o
LOAD build/technique/Communication.o
LOAD build/technique/Commander.o
LOAD build/technique/GrayDecision.o
LOAD build/technique/WheelAverage.o
LOAD build/technique/Distance.o
LOAD build/technique/Dash.o
LOAD build/CheckStart.o
LOAD build/Calibration.o
LOAD build/syslib/at91sam7s-gnu/lego_nxt/hw_sys_timer.oram
LOAD build/nxtvm/platform/nxt/vectors.o
LOAD build/config/at91sam7s-gnu/debug.o
LOAD build/config/at91sam7s-gnu/lego_nxt/sys_support.o
LOAD build/nxt_binary_header.o
LOAD build/nxt_entry_point.o
LOAD build/ecrobot_init.o
LOAD build/config/at91sam7s-gnu/cpu_support.oram
LOAD build/config/at91sam7s-gnu/irq.oram
LOAD ../nxtOSEK/ecrobot/../c++/liblejososek.a
LOAD ../nxtOSEK/ecrobot/../ecrobot/libecrobot.a
LOAD ../nxtOSEK/ecrobot/../ecrobot/libnxtway_gs_balancer.a
LOAD /cygdrive/C/cygwin/GNUARM/bin/../lib/gcc/arm-elf/4.0.2/../../../../arm-elf/lib/thumb/interwork/libstdc++.a
LOAD /cygdrive/C/cygwin/GNUARM/bin/../lib/gcc/arm-elf/4.0.2/../../../../arm-elf/lib/thumb/interwork/libm.a
LOAD /cygdrive/C/cygwin/GNUARM/bin/../lib/gcc/arm-elf/4.0.2/thumb/interwork/libgcc.a
LOAD /cygdrive/C/cygwin/GNUARM/bin/../lib/gcc/arm-elf/4.0.2/../../../../arm-elf/lib/thumb/interwork/libc.a
LOAD /cygdrive/C/cygwin/GNUARM/bin/../lib/gcc/arm-elf/4.0.2/thumb/interwork/libgcc.a
                0x00108000                ROM_BASE = 0x108000
                0x00038000                ROM_SIZE = 0x38000
                0x00200000                RAM_BASE = 0x200000
                0x00010000                RAM_SIZE = 0x10000

.vectors        0x00200000       0x40 load address 0x00108000
 vectors.o(*.text *.text.*)
 .text          0x00200000       0x38 build/nxtvm/platform/nxt/vectors.o
                0x00200040                . = ALIGN (0x10)
 *fill*         0x00200038        0x8 00
                0x00200000                __vectors_ram_start__ = ADDR (.vectors)
                0x00200040                __vectors_ram_end__ = (ADDR (.vectors) + SIZEOF (.vectors))
                0x00108000                __vectors_load_start__ = LOADADDR (.vectors)
                0x00108040                __vectors_load_end__ = (LOADADDR (.vectors) + SIZEOF (.vectors))

.init           0x00108040      0x280
 *ecrobot_init.o(*.text *.text.*)
 .text          0x00108040      0x280 build/ecrobot_init.o
                0x001081ac                undef_handler
                0x001081b4                prefetch_abort_handler
                0x001081b8                data_abort_handler
                0x001081b0                swi_handler
                0x00108040                start
                0x001081d4                reserved_handler
                0x001082c0                . = ALIGN (0x10)

.ram_text       0x00200040     0x3890 load address 0x001082c0
                0x00200040                . = ALIGN (0x10)
 *.oram(*.text *.text.* *.glue*)
 .text.systick_isr_C1
                0x00200040       0x28 build/syslib/at91sam7s-gnu/lego_nxt/hw_sys_timer.oram
                0x00200040                systick_isr_C1
 *fill*         0x00200068        0x8 00
 .text          0x00200070      0x230 build/config/at91sam7s-gnu/cpu_support.oram
                0x00200250                enable_int
                0x002000f0                start_dispatch
                0x002000b0                activate_r
                0x00200248                disable_int
                0x00200070                dispatch
                0x0020021c                int_return
                0x002001ac                _interrupt
                0x002000e0                exit_and_dispatch
                0x00200258                nop
 .text          0x002002a0      0x2c0 build/config/at91sam7s-gnu/irq.oram
                0x002002a0                default_isr
                0x0020042c                uart_isr_entry_0
                0x002003ac                twi_isr_entry
                0x0020046c                uart_isr_entry_1
                0x0020036c                spi_isr_entry
                0x002002ec                systick_low_priority_entry
                0x002004ac                nxt_motor_isr_entry
                0x002004ec                i2c_timer_isr_entry
                0x002002a0                default_fiq
                0x002002a4                systick_isr_entry
                0x002002a0                spurious_isr
                0x002003ec                sound_isr_entry
                0x0020032c                udp_isr_entry
 .text.uart_process_isr
                0x00200560       0x88 ../nxtOSEK/ecrobot/../ecrobot/libecrobot.a(uart.oram)
 .text.uart_isr_C_0
                0x002005e8        0xc ../nxtOSEK/ecrobot/../ecrobot/libecrobot.a(uart.oram)
                0x002005e8                uart_isr_C_0
 .text.uart_isr_C_1
                0x002005f4        0xc ../nxtOSEK/ecrobot/../ecrobot/libecrobot.a(uart.oram)
                0x002005f4                uart_isr_C_1
 .text.systick_low_priority_C
                0x00200600       0x1c ../nxtOSEK/ecrobot/../ecrobot/libecrobot.a(systick.oram)
                0x00200600                systick_low_priority_C
 .text.systick_isr_C
                0x0020061c       0x24 ../nxtOSEK/ecrobot/../ecrobot/libecrobot.a(systick.oram)
                0x0020061c                systick_isr_C
 .text.systick_get_ms
                0x00200640        0xc ../nxtOSEK/ecrobot/../ecrobot/libecrobot.a(systick.oram)
                0x00200640                systick_get_ms
 .text.systick_wait_ms
                0x0020064c       0x1c ../nxtOSEK/ecrobot/../ecrobot/libecrobot.a(systick.oram)
                0x0020064c                systick_wait_ms
 .text.systick_wait_ns
                0x00200668       0x1c ../nxtOSEK/ecrobot/../ecrobot/libecrobot.a(systick.oram)
                0x00200668                systick_wait_ns
 .text.systick_init
                0x00200684       0x58 ../nxtOSEK/ecrobot/../ecrobot/libecrobot.a(systick.oram)
                0x00200684                systick_init
 .text.systick_suspend
                0x002006dc        0xc ../nxtOSEK/ecrobot/../ecrobot/libecrobot.a(systick.oram)
                0x002006dc                systick_suspend
 .text.systick_resume
                0x002006e8        0xc ../nxtOSEK/ecrobot/../ecrobot/libecrobot.a(systick.oram)
                0x002006e8                systick_resume
 .text.byte_fifo_put
                0x002006f4       0x58 ../nxtOSEK/ecrobot/../ecrobot/libecrobot.a(byte_fifo.oram)
                0x002006f4                byte_fifo_put
 .text.byte_fifo_get
                0x0020074c       0x2c ../nxtOSEK/ecrobot/../ecrobot/libecrobot.a(byte_fifo.oram)
                0x0020074c                byte_fifo_get
 .text.aic_initialise
                0x00200778       0x5c ../nxtOSEK/ecrobot/../ecrobot/libecrobot.a(aic.oram)
                0x00200778                aic_initialise
 .text.aic_set_vector
                0x002007d4       0x30 ../nxtOSEK/ecrobot/../ecrobot/libecrobot.a(aic.oram)
                0x002007d4                aic_set_vector
 .text.aic_mask_on
                0x00200804       0x24 ../nxtOSEK/ecrobot/../ecrobot/libecrobot.a(aic.oram)
                0x00200804                aic_mask_on
 .text.aic_mask_off
                0x00200828       0x24 ../nxtOSEK/ecrobot/../ecrobot/libecrobot.a(aic.oram)
                0x00200828                aic_mask_off
 .text.aic_clear
                0x0020084c       0x24 ../nxtOSEK/ecrobot/../ecrobot/libecrobot.a(aic.oram)
                0x0020084c                aic_clear
 .text.reset    0x00200870       0x4c ../nxtOSEK/ecrobot/../ecrobot/libecrobot.a(udp.oram)
 .text.udp_send_null
                0x002008bc       0x2c ../nxtOSEK/ecrobot/../ecrobot/libecrobot.a(udp.oram)
 .text.udp_send_stall
                0x002008e8       0x2c ../nxtOSEK/ecrobot/../ecrobot/libecrobot.a(udp.oram)
 .text.udp_send_control
                0x00200914       0x60 ../nxtOSEK/ecrobot/../ecrobot/libecrobot.a(udp.oram)
 .text.udp_isr_C
                0x00200974      0x7d0 ../nxtOSEK/ecrobot/../ecrobot/libecrobot.a(udp.oram)
                0x00200974                udp_isr_C
 .text.twi_status
                0x00201144       0x20 ../nxtOSEK/ecrobot/../ecrobot/libecrobot.a(twi.oram)
                0x00201144                twi_status
 .text.twi_isr_C
                0x00201164       0xc4 ../nxtOSEK/ecrobot/../ecrobot/libecrobot.a(twi.oram)
                0x00201164                twi_isr_C
 .text.twi_reset
                0x00201228       0xb4 ../nxtOSEK/ecrobot/../ecrobot/libecrobot.a(twi.oram)
                0x00201228                twi_reset
 .text.twi_init
                0x002012dc       0x4c ../nxtOSEK/ecrobot/../ecrobot/libecrobot.a(twi.oram)
                0x002012dc                twi_init
 .text.twi_start_read
                0x00201328       0x60 ../nxtOSEK/ecrobot/../ecrobot/libecrobot.a(twi.oram)
                0x00201328                twi_start_read
 .text.twi_start_write
                0x00201388       0x64 ../nxtOSEK/ecrobot/../ecrobot/libecrobot.a(twi.oram)
                0x00201388                twi_start_write
 .text.spi_set_mode
                0x002013ec       0x40 ../nxtOSEK/ecrobot/../ecrobot/libecrobot.a(nxt_spi.oram)
 .text.spi_isr_C
                0x0020142c       0x8c ../nxtOSEK/ecrobot/../ecrobot/libecrobot.a(nxt_spi.oram)
                0x0020142c                spi_isr_C
 .text.nxt_spi_init
                0x002014b8      0x12c ../nxtOSEK/ecrobot/../ecrobot/libecrobot.a(nxt_spi.oram)
                0x002014b8                nxt_spi_init
 .text.nxt_spi_write
                0x002015e4       0x44 ../nxtOSEK/ecrobot/../ecrobot/libecrobot.a(nxt_spi.oram)
                0x002015e4                nxt_spi_write
 .text.nxt_spi_set_display
                0x00201628       0x10 ../nxtOSEK/ecrobot/../ecrobot/libecrobot.a(nxt_spi.oram)
                0x00201628                nxt_spi_set_display
 .text.nxt_spi_refresh
                0x00201638       0x24 ../nxtOSEK/ecrobot/../ecrobot/libecrobot.a(nxt_spi.oram)
                0x00201638                nxt_spi_refresh
 .text.nxt_motor_get_count
                0x0020165c       0x14 ../nxtOSEK/ecrobot/../ecrobot/libecrobot.a(nxt_motors.oram)
                0x0020165c                nxt_motor_get_count
 .text.nxt_motor_set_count
                0x00201670       0x10 ../nxtOSEK/ecrobot/../ecrobot/libecrobot.a(nxt_motors.oram)
                0x00201670                nxt_motor_set_count
 .text.nxt_motor_set_speed
                0x00201680       0x34 ../nxtOSEK/ecrobot/../ecrobot/libecrobot.a(nxt_motors.oram)
                0x00201680                nxt_motor_set_speed
 .text.nxt_motor_1kHz_process
                0x002016b4       0x28 ../nxtOSEK/ecrobot/../ecrobot/libecrobot.a(nxt_motors.oram)
                0x002016b4                nxt_motor_1kHz_process
 .text.nxt_motor_quad_decode
                0x002016dc       0x30 ../nxtOSEK/ecrobot/../ecrobot/libecrobot.a(nxt_motors.oram)
                0x002016dc                nxt_motor_quad_decode
 .text.nxt_motor_isr_C
                0x0020170c       0x88 ../nxtOSEK/ecrobot/../ecrobot/libecrobot.a(nxt_motors.oram)
                0x0020170c                nxt_motor_isr_C
 .text.nxt_motor_init
                0x00201794       0x68 ../nxtOSEK/ecrobot/../ecrobot/libecrobot.a(nxt_motors.oram)
                0x00201794                nxt_motor_init
 .text.data_abort_C
                0x002017fc       0x7c ../nxtOSEK/ecrobot/../ecrobot/libecrobot.a(data_abort.oram)
                0x002017fc                data_abort_C
 .text.display_update
                0x00201878       0x14 ../nxtOSEK/ecrobot/../ecrobot/libecrobot.a(display.oram)
                0x00201878                display_update
 .text.display_force_update
                0x0020188c        0xc ../nxtOSEK/ecrobot/../ecrobot/libecrobot.a(display.oram)
                0x0020188c                display_force_update
 .text.display_clear
                0x00201898       0x24 ../nxtOSEK/ecrobot/../ecrobot/libecrobot.a(display.oram)
                0x00201898                display_clear
 .text.display_goto_xy
                0x002018bc       0x14 ../nxtOSEK/ecrobot/../ecrobot/libecrobot.a(display.oram)
                0x002018bc                display_goto_xy
 .text.display_char
                0x002018d0       0x60 ../nxtOSEK/ecrobot/../ecrobot/libecrobot.a(display.oram)
                0x002018d0                display_char
 .text.display_string
                0x00201930       0x3c ../nxtOSEK/ecrobot/../ecrobot/libecrobot.a(display.oram)
                0x00201930                display_string
 .text.display_hex
                0x0020196c       0x50 ../nxtOSEK/ecrobot/../ecrobot/libecrobot.a(display.oram)
                0x0020196c                display_hex
 .text.display_unsigned_worker
                0x002019bc       0x70 ../nxtOSEK/ecrobot/../ecrobot/libecrobot.a(display.oram)
 .text.display_unsigned
                0x00201a2c        0xc ../nxtOSEK/ecrobot/../ecrobot/libecrobot.a(display.oram)
                0x00201a2c                display_unsigned
 .text.display_int
                0x00201a38       0x14 ../nxtOSEK/ecrobot/../ecrobot/libecrobot.a(display.oram)
                0x00201a38                display_int
 .text.display_bitmap_copy
                0x00201a4c       0x5c ../nxtOSEK/ecrobot/../ecrobot/libecrobot.a(display.oram)
                0x00201a4c                display_bitmap_copy
 .text.display_init
                0x00201aa8       0x50 ../nxtOSEK/ecrobot/../ecrobot/libecrobot.a(display.oram)
                0x00201aa8                display_init
 .text.i2c_timer_isr_C
                0x00201af8      0x314 ../nxtOSEK/ecrobot/../ecrobot/libecrobot.a(i2c.oram)
                0x00201af8                i2c_timer_isr_C
 .text.i2c_disable
                0x00201e0c       0x20 ../nxtOSEK/ecrobot/../ecrobot/libecrobot.a(i2c.oram)
                0x00201e0c                i2c_disable
 .text.i2c_enable
                0x00201e2c       0x40 ../nxtOSEK/ecrobot/../ecrobot/libecrobot.a(i2c.oram)
                0x00201e2c                i2c_enable
 .text.i2c_init
                0x00201e6c       0xa4 ../nxtOSEK/ecrobot/../ecrobot/libecrobot.a(i2c.oram)
                0x00201e6c                i2c_init
 .text.i2c_busy
                0x00201f10       0x24 ../nxtOSEK/ecrobot/../ecrobot/libecrobot.a(i2c.oram)
                0x00201f10                i2c_busy
 .text.i2c_start_transaction
                0x00201f34      0x108 ../nxtOSEK/ecrobot/../ecrobot/libecrobot.a(i2c.oram)
                0x00201f34                i2c_start_transaction
 .text.set_vol  0x0020203c       0xa4 ../nxtOSEK/ecrobot/../ecrobot/libecrobot.a(sound.oram)
 .text.sound_fill_sample_buffer
                0x002020e0       0xe4 ../nxtOSEK/ecrobot/../ecrobot/libecrobot.a(sound.oram)
                0x002020e0                sound_fill_sample_buffer
 .text.sound_freq_vol
                0x002021c4      0x1ec ../nxtOSEK/ecrobot/../ecrobot/libecrobot.a(sound.oram)
                0x002021c4                sound_freq_vol
 .text.sound_init
                0x002023b0       0xa0 ../nxtOSEK/ecrobot/../ecrobot/libecrobot.a(sound.oram)
                0x002023b0                sound_init
 .text.sound_isr_C
                0x00202450      0x180 ../nxtOSEK/ecrobot/../ecrobot/libecrobot.a(sound.oram)
                0x00202450                sound_isr_C
 .text.bt_init  0x002025d0      0x1c0 ../nxtOSEK/ecrobot/../ecrobot/libecrobot.a(bt.oram)
                0x002025d0                bt_init
 .text.bt_send  0x00202790       0x5c ../nxtOSEK/ecrobot/../ecrobot/libecrobot.a(bt.oram)
                0x00202790                bt_send
 .text.bt_write
                0x002027ec       0x70 ../nxtOSEK/ecrobot/../ecrobot/libecrobot.a(bt.oram)
                0x002027ec                bt_write
 .text.bt_pending
                0x0020285c       0x50 ../nxtOSEK/ecrobot/../ecrobot/libecrobot.a(bt.oram)
                0x0020285c                bt_pending
 .text.bt_clear_arm7_cmd
                0x002028ac       0x10 ../nxtOSEK/ecrobot/../ecrobot/libecrobot.a(bt.oram)
                0x002028ac                bt_clear_arm7_cmd
 .text.bt_set_arm7_cmd
                0x002028bc       0x10 ../nxtOSEK/ecrobot/../ecrobot/libecrobot.a(bt.oram)
                0x002028bc                bt_set_arm7_cmd
 .text.bt_receive
                0x002028cc      0x160 ../nxtOSEK/ecrobot/../ecrobot/libecrobot.a(bt.oram)
                0x002028cc                bt_receive
 .text.bt_read  0x00202a2c      0x140 ../nxtOSEK/ecrobot/../ecrobot/libecrobot.a(bt.oram)
                0x00202a2c                bt_read
 .text.bt_reset
                0x00202b6c       0x84 ../nxtOSEK/ecrobot/../ecrobot/libecrobot.a(bt.oram)
                0x00202b6c                bt_reset
 .text.nxt_avr_power_down
                0x00202bf0       0x10 ../nxtOSEK/ecrobot/../ecrobot/libecrobot.a(nxt_avr.oram)
                0x00202bf0                nxt_avr_power_down
 .text.nxt_avr_link_init
                0x00202c00       0x20 ../nxtOSEK/ecrobot/../ecrobot/libecrobot.a(nxt_avr.oram)
                0x00202c00                nxt_avr_link_init
 .text.nxt_avr_init
                0x00202c20       0x6c ../nxtOSEK/ecrobot/../ecrobot/libecrobot.a(nxt_avr.oram)
                0x00202c20                nxt_avr_init
 .text.nxt_avr_1kHz_update
                0x00202c8c      0x1cc ../nxtOSEK/ecrobot/../ecrobot/libecrobot.a(nxt_avr.oram)
                0x00202c8c                nxt_avr_1kHz_update
 .text.buttons_get
                0x00202e58        0xc ../nxtOSEK/ecrobot/../ecrobot/libecrobot.a(nxt_avr.oram)
                0x00202e58                buttons_get
 .text.battery_voltage
                0x00202e64       0x28 ../nxtOSEK/ecrobot/../ecrobot/libecrobot.a(nxt_avr.oram)
                0x00202e64                battery_voltage
 .text.sensor_adc
                0x00202e8c       0x20 ../nxtOSEK/ecrobot/../ecrobot/libecrobot.a(nxt_avr.oram)
                0x00202e8c                sensor_adc
 .text.nxt_avr_set_motor
                0x00202eac       0x34 ../nxtOSEK/ecrobot/../ecrobot/libecrobot.a(nxt_avr.oram)
                0x00202eac                nxt_avr_set_motor
 .text.nxt_avr_set_input_power
                0x00202ee0       0x3c ../nxtOSEK/ecrobot/../ecrobot/libecrobot.a(nxt_avr.oram)
                0x00202ee0                nxt_avr_set_input_power
 .text.unset_digi0
                0x00202f1c       0x44 ../nxtOSEK/ecrobot/../ecrobot/libecrobot.a(sensors.oram)
                0x00202f1c                unset_digi0
 .text.unset_digi1
                0x00202f60       0x44 ../nxtOSEK/ecrobot/../ecrobot/libecrobot.a(sensors.oram)
                0x00202f60                unset_digi1
 .text.init_sensors
                0x00202fa4       0x4c ../nxtOSEK/ecrobot/../ecrobot/libecrobot.a(sensors.oram)
                0x00202fa4                init_sensors
 .text.set_digi0
                0x00202ff0       0x44 ../nxtOSEK/ecrobot/../ecrobot/libecrobot.a(sensors.oram)
                0x00202ff0                set_digi0
 .text.nxt_lcd_command
                0x00203034       0x18 ../nxtOSEK/ecrobot/../ecrobot/libecrobot.a(nxt_lcd.oram)
                0x00203034                nxt_lcd_command
 .text.nxt_lcd_set_col
                0x0020304c       0x24 ../nxtOSEK/ecrobot/../ecrobot/libecrobot.a(nxt_lcd.oram)
                0x0020304c                nxt_lcd_set_col
 .text.nxt_lcd_set_multiplex_rate
                0x00203070       0x18 ../nxtOSEK/ecrobot/../ecrobot/libecrobot.a(nxt_lcd.oram)
                0x00203070                nxt_lcd_set_multiplex_rate
 .text.nxt_lcd_set_page_address
                0x00203088       0x18 ../nxtOSEK/ecrobot/../ecrobot/libecrobot.a(nxt_lcd.oram)
                0x00203088                nxt_lcd_set_page_address
 .text.nxt_lcd_set_pot
                0x002030a0       0x1c ../nxtOSEK/ecrobot/../ecrobot/libecrobot.a(nxt_lcd.oram)
                0x002030a0                nxt_lcd_set_pot
 .text.nxt_lcd_set_ram_address_control
                0x002030bc       0x18 ../nxtOSEK/ecrobot/../ecrobot/libecrobot.a(nxt_lcd.oram)
                0x002030bc                nxt_lcd_set_ram_address_control
 .text.nxt_lcd_enable
                0x002030d4       0x14 ../nxtOSEK/ecrobot/../ecrobot/libecrobot.a(nxt_lcd.oram)
                0x002030d4                nxt_lcd_enable
 .text.nxt_lcd_set_map_control
                0x002030e8       0x18 ../nxtOSEK/ecrobot/../ecrobot/libecrobot.a(nxt_lcd.oram)
                0x002030e8                nxt_lcd_set_map_control
 .text.nxt_lcd_reset
                0x00203100        0xc ../nxtOSEK/ecrobot/../ecrobot/libecrobot.a(nxt_lcd.oram)
                0x00203100                nxt_lcd_reset
 .text.nxt_lcd_set_bias_ratio
                0x0020310c       0x18 ../nxtOSEK/ecrobot/../ecrobot/libecrobot.a(nxt_lcd.oram)
                0x0020310c                nxt_lcd_set_bias_ratio
 .text.nxt_lcd_force_update
                0x00203124       0x30 ../nxtOSEK/ecrobot/../ecrobot/libecrobot.a(nxt_lcd.oram)
                0x00203124                nxt_lcd_force_update
 .text.nxt_lcd_update
                0x00203154        0xc ../nxtOSEK/ecrobot/../ecrobot/libecrobot.a(nxt_lcd.oram)
                0x00203154                nxt_lcd_update
 .text.nxt_lcd_power_up
                0x00203160       0x48 ../nxtOSEK/ecrobot/../ecrobot/libecrobot.a(nxt_lcd.oram)
                0x00203160                nxt_lcd_power_up
 .text.nxt_lcd_power_down
                0x002031a8        0xc ../nxtOSEK/ecrobot/../ecrobot/libecrobot.a(nxt_lcd.oram)
                0x002031a8                nxt_lcd_power_down
 .text.nxt_lcd_init
                0x002031b4       0x18 ../nxtOSEK/ecrobot/../ecrobot/libecrobot.a(nxt_lcd.oram)
                0x002031b4                nxt_lcd_init
 .text.verify_flash_page
                0x002031cc       0x34 ../nxtOSEK/ecrobot/../ecrobot/libecrobot.a(flash_loader.oram)
 .text.set_flash_request
                0x00203200       0x38 ../nxtOSEK/ecrobot/../ecrobot/libecrobot.a(flash_loader.oram)
                0x00203200                set_flash_request
 .text.nxt_device_init
                0x00203238       0x38 ../nxtOSEK/ecrobot/../ecrobot/libecrobot.a(flash_loader.oram)
                0x00203238                nxt_device_init
 .text          0x00203270       0x68 ../nxtOSEK/ecrobot/../ecrobot/libecrobot.a(interrupts.oram)
                0x002032c8                fiq_enable
                0x00203270                interrupts_get_and_disable
                0x002032a4                fiq_get_and_disable
                0x00203294                interrupts_enable
 .text.flash_write_page
                0x002032d8       0xc0 ../nxtOSEK/ecrobot/../ecrobot/libecrobot.a(flashprog.oram)
                0x002032d8                flash_write_page
                0x002033a0                . = ALIGN (0x10)
 *fill*         0x00203398        0x8 00
 *.oram(*.rodata *.rodata.*)
 .rodata.ld     0x002033a0        0x4 ../nxtOSEK/ecrobot/../ecrobot/libecrobot.a(udp.oram)
 .rodata.cfd    0x002033a4       0x20 ../nxtOSEK/ecrobot/../ecrobot/libecrobot.a(udp.oram)
 .rodata.dd     0x002033c4       0x12 ../nxtOSEK/ecrobot/../ecrobot/libecrobot.a(udp.oram)
 *fill*         0x002033d6        0x2 00
 .rodata.str1.4
                0x002033d8       0x22 ../nxtOSEK/ecrobot/../ecrobot/libecrobot.a(data_abort.oram)
                                 0x24 (size before relaxing)
 .rodata.font   0x002033fa      0x280 ../nxtOSEK/ecrobot/../ecrobot/libecrobot.a(display.oram)
 *fill*         0x0020367a        0x2 00
 .rodata.str1.4
                0x0020367c       0x76 ../nxtOSEK/ecrobot/../ecrobot/libecrobot.a(display.oram)
                                 0x78 (size before relaxing)
 *fill*         0x002036f2        0x2 00
 .rodata.i2c_pin
                0x002036f4       0x20 ../nxtOSEK/ecrobot/../ecrobot/libecrobot.a(i2c.oram)
 .rodata.i2c_timer_isr_C
                0x00203714       0x38 ../nxtOSEK/ecrobot/../ecrobot/libecrobot.a(i2c.oram)
 .rodata.logvol
                0x0020374c        0xc ../nxtOSEK/ecrobot/../ecrobot/libecrobot.a(sound.oram)
                0x0020374c                logvol
 .rodata.silence
                0x00203758       0x40 ../nxtOSEK/ecrobot/../ecrobot/libecrobot.a(sound.oram)
                0x00203758                silence
 .rodata.sine   0x00203798       0x10 ../nxtOSEK/ecrobot/../ecrobot/libecrobot.a(sound.oram)
                0x00203798                sine
 .rodata.sample_pattern
                0x002037a8       0x84 ../nxtOSEK/ecrobot/../ecrobot/libecrobot.a(sound.oram)
                0x002037a8                sample_pattern
 .rodata        0x0020382c        0xc ../nxtOSEK/ecrobot/../ecrobot/libecrobot.a(sound.oram)
 .rodata.avr_brainwash_string
                0x00203838       0x30 ../nxtOSEK/ecrobot/../ecrobot/libecrobot.a(nxt_avr.oram)
                0x00203838                avr_brainwash_string
 .rodata.nxt_avr_1kHz_update
                0x00203868       0x14 ../nxtOSEK/ecrobot/../ecrobot/libecrobot.a(nxt_avr.oram)
 .rodata.C.33.1823
                0x0020387c       0x10 ../nxtOSEK/ecrobot/../ecrobot/libecrobot.a(sensors.oram)
 .rodata.C.37.1857
                0x0020388c       0x10 ../nxtOSEK/ecrobot/../ecrobot/libecrobot.a(sensors.oram)
 .rodata.C.31.1806
                0x0020389c       0x10 ../nxtOSEK/ecrobot/../ecrobot/libecrobot.a(sensors.oram)
 .rodata.str1.4
                0x002038ac       0x23 ../nxtOSEK/ecrobot/../ecrobot/libecrobot.a(flash_loader.oram)
                                 0x24 (size before relaxing)
                0x002038d0                . = ALIGN (0x10)
 *fill*         0x002038cf        0x1 00
                0x00200040                __ramtext_ram_start__ = ADDR (.ram_text)
                0x002038d0                __ramtext_ram_end__ = (ADDR (.ram_text) + SIZEOF (.ram_text))
                0x001082c0                __ramtext_load_start__ = LOADADDR (.ram_text)
                0x0010bb50                __ramtext_load_end__ = (__ramtext_load_start__ + SIZEOF (.ram_text))

.wav_data       0x0010bb50        0x0
 *.owav(*.data *.data.*)
                0x0010bb50                . = ALIGN (0x10)

.bmp_data       0x0010bb50      0x440
 *.obmp(*.data *.data.*)
 .data          0x0010bb50      0x43e ../nxtOSEK/ecrobot/../ecrobot/libecrobot.a(nxtosek_splash.obmp)
                0x0010bb50                nxtosek_splash_bmp_start
                0x0010bf8e                nxtosek_splash_bmp_end
                0x0010bf90                . = ALIGN (0x10)
 *fill*         0x0010bf8e        0x2 00

.spr_data       0x0010bf90        0x0
 *.ospr(*.data *.data.*)
                0x0010bf90                . = ALIGN (0x10)

.data           0x002038d0       0x90 load address 0x0010bf90
 *(*.data *.data.*)
 .data.bt_status
                0x002038d0        0x1 build/ecrobot_bluetooth.o
 *fill*         0x002038d1        0x3 00
 .data.K_THETADOT
                0x002038d4        0x4 build/balancer_param.o
                0x002038d4                K_THETADOT
 .data.K_PHIDOT
                0x002038d8        0x4 build/balancer_param.o
                0x002038d8                K_PHIDOT
 .data.K_I      0x002038dc        0x4 build/balancer_param.o
                0x002038dc                K_I
 .data.K_F      0x002038e0       0x10 build/balancer_param.o
                0x002038e0                K_F
 .data.A_R      0x002038f0        0x4 build/balancer_param.o
                0x002038f0                A_R
 .data.A_D      0x002038f4        0x4 build/balancer_param.o
                0x002038f4                A_D
 .data.distance_state
                0x002038f8       0x10 ../nxtOSEK/ecrobot/../ecrobot/libecrobot.a(ecrobot_interface.o)
 .data.deviceStatus
                0x00203908        0x1 ../nxtOSEK/ecrobot/../ecrobot/libecrobot.a(ecrobot_interface.o)
 .bss.data.2763
                0x00203909        0x4 ../nxtOSEK/ecrobot/../ecrobot/libecrobot.a(ecrobot_interface.o)
 .data.named    0x0020390d       0x22 ../nxtOSEK/ecrobot/../ecrobot/libecrobot.a(udp.oram)
 .data.snd      0x0020392f       0x1a ../nxtOSEK/ecrobot/../ecrobot/libecrobot.a(udp.oram)
 *fill*         0x00203949        0x3 00
 .data.configured
                0x0020394c        0x4 ../nxtOSEK/ecrobot/../ecrobot/libecrobot.a(udp.oram)
 .data.mode     0x00203950        0x1 ../nxtOSEK/ecrobot/../ecrobot/libecrobot.a(nxt_spi.oram)
                0x00203950                mode
 *fill*         0x00203951        0x3 00
 .bss.data      0x00203954        0x4 ../nxtOSEK/ecrobot/../ecrobot/libecrobot.a(nxt_spi.oram)
                0x00203954                data
 .data.display_auto_update
                0x00203958        0x4 ../nxtOSEK/ecrobot/../ecrobot/libecrobot.a(display.oram)
                0x00203958                display_auto_update
 .data.display_buffer
                0x0020395c        0x4 ../nxtOSEK/ecrobot/../ecrobot/libecrobot.a(display.oram)
                0x00203960                . = ALIGN (0x10)
                0x002038d0                __data_ram_start__ = ADDR (.data)
                0x00203960                __data_ram_end__ = (ADDR (.data) + SIZEOF (.data))
                0x0010bf90                __data_load_start__ = LOADADDR (.data)
                0x0010c020                __data_load_end__ = (__data_load_start__ + SIZEOF (.data))

.text           0x0010c020     0x4420
                0x0010c020                . = ALIGN (0x10)
 *(*.text *.text.* *.glue*)
 .text.enqueue_alarm
                0x0010c020       0x90 build/kernel/alarm.o
 .text.alarm_initialize
                0x0010c0b0       0x98 build/kernel/alarm.o
                0x0010c0b0                alarm_initialize
 .text.SignalCounter
                0x0010c148      0x134 build/kernel/alarm.o
                0x0010c148                SignalCounter
 .text.StartOS  0x0010c27c       0x58 build/kernel/osctl.o
                0x0010c27c                StartOS
 .text.ShutdownOS
                0x0010c2d4       0x4c build/kernel/osctl.o
                0x0010c2d4                ShutdownOS
 .text.call_pretaskhook
                0x0010c320       0x24 build/kernel/osctl.o
                0x0010c320                call_pretaskhook
 .text.call_errorhook
                0x0010c344       0x78 build/kernel/osctl.o
                0x0010c344                call_errorhook
 .text.call_posttaskhook
                0x0010c3bc       0x24 build/kernel/osctl.o
                0x0010c3bc                call_posttaskhook
 .text.search_schedtsk
                0x0010c3e0       0x94 build/kernel/task.o
                0x0010c3e0                search_schedtsk
 .text.make_runnable
                0x0010c474       0xac build/kernel/task.o
                0x0010c474                make_runnable
 .text.make_active
                0x0010c520       0x78 build/kernel/task.o
                0x0010c520                make_active
 .text.task_initialize
                0x0010c598       0x90 build/kernel/task.o
                0x0010c598                task_initialize
 .text.ActivateTask
                0x0010c628       0x8c build/kernel/task_manage.o
                0x0010c628                ActivateTask
 .text.TerminateTask
                0x0010c6b4       0x74 build/kernel/task_manage.o
                0x0010c6b4                TerminateTask
 .text.cpu_initialize
                0x0010c728        0x4 build/config/at91sam7s-gnu/cpu_config.o
                0x0010c728                cpu_initialize
 .text.cpu_terminate
                0x0010c72c        0x4 build/config/at91sam7s-gnu/cpu_config.o
                0x0010c72c                cpu_terminate
 .text.sys_initialize
                0x0010c730        0x4 build/config/at91sam7s-gnu/lego_nxt/sys_config.o
                0x0010c730                sys_initialize
 .text.sys_exit
                0x0010c734        0x4 build/config/at91sam7s-gnu/lego_nxt/sys_config.o
                0x0010c734                sys_exit
 .text._activate_alarm_cyclic_alarm1
                0x0010c738        0xc build/./kernel_cfg.o
 .text._activate_alarm_cyclic_alarm2
                0x0010c744        0xc build/./kernel_cfg.o
 .text.object_initialize
                0x0010c750       0x10 build/./kernel_cfg.o
                0x0010c750                object_initialize
 .text.ecrobot_get_bt_status
                0x0010c760       0x10 build/ecrobot_bluetooth.o
                0x0010c760                ecrobot_get_bt_status
 .text.close_bt_stream
                0x0010c770       0x2c build/ecrobot_bluetooth.o
 .text.ecrobot_send_bt_packet
                0x0010c79c       0x54 build/ecrobot_bluetooth.o
                0x0010c79c                ecrobot_send_bt_packet
 .text.ecrobot_read_bt
                0x0010c7f0       0x24 build/ecrobot_bluetooth.o
                0x0010c7f0                ecrobot_read_bt
 .text.send_bt_command
                0x0010c814       0x40 build/ecrobot_bluetooth.o
 .text.ecrobot_term_bt_connection
                0x0010c854       0x48 build/ecrobot_bluetooth.o
                0x0010c854                ecrobot_term_bt_connection
 .text.read_bt_command
                0x0010c89c       0x5c build/ecrobot_bluetooth.o
 .text.open_bt_stream
                0x0010c8f8       0x50 build/ecrobot_bluetooth.o
 .text.ecrobot_get_bt_device_address
                0x0010c948       0x6c build/ecrobot_bluetooth.o
                0x0010c948                ecrobot_get_bt_device_address
 .text.ecrobot_init_bt_slave
                0x0010c9b4      0x12c build/ecrobot_bluetooth.o
                0x0010c9b4                ecrobot_init_bt_slave
 .text.init_OS_flag
                0x0010cae0        0xc build/ecrobot_base.o
                0x0010cae0                init_OS_flag
 .text.set_OS_flag
                0x0010caec        0xc build/ecrobot_base.o
                0x0010caec                set_OS_flag
 .text.get_OS_flag
                0x0010caf8        0xc build/ecrobot_base.o
                0x0010caf8                get_OS_flag
 .text.cpp_constructor
                0x0010cb04       0x28 build/ecrobot_base.o
                0x0010cb04                cpp_constructor
 .text.cpp_destructor
                0x0010cb2c       0x28 build/ecrobot_base.o
                0x0010cb2c                cpp_destructor
 .text.execution_mode
                0x0010cb54       0x24 build/ecrobot_base.o
                0x0010cb54                execution_mode
 .text.show_main_screen
                0x0010cb78       0x48 build/ecrobot_base.o
                0x0010cb78                show_main_screen
 .text.display_status_bar
                0x0010cbc0       0x5c build/ecrobot_base.o
                0x0010cbc0                display_status_bar
 .text.restart_NXT
                0x0010cc1c       0x2c build/ecrobot_base.o
                0x0010cc1c                restart_NXT
 .text.shutdown_NXT
                0x0010cc48       0x2c build/ecrobot_base.o
                0x0010cc48                shutdown_NXT
 .text.check_NXT_buttons
                0x0010cc74       0x38 build/ecrobot_base.o
                0x0010cc74                check_NXT_buttons
 .text.show_bd_addr
                0x0010ccac       0x44 build/ecrobot_base.o
                0x0010ccac                show_bd_addr
 .text.show_bd_addr_err
                0x0010ccf0       0x3c build/ecrobot_base.o
                0x0010ccf0                show_bd_addr_err
 .text.add_status_info
                0x0010cd2c       0x68 build/ecrobot_base.o
                0x0010cd2c                add_status_info
 .text.show_splash_screen
                0x0010cd94       0x90 build/ecrobot_base.o
                0x0010cd94                show_splash_screen
 .text.main     0x0010ce24      0x10c build/ecrobot.o
                0x0010ce24                main
 .text.ecrobot_device_initialize
                0x0010cf30       0x18 build/model_impl.o
                0x0010cf30                ecrobot_device_initialize
 .text.ecrobot_device_terminate
                0x0010cf48       0x20 build/model_impl.o
                0x0010cf48                ecrobot_device_terminate
 .text.user_1ms_isr_type2
                0x0010cf68       0x14 build/model_impl.o
                0x0010cf68                user_1ms_isr_type2
 .text.TaskMainTaskInit
                0x0010cf7c      0x31c build/model_impl.o
                0x0010cf7c                TaskMainTaskInit
 .text.TaskMainTaskMain
                0x0010d298       0x74 build/model_impl.o
                0x0010d298                TaskMainTaskMain
 .text.TaskMainTaskBuletooth
                0x0010d30c       0x38 build/model_impl.o
                0x0010d30c                TaskMainTaskBuletooth
 .text.Bluetooth_init
                0x0010d344        0xc build/device/Bluetooth.o
                0x0010d344                Bluetooth_init
 .text.Bluetooth_start
                0x0010d350        0xc build/device/Bluetooth.o
                0x0010d350                Bluetooth_start
 .text.Bluetooth_checkConnection
                0x0010d35c       0x14 build/device/Bluetooth.o
                0x0010d35c                Bluetooth_checkConnection
 .text.Bluetooth_terminate
                0x0010d370        0xc build/device/Bluetooth.o
                0x0010d370                Bluetooth_terminate
 .text.Bluetooth_receive
                0x0010d37c       0x10 build/device/Bluetooth.o
                0x0010d37c                Bluetooth_receive
 .text.GyroSensor_init
                0x0010d38c        0xc build/device/GyroSensor.o
                0x0010d38c                GyroSensor_init
 .text.GyroSensor_getAngularVelocity
                0x0010d398        0xc build/device/GyroSensor.o
                0x0010d398                GyroSensor_getAngularVelocity
 .text.TouchSensor_init
                0x0010d3a4        0x4 build/device/TouchSensor.o
                0x0010d3a4                TouchSensor_init
 .text.TouchSensor_isPressed
                0x0010d3a8        0xc build/device/TouchSensor.o
                0x0010d3a8                TouchSensor_isPressed
 .text.Motor_init
                0x0010d3b4        0x4 build/device/Motor.o
                0x0010d3b4                Motor_init
 .text.Motor_getAngle
                0x0010d3b8        0xc build/device/Motor.o
                0x0010d3b8                Motor_getAngle
 .text.Motor_rotate
                0x0010d3c4       0x10 build/device/Motor.o
                0x0010d3c4                Motor_rotate
 .text.LightSensor_init
                0x0010d3d4        0x4 build/device/LightSensor.o
                0x0010d3d4                LightSensor_init
 .text.LightSensor_getBrightness
                0x0010d3d8        0xc build/device/LightSensor.o
                0x0010d3d8                LightSensor_getBrightness
 .text.SonarSensor_init
                0x0010d3e4       0x14 build/device/SonarSensor.o
                0x0010d3e4                SonarSensor_init
 .text.SonarSensor_get
                0x0010d3f8        0xc build/device/SonarSensor.o
                0x0010d3f8                SonarSensor_get
 .text.SonarSensor_term
                0x0010d404        0xc build/device/SonarSensor.o
                0x0010d404                SonarSensor_term
 .text.LCD_init
                0x0010d410        0x8 build/device/LCD.o
                0x0010d410                LCD_init
 .text.LCD_SetPointXY
                0x0010d418       0x24 build/device/LCD.o
                0x0010d418                LCD_SetPointXY
 .text.LCD_DisplayInt
                0x0010d43c       0x20 build/device/LCD.o
                0x0010d43c                LCD_DisplayInt
 .text.LCD_DisplayClear
                0x0010d45c       0x10 build/device/LCD.o
                0x0010d45c                LCD_DisplayClear
 .text.Logger_send
                0x0010d46c       0x18 build/device/Logger.o
                0x0010d46c                Logger_send
 .text.Timer_init
                0x0010d484        0x8 build/device/Timer.o
                0x0010d484                Timer_init
 .text.Timer_set
                0x0010d48c       0x10 build/device/Timer.o
                0x0010d48c                Timer_set
 .text.Timer_check
                0x0010d49c       0x20 build/device/Timer.o
                0x0010d49c                Timer_check
 .text.Competision_action
                0x0010d4bc       0x24 build/competision/Competision.o
                0x0010d4bc                Competision_action
 .text.Strategy_action
                0x0010d4e0       0xf8 build/competision/Strategy.o
                0x0010d4e0                Strategy_action
 .text.LineTracer_init
                0x0010d5d8        0xc build/competision/LineTracer.o
                0x0010d5d8                LineTracer_init
 .text.LineTracer_trace
                0x0010d5e4       0x5c build/competision/LineTracer.o
                0x0010d5e4                LineTracer_trace
 .text.Runner_run
                0x0010d640       0xa0 build/competision/Runner.o
                0x0010d640                Runner_run
 .text.GarageIn_action
                0x0010d6e0       0x6c build/competision/GarageIn.o
                0x0010d6e0                GarageIn_action
 .text.Seesaw_init
                0x0010d74c       0x10 build/competision/Seesaw.o
                0x0010d74c                Seesaw_init
 .text.ImpactDetection
                0x0010d75c       0x28 build/competision/Seesaw.o
                0x0010d75c                ImpactDetection
 .text.Wait     0x0010d784       0x18 build/competision/Seesaw.o
                0x0010d784                Wait
 .text.Seesaw_action
                0x0010d79c      0x170 build/competision/Seesaw.o
                0x0010d79c                Seesaw_action
 .text.Seesaw_checkFinish
                0x0010d90c        0x4 build/competision/Seesaw.o
                0x0010d90c                Seesaw_checkFinish
 .text.BasicStage_action
                0x0010d910      0x1b0 build/competision/BasicStage.o
                0x0010d910                BasicStage_action
 .text.LookUpGate_init
                0x0010dac0       0x24 build/competision/LookUpGate.o
                0x0010dac0                LookUpGate_init
 .text.LookUpGate_action
                0x0010dae4      0x1d0 build/competision/LookUpGate.o
                0x0010dae4                LookUpGate_action
 .text.LookUpGate_checkFinish
                0x0010dcb4        0x4 build/competision/LookUpGate.o
                0x0010dcb4                LookUpGate_checkFinish
 .text.Tail_setAngle
                0x0010dcb8       0x44 build/technique/Tail.o
                0x0010dcb8                Tail_setAngle
 .text.Tail_getAngle
                0x0010dcfc        0xc build/technique/Tail.o
                0x0010dcfc                Tail_getAngle
 .text.Wheel_setPwm
                0x0010dd08       0x1c build/technique/Wheel.o
                0x0010dd08                Wheel_setPwm
 .text.Wheel_getLeftAngle
                0x0010dd24        0xc build/technique/Wheel.o
                0x0010dd24                Wheel_getLeftAngle
 .text.Wheel_getRightAngle
                0x0010dd30        0xc build/technique/Wheel.o
                0x0010dd30                Wheel_getRightAngle
 .text.BalanceControl_checkBalanceFlag
                0x0010dd3c       0x1c build/technique/BalanceControl.o
                0x0010dd3c                BalanceControl_checkBalanceFlag
 .text.BalanceControl_chengeBalanceRun
                0x0010dd58       0x1c build/technique/BalanceControl.o
                0x0010dd58                BalanceControl_chengeBalanceRun
 .text.BalanceControl_chengeTailRun
                0x0010dd74       0x40 build/technique/BalanceControl.o
                0x0010dd74                BalanceControl_chengeTailRun
 .text.BalanceControl_getLeftMotorPwm
                0x0010ddb4        0x4 build/technique/BalanceControl.o
                0x0010ddb4                BalanceControl_getLeftMotorPwm
 .text.BalanceControl_getRightMotorPwm
                0x0010ddb8        0x4 build/technique/BalanceControl.o
                0x0010ddb8                BalanceControl_getRightMotorPwm
 .text.BalanceControl_BalanceRun
                0x0010ddbc       0xfc build/technique/BalanceControl.o
                0x0010ddbc                BalanceControl_BalanceRun
 .text.BalanceControl_run
                0x0010deb8       0xd4 build/technique/BalanceControl.o
                0x0010deb8                BalanceControl_run
 .text.BalanceControl_checkEmergencyStop
                0x0010df8c        0x4 build/technique/BalanceControl.o
                0x0010df8c                BalanceControl_checkEmergencyStop
 .text.PidControl_init
                0x0010df90       0x10 build/technique/PidControl.o
                0x0010df90                PidControl_init
 .text.PidControl_checDerailment
                0x0010dfa0       0x20 build/technique/PidControl.o
                0x0010dfa0                PidControl_checDerailment
 .text.PidControl_calcTurn
                0x0010dfc0       0xdc build/technique/PidControl.o
                0x0010dfc0                PidControl_calcTurn
 .text.Communication_init
                0x0010e09c        0x8 build/technique/Communication.o
                0x0010e09c                Communication_init
 .text.Communication_communicate
                0x0010e0a4       0x4c build/technique/Communication.o
                0x0010e0a4                Communication_communicate
 .text.Communication_setLogData1
                0x0010e0f0        0x8 build/technique/Communication.o
                0x0010e0f0                Communication_setLogData1
 .text.Communication_setLogData2
                0x0010e0f8        0x8 build/technique/Communication.o
                0x0010e0f8                Communication_setLogData2
 .text.Communication_getCommand
                0x0010e100       0x70 build/technique/Communication.o
                0x0010e100                Communication_getCommand
 .text.Commander_setCommandResult
                0x0010e170       0x2c build/technique/Commander.o
 .text.Commander_action
                0x0010e19c      0x184 build/technique/Commander.o
                0x0010e19c                Commander_action
 .text.GrayDecision_init
                0x0010e320       0x18 build/technique/GrayDecision.o
                0x0010e320                GrayDecision_init
 .text.GrayDecision_setTarget
                0x0010e338        0x8 build/technique/GrayDecision.o
                0x0010e338                GrayDecision_setTarget
 .text.WheelAverage_init
                0x0010e340        0xc build/technique/WheelAverage.o
                0x0010e340                WheelAverage_init
 .text.WheelAverage_action
                0x0010e34c       0x28 build/technique/WheelAverage.o
                0x0010e34c                WheelAverage_action
 .text.Distance_init
                0x0010e374        0x8 build/technique/Distance.o
                0x0010e374                Distance_init
 .text.Distance_calc
                0x0010e37c       0x10 build/technique/Distance.o
 .text.Distance_set
                0x0010e38c       0x10 build/technique/Distance.o
                0x0010e38c                Distance_set
 .text.Distance_check
                0x0010e39c       0x20 build/technique/Distance.o
                0x0010e39c                Distance_check
 .text.Dash_init
                0x0010e3bc        0x8 build/technique/Dash.o
                0x0010e3bc                Dash_init
 .text.Dash_action
                0x0010e3c4       0x2c build/technique/Dash.o
                0x0010e3c4                Dash_action
 .text.CheckStart_init
                0x0010e3f0        0x8 build/CheckStart.o
                0x0010e3f0                CheckStart_init
 .text.CheckStart_isStart
                0x0010e3f8       0x10 build/CheckStart.o
                0x0010e3f8                CheckStart_isStart
 .text.CheckStart_start
                0x0010e408       0x30 build/CheckStart.o
 .text.CheckStart_waitStart
                0x0010e438       0x3c build/CheckStart.o
                0x0010e438                CheckStart_waitStart
 .text.Calibration_MeasureLight
                0x0010e474      0x134 build/Calibration.o
                0x0010e474                Calibration_MeasureLight
 .text.ecrobot_get_gyro_sensor
                0x0010e5a8       0x14 ../nxtOSEK/ecrobot/../ecrobot/libecrobot.a(ecrobot_HiTechnic.o)
                0x0010e5a8                ecrobot_get_gyro_sensor
 .text.ecrobot_set_light_sensor_active
                0x0010e5bc       0x10 ../nxtOSEK/ecrobot/../ecrobot/libecrobot.a(ecrobot_interface.o)
                0x0010e5bc                ecrobot_set_light_sensor_active
 .text.ecrobot_set_light_sensor_inactive
                0x0010e5cc       0x10 ../nxtOSEK/ecrobot/../ecrobot/libecrobot.a(ecrobot_interface.o)
                0x0010e5cc                ecrobot_set_light_sensor_inactive
 .text.ecrobot_get_light_sensor
                0x0010e5dc       0x14 ../nxtOSEK/ecrobot/../ecrobot/libecrobot.a(ecrobot_interface.o)
                0x0010e5dc                ecrobot_get_light_sensor
 .text.ecrobot_get_touch_sensor
                0x0010e5f0       0x20 ../nxtOSEK/ecrobot/../ecrobot/libecrobot.a(ecrobot_interface.o)
                0x0010e5f0                ecrobot_get_touch_sensor
 .text.ecrobot_init_i2c
                0x0010e610       0x2c ../nxtOSEK/ecrobot/../ecrobot/libecrobot.a(ecrobot_interface.o)
                0x0010e610                ecrobot_init_i2c
 .text.getDistance
                0x0010e63c       0x20 ../nxtOSEK/ecrobot/../ecrobot/libecrobot.a(ecrobot_interface.o)
 .text.ecrobot_init_sonar_sensor
                0x0010e65c       0x10 ../nxtOSEK/ecrobot/../ecrobot/libecrobot.a(ecrobot_interface.o)
                0x0010e65c                ecrobot_init_sonar_sensor
 .text.ecrobot_get_sonar_sensor
                0x0010e66c       0x48 ../nxtOSEK/ecrobot/../ecrobot/libecrobot.a(ecrobot_interface.o)
                0x0010e66c                ecrobot_get_sonar_sensor
 .text.ecrobot_term_sonar_sensor
                0x0010e6b4       0x20 ../nxtOSEK/ecrobot/../ecrobot/libecrobot.a(ecrobot_interface.o)
                0x0010e6b4                ecrobot_term_sonar_sensor
 .text.ecrobot_get_battery_voltage
                0x0010e6d4        0xc ../nxtOSEK/ecrobot/../ecrobot/libecrobot.a(ecrobot_interface.o)
                0x0010e6d4                ecrobot_get_battery_voltage
 .text.ecrobot_get_button_state
                0x0010e6e0        0xc ../nxtOSEK/ecrobot/../ecrobot/libecrobot.a(ecrobot_interface.o)
                0x0010e6e0                ecrobot_get_button_state
 .text.ecrobot_init_nxtstate
                0x0010e6ec       0x28 ../nxtOSEK/ecrobot/../ecrobot/libecrobot.a(ecrobot_interface.o)
                0x0010e6ec                ecrobot_init_nxtstate
 .text.ecrobot_poll_nxtstate
                0x0010e714       0x64 ../nxtOSEK/ecrobot/../ecrobot/libecrobot.a(ecrobot_interface.o)
                0x0010e714                ecrobot_poll_nxtstate
 .text.ecrobot_setDeviceInitialized
                0x0010e778       0x18 ../nxtOSEK/ecrobot/../ecrobot/libecrobot.a(ecrobot_interface.o)
                0x0010e778                ecrobot_setDeviceInitialized
 .text.ecrobot_initDeviceStatus
                0x0010e790        0xc ../nxtOSEK/ecrobot/../ecrobot/libecrobot.a(ecrobot_interface.o)
                0x0010e790                ecrobot_initDeviceStatus
 .text.ecrobot_bt_data_logger
                0x0010e79c       0x84 ../nxtOSEK/ecrobot/../ecrobot/libecrobot.a(ecrobot_interface.o)
                0x0010e79c                ecrobot_bt_data_logger
 .text.ecrobot_bmp2lcd
                0x0010e820      0x1c8 ../nxtOSEK/ecrobot/../ecrobot/libecrobot.a(ecrobot_interface.o)
                0x0010e820                ecrobot_bmp2lcd
 .text.ecrobot_sound_tone
                0x0010e9e8        0xc ../nxtOSEK/ecrobot/../ecrobot/libecrobot.a(ecrobot_interface.o)
                0x0010e9e8                ecrobot_sound_tone
 .text.ecrobot_is_ENTER_button_pressed
                0x0010e9f4       0x10 ../nxtOSEK/ecrobot/../ecrobot/libecrobot.a(ecrobot_interface.o)
                0x0010e9f4                ecrobot_is_ENTER_button_pressed
 .text.StartupHook
                0x0010ea04        0x4 ../nxtOSEK/ecrobot/../ecrobot/libecrobot.a(osek_hook.o)
                0x0010ea04                StartupHook
 .text.PreTaskHook
                0x0010ea08        0x4 ../nxtOSEK/ecrobot/../ecrobot/libecrobot.a(osek_hook.o)
                0x0010ea08                PreTaskHook
 .text.PostTaskHook
                0x0010ea0c        0x4 ../nxtOSEK/ecrobot/../ecrobot/libecrobot.a(osek_hook.o)
                0x0010ea0c                PostTaskHook
 .text.ErrorHook
                0x0010ea10        0x4 ../nxtOSEK/ecrobot/../ecrobot/libecrobot.a(osek_hook.o)
                0x0010ea10                ErrorHook
 .text.ShutdownHook
                0x0010ea14        0x4 ../nxtOSEK/ecrobot/../ecrobot/libecrobot.a(osek_hook.o)
                0x0010ea14                ShutdownHook
 .text.balance_control
                0x0010ea18      0x254 ../nxtOSEK/ecrobot/../ecrobot/libnxtway_gs_balancer.a(balancer.o)
                0x0010ea18                balance_control
 .text.balance_init
                0x0010ec6c       0x30 ../nxtOSEK/ecrobot/../ecrobot/libnxtway_gs_balancer.a(balancer.o)
                0x0010ec6c                balance_init
 .text          0x0010ec9c       0x8c /cygdrive/C/cygwin/GNUARM/bin/../lib/gcc/arm-elf/4.0.2/thumb/interwork/libgcc.a(_udivsi3.o)
                0x0010ec9c                __udivsi3
                0x0010ed18                __aeabi_uidivmod
 .text          0x0010ed28       0xa4 /cygdrive/C/cygwin/GNUARM/bin/../lib/gcc/arm-elf/4.0.2/thumb/interwork/libgcc.a(_divsi3.o)
                0x0010ed28                __divsi3
                0x0010edbc                __aeabi_idivmod
 .text          0x0010edcc       0xc8 /cygdrive/C/cygwin/GNUARM/bin/../lib/gcc/arm-elf/4.0.2/thumb/interwork/libgcc.a(_umodsi3.o)
                0x0010edcc                __umodsi3
 .text          0x0010ee94       0xd8 /cygdrive/C/cygwin/GNUARM/bin/../lib/gcc/arm-elf/4.0.2/thumb/interwork/libgcc.a(_modsi3.o)
                0x0010ee94                __modsi3
 .text          0x0010ef6c        0x4 /cygdrive/C/cygwin/GNUARM/bin/../lib/gcc/arm-elf/4.0.2/thumb/interwork/libgcc.a(_dvmd_tls.o)
                0x0010ef6c                __aeabi_ldiv0
                0x0010ef6c                __div0
                0x0010ef6c                __aeabi_idiv0
 .text          0x0010ef70      0x430 /cygdrive/C/cygwin/GNUARM/bin/../lib/gcc/arm-elf/4.0.2/thumb/interwork/libgcc.a(_addsubdf3.o)
                0x0010f334                __floatdidf
                0x0010f2b4                __floatsidf
                0x0010f28c                __aeabi_ui2d
                0x0010ef70                __aeabi_drsub
                0x0010f2e0                __extendsfdf2
                0x0010ef7c                __adddf3
                0x0010f28c                __floatunsidf
                0x0010ef7c                __aeabi_dadd
                0x0010f320                __aeabi_ul2d
                0x0010ef78                __aeabi_dsub
                0x0010f320                __floatundidf
                0x0010f2b4                __aeabi_i2d
                0x0010f334                __aeabi_l2d
                0x0010f2e0                __aeabi_f2d
                0x0010ef78                __subdf3
 .text          0x0010f3a0      0x49c /cygdrive/C/cygwin/GNUARM/bin/../lib/gcc/arm-elf/4.0.2/thumb/interwork/libgcc.a(_muldivdf3.o)
                0x0010f630                __aeabi_ddiv
                0x0010f3a0                __aeabi_dmul
                0x0010f630                __divdf3
                0x0010f3a0                __muldf3
 .text          0x0010f83c       0xa0 /cygdrive/C/cygwin/GNUARM/bin/../lib/gcc/arm-elf/4.0.2/thumb/interwork/libgcc.a(_truncdfsf2.o)
                0x0010f83c                __aeabi_d2f
                0x0010f83c                __truncdfsf2
 .text          0x0010f8dc      0x2ac /cygdrive/C/cygwin/GNUARM/bin/../lib/gcc/arm-elf/4.0.2/thumb/interwork/libgcc.a(_addsubsf3.o)
                0x0010f8e8                __aeabi_fadd
                0x0010f8e4                __subsf3
                0x0010faac                __aeabi_i2f
                0x0010f8e4                __aeabi_fsub
                0x0010fadc                __floatdisf
                0x0010faac                __floatsisf
                0x0010facc                __floatundisf
                0x0010faa4                __aeabi_ui2f
                0x0010fadc                __aeabi_l2f
                0x0010facc                __aeabi_ul2f
                0x0010f8dc                __aeabi_frsub
                0x0010faa4                __floatunsisf
                0x0010f8e8                __addsf3
 .text          0x0010fb88      0x2f8 /cygdrive/C/cygwin/GNUARM/bin/../lib/gcc/arm-elf/4.0.2/thumb/interwork/libgcc.a(_muldivsf3.o)
                0x0010fd20                __divsf3
                0x0010fd20                __aeabi_fdiv
                0x0010fb88                __mulsf3
                0x0010fb88                __aeabi_fmul
 .text          0x0010fe80      0x110 /cygdrive/C/cygwin/GNUARM/bin/../lib/gcc/arm-elf/4.0.2/thumb/interwork/libgcc.a(_cmpsf2.o)
                0x0010ff78                __aeabi_fcmpgt
                0x0010fe88                __lesf2
                0x0010fe90                __nesf2
                0x0010ff60                __aeabi_fcmpge
                0x0010fe80                __gtsf2
                0x0010ff48                __aeabi_fcmple
                0x0010fe90                __eqsf2
                0x0010fe90                __cmpsf2
                0x0010fe88                __ltsf2
                0x0010ff00                __aeabi_cfcmple
                0x0010fe80                __gesf2
                0x0010ff18                __aeabi_fcmpeq
                0x0010fef0                __aeabi_cfrcmple
                0x0010ff30                __aeabi_fcmplt
                0x0010ff00                __aeabi_cfcmpeq
 .text          0x0010ff90       0x5c /cygdrive/C/cygwin/GNUARM/bin/../lib/gcc/arm-elf/4.0.2/thumb/interwork/libgcc.a(_fixsfsi.o)
                0x0010ff90                __fixsfsi
                0x0010ff90                __aeabi_f2iz
 .text          0x0010ffec       0x68 /cygdrive/C/cygwin/GNUARM/bin/../lib/gcc/arm-elf/4.0.2/../../../../arm-elf/lib/thumb/interwork/libc.a(memcpy.o)
                0x0010ffec                memcpy
 .text          0x00110054       0x68 /cygdrive/C/cygwin/GNUARM/bin/../lib/gcc/arm-elf/4.0.2/../../../../arm-elf/lib/thumb/interwork/libc.a(memset.o)
                0x00110054                memset
 .text          0x001100bc       0x60 /cygdrive/C/cygwin/GNUARM/bin/../lib/gcc/arm-elf/4.0.2/../../../../arm-elf/lib/thumb/interwork/libc.a(strcpy.o)
                0x001100bc                strcpy
 .text          0x0011011c       0x48 /cygdrive/C/cygwin/GNUARM/bin/../lib/gcc/arm-elf/4.0.2/../../../../arm-elf/lib/thumb/interwork/libc.a(strlen.o)
                0x0011011c                strlen
 .glue_7        0x00110164       0x30 /cygdrive/C/cygwin/GNUARM/bin/../lib/gcc/arm-elf/4.0.2/../../../../arm-elf/lib/thumb/interwork/libc.a(strncpy.o)
                0x0011017c                __call_posttaskhook_from_arm
                0x00110165                __ecrobot_debug1_from_arm
                0x00110171                __ecrobot_debug2_from_arm
                0x00110188                __call_pretaskhook_from_arm
 .glue_7t       0x00110194       0xd0 /cygdrive/C/cygwin/GNUARM/bin/../lib/gcc/arm-elf/4.0.2/../../../../arm-elf/lib/thumb/interwork/libc.a(strncpy.o)
                0x001101c0                __start_change_to_arm
                0x00110234                __interrupts_get_and_disable_from_thumb
                0x0011025c                ____lesf2_from_thumb
                0x0011022d                ____gtdf2_from_thumb
                0x001101b4                __exit_and_dispatch_from_thumb
                0x0011024c                ____divsf3_from_thumb
                0x00110258                ____gesf2_change_to_arm
                0x001101c8                ____fixsfsi_change_to_arm
                0x001101d8                ____addsf3_change_to_arm
                0x001101c4                ____fixsfsi_from_thumb
                0x001101cc                ____floatsisf_from_thumb
                0x001101fc                ____extendsfdf2_from_thumb
                0x001101b8                __exit_and_dispatch_change_to_arm
                0x00110194                __disable_int_from_thumb
                0x00110254                ____gesf2_from_thumb
                0x001101ac                __start_dispatch_from_thumb
                0x001101f4                ____ltsf2_from_thumb
                0x00110220                ____divdf3_change_to_arm
                0x00110260                ____lesf2_change_to_arm
                0x001101bc                __start_from_thumb
                0x00110214                ____truncdfsf2_from_thumb
                0x00110208                ____muldf3_change_to_arm
                0x00110250                ____divsf3_change_to_arm
                0x0011021c                ____divdf3_from_thumb
                0x0011019c                __enable_int_from_thumb
                0x001101a4                __dispatch_from_thumb
                0x00110240                __interrupts_enable_change_to_arm
                0x001101ec                ____gtsf2_from_thumb
                0x00110238                __interrupts_get_and_disable_change_to_arm
                0x001101a8                __dispatch_change_to_arm
                0x001101e8                ____mulsf3_change_to_arm
                0x00110210                ____adddf3_change_to_arm
                0x00110230                ____gtdf2_change_to_arm
                0x00110218                ____truncdfsf2_change_to_arm
                0x00110200                ____extendsfdf2_change_to_arm
                0x00110225                ____floatsidf_from_thumb
                0x001101d0                ____floatsisf_change_to_arm
                0x00110245                __display_bios_status_from_thumb
                0x001101dc                ____subsf3_from_thumb
                0x0011020c                ____adddf3_from_thumb
                0x001101f0                ____gtsf2_change_to_arm
                0x00110198                __disable_int_change_to_arm
                0x001101f8                ____ltsf2_change_to_arm
                0x001101e4                ____mulsf3_from_thumb
                0x001101d4                ____addsf3_from_thumb
                0x00110204                ____muldf3_from_thumb
                0x001101e0                ____subsf3_change_to_arm
                0x001101a0                __enable_int_change_to_arm
                0x00110228                ____floatsidf_change_to_arm
                0x0011023c                __interrupts_enable_from_thumb
                0x00110248                __display_bios_status_change_to_arm
                0x001101b0                __start_dispatch_change_to_arm
                0x00110270                . = ALIGN (0x10)
 *fill*         0x00110264        0xc 00
 *(*.rodata *.rodata.*)
 .rodata.search_table.966
                0x00110270        0xf build/kernel/task.o
 *fill*         0x0011027f        0x1 00
 .rodata.alminib_cycle
                0x00110280        0x8 build/./kernel_cfg.o
                0x00110280                alminib_cycle
 .rodata.alminib_almval
                0x00110288        0x8 build/./kernel_cfg.o
                0x00110288                alminib_almval
 .rodata.alminib_autosta
                0x00110290        0x2 build/./kernel_cfg.o
                0x00110290                alminib_autosta
 *fill*         0x00110292        0x2 00
 .rodata.alminib_cback
                0x00110294        0x8 build/./kernel_cfg.o
                0x00110294                alminib_cback
 .rodata.alminib_cntid
                0x0011029c        0x2 build/./kernel_cfg.o
                0x0011029c                alminib_cntid
 *fill*         0x0011029e        0x2 00
 .rodata.cntinib_tickbase
                0x001102a0        0x4 build/./kernel_cfg.o
                0x001102a0                cntinib_tickbase
 .rodata.cntinib_maxval2
                0x001102a4        0x4 build/./kernel_cfg.o
                0x001102a4                cntinib_maxval2
 .rodata.cntinib_maxval
                0x001102a8        0x4 build/./kernel_cfg.o
                0x001102a8                cntinib_maxval
 .rodata.SysTimerCnt
                0x001102ac        0x1 build/./kernel_cfg.o
                0x001102ac                SysTimerCnt
 *fill*         0x001102ad        0x1 00
 .rodata.tinib_stksz
                0x001102ae        0x6 build/./kernel_cfg.o
                0x001102ae                tinib_stksz
 .rodata.tinib_stk
                0x001102b4        0xc build/./kernel_cfg.o
                0x001102b4                tinib_stk
 .rodata.tinib_task
                0x001102c0        0xc build/./kernel_cfg.o
                0x001102c0                tinib_task
 .rodata.tinib_autoact
                0x001102cc        0x3 build/./kernel_cfg.o
                0x001102cc                tinib_autoact
 .rodata.tinib_maxact
                0x001102cf        0x3 build/./kernel_cfg.o
                0x001102cf                tinib_maxact
 .rodata.tinib_exepri
                0x001102d2        0x3 build/./kernel_cfg.o
                0x001102d2                tinib_exepri
 .rodata.tinib_inipri
                0x001102d5        0x3 build/./kernel_cfg.o
                0x001102d5                tinib_inipri
 .rodata.tnum_exttask
                0x001102d8        0x1 build/./kernel_cfg.o
                0x001102d8                tnum_exttask
 .rodata.tnum_task
                0x001102d9        0x1 build/./kernel_cfg.o
                0x001102d9                tnum_task
 .rodata.tnum_counter
                0x001102da        0x1 build/./kernel_cfg.o
                0x001102da                tnum_counter
 .rodata.tnum_alarm
                0x001102db        0x1 build/./kernel_cfg.o
                0x001102db                tnum_alarm
 .rodata.exec_addr
                0x001102dc        0x4 build/ecrobot_base.o
                0x001102dc                exec_addr
 .rodata.str1.4
                0x001102e0       0x80 build/ecrobot_base.o
 .rodata.BATTERY_OFFSET
                0x00110360        0x4 build/balancer_param.o
                0x00110360                BATTERY_OFFSET
 .rodata.BATTERY_GAIN
                0x00110364        0x4 build/balancer_param.o
                0x00110364                BATTERY_GAIN
 .rodata.str1.4
                0x00110368        0x5 build/device/Bluetooth.o
                                  0x8 (size before relaxing)
 *fill*         0x0011036d        0x3 00
 .rodata.Seesaw_action
                0x00110370       0x2c build/competision/Seesaw.o
 .rodata.BasicStage_action
                0x0011039c       0x78 build/competision/BasicStage.o
 .rodata.LookUpGate_action
                0x00110414       0x2c build/competision/LookUpGate.o
                0x00110440                . = ALIGN (0x10)
 *(*.gnu.linkonce.* .gcc_except_table)
                0x00110440                . = ALIGN (0x10)

.tors           0x00110440        0x0
                0x00110440                . = ALIGN (0x10)
                0x00110440                __ctor_begin = .
 *(*.ctors*)
                0x00110440                __ctor_end = .
                0x00110440                . = ALIGN (0x10)
                0x00110440                __dtor_begin = .
 *(*.dtors*)
                0x00110440                __dtor_end = .
                0x00110440                . = ALIGN (0x10)
                0x00110440                __rom_end__ = __dtor_end

.bss            0x00203960     0x1adc
 *(*.bss *.bss.*)
 .bss.ready_primap
                0x00203960        0x2 build/kernel/task.o
 .bss.ready_queue_last
                0x00203962       0x10 build/kernel/task.o
 .bss.ready_queue_first
                0x00203972       0x10 build/kernel/task.o
 *fill*         0x00203982        0x2 00
 .bss._stack_TaskBuletooth
                0x00203984      0x200 build/./kernel_cfg.o
 .bss._stack_TaskMain
                0x00203b84      0x200 build/./kernel_cfg.o
 .bss._stack_TaskInit
                0x00203d84      0x200 build/./kernel_cfg.o
 .bss.receiveBuf
                0x00203f84       0x80 build/ecrobot_bluetooth.o
 .bss.sendBuf   0x00204004      0x100 build/ecrobot_bluetooth.o
 .bss.handle    0x00204104        0x1 build/ecrobot_bluetooth.o
 *fill*         0x00204105        0x3 00
 .bss.status_bar_position
                0x00204108        0x4 build/ecrobot_base.o
 .bss.last_act_time.2753
                0x0020410c        0x4 build/ecrobot_base.o
 .bss.lcd.2682  0x00204110      0x320 build/ecrobot_base.o
 .bss.OS_flag   0x00204430        0x4 build/ecrobot_base.o
 .bss.status_bar
                0x00204434       0x10 build/ecrobot_base.o
 .bss.buttons_i
                0x00204444        0x4 ../nxtOSEK/ecrobot/../ecrobot/libecrobot.a(ecrobot_interface.o)
 .bss.buttons_states
                0x00204448       0x14 ../nxtOSEK/ecrobot/../ecrobot/libecrobot.a(ecrobot_interface.o)
 .bss.ecrobot_inputs
                0x0020445c        0x8 ../nxtOSEK/ecrobot/../ecrobot/libecrobot.a(ecrobot_interface.o)
 .bss.systick_ms
                0x00204464        0x4 ../nxtOSEK/ecrobot/../ecrobot/libecrobot.a(systick.oram)
 .bss.delayedEnable
                0x00204468        0x1 ../nxtOSEK/ecrobot/../ecrobot/libecrobot.a(udp.oram)
 *fill*         0x00204469        0x3 00
 .bss.outCnt    0x0020446c        0x4 ../nxtOSEK/ecrobot/../ecrobot/libecrobot.a(udp.oram)
 .bss.outPtr    0x00204470        0x4 ../nxtOSEK/ecrobot/../ecrobot/libecrobot.a(udp.oram)
 .bss.newAddress
                0x00204474        0x4 ../nxtOSEK/ecrobot/../ecrobot/libecrobot.a(udp.oram)
 .bss.currentRxBank
                0x00204478        0x4 ../nxtOSEK/ecrobot/../ecrobot/libecrobot.a(udp.oram)
 .bss.currentFeatures
                0x0020447c        0x4 ../nxtOSEK/ecrobot/../ecrobot/libecrobot.a(udp.oram)
 .bss.currentConfig
                0x00204480        0x1 ../nxtOSEK/ecrobot/../ecrobot/libecrobot.a(udp.oram)
 *fill*         0x00204481        0x3 00
 .bss.twi_mask  0x00204484        0x4 ../nxtOSEK/ecrobot/../ecrobot/libecrobot.a(twi.oram)
 .bss.twi_ptr   0x00204488        0x4 ../nxtOSEK/ecrobot/../ecrobot/libecrobot.a(twi.oram)
 .bss.twi_pending
                0x0020448c        0x4 ../nxtOSEK/ecrobot/../ecrobot/libecrobot.a(twi.oram)
 .bss.twi_state
                0x00204490        0x4 ../nxtOSEK/ecrobot/../ecrobot/libecrobot.a(twi.oram)
 .bss.page      0x00204494        0x1 ../nxtOSEK/ecrobot/../ecrobot/libecrobot.a(nxt_spi.oram)
                0x00204494                page
 .bss.dirty     0x00204495        0x1 ../nxtOSEK/ecrobot/../ecrobot/libecrobot.a(nxt_spi.oram)
                0x00204495                dirty
 *fill*         0x00204496        0x2 00
 .bss.display   0x00204498        0x4 ../nxtOSEK/ecrobot/../ecrobot/libecrobot.a(nxt_spi.oram)
                0x00204498                display
 .bss.interrupts_this_period
                0x0020449c        0x4 ../nxtOSEK/ecrobot/../ecrobot/libecrobot.a(nxt_motors.oram)
 .bss.nxt_motor_initialised
                0x002044a0        0x4 ../nxtOSEK/ecrobot/../ecrobot/libecrobot.a(nxt_motors.oram)
 .bss.motor     0x002044a4       0x30 ../nxtOSEK/ecrobot/../ecrobot/libecrobot.a(nxt_motors.oram)
 .bss.display_tick
                0x002044d4        0x4 ../nxtOSEK/ecrobot/../ecrobot/libecrobot.a(display.oram)
                0x002044d4                display_tick
 .bss.display_array
                0x002044d8      0x388 ../nxtOSEK/ecrobot/../ecrobot/libecrobot.a(display.oram)
 .bss.i2c_int_count
                0x00204860        0x4 ../nxtOSEK/ecrobot/../ecrobot/libecrobot.a(i2c.oram)
 .bss.i2c_port  0x00204864      0x170 ../nxtOSEK/ecrobot/../ecrobot/libecrobot.a(i2c.oram)
 .bss.sound_mode
                0x002049d4        0x1 ../nxtOSEK/ecrobot/../ecrobot/libecrobot.a(sound.oram)
                0x002049d4                sound_mode
 *fill*         0x002049d5        0x3 00
 .bss.in_buf_idx
                0x002049d8        0x4 ../nxtOSEK/ecrobot/../ecrobot/libecrobot.a(bt.oram)
 .bss.buf_ptr   0x002049dc        0x4 ../nxtOSEK/ecrobot/../ecrobot/libecrobot.a(bt.oram)
 .bss.out_buf   0x002049e0      0x200 ../nxtOSEK/ecrobot/../ecrobot/libecrobot.a(bt.oram)
 .bss.out_buf_ptr
                0x00204be0        0x1 ../nxtOSEK/ecrobot/../ecrobot/libecrobot.a(bt.oram)
 .bss.in_buf_in_ptr
                0x00204be1        0x1 ../nxtOSEK/ecrobot/../ecrobot/libecrobot.a(bt.oram)
 .bss.in_buf    0x00204be2      0x100 ../nxtOSEK/ecrobot/../ecrobot/libecrobot.a(bt.oram)
 *fill*         0x00204ce2        0x2 00
 .bss.link_state
                0x00204ce4        0x4 ../nxtOSEK/ecrobot/../ecrobot/libecrobot.a(nxt_avr.oram)
 .bss.update_count
                0x00204ce8        0x4 ../nxtOSEK/ecrobot/../ecrobot/libecrobot.a(nxt_avr.oram)
 .bss.nxt_avr_stats
                0x00204cec       0x14 ../nxtOSEK/ecrobot/../ecrobot/libecrobot.a(nxt_avr.oram)
 .bss.debounce_cnt
                0x00204d00        0x2 ../nxtOSEK/ecrobot/../ecrobot/libecrobot.a(nxt_avr.oram)
 .bss.debounce_state
                0x00204d02        0x2 ../nxtOSEK/ecrobot/../ecrobot/libecrobot.a(nxt_avr.oram)
 .bss.button_state
                0x00204d04        0x2 ../nxtOSEK/ecrobot/../ecrobot/libecrobot.a(nxt_avr.oram)
 .bss.prev_buttons
                0x00204d06        0x2 ../nxtOSEK/ecrobot/../ecrobot/libecrobot.a(nxt_avr.oram)
 .bss.from_buf  0x00204d08        0x4 ../nxtOSEK/ecrobot/../ecrobot/libecrobot.a(nxt_avr.oram)
 .bss.io_from_avr
                0x00204d0c        0x4 ../nxtOSEK/ecrobot/../ecrobot/libecrobot.a(nxt_avr.oram)
 .bss.data_from_avr
                0x00204d10       0x1a ../nxtOSEK/ecrobot/../ecrobot/libecrobot.a(nxt_avr.oram)
 .bss.data_to_avr
                0x00204d2a        0x9 ../nxtOSEK/ecrobot/../ecrobot/libecrobot.a(nxt_avr.oram)
 .bss.io_to_avr
                0x00204d33        0x8 ../nxtOSEK/ecrobot/../ecrobot/libecrobot.a(nxt_avr.oram)
 *fill*         0x00204d3b        0x1 00
 .bss.display   0x00204d3c        0x4 ../nxtOSEK/ecrobot/../ecrobot/libecrobot.a(nxt_lcd.oram)
 .bss.ud_thetadot_cmd_lpf
                0x00204d40        0x4 ../nxtOSEK/ecrobot/../ecrobot/libnxtway_gs_balancer.a(balancer.o)
 .bss.ud_theta_ref
                0x00204d44        0x4 ../nxtOSEK/ecrobot/../ecrobot/libnxtway_gs_balancer.a(balancer.o)
 .bss.ud_theta_lpf
                0x00204d48        0x4 ../nxtOSEK/ecrobot/../ecrobot/libnxtway_gs_balancer.a(balancer.o)
 .bss.ud_psi    0x00204d4c        0x4 ../nxtOSEK/ecrobot/../ecrobot/libnxtway_gs_balancer.a(balancer.o)
 .bss.ud_err_theta
                0x00204d50        0x4 ../nxtOSEK/ecrobot/../ecrobot/libnxtway_gs_balancer.a(balancer.o)
                0x00204d60                . = ALIGN (0x10)
 *fill*         0x00204d54        0xc 00
                0x00204d60                __bss_end__ = .
 COMMON         0x00204d60        0x2 build/kernel/interrupt.o
                0x00204d60                runisr
                0x00204d61                sus_all_cnt
 *fill*         0x00204d62        0x2 00
 COMMON         0x00204d64       0x10 build/kernel/osctl.o
                0x00204d64                callevel
                0x00204d65                _errorhook_svcid
                0x00204d66                appmode
                0x00204d68                _errorhook_par1
                0x00204d6c                _errorhook_par3
                0x00204d70                _errorhook_par2
 COMMON         0x00204d74        0x3 build/kernel/task.o
                0x00204d74                runtsk
                0x00204d75                schedtsk
                0x00204d76                nextpri
 *fill*         0x00204d77        0x1 00
 COMMON         0x00204d78       0x50 build/./kernel_cfg.o
                0x00204d78                tcb_waievt
                0x00204d7c                rescb_prevpri
                0x00204d7d                almcb_prev
                0x00204d7f                tcb_lastres
                0x00204d84                almcb_almval
                0x00204d8c                tcxb_pc
                0x00204d98                tcb_next
                0x00204d9b                tcb_curpri
                0x00204d9e                tcb_tstat
                0x00204da1                isrcb_lastres
                0x00204da2                cntcb_almque
                0x00204da3                rescb_prevres
                0x00204da4                tcb_actcnt
                0x00204da8                tcb_curevt
                0x00204dac                almcb_cycle
                0x00204db4                tcxb_sp
                0x00204dc0                almcb_next
                0x00204dc4                cntcb_curval
 COMMON         0x00204dc8      0x2fc build/model_impl.o
                0x00204dc8                info
                0x00204de4                wheel
                0x00204dec                basicStageDistance
                0x00204df0                strategy
                0x00204e10                pidControl
                0x00204e1c                rightMotor
                0x00204e20                lcd
                0x00204e28                tailMotor
                0x00204e2c                basicStage
                0x00204e34                bluetooth
                0x00204e38                sonarSensor
                0x00204e3c                lookUpGateTimer
                0x00204e40                garageIn
                0x00204e54                runner
                0x00204e64                lookUpGate
                0x00204e90                command
                0x00204e98                gyroSensor
                0x00204ea0                runnerInfo
                0x00204ecc                distance
                0x00204ed0                communication
                0x00204f60                tail
                0x00204f64                leftMotor
                0x00204f68                logger
                0x00204f6c                wheelAverage
                0x00204f7c                grayDecision
                0x00204fa4                touchSensor
                0x00204fa8                strategyDistance
                0x00204fac                commander
                0x00204fb4                calibration
                0x00204fcc                lookupGageDistance
                0x00204fd0                lightSensor
                0x00204fd4                lineTracer
                0x00204ff0                checkStart
                0x00205004                dash
                0x00205008                courseInfo
                0x0020501c                balanceControl
                0x0020504c                garageInDistance
                0x00205050                seesaw
                0x00205094                settingInfo
                0x002050b4                grayDecisionTimer
                0x002050b8                competision
 COMMON         0x002050c4        0x4 build/competision/LookUpGate.o
                0x002050c4                throwGateFlg
 COMMON         0x002050c8       0x44 ../nxtOSEK/ecrobot/../ecrobot/libecrobot.a(uart.oram)
                0x002050c8                uart
 COMMON         0x0020510c        0x4 ../nxtOSEK/ecrobot/../ecrobot/libecrobot.a(data_abort.oram)
                0x0020510c                data_abort_pc
 COMMON         0x00205110        0x8 ../nxtOSEK/ecrobot/../ecrobot/libecrobot.a(display.oram)
                0x00205110                display_x
                0x00205114                display_y
 COMMON         0x00205118      0x324 ../nxtOSEK/ecrobot/../ecrobot/libecrobot.a(sound.oram)
                0x00205118                sample
                0x00203960                __bss_start__ = ADDR (.bss)
                0x0020543c                __bss_end__ = (ADDR (.bss) + SIZEOF (.bss))
                0x0020543c                PROVIDE (end, .)

.heap_area      0x0020543c     0xa73c
                0x0020fb78                . = (. + (0x20fb78 - end))
 *fill*         0x0020543c     0xa73c 00

.stack          0x0020fb78      0x488
                0x0020fbf8                . = (. + 0x80)
 *fill*         0x0020fb78       0x80 00
                0x0020fc00                . = ALIGN (0x10)
 *fill*         0x0020fbf8        0x8 00
                0x0020fc00                __irq_stack__ = .
                0x0020fc00                __system_stack_bottom__ = .
                0x00210000                . = (. + 0x400)
 *fill*         0x0020fc00      0x400 00
                0x00210000                . = ALIGN (0x10)
                0x00210000                __system_stack__ = .
                0x00210000                __system_stack_top__ = .
                0x0020fb78                __stack_start__ = ADDR (.stack)
                0x00210000                __stack_end__ = (ADDR (.stack) + SIZEOF (.stack))
OUTPUT(azuma2014_rom.elf elf32-littlearm)

.comment        0x00000000      0x5a0
 .comment       0x00000000       0x12 build/kernel/alarm.o
 .comment       0x00000012       0x12 build/kernel/event.o
 .comment       0x00000024       0x12 build/kernel/interrupt.o
 .comment       0x00000036       0x12 build/kernel/osctl.o
 .comment       0x00000048       0x12 build/kernel/resource.o
 .comment       0x0000005a       0x12 build/kernel/task.o
 .comment       0x0000006c       0x12 build/kernel/task_manage.o
 .comment       0x0000007e       0x12 build/config/at91sam7s-gnu/cpu_config.o
 .comment       0x00000090       0x12 build/config/at91sam7s-gnu/lego_nxt/sys_config.o
 .comment       0x000000a2       0x12 build/./kernel_cfg.o
 .comment       0x000000b4       0x12 build/syscalls.o
 .comment       0x000000c6       0x12 build/ecrobot_bluetooth.o
 .comment       0x000000d8       0x12 build/ecrobot_base.o
 .comment       0x000000ea       0x12 build/ecrobot.o
 .comment       0x000000fc       0x12 build/model_impl.o
 .comment       0x0000010e       0x12 build/balancer_param.o
 .comment       0x00000120       0x12 build/device/Bluetooth.o
 .comment       0x00000132       0x12 build/device/GyroSensor.o
 .comment       0x00000144       0x12 build/device/TouchSensor.o
 .comment       0x00000156       0x12 build/device/Motor.o
 .comment       0x00000168       0x12 build/device/LightSensor.o
 .comment       0x0000017a       0x12 build/device/SonarSensor.o
 .comment       0x0000018c       0x12 build/device/LCD.o
 .comment       0x0000019e       0x12 build/device/Logger.o
 .comment       0x000001b0       0x12 build/device/Timer.o
 .comment       0x000001c2       0x12 build/competision/Competision.o
 .comment       0x000001d4       0x12 build/competision/Strategy.o
 .comment       0x000001e6       0x12 build/competision/LineTracer.o
 .comment       0x000001f8       0x12 build/competision/Runner.o
 .comment       0x0000020a       0x12 build/competision/GarageIn.o
 .comment       0x0000021c       0x12 build/competision/Seesaw.o
 .comment       0x0000022e       0x12 build/competision/BasicStage.o
 .comment       0x00000240       0x12 build/competision/LookUpGate.o
 .comment       0x00000252       0x12 build/technique/Tail.o
 .comment       0x00000264       0x12 build/technique/Wheel.o
 .comment       0x00000276       0x12 build/technique/BalanceControl.o
 .comment       0x00000288       0x12 build/technique/PidControl.o
 .comment       0x0000029a       0x12 build/technique/Communication.o
 .comment       0x000002ac       0x12 build/technique/Commander.o
 .comment       0x000002be       0x12 build/technique/GrayDecision.o
 .comment       0x000002d0       0x12 build/technique/WheelAverage.o
 .comment       0x000002e2       0x12 build/technique/Distance.o
 .comment       0x000002f4       0x12 build/technique/Dash.o
 .comment       0x00000306       0x12 build/CheckStart.o
 .comment       0x00000318       0x12 build/Calibration.o
 .comment       0x0000032a       0x12 build/syslib/at91sam7s-gnu/lego_nxt/hw_sys_timer.oram
 .comment       0x0000033c       0x12 ../nxtOSEK/ecrobot/../ecrobot/libecrobot.a(ecrobot_HiTechnic.o)
 .comment       0x0000034e       0x12 ../nxtOSEK/ecrobot/../ecrobot/libecrobot.a(ecrobot_interface.o)
 .comment       0x00000360       0x12 ../nxtOSEK/ecrobot/../ecrobot/libecrobot.a(colorsensor.o)
 .comment       0x00000372       0x12 ../nxtOSEK/ecrobot/../ecrobot/libecrobot.a(osek_hook.o)
 .comment       0x00000384       0x12 ../nxtOSEK/ecrobot/../ecrobot/libecrobot.a(uart.oram)
 .comment       0x00000396       0x12 ../nxtOSEK/ecrobot/../ecrobot/libecrobot.a(systick.oram)
 .comment       0x000003a8       0x12 ../nxtOSEK/ecrobot/../ecrobot/libecrobot.a(byte_fifo.oram)
 .comment       0x000003ba       0x12 ../nxtOSEK/ecrobot/../ecrobot/libecrobot.a(aic.oram)
 .comment       0x000003cc       0x12 ../nxtOSEK/ecrobot/../ecrobot/libecrobot.a(udp.oram)
 .comment       0x000003de       0x12 ../nxtOSEK/ecrobot/../ecrobot/libecrobot.a(twi.oram)
 .comment       0x000003f0       0x12 ../nxtOSEK/ecrobot/../ecrobot/libecrobot.a(nxt_spi.oram)
 .comment       0x00000402       0x12 ../nxtOSEK/ecrobot/../ecrobot/libecrobot.a(nxt_motors.oram)
 .comment       0x00000414       0x12 ../nxtOSEK/ecrobot/../ecrobot/libecrobot.a(data_abort.oram)
 .comment       0x00000426       0x12 ../nxtOSEK/ecrobot/../ecrobot/libecrobot.a(display.oram)
 .comment       0x00000438       0x12 ../nxtOSEK/ecrobot/../ecrobot/libecrobot.a(i2c.oram)
 .comment       0x0000044a       0x12 ../nxtOSEK/ecrobot/../ecrobot/libecrobot.a(sound.oram)
 .comment       0x0000045c       0x12 ../nxtOSEK/ecrobot/../ecrobot/libecrobot.a(bt.oram)
 .comment       0x0000046e       0x12 ../nxtOSEK/ecrobot/../ecrobot/libecrobot.a(nxt_avr.oram)
 .comment       0x00000480       0x12 ../nxtOSEK/ecrobot/../ecrobot/libecrobot.a(sensors.oram)
 .comment       0x00000492       0x12 ../nxtOSEK/ecrobot/../ecrobot/libecrobot.a(sensors1.oram)
 .comment       0x000004a4       0x12 ../nxtOSEK/ecrobot/../ecrobot/libecrobot.a(nxt_lcd.oram)
 .comment       0x000004b6       0x12 ../nxtOSEK/ecrobot/../ecrobot/libecrobot.a(flash_loader.oram)
 .comment       0x000004c8       0x12 ../nxtOSEK/ecrobot/../ecrobot/libecrobot.a(ecrobot_usb.o)
 .comment       0x000004da       0x12 ../nxtOSEK/ecrobot/../ecrobot/libecrobot.a(flashprog.oram)
 .comment       0x000004ec       0x12 ../nxtOSEK/ecrobot/../ecrobot/libnxtway_gs_balancer.a(balancer.o)
 .comment       0x000004fe       0x12 /cygdrive/C/cygwin/GNUARM/bin/../lib/gcc/arm-elf/4.0.2/thumb/interwork/libgcc.a(_muldi3.o)
 .comment       0x00000510       0x12 /cygdrive/C/cygwin/GNUARM/bin/../lib/gcc/arm-elf/4.0.2/thumb/interwork/libgcc.a(_divdi3.o)
 .comment       0x00000522       0x12 /cygdrive/C/cygwin/GNUARM/bin/../lib/gcc/arm-elf/4.0.2/thumb/interwork/libgcc.a(_clz.o)
 .comment       0x00000534       0x12 /cygdrive/C/cygwin/GNUARM/bin/../lib/gcc/arm-elf/4.0.2/../../../../arm-elf/lib/thumb/interwork/libc.a(memcpy.o)
 .comment       0x00000546       0x12 /cygdrive/C/cygwin/GNUARM/bin/../lib/gcc/arm-elf/4.0.2/../../../../arm-elf/lib/thumb/interwork/libc.a(memset.o)
 .comment       0x00000558       0x12 /cygdrive/C/cygwin/GNUARM/bin/../lib/gcc/arm-elf/4.0.2/../../../../arm-elf/lib/thumb/interwork/libc.a(strcmp.o)
 .comment       0x0000056a       0x12 /cygdrive/C/cygwin/GNUARM/bin/../lib/gcc/arm-elf/4.0.2/../../../../arm-elf/lib/thumb/interwork/libc.a(strcpy.o)
 .comment       0x0000057c       0x12 /cygdrive/C/cygwin/GNUARM/bin/../lib/gcc/arm-elf/4.0.2/../../../../arm-elf/lib/thumb/interwork/libc.a(strlen.o)
 .comment       0x0000058e       0x12 /cygdrive/C/cygwin/GNUARM/bin/../lib/gcc/arm-elf/4.0.2/../../../../arm-elf/lib/thumb/interwork/libc.a(strncpy.o)

.debug_line     0x00000000      0xf28
 .debug_line    0x00000000       0x70 /cygdrive/C/cygwin/GNUARM/bin/../lib/gcc/arm-elf/4.0.2/thumb/interwork/libgcc.a(_udivsi3.o)
 .debug_line    0x00000070       0x7c /cygdrive/C/cygwin/GNUARM/bin/../lib/gcc/arm-elf/4.0.2/thumb/interwork/libgcc.a(_divsi3.o)
 .debug_line    0x000000ec       0x68 /cygdrive/C/cygwin/GNUARM/bin/../lib/gcc/arm-elf/4.0.2/thumb/interwork/libgcc.a(_umodsi3.o)
 .debug_line    0x00000154       0x71 /cygdrive/C/cygwin/GNUARM/bin/../lib/gcc/arm-elf/4.0.2/thumb/interwork/libgcc.a(_modsi3.o)
 .debug_line    0x000001c5       0x5a /cygdrive/C/cygwin/GNUARM/bin/../lib/gcc/arm-elf/4.0.2/thumb/interwork/libgcc.a(_dvmd_tls.o)
 .debug_line    0x0000021f      0x162 /cygdrive/C/cygwin/GNUARM/bin/../lib/gcc/arm-elf/4.0.2/thumb/interwork/libgcc.a(_addsubdf3.o)
 .debug_line    0x00000381      0x177 /cygdrive/C/cygwin/GNUARM/bin/../lib/gcc/arm-elf/4.0.2/thumb/interwork/libgcc.a(_muldivdf3.o)
 .debug_line    0x000004f8       0xa4 /cygdrive/C/cygwin/GNUARM/bin/../lib/gcc/arm-elf/4.0.2/thumb/interwork/libgcc.a(_cmpdf2.o)
 .debug_line    0x0000059c       0x80 /cygdrive/C/cygwin/GNUARM/bin/../lib/gcc/arm-elf/4.0.2/thumb/interwork/libgcc.a(_truncdfsf2.o)
 .debug_line    0x0000061c      0x110 /cygdrive/C/cygwin/GNUARM/bin/../lib/gcc/arm-elf/4.0.2/thumb/interwork/libgcc.a(_addsubsf3.o)
 .debug_line    0x0000072c      0x11a /cygdrive/C/cygwin/GNUARM/bin/../lib/gcc/arm-elf/4.0.2/thumb/interwork/libgcc.a(_muldivsf3.o)
 .debug_line    0x00000846       0x98 /cygdrive/C/cygwin/GNUARM/bin/../lib/gcc/arm-elf/4.0.2/thumb/interwork/libgcc.a(_cmpsf2.o)
 .debug_line    0x000008de       0x6f /cygdrive/C/cygwin/GNUARM/bin/../lib/gcc/arm-elf/4.0.2/thumb/interwork/libgcc.a(_fixsfsi.o)
 .debug_line    0x0000094d       0x61 /cygdrive/C/cygwin/GNUARM/bin/../lib/gcc/arm-elf/4.0.2/thumb/interwork/libgcc.a(_muldi3.o)
 .debug_line    0x000009ae      0x122 /cygdrive/C/cygwin/GNUARM/bin/../lib/gcc/arm-elf/4.0.2/thumb/interwork/libgcc.a(_divdi3.o)
 .debug_line    0x00000ad0       0x48 /cygdrive/C/cygwin/GNUARM/bin/../lib/gcc/arm-elf/4.0.2/thumb/interwork/libgcc.a(_clz.o)
 .debug_line    0x00000b18       0xc3 /cygdrive/C/cygwin/GNUARM/bin/../lib/gcc/arm-elf/4.0.2/../../../../arm-elf/lib/thumb/interwork/libc.a(memcpy.o)
 .debug_line    0x00000bdb       0xd4 /cygdrive/C/cygwin/GNUARM/bin/../lib/gcc/arm-elf/4.0.2/../../../../arm-elf/lib/thumb/interwork/libc.a(memset.o)
 .debug_line    0x00000caf       0x88 /cygdrive/C/cygwin/GNUARM/bin/../lib/gcc/arm-elf/4.0.2/../../../../arm-elf/lib/thumb/interwork/libc.a(strcmp.o)
 .debug_line    0x00000d37       0x80 /cygdrive/C/cygwin/GNUARM/bin/../lib/gcc/arm-elf/4.0.2/../../../../arm-elf/lib/thumb/interwork/libc.a(strcpy.o)
 .debug_line    0x00000db7       0xaf /cygdrive/C/cygwin/GNUARM/bin/../lib/gcc/arm-elf/4.0.2/../../../../arm-elf/lib/thumb/interwork/libc.a(strlen.o)
 .debug_line    0x00000e66       0xc2 /cygdrive/C/cygwin/GNUARM/bin/../lib/gcc/arm-elf/4.0.2/../../../../arm-elf/lib/thumb/interwork/libc.a(strncpy.o)

.debug_info     0x00000000     0x1587
 .debug_info    0x00000000       0x6a /cygdrive/C/cygwin/GNUARM/bin/../lib/gcc/arm-elf/4.0.2/thumb/interwork/libgcc.a(_udivsi3.o)
 .debug_info    0x0000006a       0x6a /cygdrive/C/cygwin/GNUARM/bin/../lib/gcc/arm-elf/4.0.2/thumb/interwork/libgcc.a(_divsi3.o)
 .debug_info    0x000000d4       0x6a /cygdrive/C/cygwin/GNUARM/bin/../lib/gcc/arm-elf/4.0.2/thumb/interwork/libgcc.a(_umodsi3.o)
 .debug_info    0x0000013e       0x6a /cygdrive/C/cygwin/GNUARM/bin/../lib/gcc/arm-elf/4.0.2/thumb/interwork/libgcc.a(_modsi3.o)
 .debug_info    0x000001a8       0x6a /cygdrive/C/cygwin/GNUARM/bin/../lib/gcc/arm-elf/4.0.2/thumb/interwork/libgcc.a(_dvmd_tls.o)
 .debug_info    0x00000212       0x69 /cygdrive/C/cygwin/GNUARM/bin/../lib/gcc/arm-elf/4.0.2/thumb/interwork/libgcc.a(_addsubdf3.o)
 .debug_info    0x0000027b       0x69 /cygdrive/C/cygwin/GNUARM/bin/../lib/gcc/arm-elf/4.0.2/thumb/interwork/libgcc.a(_muldivdf3.o)
 .debug_info    0x000002e4       0x69 /cygdrive/C/cygwin/GNUARM/bin/../lib/gcc/arm-elf/4.0.2/thumb/interwork/libgcc.a(_cmpdf2.o)
 .debug_info    0x0000034d       0x69 /cygdrive/C/cygwin/GNUARM/bin/../lib/gcc/arm-elf/4.0.2/thumb/interwork/libgcc.a(_truncdfsf2.o)
 .debug_info    0x000003b6       0x69 /cygdrive/C/cygwin/GNUARM/bin/../lib/gcc/arm-elf/4.0.2/thumb/interwork/libgcc.a(_addsubsf3.o)
 .debug_info    0x0000041f       0x69 /cygdrive/C/cygwin/GNUARM/bin/../lib/gcc/arm-elf/4.0.2/thumb/interwork/libgcc.a(_muldivsf3.o)
 .debug_info    0x00000488       0x69 /cygdrive/C/cygwin/GNUARM/bin/../lib/gcc/arm-elf/4.0.2/thumb/interwork/libgcc.a(_cmpsf2.o)
 .debug_info    0x000004f1       0x69 /cygdrive/C/cygwin/GNUARM/bin/../lib/gcc/arm-elf/4.0.2/thumb/interwork/libgcc.a(_fixsfsi.o)
 .debug_info    0x0000055a      0x20e /cygdrive/C/cygwin/GNUARM/bin/../lib/gcc/arm-elf/4.0.2/thumb/interwork/libgcc.a(_muldi3.o)
 .debug_info    0x00000768      0x758 /cygdrive/C/cygwin/GNUARM/bin/../lib/gcc/arm-elf/4.0.2/thumb/interwork/libgcc.a(_divdi3.o)
 .debug_info    0x00000ec0       0xc9 /cygdrive/C/cygwin/GNUARM/bin/../lib/gcc/arm-elf/4.0.2/thumb/interwork/libgcc.a(_clz.o)
 .debug_info    0x00000f89      0x10d /cygdrive/C/cygwin/GNUARM/bin/../lib/gcc/arm-elf/4.0.2/../../../../arm-elf/lib/thumb/interwork/libc.a(memcpy.o)
 .debug_info    0x00001096      0x111 /cygdrive/C/cygwin/GNUARM/bin/../lib/gcc/arm-elf/4.0.2/../../../../arm-elf/lib/thumb/interwork/libc.a(memset.o)