Archive member included because of file (symbol)

../nxtOSEK/ecrobot/../ecrobot/libecrobot.a(ecrobot_HiTechnic.o)
                              build/device/GyroSensor.o (ecrobot_get_gyro_sensor)
../nxtOSEK/ecrobot/../ecrobot/libecrobot.a(ecrobot_interface.o)
                              build/model_impl.o (ecrobot_set_light_sensor_active)
../nxtOSEK/ecrobot/../ecrobot/libecrobot.a(colorsensor.o)
                              ../nxtOSEK/ecrobot/../ecrobot/libecrobot.a(ecrobot_interface.o) (colorsensor_init)
../nxtOSEK/ecrobot/../ecrobot/libecrobot.a(osek_hook.o)
                              build/kernel/osctl.o (StartupHook)
../nxtOSEK/ecrobot/../ecrobot/libecrobot.a(uart.oram)
                              build/config/at91sam7s-gnu/irq.oram (uart_isr_C_0)
../nxtOSEK/ecrobot/../ecrobot/libecrobot.a(systick.oram)
                              build/syslib/at91sam7s-gnu/lego_nxt/hw_sys_timer.oram (systick_low_priority_C)
../nxtOSEK/ecrobot/../ecrobot/libecrobot.a(byte_fifo.oram)
                              ../nxtOSEK/ecrobot/../ecrobot/libecrobot.a(uart.oram) (byte_fifo_put)
../nxtOSEK/ecrobot/../ecrobot/libecrobot.a(aic.oram)
                              ../nxtOSEK/ecrobot/../ecrobot/libecrobot.a(uart.oram) (aic_set_vector)
../nxtOSEK/ecrobot/../ecrobot/libecrobot.a(udp.oram)
                              build/config/at91sam7s-gnu/irq.oram (udp_isr_C)
../nxtOSEK/ecrobot/../ecrobot/libecrobot.a(twi.oram)
                              build/config/at91sam7s-gnu/irq.oram (twi_isr_C)
../nxtOSEK/ecrobot/../ecrobot/libecrobot.a(nxt_spi.oram)
                              build/config/at91sam7s-gnu/irq.oram (spi_isr_C)
../nxtOSEK/ecrobot/../ecrobot/libecrobot.a(nxt_motors.oram)
                              build/device/Motor.o (nxt_motor_get_count)
../nxtOSEK/ecrobot/../ecrobot/libecrobot.a(data_abort.oram)
                              build/ecrobot_init.o (data_abort_C)
../nxtOSEK/ecrobot/../ecrobot/libecrobot.a(display.oram)
                              build/ecrobot_base.o (display_update)
../nxtOSEK/ecrobot/../ecrobot/libecrobot.a(i2c.oram)
                              build/config/at91sam7s-gnu/irq.oram (i2c_timer_isr_C)
../nxtOSEK/ecrobot/../ecrobot/libecrobot.a(sound.oram)
                              ../nxtOSEK/ecrobot/../ecrobot/libecrobot.a(ecrobot_interface.o) (sound_get_time)
../nxtOSEK/ecrobot/../ecrobot/libecrobot.a(bt.oram)
                              build/ecrobot_bluetooth.o (bt_send)
../nxtOSEK/ecrobot/../ecrobot/libecrobot.a(nxt_avr.oram)
                              build/ecrobot_base.o (nxt_avr_power_down)
../nxtOSEK/ecrobot/../ecrobot/libecrobot.a(sensors.oram)
                              ../nxtOSEK/ecrobot/../ecrobot/libecrobot.a(ecrobot_interface.o) (unset_digi0)
../nxtOSEK/ecrobot/../ecrobot/libecrobot.a(sensors1.oram)
                              ../nxtOSEK/ecrobot/../ecrobot/libecrobot.a(colorsensor.o) (sensor_pins)
../nxtOSEK/ecrobot/../ecrobot/libecrobot.a(nxt_lcd.oram)
                              ../nxtOSEK/ecrobot/../ecrobot/libecrobot.a(display.oram) (nxt_lcd_force_update)
../nxtOSEK/ecrobot/../ecrobot/libecrobot.a(flash_loader.oram)
                              build/ecrobot_base.o (set_flash_request)
../nxtOSEK/ecrobot/../ecrobot/libecrobot.a(interrupts.oram)
                              ../nxtOSEK/ecrobot/../ecrobot/libecrobot.a(uart.oram) (interrupts_get_and_disable)
../nxtOSEK/ecrobot/../ecrobot/libecrobot.a(nxtosek_splash.obmp)
                              build/ecrobot_base.o (nxtosek_splash_bmp_start)
../nxtOSEK/ecrobot/../ecrobot/libecrobot.a(ecrobot_usb.o)
                              ../nxtOSEK/ecrobot/../ecrobot/libecrobot.a(flash_loader.oram) (ecrobot_init_usb)
../nxtOSEK/ecrobot/../ecrobot/libecrobot.a(flashprog.oram)
                              ../nxtOSEK/ecrobot/../ecrobot/libecrobot.a(flash_loader.oram) (flash_write_page)
../nxtOSEK/ecrobot/../ecrobot/libnxtway_gs_balancer.a(balancer.o)
                              build/technique/BalanceControl.o (balance_control)
/cygdrive/C/cygwin/GNUARM/bin/../lib/gcc/arm-elf/4.0.2/thumb/interwork/libgcc.a(_udivsi3.o)
                              build/ecrobot_base.o (__udivsi3)
/cygdrive/C/cygwin/GNUARM/bin/../lib/gcc/arm-elf/4.0.2/thumb/interwork/libgcc.a(_divsi3.o)
                              build/technique/Commander.o (__divsi3)
/cygdrive/C/cygwin/GNUARM/bin/../lib/gcc/arm-elf/4.0.2/thumb/interwork/libgcc.a(_umodsi3.o)
                              build/competision/LookUpGate.o (__umodsi3)
/cygdrive/C/cygwin/GNUARM/bin/../lib/gcc/arm-elf/4.0.2/thumb/interwork/libgcc.a(_modsi3.o)
                              ../nxtOSEK/ecrobot/../ecrobot/libecrobot.a(sound.oram) (__modsi3)
/cygdrive/C/cygwin/GNUARM/bin/../lib/gcc/arm-elf/4.0.2/thumb/interwork/libgcc.a(_dvmd_tls.o)
                              /cygdrive/C/cygwin/GNUARM/bin/../lib/gcc/arm-elf/4.0.2/thumb/interwork/libgcc.a(_udivsi3.o) (__div0)
/cygdrive/C/cygwin/GNUARM/bin/../lib/gcc/arm-elf/4.0.2/thumb/interwork/libgcc.a(_addsubdf3.o)
[...]
Memory Configuration

Name             Origin             Length             Attributes
vector_ram       0x00200000         0x00000040
ram              0x00200040         0x0000ffc0
*default*        0x00000000         0xffffffff

Linker script and memory map

LOAD build/kernel/alarm.o
LOAD build/kernel/event.o
LOAD build/kernel/interrupt.o
LOAD build/kernel/osctl.o
LOAD build/kernel/resource.o
LOAD build/kernel/task.o
LOAD build/kernel/task_manage.o
LOAD build/config/at91sam7s-gnu/cpu_config.o
LOAD build/config/at91sam7s-gnu/lego_nxt/sys_config.o
LOAD build/./kernel_cfg.o
LOAD build/syscalls.o
LOAD build/ecrobot_bluetooth.o
LOAD build/ecrobot_base.o
LOAD build/ecrobot.o
LOAD build/model_impl.o
LOAD build/balancer_param.o
LOAD build/device/Bluetooth.o
LOAD build/device/GyroSensor.o
LOAD build/device/TouchSensor.o
LOAD build/device/Motor.o
LOAD build/device/LightSensor.o
LOAD build/device/SonarSensor.o
LOAD build/device/LCD.o
LOAD build/device/Logger.o
LOAD build/device/Timer.o
LOAD build/competision/Competision.o
LOAD build/competision/Strategy.o
LOAD build/competision/LineTracer.o
LOAD build/competision/Runner.o
LOAD build/competision/GarageIn.o
LOAD build/competision/Seesaw.o
LOAD build/competision/BasicStage.o
LOAD build/competision/LookUpGate.o
LOAD build/technique/Tail.o
LOAD build/technique/Wheel.o
LOAD build/technique/BalanceControl.o
LOAD build/technique/PidControl.o
LOAD build/technique/Communication.o
LOAD build/technique/Commander.o
LOAD build/technique/GrayDecision.o
LOAD build/technique/WheelAverage.o
LOAD build/technique/Distance.o
LOAD build/technique/Dash.o
LOAD build/CheckStart.o
LOAD build/Calibration.o
LOAD build/syslib/at91sam7s-gnu/lego_nxt/hw_sys_timer.oram
LOAD build/nxtvm/platform/nxt/vectors.o
LOAD build/config/at91sam7s-gnu/debug.o
LOAD build/config/at91sam7s-gnu/lego_nxt/sys_support.o
LOAD build/nxt_binary_header.o
LOAD build/nxt_entry_point.o
LOAD build/ecrobot_init.o
LOAD build/config/at91sam7s-gnu/cpu_support.oram
LOAD build/config/at91sam7s-gnu/irq.oram
LOAD ../nxtOSEK/ecrobot/../c++/liblejososek.a
LOAD ../nxtOSEK/ecrobot/../ecrobot/libecrobot.a
LOAD ../nxtOSEK/ecrobot/../ecrobot/libnxtway_gs_balancer.a
LOAD /cygdrive/C/cygwin/GNUARM/bin/../lib/gcc/arm-elf/4.0.2/../../../../arm-elf/lib/thumb/interwork/libstdc++.a
LOAD /cygdrive/C/cygwin/GNUARM/bin/../lib/gcc/arm-elf/4.0.2/../../../../arm-elf/lib/thumb/interwork/libm.a
LOAD /cygdrive/C/cygwin/GNUARM/bin/../lib/gcc/arm-elf/4.0.2/thumb/interwork/libgcc.a
LOAD /cygdrive/C/cygwin/GNUARM/bin/../lib/gcc/arm-elf/4.0.2/../../../../arm-elf/lib/thumb/interwork/libc.a
LOAD /cygdrive/C/cygwin/GNUARM/bin/../lib/gcc/arm-elf/4.0.2/thumb/interwork/libgcc.a
                0x00200000                RAM_BASE = 0x200000
                0x00010000                RAM_SIZE = 0x10000

.samba_reserved
                0x00200040     0x1fc0
                0x00202000                . = 0x1fc0
 *fill*         0x00200040     0x1fc0 00
                0x00200040                __samba_ram_start__ = ADDR (.samba_reserved)
                0x00202000                __samba_ram_end__ = (__samba_ram_start__ + SIZEOF (.samba_reserved))

.vectors        0x00200000       0x40 load address 0x00202000
 vectors.o(*.text *.text.*)
 .text          0x00200000       0x38 build/nxtvm/platform/nxt/vectors.o
                0x00200040                . = ALIGN (0x10)
 *fill*         0x00200038        0x8 00
                0x00200000                __vectors_ram_start__ = ADDR (.vectors)
                0x00200040                __vectors_ram_end__ = (ADDR (.vectors) + SIZEOF (.vectors))
                0x00202000                __vectors_load_start__ = LOADADDR (.vectors)
                0x00202040                __vectors_load_end__ = (LOADADDR (.vectors) + SIZEOF (.vectors))

.init           0x00202040      0x280
 *ecrobot_init.o(*.text *.text.*)
 .text          0x00202040      0x280 build/ecrobot_init.o
                0x002021ac                undef_handler
                0x002021b4                prefetch_abort_handler
                0x002021b8                data_abort_handler
                0x002021b0                swi_handler
                0x00202040                start
                0x002021d4                reserved_handler
                0x002022c0                . = ALIGN (0x10)

.ram_text       0x002022c0     0x3890
                0x002022c0                . = ALIGN (0x10)
 *.oram(*.text *.text.* *.glue*)
 .text.systick_isr_C1
                0x002022c0       0x28 build/syslib/at91sam7s-gnu/lego_nxt/hw_sys_timer.oram
                0x002022c0                systick_isr_C1
 *fill*         0x002022e8        0x8 00
 .text          0x002022f0      0x230 build/config/at91sam7s-gnu/cpu_support.oram
                0x002024d0                enable_int
                0x00202370                start_dispatch
                0x00202330                activate_r
                0x002024c8                disable_int
                0x002022f0                dispatch
                0x0020249c                int_return
                0x0020242c                _interrupt
                0x00202360                exit_and_dispatch
                0x002024d8                nop
 .text          0x00202520      0x2c0 build/config/at91sam7s-gnu/irq.oram
                0x00202520                default_isr
                0x002026ac                uart_isr_entry_0
                0x0020262c                twi_isr_entry
                0x002026ec                uart_isr_entry_1
                0x002025ec                spi_isr_entry
                0x0020256c                systick_low_priority_entry
                0x0020272c                nxt_motor_isr_entry
                0x0020276c                i2c_timer_isr_entry
                0x00202520                default_fiq
                0x00202524                systick_isr_entry
                0x00202520                spurious_isr
                0x0020266c                sound_isr_entry
                0x002025ac                udp_isr_entry
 .text.uart_process_isr
                0x002027e0       0x88 ../nxtOSEK/ecrobot/../ecrobot/libecrobot.a(uart.oram)
 .text.uart_isr_C_0
                0x00202868        0xc ../nxtOSEK/ecrobot/../ecrobot/libecrobot.a(uart.oram)
                0x00202868                uart_isr_C_0
 .text.uart_isr_C_1
                0x00202874        0xc ../nxtOSEK/ecrobot/../ecrobot/libecrobot.a(uart.oram)
                0x00202874                uart_isr_C_1
 .text.systick_low_priority_C
                0x00202880       0x1c ../nxtOSEK/ecrobot/../ecrobot/libecrobot.a(systick.oram)
                0x00202880                systick_low_priority_C
 .text.systick_isr_C
                0x0020289c       0x24 ../nxtOSEK/ecrobot/../ecrobot/libecrobot.a(systick.oram)
                0x0020289c                systick_isr_C
 .text.systick_get_ms
                0x002028c0        0xc ../nxtOSEK/ecrobot/../ecrobot/libecrobot.a(systick.oram)
                0x002028c0                systick_get_ms
 .text.systick_wait_ms
                0x002028cc       0x1c ../nxtOSEK/ecrobot/../ecrobot/libecrobot.a(systick.oram)
                0x002028cc                systick_wait_ms
 .text.systick_wait_ns
                0x002028e8       0x1c ../nxtOSEK/ecrobot/../ecrobot/libecrobot.a(systick.oram)
                0x002028e8                systick_wait_ns
 .text.systick_init
                0x00202904       0x58 ../nxtOSEK/ecrobot/../ecrobot/libecrobot.a(systick.oram)
                0x00202904                systick_init
 .text.systick_suspend
                0x0020295c        0xc ../nxtOSEK/ecrobot/../ecrobot/libecrobot.a(systick.oram)
                0x0020295c                systick_suspend
 .text.systick_resume
                0x00202968        0xc ../nxtOSEK/ecrobot/../ecrobot/libecrobot.a(systick.oram)
                0x00202968                systick_resume
 .text.byte_fifo_put
                0x00202974       0x58 ../nxtOSEK/ecrobot/../ecrobot/libecrobot.a(byte_fifo.oram)
                0x00202974                byte_fifo_put
 .text.byte_fifo_get
                0x002029cc       0x2c ../nxtOSEK/ecrobot/../ecrobot/libecrobot.a(byte_fifo.oram)
                0x002029cc                byte_fifo_get
 .text.aic_initialise
                0x002029f8       0x5c ../nxtOSEK/ecrobot/../ecrobot/libecrobot.a(aic.oram)
                0x002029f8                aic_initialise
 .text.aic_set_vector
                0x00202a54       0x30 ../nxtOSEK/ecrobot/../ecrobot/libecrobot.a(aic.oram)
                0x00202a54                aic_set_vector
 .text.aic_mask_on
                0x00202a84       0x24 ../nxtOSEK/ecrobot/../ecrobot/libecrobot.a(aic.oram)
                0x00202a84                aic_mask_on
 .text.aic_mask_off
                0x00202aa8       0x24 ../nxtOSEK/ecrobot/../ecrobot/libecrobot.a(aic.oram)
                0x00202aa8                aic_mask_off
 .text.aic_clear
                0x00202acc       0x24 ../nxtOSEK/ecrobot/../ecrobot/libecrobot.a(aic.oram)
                0x00202acc                aic_clear
 .text.reset    0x00202af0       0x4c ../nxtOSEK/ecrobot/../ecrobot/libecrobot.a(udp.oram)
 .text.udp_send_null
                0x00202b3c       0x2c ../nxtOSEK/ecrobot/../ecrobot/libecrobot.a(udp.oram)
 .text.udp_send_stall
                0x00202b68       0x2c ../nxtOSEK/ecrobot/../ecrobot/libecrobot.a(udp.oram)
 .text.udp_send_control
                0x00202b94       0x60 ../nxtOSEK/ecrobot/../ecrobot/libecrobot.a(udp.oram)
 .text.udp_isr_C
                0x00202bf4      0x7d0 ../nxtOSEK/ecrobot/../ecrobot/libecrobot.a(udp.oram)
                0x00202bf4                udp_isr_C
 .text.twi_status
                0x002033c4       0x20 ../nxtOSEK/ecrobot/../ecrobot/libecrobot.a(twi.oram)
                0x002033c4                twi_status
 .text.twi_isr_C
                0x002033e4       0xc4 ../nxtOSEK/ecrobot/../ecrobot/libecrobot.a(twi.oram)
                0x002033e4                twi_isr_C
 .text.twi_reset
                0x002034a8       0xb4 ../nxtOSEK/ecrobot/../ecrobot/libecrobot.a(twi.oram)
                0x002034a8                twi_reset
 .text.twi_init
                0x0020355c       0x4c ../nxtOSEK/ecrobot/../ecrobot/libecrobot.a(twi.oram)
                0x0020355c                twi_init
 .text.twi_start_read
                0x002035a8       0x60 ../nxtOSEK/ecrobot/../ecrobot/libecrobot.a(twi.oram)
                0x002035a8                twi_start_read
 .text.twi_start_write
                0x00203608       0x64 ../nxtOSEK/ecrobot/../ecrobot/libecrobot.a(twi.oram)
                0x00203608                twi_start_write
 .text.spi_set_mode
                0x0020366c       0x40 ../nxtOSEK/ecrobot/../ecrobot/libecrobot.a(nxt_spi.oram)
 .text.spi_isr_C
                0x002036ac       0x8c ../nxtOSEK/ecrobot/../ecrobot/libecrobot.a(nxt_spi.oram)
                0x002036ac                spi_isr_C
 .text.nxt_spi_init
                0x00203738      0x12c ../nxtOSEK/ecrobot/../ecrobot/libecrobot.a(nxt_spi.oram)
                0x00203738                nxt_spi_init
 .text.nxt_spi_write
                0x00203864       0x44 ../nxtOSEK/ecrobot/../ecrobot/libecrobot.a(nxt_spi.oram)
                0x00203864                nxt_spi_write
 .text.nxt_spi_set_display
                0x002038a8       0x10 ../nxtOSEK/ecrobot/../ecrobot/libecrobot.a(nxt_spi.oram)
                0x002038a8                nxt_spi_set_display
 .text.nxt_spi_refresh
                0x002038b8       0x24 ../nxtOSEK/ecrobot/../ecrobot/libecrobot.a(nxt_spi.oram)
                0x002038b8                nxt_spi_refresh
 .text.nxt_motor_get_count
                0x002038dc       0x14 ../nxtOSEK/ecrobot/../ecrobot/libecrobot.a(nxt_motors.oram)
                0x002038dc                nxt_motor_get_count
 .text.nxt_motor_set_count
                0x002038f0       0x10 ../nxtOSEK/ecrobot/../ecrobot/libecrobot.a(nxt_motors.oram)
                0x002038f0                nxt_motor_set_count
 .text.nxt_motor_set_speed
                0x00203900       0x34 ../nxtOSEK/ecrobot/../ecrobot/libecrobot.a(nxt_motors.oram)
                0x00203900                nxt_motor_set_speed
 .text.nxt_motor_1kHz_process
                0x00203934       0x28 ../nxtOSEK/ecrobot/../ecrobot/libecrobot.a(nxt_motors.oram)
                0x00203934                nxt_motor_1kHz_process
 .text.nxt_motor_quad_decode
                0x0020395c       0x30 ../nxtOSEK/ecrobot/../ecrobot/libecrobot.a(nxt_motors.oram)
                0x0020395c                nxt_motor_quad_decode
 .text.nxt_motor_isr_C
                0x0020398c       0x88 ../nxtOSEK/ecrobot/../ecrobot/libecrobot.a(nxt_motors.oram)
                0x0020398c                nxt_motor_isr_C
 .text.nxt_motor_init
                0x00203a14       0x68 ../nxtOSEK/ecrobot/../ecrobot/libecrobot.a(nxt_motors.oram)
                0x00203a14                nxt_motor_init
 .text.data_abort_C
                0x00203a7c       0x7c ../nxtOSEK/ecrobot/../ecrobot/libecrobot.a(data_abort.oram)
                0x00203a7c                data_abort_C
 .text.display_update
                0x00203af8       0x14 ../nxtOSEK/ecrobot/../ecrobot/libecrobot.a(display.oram)
                0x00203af8                display_update
 .text.display_force_update
                0x00203b0c        0xc ../nxtOSEK/ecrobot/../ecrobot/libecrobot.a(display.oram)
                0x00203b0c                display_force_update
 .text.display_clear
                0x00203b18       0x24 ../nxtOSEK/ecrobot/../ecrobot/libecrobot.a(display.oram)
                0x00203b18                display_clear
 .text.display_goto_xy
                0x00203b3c       0x14 ../nxtOSEK/ecrobot/../ecrobot/libecrobot.a(display.oram)
                0x00203b3c                display_goto_xy
 .text.display_char
                0x00203b50       0x60 ../nxtOSEK/ecrobot/../ecrobot/libecrobot.a(display.oram)
                0x00203b50                display_char
 .text.display_string
                0x00203bb0       0x3c ../nxtOSEK/ecrobot/../ecrobot/libecrobot.a(display.oram)
                0x00203bb0                display_string
 .text.display_hex
                0x00203bec       0x50 ../nxtOSEK/ecrobot/../ecrobot/libecrobot.a(display.oram)
                0x00203bec                display_hex
 .text.display_unsigned_worker
                0x00203c3c       0x70 ../nxtOSEK/ecrobot/../ecrobot/libecrobot.a(display.oram)
 .text.display_unsigned
                0x00203cac        0xc ../nxtOSEK/ecrobot/../ecrobot/libecrobot.a(display.oram)
                0x00203cac                display_unsigned
 .text.display_int
                0x00203cb8       0x14 ../nxtOSEK/ecrobot/../ecrobot/libecrobot.a(display.oram)
                0x00203cb8                display_int
 .text.display_bitmap_copy
                0x00203ccc       0x5c ../nxtOSEK/ecrobot/../ecrobot/libecrobot.a(display.oram)
                0x00203ccc                display_bitmap_copy
 .text.display_init
                0x00203d28       0x50 ../nxtOSEK/ecrobot/../ecrobot/libecrobot.a(display.oram)
                0x00203d28                display_init
 .text.i2c_timer_isr_C
                0x00203d78      0x314 ../nxtOSEK/ecrobot/../ecrobot/libecrobot.a(i2c.oram)
                0x00203d78                i2c_timer_isr_C
 .text.i2c_disable
                0x0020408c       0x20 ../nxtOSEK/ecrobot/../ecrobot/libecrobot.a(i2c.oram)
                0x0020408c                i2c_disable
 .text.i2c_enable
                0x002040ac       0x40 ../nxtOSEK/ecrobot/../ecrobot/libecrobot.a(i2c.oram)
                0x002040ac                i2c_enable
 .text.i2c_init
                0x002040ec       0xa4 ../nxtOSEK/ecrobot/../ecrobot/libecrobot.a(i2c.oram)
                0x002040ec                i2c_init
 .text.i2c_busy
                0x00204190       0x24 ../nxtOSEK/ecrobot/../ecrobot/libecrobot.a(i2c.oram)
                0x00204190                i2c_busy
 .text.i2c_start_transaction
                0x002041b4      0x108 ../nxtOSEK/ecrobot/../ecrobot/libecrobot.a(i2c.oram)
                0x002041b4                i2c_start_transaction
 .text.set_vol  0x002042bc       0xa4 ../nxtOSEK/ecrobot/../ecrobot/libecrobot.a(sound.oram)
 .text.sound_fill_sample_buffer
                0x00204360       0xe4 ../nxtOSEK/ecrobot/../ecrobot/libecrobot.a(sound.oram)
                0x00204360                sound_fill_sample_buffer
 .text.sound_freq_vol
                0x00204444      0x1ec ../nxtOSEK/ecrobot/../ecrobot/libecrobot.a(sound.oram)
                0x00204444                sound_freq_vol
 .text.sound_init
                0x00204630       0xa0 ../nxtOSEK/ecrobot/../ecrobot/libecrobot.a(sound.oram)
                0x00204630                sound_init
 .text.sound_isr_C
                0x002046d0      0x180 ../nxtOSEK/ecrobot/../ecrobot/libecrobot.a(sound.oram)
                0x002046d0                sound_isr_C
 .text.bt_init  0x00204850      0x1c0 ../nxtOSEK/ecrobot/../ecrobot/libecrobot.a(bt.oram)
                0x00204850                bt_init
 .text.bt_send  0x00204a10       0x5c ../nxtOSEK/ecrobot/../ecrobot/libecrobot.a(bt.oram)
                0x00204a10                bt_send
 .text.bt_write
                0x00204a6c       0x70 ../nxtOSEK/ecrobot/../ecrobot/libecrobot.a(bt.oram)
                0x00204a6c                bt_write
 .text.bt_pending
                0x00204adc       0x50 ../nxtOSEK/ecrobot/../ecrobot/libecrobot.a(bt.oram)
                0x00204adc                bt_pending
 .text.bt_clear_arm7_cmd
                0x00204b2c       0x10 ../nxtOSEK/ecrobot/../ecrobot/libecrobot.a(bt.oram)
                0x00204b2c                bt_clear_arm7_cmd
 .text.bt_set_arm7_cmd
                0x00204b3c       0x10 ../nxtOSEK/ecrobot/../ecrobot/libecrobot.a(bt.oram)
                0x00204b3c                bt_set_arm7_cmd
 .text.bt_receive
                0x00204b4c      0x160 ../nxtOSEK/ecrobot/../ecrobot/libecrobot.a(bt.oram)
                0x00204b4c                bt_receive
 .text.bt_read  0x00204cac      0x140 ../nxtOSEK/ecrobot/../ecrobot/libecrobot.a(bt.oram)
                0x00204cac                bt_read
 .text.bt_reset
                0x00204dec       0x84 ../nxtOSEK/ecrobot/../ecrobot/libecrobot.a(bt.oram)
                0x00204dec                bt_reset
 .text.nxt_avr_power_down
                0x00204e70       0x10 ../nxtOSEK/ecrobot/../ecrobot/libecrobot.a(nxt_avr.oram)
                0x00204e70                nxt_avr_power_down
 .text.nxt_avr_link_init
                0x00204e80       0x20 ../nxtOSEK/ecrobot/../ecrobot/libecrobot.a(nxt_avr.oram)
                0x00204e80                nxt_avr_link_init
 .text.nxt_avr_init
                0x00204ea0       0x6c ../nxtOSEK/ecrobot/../ecrobot/libecrobot.a(nxt_avr.oram)
                0x00204ea0                nxt_avr_init
 .text.nxt_avr_1kHz_update
                0x00204f0c      0x1cc ../nxtOSEK/ecrobot/../ecrobot/libecrobot.a(nxt_avr.oram)
                0x00204f0c                nxt_avr_1kHz_update
 .text.buttons_get
                0x002050d8        0xc ../nxtOSEK/ecrobot/../ecrobot/libecrobot.a(nxt_avr.oram)
                0x002050d8                buttons_get
 .text.battery_voltage
                0x002050e4       0x28 ../nxtOSEK/ecrobot/../ecrobot/libecrobot.a(nxt_avr.oram)
                0x002050e4                battery_voltage
 .text.sensor_adc
                0x0020510c       0x20 ../nxtOSEK/ecrobot/../ecrobot/libecrobot.a(nxt_avr.oram)
                0x0020510c                sensor_adc
 .text.nxt_avr_set_motor
                0x0020512c       0x34 ../nxtOSEK/ecrobot/../ecrobot/libecrobot.a(nxt_avr.oram)
                0x0020512c                nxt_avr_set_motor
 .text.nxt_avr_set_input_power
                0x00205160       0x3c ../nxtOSEK/ecrobot/../ecrobot/libecrobot.a(nxt_avr.oram)
                0x00205160                nxt_avr_set_input_power
 .text.unset_digi0
                0x0020519c       0x44 ../nxtOSEK/ecrobot/../ecrobot/libecrobot.a(sensors.oram)
                0x0020519c                unset_digi0
 .text.unset_digi1
                0x002051e0       0x44 ../nxtOSEK/ecrobot/../ecrobot/libecrobot.a(sensors.oram)
                0x002051e0                unset_digi1
 .text.init_sensors
                0x00205224       0x4c ../nxtOSEK/ecrobot/../ecrobot/libecrobot.a(sensors.oram)
                0x00205224                init_sensors
 .text.set_digi0
                0x00205270       0x44 ../nxtOSEK/ecrobot/../ecrobot/libecrobot.a(sensors.oram)
                0x00205270                set_digi0
 .text.nxt_lcd_command
                0x002052b4       0x18 ../nxtOSEK/ecrobot/../ecrobot/libecrobot.a(nxt_lcd.oram)
                0x002052b4                nxt_lcd_command
 .text.nxt_lcd_set_col
                0x002052cc       0x24 ../nxtOSEK/ecrobot/../ecrobot/libecrobot.a(nxt_lcd.oram)
                0x002052cc                nxt_lcd_set_col
 .text.nxt_lcd_set_multiplex_rate
                0x002052f0       0x18 ../nxtOSEK/ecrobot/../ecrobot/libecrobot.a(nxt_lcd.oram)
                0x002052f0                nxt_lcd_set_multiplex_rate
 .text.nxt_lcd_set_page_address
                0x00205308       0x18 ../nxtOSEK/ecrobot/../ecrobot/libecrobot.a(nxt_lcd.oram)
                0x00205308                nxt_lcd_set_page_address
 .text.nxt_lcd_set_pot
                0x00205320       0x1c ../nxtOSEK/ecrobot/../ecrobot/libecrobot.a(nxt_lcd.oram)
                0x00205320                nxt_lcd_set_pot
 .text.nxt_lcd_set_ram_address_control
                0x0020533c       0x18 ../nxtOSEK/ecrobot/../ecrobot/libecrobot.a(nxt_lcd.oram)
                0x0020533c                nxt_lcd_set_ram_address_control
 .text.nxt_lcd_enable
                0x00205354       0x14 ../nxtOSEK/ecrobot/../ecrobot/libecrobot.a(nxt_lcd.oram)
                0x00205354                nxt_lcd_enable
 .text.nxt_lcd_set_map_control
                0x00205368       0x18 ../nxtOSEK/ecrobot/../ecrobot/libecrobot.a(nxt_lcd.oram)
                0x00205368                nxt_lcd_set_map_control
 .text.nxt_lcd_reset
                0x00205380        0xc ../nxtOSEK/ecrobot/../ecrobot/libecrobot.a(nxt_lcd.oram)
                0x00205380                nxt_lcd_reset
 .text.nxt_lcd_set_bias_ratio
                0x0020538c       0x18 ../nxtOSEK/ecrobot/../ecrobot/libecrobot.a(nxt_lcd.oram)
                0x0020538c                nxt_lcd_set_bias_ratio
 .text.nxt_lcd_force_update
                0x002053a4       0x30 ../nxtOSEK/ecrobot/../ecrobot/libecrobot.a(nxt_lcd.oram)
                0x002053a4                nxt_lcd_force_update
 .text.nxt_lcd_update
                0x002053d4        0xc ../nxtOSEK/ecrobot/../ecrobot/libecrobot.a(nxt_lcd.oram)
                0x002053d4                nxt_lcd_update
 .text.nxt_lcd_power_up
                0x002053e0       0x48 ../nxtOSEK/ecrobot/../ecrobot/libecrobot.a(nxt_lcd.oram)
                0x002053e0                nxt_lcd_power_up
 .text.nxt_lcd_power_down
                0x00205428        0xc ../nxtOSEK/ecrobot/../ecrobot/libecrobot.a(nxt_lcd.oram)
                0x00205428                nxt_lcd_power_down
 .text.nxt_lcd_init
                0x00205434       0x18 ../nxtOSEK/ecrobot/../ecrobot/libecrobot.a(nxt_lcd.oram)
                0x00205434                nxt_lcd_init
 .text.verify_flash_page
                0x0020544c       0x34 ../nxtOSEK/ecrobot/../ecrobot/libecrobot.a(flash_loader.oram)
 .text.set_flash_request
                0x00205480       0x38 ../nxtOSEK/ecrobot/../ecrobot/libecrobot.a(flash_loader.oram)
                0x00205480                set_flash_request
 .text.nxt_device_init
                0x002054b8       0x38 ../nxtOSEK/ecrobot/../ecrobot/libecrobot.a(flash_loader.oram)
                0x002054b8                nxt_device_init
 .text          0x002054f0       0x68 ../nxtOSEK/ecrobot/../ecrobot/libecrobot.a(interrupts.oram)
                0x00205548                fiq_enable
                0x002054f0                interrupts_get_and_disable
                0x00205524                fiq_get_and_disable
                0x00205514                interrupts_enable
 .text.flash_write_page
                0x00205558       0xc0 ../nxtOSEK/ecrobot/../ecrobot/libecrobot.a(flashprog.oram)
                0x00205558                flash_write_page
                0x00205620                . = ALIGN (0x10)
 *fill*         0x00205618        0x8 00
 *.oram(*.rodata *.rodata.*)
 .rodata.ld     0x00205620        0x4 ../nxtOSEK/ecrobot/../ecrobot/libecrobot.a(udp.oram)
 .rodata.cfd    0x00205624       0x20 ../nxtOSEK/ecrobot/../ecrobot/libecrobot.a(udp.oram)
 .rodata.dd     0x00205644       0x12 ../nxtOSEK/ecrobot/../ecrobot/libecrobot.a(udp.oram)
 *fill*         0x00205656        0x2 00
 .rodata.str1.4
                0x00205658       0x22 ../nxtOSEK/ecrobot/../ecrobot/libecrobot.a(data_abort.oram)
                                 0x24 (size before relaxing)
 .rodata.font   0x0020567a      0x280 ../nxtOSEK/ecrobot/../ecrobot/libecrobot.a(display.oram)
 *fill*         0x002058fa        0x2 00
 .rodata.str1.4
                0x002058fc       0x76 ../nxtOSEK/ecrobot/../ecrobot/libecrobot.a(display.oram)
                                 0x78 (size before relaxing)
 *fill*         0x00205972        0x2 00
 .rodata.i2c_pin
                0x00205974       0x20 ../nxtOSEK/ecrobot/../ecrobot/libecrobot.a(i2c.oram)
 .rodata.i2c_timer_isr_C
                0x00205994       0x38 ../nxtOSEK/ecrobot/../ecrobot/libecrobot.a(i2c.oram)
 .rodata.logvol
                0x002059cc        0xc ../nxtOSEK/ecrobot/../ecrobot/libecrobot.a(sound.oram)
                0x002059cc                logvol
 .rodata.silence
                0x002059d8       0x40 ../nxtOSEK/ecrobot/../ecrobot/libecrobot.a(sound.oram)
                0x002059d8                silence
 .rodata.sine   0x00205a18       0x10 ../nxtOSEK/ecrobot/../ecrobot/libecrobot.a(sound.oram)
                0x00205a18                sine
 .rodata.sample_pattern
                0x00205a28       0x84 ../nxtOSEK/ecrobot/../ecrobot/libecrobot.a(sound.oram)
                0x00205a28                sample_pattern
 .rodata        0x00205aac        0xc ../nxtOSEK/ecrobot/../ecrobot/libecrobot.a(sound.oram)
 .rodata.avr_brainwash_string
                0x00205ab8       0x30 ../nxtOSEK/ecrobot/../ecrobot/libecrobot.a(nxt_avr.oram)
                0x00205ab8                avr_brainwash_string
 .rodata.nxt_avr_1kHz_update
                0x00205ae8       0x14 ../nxtOSEK/ecrobot/../ecrobot/libecrobot.a(nxt_avr.oram)
 .rodata.C.33.1823
                0x00205afc       0x10 ../nxtOSEK/ecrobot/../ecrobot/libecrobot.a(sensors.oram)
 .rodata.C.37.1857
                0x00205b0c       0x10 ../nxtOSEK/ecrobot/../ecrobot/libecrobot.a(sensors.oram)
 .rodata.C.31.1806
                0x00205b1c       0x10 ../nxtOSEK/ecrobot/../ecrobot/libecrobot.a(sensors.oram)
 .rodata.str1.4
                0x00205b2c       0x23 ../nxtOSEK/ecrobot/../ecrobot/libecrobot.a(flash_loader.oram)
                                 0x24 (size before relaxing)
                0x00205b50                . = ALIGN (0x10)
 *fill*         0x00205b4f        0x1 00
                0x002022c0                __ramtext_ram_start__ = ADDR (.ram_text)
                0x00205b50                __ramtext_ram_end__ = (ADDR (.ram_text) + SIZEOF (.ram_text))
                0x002022c0                __ramtext_load_start__ = LOADADDR (.ram_text)
                0x00205b50                __ramtext_load_end__ = (__ramtext_load_start__ + SIZEOF (.ram_text))

.wav_data       0x00205b50        0x0
 *.owav(*.data *.data.*)
                0x00205b50                . = ALIGN (0x10)

.bmp_data       0x00205b50      0x440
 *.obmp(*.data *.data.*)
 .data          0x00205b50      0x43e ../nxtOSEK/ecrobot/../ecrobot/libecrobot.a(nxtosek_splash.obmp)
                0x00205b50                nxtosek_splash_bmp_start
                0x00205f8e                nxtosek_splash_bmp_end
                0x00205f90                . = ALIGN (0x10)
 *fill*         0x00205f8e        0x2 00

.spr_data       0x00205f90        0x0
 *.ospr(*.data *.data.*)
                0x00205f90                . = ALIGN (0x10)

.data           0x00205f90       0x90
 *(*.data *.data.*)
 .data.bt_status
                0x00205f90        0x1 build/ecrobot_bluetooth.o
 *fill*         0x00205f91        0x3 00
 .data.K_THETADOT
                0x00205f94        0x4 build/balancer_param.o
                0x00205f94                K_THETADOT
 .data.K_PHIDOT
                0x00205f98        0x4 build/balancer_param.o
                0x00205f98                K_PHIDOT
 .data.K_I      0x00205f9c        0x4 build/balancer_param.o
                0x00205f9c                K_I
 .data.K_F      0x00205fa0       0x10 build/balancer_param.o
                0x00205fa0                K_F
 .data.A_R      0x00205fb0        0x4 build/balancer_param.o
                0x00205fb0                A_R
 .data.A_D      0x00205fb4        0x4 build/balancer_param.o
                0x00205fb4                A_D
 .data.distance_state
                0x00205fb8       0x10 ../nxtOSEK/ecrobot/../ecrobot/libecrobot.a(ecrobot_interface.o)
 .data.deviceStatus
                0x00205fc8        0x1 ../nxtOSEK/ecrobot/../ecrobot/libecrobot.a(ecrobot_interface.o)
 .bss.data.2763
                0x00205fc9        0x4 ../nxtOSEK/ecrobot/../ecrobot/libecrobot.a(ecrobot_interface.o)
 .data.named    0x00205fcd       0x22 ../nxtOSEK/ecrobot/../ecrobot/libecrobot.a(udp.oram)
 .data.snd      0x00205fef       0x1a ../nxtOSEK/ecrobot/../ecrobot/libecrobot.a(udp.oram)
 *fill*         0x00206009        0x3 00
 .data.configured
                0x0020600c        0x4 ../nxtOSEK/ecrobot/../ecrobot/libecrobot.a(udp.oram)
 .data.mode     0x00206010        0x1 ../nxtOSEK/ecrobot/../ecrobot/libecrobot.a(nxt_spi.oram)
                0x00206010                mode
 *fill*         0x00206011        0x3 00
 .bss.data      0x00206014        0x4 ../nxtOSEK/ecrobot/../ecrobot/libecrobot.a(nxt_spi.oram)
                0x00206014                data
 .data.display_auto_update
                0x00206018        0x4 ../nxtOSEK/ecrobot/../ecrobot/libecrobot.a(display.oram)
                0x00206018                display_auto_update
 .data.display_buffer
                0x0020601c        0x4 ../nxtOSEK/ecrobot/../ecrobot/libecrobot.a(display.oram)
                0x00206020                . = ALIGN (0x10)
                0x00205f90                __data_ram_start__ = ADDR (.data)
                0x00206020                __data_ram_end__ = (ADDR (.data) + SIZEOF (.data))
                0x00205f90                __data_load_start__ = LOADADDR (.data)
                0x00206020                __data_load_end__ = (__data_load_start__ + SIZEOF (.data))

.text           0x00206020     0x4420
                0x00206020                . = ALIGN (0x10)
 *(*.text *.text.* *.glue*)
 .text.enqueue_alarm
                0x00206020       0x90 build/kernel/alarm.o
 .text.alarm_initialize
                0x002060b0       0x98 build/kernel/alarm.o
                0x002060b0                alarm_initialize
 .text.SignalCounter
                0x00206148      0x134 build/kernel/alarm.o
                0x00206148                SignalCounter
 .text.StartOS  0x0020627c       0x58 build/kernel/osctl.o
                0x0020627c                StartOS
 .text.ShutdownOS
                0x002062d4       0x4c build/kernel/osctl.o
                0x002062d4                ShutdownOS
 .text.call_pretaskhook
                0x00206320       0x24 build/kernel/osctl.o
                0x00206320                call_pretaskhook
 .text.call_errorhook
                0x00206344       0x78 build/kernel/osctl.o
                0x00206344                call_errorhook
 .text.call_posttaskhook
                0x002063bc       0x24 build/kernel/osctl.o
                0x002063bc                call_posttaskhook
 .text.search_schedtsk
                0x002063e0       0x94 build/kernel/task.o
                0x002063e0                search_schedtsk
 .text.make_runnable
                0x00206474       0xac build/kernel/task.o
                0x00206474                make_runnable
 .text.make_active
                0x00206520       0x78 build/kernel/task.o
                0x00206520                make_active
 .text.task_initialize
                0x00206598       0x90 build/kernel/task.o
                0x00206598                task_initialize
 .text.ActivateTask
                0x00206628       0x8c build/kernel/task_manage.o
                0x00206628                ActivateTask
 .text.TerminateTask
                0x002066b4       0x74 build/kernel/task_manage.o
                0x002066b4                TerminateTask
 .text.cpu_initialize
                0x00206728        0x4 build/config/at91sam7s-gnu/cpu_config.o
                0x00206728                cpu_initialize
 .text.cpu_terminate
                0x0020672c        0x4 build/config/at91sam7s-gnu/cpu_config.o
                0x0020672c                cpu_terminate
 .text.sys_initialize
                0x00206730        0x4 build/config/at91sam7s-gnu/lego_nxt/sys_config.o
                0x00206730                sys_initialize
 .text.sys_exit
                0x00206734        0x4 build/config/at91sam7s-gnu/lego_nxt/sys_config.o
                0x00206734                sys_exit
 .text._activate_alarm_cyclic_alarm1
                0x00206738        0xc build/./kernel_cfg.o
 .text._activate_alarm_cyclic_alarm2
                0x00206744        0xc build/./kernel_cfg.o
 .text.object_initialize
                0x00206750       0x10 build/./kernel_cfg.o
                0x00206750                object_initialize
 .text.ecrobot_get_bt_status
                0x00206760       0x10 build/ecrobot_bluetooth.o
                0x00206760                ecrobot_get_bt_status
 .text.close_bt_stream
                0x00206770       0x2c build/ecrobot_bluetooth.o
 .text.ecrobot_send_bt_packet
                0x0020679c       0x54 build/ecrobot_bluetooth.o
                0x0020679c                ecrobot_send_bt_packet
 .text.ecrobot_read_bt
                0x002067f0       0x24 build/ecrobot_bluetooth.o
                0x002067f0                ecrobot_read_bt
 .text.send_bt_command
                0x00206814       0x40 build/ecrobot_bluetooth.o
 .text.ecrobot_term_bt_connection
                0x00206854       0x48 build/ecrobot_bluetooth.o
                0x00206854                ecrobot_term_bt_connection
 .text.read_bt_command
                0x0020689c       0x5c build/ecrobot_bluetooth.o
 .text.open_bt_stream
                0x002068f8       0x50 build/ecrobot_bluetooth.o
 .text.ecrobot_get_bt_device_address
                0x00206948       0x6c build/ecrobot_bluetooth.o
                0x00206948                ecrobot_get_bt_device_address
 .text.ecrobot_init_bt_slave
                0x002069b4      0x12c build/ecrobot_bluetooth.o
                0x002069b4                ecrobot_init_bt_slave
 .text.init_OS_flag
                0x00206ae0        0xc build/ecrobot_base.o
                0x00206ae0                init_OS_flag
 .text.set_OS_flag
                0x00206aec        0xc build/ecrobot_base.o
                0x00206aec                set_OS_flag
 .text.get_OS_flag
                0x00206af8        0xc build/ecrobot_base.o
                0x00206af8                get_OS_flag
 .text.cpp_constructor
                0x00206b04       0x28 build/ecrobot_base.o
                0x00206b04                cpp_constructor
 .text.cpp_destructor
                0x00206b2c       0x28 build/ecrobot_base.o
                0x00206b2c                cpp_destructor
 .text.execution_mode
                0x00206b54       0x24 build/ecrobot_base.o
                0x00206b54                execution_mode
 .text.show_main_screen
                0x00206b78       0x48 build/ecrobot_base.o
                0x00206b78                show_main_screen
 .text.display_status_bar
                0x00206bc0       0x5c build/ecrobot_base.o
                0x00206bc0                display_status_bar
 .text.restart_NXT
                0x00206c1c       0x2c build/ecrobot_base.o
                0x00206c1c                restart_NXT
 .text.shutdown_NXT
                0x00206c48       0x2c build/ecrobot_base.o
                0x00206c48                shutdown_NXT
 .text.check_NXT_buttons
                0x00206c74       0x38 build/ecrobot_base.o
                0x00206c74                check_NXT_buttons
 .text.show_bd_addr
                0x00206cac       0x44 build/ecrobot_base.o
                0x00206cac                show_bd_addr
 .text.show_bd_addr_err
                0x00206cf0       0x3c build/ecrobot_base.o
                0x00206cf0                show_bd_addr_err
 .text.add_status_info
                0x00206d2c       0x68 build/ecrobot_base.o
                0x00206d2c                add_status_info
 .text.show_splash_screen
                0x00206d94       0x90 build/ecrobot_base.o
                0x00206d94                show_splash_screen
 .text.main     0x00206e24      0x10c build/ecrobot.o
                0x00206e24                main
 .text.ecrobot_device_initialize
                0x00206f30       0x18 build/model_impl.o
                0x00206f30                ecrobot_device_initialize
 .text.ecrobot_device_terminate
                0x00206f48       0x20 build/model_impl.o
                0x00206f48                ecrobot_device_terminate
 .text.user_1ms_isr_type2
                0x00206f68       0x14 build/model_impl.o
                0x00206f68                user_1ms_isr_type2
 .text.TaskMainTaskInit
                0x00206f7c      0x31c build/model_impl.o
                0x00206f7c                TaskMainTaskInit
 .text.TaskMainTaskMain
                0x00207298       0x74 build/model_impl.o
                0x00207298                TaskMainTaskMain
 .text.TaskMainTaskBuletooth
                0x0020730c       0x38 build/model_impl.o
                0x0020730c                TaskMainTaskBuletooth
 .text.Bluetooth_init
                0x00207344        0xc build/device/Bluetooth.o
                0x00207344                Bluetooth_init
 .text.Bluetooth_start
                0x00207350        0xc build/device/Bluetooth.o
                0x00207350                Bluetooth_start
 .text.Bluetooth_checkConnection
                0x0020735c       0x14 build/device/Bluetooth.o
                0x0020735c                Bluetooth_checkConnection
 .text.Bluetooth_terminate
                0x00207370        0xc build/device/Bluetooth.o
                0x00207370                Bluetooth_terminate
 .text.Bluetooth_receive
                0x0020737c       0x10 build/device/Bluetooth.o
                0x0020737c                Bluetooth_receive
 .text.GyroSensor_init
                0x0020738c        0xc build/device/GyroSensor.o
                0x0020738c                GyroSensor_init
 .text.GyroSensor_getAngularVelocity
                0x00207398        0xc build/device/GyroSensor.o
                0x00207398                GyroSensor_getAngularVelocity
 .text.TouchSensor_init
                0x002073a4        0x4 build/device/TouchSensor.o
                0x002073a4                TouchSensor_init
 .text.TouchSensor_isPressed
                0x002073a8        0xc build/device/TouchSensor.o
                0x002073a8                TouchSensor_isPressed
 .text.Motor_init
                0x002073b4        0x4 build/device/Motor.o
                0x002073b4                Motor_init
 .text.Motor_getAngle
                0x002073b8        0xc build/device/Motor.o
                0x002073b8                Motor_getAngle
 .text.Motor_rotate
                0x002073c4       0x10 build/device/Motor.o
                0x002073c4                Motor_rotate
 .text.LightSensor_init
                0x002073d4        0x4 build/device/LightSensor.o
                0x002073d4                LightSensor_init
 .text.LightSensor_getBrightness
                0x002073d8        0xc build/device/LightSensor.o
                0x002073d8                LightSensor_getBrightness
 .text.SonarSensor_init
                0x002073e4       0x14 build/device/SonarSensor.o
                0x002073e4                SonarSensor_init
 .text.SonarSensor_get
                0x002073f8        0xc build/device/SonarSensor.o
                0x002073f8                SonarSensor_get
 .text.SonarSensor_term
                0x00207404        0xc build/device/SonarSensor.o
                0x00207404                SonarSensor_term
 .text.LCD_init
                0x00207410        0x8 build/device/LCD.o
                0x00207410                LCD_init
 .text.LCD_SetPointXY
                0x00207418       0x24 build/device/LCD.o
                0x00207418                LCD_SetPointXY
 .text.LCD_DisplayInt
                0x0020743c       0x20 build/device/LCD.o
                0x0020743c                LCD_DisplayInt
 .text.LCD_DisplayClear
                0x0020745c       0x10 build/device/LCD.o
                0x0020745c                LCD_DisplayClear
 .text.Logger_send
                0x0020746c       0x18 build/device/Logger.o
                0x0020746c                Logger_send
 .text.Timer_init
                0x00207484        0x8 build/device/Timer.o
                0x00207484                Timer_init
 .text.Timer_set
                0x0020748c       0x10 build/device/Timer.o
                0x0020748c                Timer_set
 .text.Timer_check
                0x0020749c       0x20 build/device/Timer.o
                0x0020749c                Timer_check
 .text.Competision_action
                0x002074bc       0x24 build/competision/Competision.o
                0x002074bc                Competision_action
 .text.Strategy_action
                0x002074e0       0xf8 build/competision/Strategy.o
                0x002074e0                Strategy_action
 .text.LineTracer_init
                0x002075d8        0xc build/competision/LineTracer.o
                0x002075d8                LineTracer_init
 .text.LineTracer_trace
                0x002075e4       0x5c build/competision/LineTracer.o
                0x002075e4                LineTracer_trace
 .text.Runner_run
                0x00207640       0xa0 build/competision/Runner.o
                0x00207640                Runner_run
 .text.GarageIn_action
                0x002076e0       0x6c build/competision/GarageIn.o
                0x002076e0                GarageIn_action
 .text.Seesaw_init
                0x0020774c       0x10 build/competision/Seesaw.o
                0x0020774c                Seesaw_init
 .text.ImpactDetection
                0x0020775c       0x28 build/competision/Seesaw.o
                0x0020775c                ImpactDetection
 .text.Wait     0x00207784       0x18 build/competision/Seesaw.o
                0x00207784                Wait
 .text.Seesaw_action
                0x0020779c      0x170 build/competision/Seesaw.o
                0x0020779c                Seesaw_action
 .text.Seesaw_checkFinish
                0x0020790c        0x4 build/competision/Seesaw.o
                0x0020790c                Seesaw_checkFinish
 .text.BasicStage_action
                0x00207910      0x1b0 build/competision/BasicStage.o
                0x00207910                BasicStage_action
 .text.LookUpGate_init
                0x00207ac0       0x24 build/competision/LookUpGate.o
                0x00207ac0                LookUpGate_init
 .text.LookUpGate_action
                0x00207ae4      0x1d0 build/competision/LookUpGate.o
                0x00207ae4                LookUpGate_action
 .text.LookUpGate_checkFinish
                0x00207cb4        0x4 build/competision/LookUpGate.o
                0x00207cb4                LookUpGate_checkFinish
 .text.Tail_setAngle
                0x00207cb8       0x44 build/technique/Tail.o
                0x00207cb8                Tail_setAngle
 .text.Tail_getAngle
                0x00207cfc        0xc build/technique/Tail.o
                0x00207cfc                Tail_getAngle
 .text.Wheel_setPwm
                0x00207d08       0x1c build/technique/Wheel.o
                0x00207d08                Wheel_setPwm
 .text.Wheel_getLeftAngle
                0x00207d24        0xc build/technique/Wheel.o
                0x00207d24                Wheel_getLeftAngle
 .text.Wheel_getRightAngle
                0x00207d30        0xc build/technique/Wheel.o
                0x00207d30                Wheel_getRightAngle
 .text.BalanceControl_checkBalanceFlag
                0x00207d3c       0x1c build/technique/BalanceControl.o
                0x00207d3c                BalanceControl_checkBalanceFlag
 .text.BalanceControl_chengeBalanceRun
                0x00207d58       0x1c build/technique/BalanceControl.o
                0x00207d58                BalanceControl_chengeBalanceRun
 .text.BalanceControl_chengeTailRun
                0x00207d74       0x40 build/technique/BalanceControl.o
                0x00207d74                BalanceControl_chengeTailRun
 .text.BalanceControl_getLeftMotorPwm
                0x00207db4        0x4 build/technique/BalanceControl.o
                0x00207db4                BalanceControl_getLeftMotorPwm
 .text.BalanceControl_getRightMotorPwm
                0x00207db8        0x4 build/technique/BalanceControl.o
                0x00207db8                BalanceControl_getRightMotorPwm
 .text.BalanceControl_BalanceRun
                0x00207dbc       0xfc build/technique/BalanceControl.o
                0x00207dbc                BalanceControl_BalanceRun
 .text.BalanceControl_run
                0x00207eb8       0xd4 build/technique/BalanceControl.o
                0x00207eb8                BalanceControl_run
 .text.BalanceControl_checkEmergencyStop
                0x00207f8c        0x4 build/technique/BalanceControl.o
                0x00207f8c                BalanceControl_checkEmergencyStop
 .text.PidControl_init
                0x00207f90       0x10 build/technique/PidControl.o
                0x00207f90                PidControl_init
 .text.PidControl_checDerailment
                0x00207fa0       0x20 build/technique/PidControl.o
                0x00207fa0                PidControl_checDerailment
 .text.PidControl_calcTurn
                0x00207fc0       0xdc build/technique/PidControl.o
                0x00207fc0                PidControl_calcTurn
 .text.Communication_init
                0x0020809c        0x8 build/technique/Communication.o
                0x0020809c                Communication_init
 .text.Communication_communicate
                0x002080a4       0x4c build/technique/Communication.o
                0x002080a4                Communication_communicate
 .text.Communication_setLogData1
                0x002080f0        0x8 build/technique/Communication.o
                0x002080f0                Communication_setLogData1
 .text.Communication_setLogData2
                0x002080f8        0x8 build/technique/Communication.o
                0x002080f8                Communication_setLogData2
 .text.Communication_getCommand
                0x00208100       0x70 build/technique/Communication.o
                0x00208100                Communication_getCommand
 .text.Commander_setCommandResult
                0x00208170       0x2c build/technique/Commander.o
 .text.Commander_action
                0x0020819c      0x184 build/technique/Commander.o
                0x0020819c                Commander_action
 .text.GrayDecision_init
                0x00208320       0x18 build/technique/GrayDecision.o
                0x00208320                GrayDecision_init
 .text.GrayDecision_setTarget
                0x00208338        0x8 build/technique/GrayDecision.o
                0x00208338                GrayDecision_setTarget
 .text.WheelAverage_init
                0x00208340        0xc build/technique/WheelAverage.o
                0x00208340                WheelAverage_init
 .text.WheelAverage_action
                0x0020834c       0x28 build/technique/WheelAverage.o
                0x0020834c                WheelAverage_action
 .text.Distance_init
                0x00208374        0x8 build/technique/Distance.o
                0x00208374                Distance_init
 .text.Distance_calc
                0x0020837c       0x10 build/technique/Distance.o
 .text.Distance_set
                0x0020838c       0x10 build/technique/Distance.o
                0x0020838c                Distance_set
 .text.Distance_check
                0x0020839c       0x20 build/technique/Distance.o
                0x0020839c                Distance_check
 .text.Dash_init
                0x002083bc        0x8 build/technique/Dash.o
                0x002083bc                Dash_init
 .text.Dash_action
                0x002083c4       0x2c build/technique/Dash.o
                0x002083c4                Dash_action
 .text.CheckStart_init
                0x002083f0        0x8 build/CheckStart.o
                0x002083f0                CheckStart_init
 .text.CheckStart_isStart
                0x002083f8       0x10 build/CheckStart.o
                0x002083f8                CheckStart_isStart
 .text.CheckStart_start
                0x00208408       0x30 build/CheckStart.o
 .text.CheckStart_waitStart
                0x00208438       0x3c build/CheckStart.o
                0x00208438                CheckStart_waitStart
 .text.Calibration_MeasureLight
                0x00208474      0x134 build/Calibration.o
                0x00208474                Calibration_MeasureLight
 .text.ecrobot_get_gyro_sensor
                0x002085a8       0x14 ../nxtOSEK/ecrobot/../ecrobot/libecrobot.a(ecrobot_HiTechnic.o)
                0x002085a8                ecrobot_get_gyro_sensor
 .text.ecrobot_set_light_sensor_active
                0x002085bc       0x10 ../nxtOSEK/ecrobot/../ecrobot/libecrobot.a(ecrobot_interface.o)
                0x002085bc                ecrobot_set_light_sensor_active
 .text.ecrobot_set_light_sensor_inactive
                0x002085cc       0x10 ../nxtOSEK/ecrobot/../ecrobot/libecrobot.a(ecrobot_interface.o)
                0x002085cc                ecrobot_set_light_sensor_inactive
 .text.ecrobot_get_light_sensor
                0x002085dc       0x14 ../nxtOSEK/ecrobot/../ecrobot/libecrobot.a(ecrobot_interface.o)
                0x002085dc                ecrobot_get_light_sensor
 .text.ecrobot_get_touch_sensor
                0x002085f0       0x20 ../nxtOSEK/ecrobot/../ecrobot/libecrobot.a(ecrobot_interface.o)
                0x002085f0                ecrobot_get_touch_sensor
 .text.ecrobot_init_i2c
                0x00208610       0x2c ../nxtOSEK/ecrobot/../ecrobot/libecrobot.a(ecrobot_interface.o)
                0x00208610                ecrobot_init_i2c
 .text.getDistance
                0x0020863c       0x20 ../nxtOSEK/ecrobot/../ecrobot/libecrobot.a(ecrobot_interface.o)
 .text.ecrobot_init_sonar_sensor
                0x0020865c       0x10 ../nxtOSEK/ecrobot/../ecrobot/libecrobot.a(ecrobot_interface.o)
                0x0020865c                ecrobot_init_sonar_sensor
 .text.ecrobot_get_sonar_sensor
                0x0020866c       0x48 ../nxtOSEK/ecrobot/../ecrobot/libecrobot.a(ecrobot_interface.o)
                0x0020866c                ecrobot_get_sonar_sensor
 .text.ecrobot_term_sonar_sensor
                0x002086b4       0x20 ../nxtOSEK/ecrobot/../ecrobot/libecrobot.a(ecrobot_interface.o)
                0x002086b4                ecrobot_term_sonar_sensor
 .text.ecrobot_get_battery_voltage
                0x002086d4        0xc ../nxtOSEK/ecrobot/../ecrobot/libecrobot.a(ecrobot_interface.o)
                0x002086d4                ecrobot_get_battery_voltage
 .text.ecrobot_get_button_state
                0x002086e0        0xc ../nxtOSEK/ecrobot/../ecrobot/libecrobot.a(ecrobot_interface.o)
                0x002086e0                ecrobot_get_button_state
 .text.ecrobot_init_nxtstate
                0x002086ec       0x28 ../nxtOSEK/ecrobot/../ecrobot/libecrobot.a(ecrobot_interface.o)
                0x002086ec                ecrobot_init_nxtstate
 .text.ecrobot_poll_nxtstate
                0x00208714       0x64 ../nxtOSEK/ecrobot/../ecrobot/libecrobot.a(ecrobot_interface.o)
                0x00208714                ecrobot_poll_nxtstate
 .text.ecrobot_setDeviceInitialized
                0x00208778       0x18 ../nxtOSEK/ecrobot/../ecrobot/libecrobot.a(ecrobot_interface.o)
                0x00208778                ecrobot_setDeviceInitialized
 .text.ecrobot_initDeviceStatus
                0x00208790        0xc ../nxtOSEK/ecrobot/../ecrobot/libecrobot.a(ecrobot_interface.o)
                0x00208790                ecrobot_initDeviceStatus
 .text.ecrobot_bt_data_logger
                0x0020879c       0x84 ../nxtOSEK/ecrobot/../ecrobot/libecrobot.a(ecrobot_interface.o)
                0x0020879c                ecrobot_bt_data_logger
 .text.ecrobot_bmp2lcd
                0x00208820      0x1c8 ../nxtOSEK/ecrobot/../ecrobot/libecrobot.a(ecrobot_interface.o)
                0x00208820                ecrobot_bmp2lcd
 .text.ecrobot_sound_tone
                0x002089e8        0xc ../nxtOSEK/ecrobot/../ecrobot/libecrobot.a(ecrobot_interface.o)
                0x002089e8                ecrobot_sound_tone
 .text.ecrobot_is_ENTER_button_pressed
                0x002089f4       0x10 ../nxtOSEK/ecrobot/../ecrobot/libecrobot.a(ecrobot_interface.o)
                0x002089f4                ecrobot_is_ENTER_button_pressed
 .text.StartupHook
                0x00208a04        0x4 ../nxtOSEK/ecrobot/../ecrobot/libecrobot.a(osek_hook.o)
                0x00208a04                StartupHook
 .text.PreTaskHook
                0x00208a08        0x4 ../nxtOSEK/ecrobot/../ecrobot/libecrobot.a(osek_hook.o)
                0x00208a08                PreTaskHook
 .text.PostTaskHook
                0x00208a0c        0x4 ../nxtOSEK/ecrobot/../ecrobot/libecrobot.a(osek_hook.o)
                0x00208a0c                PostTaskHook
 .text.ErrorHook
                0x00208a10        0x4 ../nxtOSEK/ecrobot/../ecrobot/libecrobot.a(osek_hook.o)
                0x00208a10                ErrorHook
 .text.ShutdownHook
                0x00208a14        0x4 ../nxtOSEK/ecrobot/../ecrobot/libecrobot.a(osek_hook.o)
                0x00208a14                ShutdownHook
 .text.balance_control
                0x00208a18      0x254 ../nxtOSEK/ecrobot/../ecrobot/libnxtway_gs_balancer.a(balancer.o)
                0x00208a18                balance_control
 .text.balance_init
                0x00208c6c       0x30 ../nxtOSEK/ecrobot/../ecrobot/libnxtway_gs_balancer.a(balancer.o)
                0x00208c6c                balance_init
 .text          0x00208c9c       0x8c /cygdrive/C/cygwin/GNUARM/bin/../lib/gcc/arm-elf/4.0.2/thumb/interwork/libgcc.a(_udivsi3.o)
                0x00208c9c                __udivsi3
                0x00208d18                __aeabi_uidivmod
 .text          0x00208d28       0xa4 /cygdrive/C/cygwin/GNUARM/bin/../lib/gcc/arm-elf/4.0.2/thumb/interwork/libgcc.a(_divsi3.o)
                0x00208d28                __divsi3
                0x00208dbc                __aeabi_idivmod
 .text          0x00208dcc       0xc8 /cygdrive/C/cygwin/GNUARM/bin/../lib/gcc/arm-elf/4.0.2/thumb/interwork/libgcc.a(_umodsi3.o)
                0x00208dcc                __umodsi3
 .text          0x00208e94       0xd8 /cygdrive/C/cygwin/GNUARM/bin/../lib/gcc/arm-elf/4.0.2/thumb/interwork/libgcc.a(_modsi3.o)
                0x00208e94                __modsi3
 .text          0x00208f6c        0x4 /cygdrive/C/cygwin/GNUARM/bin/../lib/gcc/arm-elf/4.0.2/thumb/interwork/libgcc.a(_dvmd_tls.o)
                0x00208f6c                __aeabi_ldiv0
                0x00208f6c                __div0
                0x00208f6c                __aeabi_idiv0
 .text          0x00208f70      0x430 /cygdrive/C/cygwin/GNUARM/bin/../lib/gcc/arm-elf/4.0.2/thumb/interwork/libgcc.a(_addsubdf3.o)
                0x00209334                __floatdidf
                0x002092b4                __floatsidf
                0x0020928c                __aeabi_ui2d
                0x00208f70                __aeabi_drsub
                0x002092e0                __extendsfdf2
                0x00208f7c                __adddf3
                0x0020928c                __floatunsidf
                0x00208f7c                __aeabi_dadd
                0x00209320                __aeabi_ul2d
                0x00208f78                __aeabi_dsub
                0x00209320                __floatundidf
                0x002092b4                __aeabi_i2d
                0x00209334                __aeabi_l2d
                0x002092e0                __aeabi_f2d
                0x00208f78                __subdf3
 .text          0x002093a0      0x49c /cygdrive/C/cygwin/GNUARM/bin/../lib/gcc/arm-elf/4.0.2/thumb/interwork/libgcc.a(_muldivdf3.o)
                0x00209630                __aeabi_ddiv
                0x002093a0                __aeabi_dmul
                0x00209630                __divdf3
                0x002093a0                __muldf3
 .text          0x0020983c       0xa0 /cygdrive/C/cygwin/GNUARM/bin/../lib/gcc/arm-elf/4.0.2/thumb/interwork/libgcc.a(_truncdfsf2.o)
                0x0020983c                __aeabi_d2f
                0x0020983c                __truncdfsf2
 .text          0x002098dc      0x2ac /cygdrive/C/cygwin/GNUARM/bin/../lib/gcc/arm-elf/4.0.2/thumb/interwork/libgcc.a(_addsubsf3.o)
                0x002098e8                __aeabi_fadd
                0x002098e4                __subsf3
                0x00209aac                __aeabi_i2f
                0x002098e4                __aeabi_fsub
                0x00209adc                __floatdisf
                0x00209aac                __floatsisf
                0x00209acc                __floatundisf
                0x00209aa4                __aeabi_ui2f
                0x00209adc                __aeabi_l2f
                0x00209acc                __aeabi_ul2f
                0x002098dc                __aeabi_frsub
                0x00209aa4                __floatunsisf
                0x002098e8                __addsf3
 .text          0x00209b88      0x2f8 /cygdrive/C/cygwin/GNUARM/bin/../lib/gcc/arm-elf/4.0.2/thumb/interwork/libgcc.a(_muldivsf3.o)
                0x00209d20                __divsf3
                0x00209d20                __aeabi_fdiv
                0x00209b88                __mulsf3
                0x00209b88                __aeabi_fmul
 .text          0x00209e80      0x110 /cygdrive/C/cygwin/GNUARM/bin/../lib/gcc/arm-elf/4.0.2/thumb/interwork/libgcc.a(_cmpsf2.o)
                0x00209f78                __aeabi_fcmpgt
                0x00209e88                __lesf2
                0x00209e90                __nesf2
                0x00209f60                __aeabi_fcmpge
                0x00209e80                __gtsf2
                0x00209f48                __aeabi_fcmple
                0x00209e90                __eqsf2
                0x00209e90                __cmpsf2
                0x00209e88                __ltsf2
                0x00209f00                __aeabi_cfcmple
                0x00209e80                __gesf2
                0x00209f18                __aeabi_fcmpeq
                0x00209ef0                __aeabi_cfrcmple
                0x00209f30                __aeabi_fcmplt
                0x00209f00                __aeabi_cfcmpeq
 .text          0x00209f90       0x5c /cygdrive/C/cygwin/GNUARM/bin/../lib/gcc/arm-elf/4.0.2/thumb/interwork/libgcc.a(_fixsfsi.o)
                0x00209f90                __fixsfsi
                0x00209f90                __aeabi_f2iz
 .text          0x00209fec       0x68 /cygdrive/C/cygwin/GNUARM/bin/../lib/gcc/arm-elf/4.0.2/../../../../arm-elf/lib/thumb/interwork/libc.a(memcpy.o)
                0x00209fec                memcpy
 .text          0x0020a054       0x68 /cygdrive/C/cygwin/GNUARM/bin/../lib/gcc/arm-elf/4.0.2/../../../../arm-elf/lib/thumb/interwork/libc.a(memset.o)
                0x0020a054                memset
 .text          0x0020a0bc       0x60 /cygdrive/C/cygwin/GNUARM/bin/../lib/gcc/arm-elf/4.0.2/../../../../arm-elf/lib/thumb/interwork/libc.a(strcpy.o)
                0x0020a0bc                strcpy
 .text          0x0020a11c       0x48 /cygdrive/C/cygwin/GNUARM/bin/../lib/gcc/arm-elf/4.0.2/../../../../arm-elf/lib/thumb/interwork/libc.a(strlen.o)
                0x0020a11c                strlen
 .glue_7        0x0020a164       0x30 /cygdrive/C/cygwin/GNUARM/bin/../lib/gcc/arm-elf/4.0.2/../../../../arm-elf/lib/thumb/interwork/libc.a(strncpy.o)
                0x0020a17c                __call_posttaskhook_from_arm
                0x0020a165                __ecrobot_debug1_from_arm
                0x0020a171                __ecrobot_debug2_from_arm
                0x0020a188                __call_pretaskhook_from_arm
 .glue_7t       0x0020a194       0xd0 /cygdrive/C/cygwin/GNUARM/bin/../lib/gcc/arm-elf/4.0.2/../../../../arm-elf/lib/thumb/interwork/libc.a(strncpy.o)
                0x0020a1c0                __start_change_to_arm
                0x0020a234                __interrupts_get_and_disable_from_thumb
                0x0020a25c                ____lesf2_from_thumb
                0x0020a22d                ____gtdf2_from_thumb
                0x0020a1b4                __exit_and_dispatch_from_thumb
                0x0020a24c                ____divsf3_from_thumb
                0x0020a258                ____gesf2_change_to_arm
                0x0020a1c8                ____fixsfsi_change_to_arm
                0x0020a1d8                ____addsf3_change_to_arm
                0x0020a1c4                ____fixsfsi_from_thumb
                0x0020a1cc                ____floatsisf_from_thumb
                0x0020a1fc                ____extendsfdf2_from_thumb
                0x0020a1b8                __exit_and_dispatch_change_to_arm
                0x0020a194                __disable_int_from_thumb
                0x0020a254                ____gesf2_from_thumb
                0x0020a1ac                __start_dispatch_from_thumb
                0x0020a1f4                ____ltsf2_from_thumb
                0x0020a220                ____divdf3_change_to_arm
                0x0020a260                ____lesf2_change_to_arm
                0x0020a1bc                __start_from_thumb
                0x0020a214                ____truncdfsf2_from_thumb
                0x0020a208                ____muldf3_change_to_arm
                0x0020a250                ____divsf3_change_to_arm
                0x0020a21c                ____divdf3_from_thumb
                0x0020a19c                __enable_int_from_thumb
                0x0020a1a4                __dispatch_from_thumb
                0x0020a240                __interrupts_enable_change_to_arm
                0x0020a1ec                ____gtsf2_from_thumb
                0x0020a238                __interrupts_get_and_disable_change_to_arm
                0x0020a1a8                __dispatch_change_to_arm
                0x0020a1e8                ____mulsf3_change_to_arm
                0x0020a210                ____adddf3_change_to_arm
                0x0020a230                ____gtdf2_change_to_arm
                0x0020a218                ____truncdfsf2_change_to_arm
                0x0020a200                ____extendsfdf2_change_to_arm
                0x0020a225                ____floatsidf_from_thumb
                0x0020a1d0                ____floatsisf_change_to_arm
                0x0020a245                __display_bios_status_from_thumb
                0x0020a1dc                ____subsf3_from_thumb
                0x0020a20c                ____adddf3_from_thumb
                0x0020a1f0                ____gtsf2_change_to_arm
                0x0020a198                __disable_int_change_to_arm
                0x0020a1f8                ____ltsf2_change_to_arm
                0x0020a1e4                ____mulsf3_from_thumb
                0x0020a1d4                ____addsf3_from_thumb
                0x0020a204                ____muldf3_from_thumb
                0x0020a1e0                ____subsf3_change_to_arm
                0x0020a1a0                __enable_int_change_to_arm
                0x0020a228                ____floatsidf_change_to_arm
                0x0020a23c                __interrupts_enable_from_thumb
                0x0020a248                __display_bios_status_change_to_arm
                0x0020a1b0                __start_dispatch_change_to_arm
                0x0020a270                . = ALIGN (0x10)
 *fill*         0x0020a264        0xc 00
 *(*.rodata *.rodata.*)
 .rodata.search_table.966
                0x0020a270        0xf build/kernel/task.o
 *fill*         0x0020a27f        0x1 00
 .rodata.alminib_cycle
                0x0020a280        0x8 build/./kernel_cfg.o
                0x0020a280                alminib_cycle
 .rodata.alminib_almval
                0x0020a288        0x8 build/./kernel_cfg.o
                0x0020a288                alminib_almval
 .rodata.alminib_autosta
                0x0020a290        0x2 build/./kernel_cfg.o
                0x0020a290                alminib_autosta
 *fill*         0x0020a292        0x2 00
 .rodata.alminib_cback
                0x0020a294        0x8 build/./kernel_cfg.o
                0x0020a294                alminib_cback
 .rodata.alminib_cntid
                0x0020a29c        0x2 build/./kernel_cfg.o
                0x0020a29c                alminib_cntid
 *fill*         0x0020a29e        0x2 00
 .rodata.cntinib_tickbase
                0x0020a2a0        0x4 build/./kernel_cfg.o
                0x0020a2a0                cntinib_tickbase
 .rodata.cntinib_maxval2
                0x0020a2a4        0x4 build/./kernel_cfg.o
                0x0020a2a4                cntinib_maxval2
 .rodata.cntinib_maxval
                0x0020a2a8        0x4 build/./kernel_cfg.o
                0x0020a2a8                cntinib_maxval
 .rodata.SysTimerCnt
                0x0020a2ac        0x1 build/./kernel_cfg.o
                0x0020a2ac                SysTimerCnt
 *fill*         0x0020a2ad        0x1 00
 .rodata.tinib_stksz
                0x0020a2ae        0x6 build/./kernel_cfg.o
                0x0020a2ae                tinib_stksz
 .rodata.tinib_stk
                0x0020a2b4        0xc build/./kernel_cfg.o
                0x0020a2b4                tinib_stk
 .rodata.tinib_task
                0x0020a2c0        0xc build/./kernel_cfg.o
                0x0020a2c0                tinib_task
 .rodata.tinib_autoact
                0x0020a2cc        0x3 build/./kernel_cfg.o
                0x0020a2cc                tinib_autoact
 .rodata.tinib_maxact
                0x0020a2cf        0x3 build/./kernel_cfg.o
                0x0020a2cf                tinib_maxact
 .rodata.tinib_exepri
                0x0020a2d2        0x3 build/./kernel_cfg.o
                0x0020a2d2                tinib_exepri
 .rodata.tinib_inipri
                0x0020a2d5        0x3 build/./kernel_cfg.o
                0x0020a2d5                tinib_inipri
 .rodata.tnum_exttask
                0x0020a2d8        0x1 build/./kernel_cfg.o
                0x0020a2d8                tnum_exttask
 .rodata.tnum_task
                0x0020a2d9        0x1 build/./kernel_cfg.o
                0x0020a2d9                tnum_task
 .rodata.tnum_counter
                0x0020a2da        0x1 build/./kernel_cfg.o
                0x0020a2da                tnum_counter
 .rodata.tnum_alarm
                0x0020a2db        0x1 build/./kernel_cfg.o
                0x0020a2db                tnum_alarm
 .rodata.exec_addr
                0x0020a2dc        0x4 build/ecrobot_base.o
                0x0020a2dc                exec_addr
 .rodata.str1.4
                0x0020a2e0       0x80 build/ecrobot_base.o
 .rodata.BATTERY_OFFSET
                0x0020a360        0x4 build/balancer_param.o
                0x0020a360                BATTERY_OFFSET
 .rodata.BATTERY_GAIN
                0x0020a364        0x4 build/balancer_param.o
                0x0020a364                BATTERY_GAIN
 .rodata.str1.4
                0x0020a368        0x5 build/device/Bluetooth.o
                                  0x8 (size before relaxing)
 *fill*         0x0020a36d        0x3 00
 .rodata.Seesaw_action
                0x0020a370       0x2c build/competision/Seesaw.o
 .rodata.BasicStage_action
                0x0020a39c       0x78 build/competision/BasicStage.o
 .rodata.LookUpGate_action
                0x0020a414       0x2c build/competision/LookUpGate.o
                0x0020a440                . = ALIGN (0x10)
 *(*.gnu.linkonce.* .gcc_except_table)
                0x0020a440                . = ALIGN (0x10)

.tors           0x0020a440        0x0
                0x0020a440                . = ALIGN (0x10)
                0x0020a440                __ctor_begin = .
 *(*.ctors*)
                0x0020a440                __ctor_end = .
                0x0020a440                . = ALIGN (0x10)
                0x0020a440                __dtor_begin = .
 *(*.dtors*)
                0x0020a440                __dtor_end = .
                0x0020a440                . = ALIGN (0x10)

.bss            0x0020a440     0x1af4
 *(*.bss *.bss.*)
 .bss.ready_primap
                0x0020a440        0x2 build/kernel/task.o
 .bss.ready_queue_last
                0x0020a442       0x10 build/kernel/task.o
 .bss.ready_queue_first
                0x0020a452       0x10 build/kernel/task.o
 *fill*         0x0020a462        0x2 00
 .bss._stack_TaskBuletooth
                0x0020a464      0x200 build/./kernel_cfg.o
 .bss._stack_TaskMain
                0x0020a664      0x200 build/./kernel_cfg.o
 .bss._stack_TaskInit
                0x0020a864      0x200 build/./kernel_cfg.o
 .bss.receiveBuf
                0x0020aa64       0x80 build/ecrobot_bluetooth.o
 .bss.sendBuf   0x0020aae4      0x100 build/ecrobot_bluetooth.o
 .bss.handle    0x0020abe4        0x1 build/ecrobot_bluetooth.o
 *fill*         0x0020abe5        0x3 00
 .bss.status_bar_position
                0x0020abe8        0x4 build/ecrobot_base.o
 .bss.last_act_time.2753
                0x0020abec        0x4 build/ecrobot_base.o
 .bss.lcd.2682  0x0020abf0      0x320 build/ecrobot_base.o
 .bss.OS_flag   0x0020af10        0x4 build/ecrobot_base.o
 .bss.status_bar
                0x0020af14       0x10 build/ecrobot_base.o
 .bss.buttons_i
                0x0020af24        0x4 ../nxtOSEK/ecrobot/../ecrobot/libecrobot.a(ecrobot_interface.o)
 .bss.buttons_states
                0x0020af28       0x14 ../nxtOSEK/ecrobot/../ecrobot/libecrobot.a(ecrobot_interface.o)
 .bss.ecrobot_inputs
                0x0020af3c        0x8 ../nxtOSEK/ecrobot/../ecrobot/libecrobot.a(ecrobot_interface.o)
 .bss.systick_ms
                0x0020af44        0x4 ../nxtOSEK/ecrobot/../ecrobot/libecrobot.a(systick.oram)
 .bss.delayedEnable
                0x0020af48        0x1 ../nxtOSEK/ecrobot/../ecrobot/libecrobot.a(udp.oram)
 *fill*         0x0020af49        0x3 00
 .bss.outCnt    0x0020af4c        0x4 ../nxtOSEK/ecrobot/../ecrobot/libecrobot.a(udp.oram)
 .bss.outPtr    0x0020af50        0x4 ../nxtOSEK/ecrobot/../ecrobot/libecrobot.a(udp.oram)
 .bss.newAddress
                0x0020af54        0x4 ../nxtOSEK/ecrobot/../ecrobot/libecrobot.a(udp.oram)
 .bss.currentRxBank
                0x0020af58        0x4 ../nxtOSEK/ecrobot/../ecrobot/libecrobot.a(udp.oram)
 .bss.currentFeatures
                0x0020af5c        0x4 ../nxtOSEK/ecrobot/../ecrobot/libecrobot.a(udp.oram)
 .bss.currentConfig
                0x0020af60        0x1 ../nxtOSEK/ecrobot/../ecrobot/libecrobot.a(udp.oram)
 *fill*         0x0020af61        0x3 00
 .bss.twi_mask  0x0020af64        0x4 ../nxtOSEK/ecrobot/../ecrobot/libecrobot.a(twi.oram)
 .bss.twi_ptr   0x0020af68        0x4 ../nxtOSEK/ecrobot/../ecrobot/libecrobot.a(twi.oram)
 .bss.twi_pending
                0x0020af6c        0x4 ../nxtOSEK/ecrobot/../ecrobot/libecrobot.a(twi.oram)
 .bss.twi_state
                0x0020af70        0x4 ../nxtOSEK/ecrobot/../ecrobot/libecrobot.a(twi.oram)
 .bss.page      0x0020af74        0x1 ../nxtOSEK/ecrobot/../ecrobot/libecrobot.a(nxt_spi.oram)
                0x0020af74                page
 .bss.dirty     0x0020af75        0x1 ../nxtOSEK/ecrobot/../ecrobot/libecrobot.a(nxt_spi.oram)
                0x0020af75                dirty
 *fill*         0x0020af76        0x2 00
 .bss.display   0x0020af78        0x4 ../nxtOSEK/ecrobot/../ecrobot/libecrobot.a(nxt_spi.oram)
                0x0020af78                display
 .bss.interrupts_this_period
                0x0020af7c        0x4 ../nxtOSEK/ecrobot/../ecrobot/libecrobot.a(nxt_motors.oram)
 .bss.nxt_motor_initialised
                0x0020af80        0x4 ../nxtOSEK/ecrobot/../ecrobot/libecrobot.a(nxt_motors.oram)
 .bss.motor     0x0020af84       0x30 ../nxtOSEK/ecrobot/../ecrobot/libecrobot.a(nxt_motors.oram)
 .bss.display_tick
                0x0020afb4        0x4 ../nxtOSEK/ecrobot/../ecrobot/libecrobot.a(display.oram)
                0x0020afb4                display_tick
 .bss.display_array
                0x0020afb8      0x388 ../nxtOSEK/ecrobot/../ecrobot/libecrobot.a(display.oram)
 .bss.i2c_int_count
                0x0020b340        0x4 ../nxtOSEK/ecrobot/../ecrobot/libecrobot.a(i2c.oram)
 .bss.i2c_port  0x0020b344      0x170 ../nxtOSEK/ecrobot/../ecrobot/libecrobot.a(i2c.oram)
 .bss.sound_mode
                0x0020b4b4        0x1 ../nxtOSEK/ecrobot/../ecrobot/libecrobot.a(sound.oram)
                0x0020b4b4                sound_mode
 *fill*         0x0020b4b5        0x3 00
 .bss.in_buf_idx
                0x0020b4b8        0x4 ../nxtOSEK/ecrobot/../ecrobot/libecrobot.a(bt.oram)
 .bss.buf_ptr   0x0020b4bc        0x4 ../nxtOSEK/ecrobot/../ecrobot/libecrobot.a(bt.oram)
 .bss.out_buf   0x0020b4c0      0x200 ../nxtOSEK/ecrobot/../ecrobot/libecrobot.a(bt.oram)
 .bss.out_buf_ptr
                0x0020b6c0        0x1 ../nxtOSEK/ecrobot/../ecrobot/libecrobot.a(bt.oram)
 .bss.in_buf_in_ptr
                0x0020b6c1        0x1 ../nxtOSEK/ecrobot/../ecrobot/libecrobot.a(bt.oram)
 .bss.in_buf    0x0020b6c2      0x100 ../nxtOSEK/ecrobot/../ecrobot/libecrobot.a(bt.oram)
 *fill*         0x0020b7c2        0x2 00
 .bss.link_state
                0x0020b7c4        0x4 ../nxtOSEK/ecrobot/../ecrobot/libecrobot.a(nxt_avr.oram)
 .bss.update_count
                0x0020b7c8        0x4 ../nxtOSEK/ecrobot/../ecrobot/libecrobot.a(nxt_avr.oram)
 .bss.nxt_avr_stats
                0x0020b7cc       0x14 ../nxtOSEK/ecrobot/../ecrobot/libecrobot.a(nxt_avr.oram)
 .bss.debounce_cnt
                0x0020b7e0        0x2 ../nxtOSEK/ecrobot/../ecrobot/libecrobot.a(nxt_avr.oram)
 .bss.debounce_state
                0x0020b7e2        0x2 ../nxtOSEK/ecrobot/../ecrobot/libecrobot.a(nxt_avr.oram)
 .bss.button_state
                0x0020b7e4        0x2 ../nxtOSEK/ecrobot/../ecrobot/libecrobot.a(nxt_avr.oram)
 .bss.prev_buttons
                0x0020b7e6        0x2 ../nxtOSEK/ecrobot/../ecrobot/libecrobot.a(nxt_avr.oram)
 .bss.from_buf  0x0020b7e8        0x4 ../nxtOSEK/ecrobot/../ecrobot/libecrobot.a(nxt_avr.oram)
 .bss.io_from_avr
                0x0020b7ec        0x4 ../nxtOSEK/ecrobot/../ecrobot/libecrobot.a(nxt_avr.oram)
 .bss.data_from_avr
                0x0020b7f0       0x1a ../nxtOSEK/ecrobot/../ecrobot/libecrobot.a(nxt_avr.oram)
 .bss.data_to_avr
                0x0020b80a        0x9 ../nxtOSEK/ecrobot/../ecrobot/libecrobot.a(nxt_avr.oram)
 .bss.io_to_avr
                0x0020b813        0x8 ../nxtOSEK/ecrobot/../ecrobot/libecrobot.a(nxt_avr.oram)
 *fill*         0x0020b81b        0x1 00
 .bss.display   0x0020b81c        0x4 ../nxtOSEK/ecrobot/../ecrobot/libecrobot.a(nxt_lcd.oram)
 .bss.ud_thetadot_cmd_lpf
                0x0020b820        0x4 ../nxtOSEK/ecrobot/../ecrobot/libnxtway_gs_balancer.a(balancer.o)
 .bss.ud_theta_ref
                0x0020b824        0x4 ../nxtOSEK/ecrobot/../ecrobot/libnxtway_gs_balancer.a(balancer.o)
 .bss.ud_theta_lpf
                0x0020b828        0x4 ../nxtOSEK/ecrobot/../ecrobot/libnxtway_gs_balancer.a(balancer.o)
 .bss.ud_psi    0x0020b82c        0x4 ../nxtOSEK/ecrobot/../ecrobot/libnxtway_gs_balancer.a(balancer.o)
 .bss.ud_err_theta
                0x0020b830        0x4 ../nxtOSEK/ecrobot/../ecrobot/libnxtway_gs_balancer.a(balancer.o)
                0x0020b840                . = ALIGN (0x10)
 *fill*         0x0020b834        0xc 00
                0x0020b840                __bss_end__ = .
 COMMON         0x0020b840        0x2 build/kernel/interrupt.o
                0x0020b840                runisr
                0x0020b841                sus_all_cnt
 *fill*         0x0020b842        0x2 00
 COMMON         0x0020b844       0x10 build/kernel/osctl.o
                0x0020b844                callevel
                0x0020b845                _errorhook_svcid
                0x0020b846                appmode
                0x0020b848                _errorhook_par1
                0x0020b84c                _errorhook_par3
                0x0020b850                _errorhook_par2
 COMMON         0x0020b854        0x3 build/kernel/task.o
                0x0020b854                runtsk
                0x0020b855                schedtsk
                0x0020b856                nextpri
 *fill*         0x0020b857        0x1 00
 COMMON         0x0020b858       0x50 build/./kernel_cfg.o
                0x0020b858                tcb_waievt
                0x0020b85c                rescb_prevpri
                0x0020b85d                almcb_prev
                0x0020b85f                tcb_lastres
                0x0020b864                almcb_almval
                0x0020b86c                tcxb_pc
                0x0020b878                tcb_next
                0x0020b87b                tcb_curpri
                0x0020b87e                tcb_tstat
                0x0020b881                isrcb_lastres
                0x0020b882                cntcb_almque
                0x0020b883                rescb_prevres
                0x0020b884                tcb_actcnt
                0x0020b888                tcb_curevt
                0x0020b88c                almcb_cycle
                0x0020b894                tcxb_sp
                0x0020b8a0                almcb_next
                0x0020b8a4                cntcb_curval
 COMMON         0x0020b8a8      0x314 build/model_impl.o
                0x0020b8a8                info
                0x0020b8c4                wheel
                0x0020b8cc                basicStageDistance
                0x0020b8d0                strategy
                0x0020b8f0                pidControl
                0x0020b8fc                rightMotor
                0x0020b900                lcd
                0x0020b908                tailMotor
                0x0020b90c                basicStage
                0x0020b914                bluetooth
                0x0020b918                sonarSensor
                0x0020b91c                lookUpGateTimer
                0x0020b920                garageIn
                0x0020b934                runner
                0x0020b944                lookUpGate
                0x0020b970                command
                0x0020b978                gyroSensor
                0x0020b980                runnerInfo
                0x0020b9ac                distance
                0x0020b9b0                communication
                0x0020ba40                tail
                0x0020ba44                leftMotor
                0x0020ba48                logger
                0x0020ba4c                wheelAverage
                0x0020ba5c                grayDecision
                0x0020ba84                touchSensor
                0x0020ba88                strategyDistance
                0x0020ba8c                commander
                0x0020ba94                trialDicision
                0x0020baa0                calibration
                0x0020bab8                lookupGageDistance
                0x0020babc                lightSensor
                0x0020bac0                lineTracer
                0x0020badc                checkStart
                0x0020baf0                dash
                0x0020baf4                courseInfo
                0x0020bb08                balanceControl
                0x0020bb38                garageInDistance
                0x0020bb3c                seesaw
                0x0020bb80                settingInfo
                0x0020bba0                grayDecisionTimer
                0x0020bba4                competision
                0x0020bbb0                lineChange
 COMMON         0x0020bbbc        0x4 build/competision/LookUpGate.o
                0x0020bbbc                throwGateFlg
 COMMON         0x0020bbc0       0x44 ../nxtOSEK/ecrobot/../ecrobot/libecrobot.a(uart.oram)
                0x0020bbc0                uart
 COMMON         0x0020bc04        0x4 ../nxtOSEK/ecrobot/../ecrobot/libecrobot.a(data_abort.oram)
                0x0020bc04                data_abort_pc
 COMMON         0x0020bc08        0x8 ../nxtOSEK/ecrobot/../ecrobot/libecrobot.a(display.oram)
                0x0020bc08                display_x
                0x0020bc0c                display_y
 COMMON         0x0020bc10      0x324 ../nxtOSEK/ecrobot/../ecrobot/libecrobot.a(sound.oram)
                0x0020bc10                sample
                0x0020a440                __bss_start__ = ADDR (.bss)
                0x0020bf34                __bss_end__ = (ADDR (.bss) + SIZEOF (.bss))
                0x0020bf34                PROVIDE (end, .)

.heap_area      0x0020bf34     0x3c44
                0x0020fb78                . = (. + (0x20fb78 - end))
 *fill*         0x0020bf34     0x3c44 00

.stack          0x0020fb78      0x488
                0x0020fbf8                . = (. + 0x80)
 *fill*         0x0020fb78       0x80 00
                0x0020fc00                . = ALIGN (0x10)
 *fill*         0x0020fbf8        0x8 00
                0x0020fc00                __irq_stack__ = .
                0x0020fc00                __system_stack_bottom__ = .
                0x00210000                . = (. + 0x400)
 *fill*         0x0020fc00      0x400 00
                0x00210000                . = ALIGN (0x10)
                0x00210000                __system_stack__ = .
                0x00210000                __system_stack_top__ = .
                0x0020fb78                __stack_start__ = ADDR (.stack)
                0x00210000                __stack_end__ = (ADDR (.stack) + SIZEOF (.stack))
OUTPUT(azuma2014_ram.elf elf32-littlearm)

.comment        0x00000000      0x5a0
 .comment       0x00000000       0x12 build/kernel/alarm.o
 .comment       0x00000012       0x12 build/kernel/event.o
 .comment       0x00000024       0x12 build/kernel/interrupt.o
 .comment       0x00000036       0x12 build/kernel/osctl.o
 .comment       0x00000048       0x12 build/kernel/resource.o
 .comment       0x0000005a       0x12 build/kernel/task.o
 .comment       0x0000006c       0x12 build/kernel/task_manage.o
 .comment       0x0000007e       0x12 build/config/at91sam7s-gnu/cpu_config.o
 .comment       0x00000090       0x12 build/config/at91sam7s-gnu/lego_nxt/sys_config.o
 .comment       0x000000a2       0x12 build/./kernel_cfg.o
 .comment       0x000000b4       0x12 build/syscalls.o
 .comment       0x000000c6       0x12 build/ecrobot_bluetooth.o
 .comment       0x000000d8       0x12 build/ecrobot_base.o
 .comment       0x000000ea       0x12 build/ecrobot.o
 .comment       0x000000fc       0x12 build/model_impl.o
 .comment       0x0000010e       0x12 build/balancer_param.o
 .comment       0x00000120       0x12 build/device/Bluetooth.o
 .comment       0x00000132       0x12 build/device/GyroSensor.o
 .comment       0x00000144       0x12 build/device/TouchSensor.o
 .comment       0x00000156       0x12 build/device/Motor.o
 .comment       0x00000168       0x12 build/device/LightSensor.o
 .comment       0x0000017a       0x12 build/device/SonarSensor.o
 .comment       0x0000018c       0x12 build/device/LCD.o
 .comment       0x0000019e       0x12 build/device/Logger.o
 .comment       0x000001b0       0x12 build/device/Timer.o
 .comment       0x000001c2       0x12 build/competision/Competision.o
 .comment       0x000001d4       0x12 build/competision/Strategy.o
 .comment       0x000001e6       0x12 build/competision/LineTracer.o
 .comment       0x000001f8       0x12 build/competision/Runner.o
 .comment       0x0000020a       0x12 build/competision/GarageIn.o
 .comment       0x0000021c       0x12 build/competision/Seesaw.o
 .comment       0x0000022e       0x12 build/competision/BasicStage.o
 .comment       0x00000240       0x12 build/competision/LookUpGate.o
 .comment       0x00000252       0x12 build/technique/Tail.o
 .comment       0x00000264       0x12 build/technique/Wheel.o
 .comment       0x00000276       0x12 build/technique/BalanceControl.o
 .comment       0x00000288       0x12 build/technique/PidControl.o
 .comment       0x0000029a       0x12 build/technique/Communication.o
 .comment       0x000002ac       0x12 build/technique/Commander.o
 .comment       0x000002be       0x12 build/technique/GrayDecision.o
 .comment       0x000002d0       0x12 build/technique/WheelAverage.o
 .comment       0x000002e2       0x12 build/technique/Distance.o
 .comment       0x000002f4       0x12 build/technique/Dash.o
 .comment       0x00000306       0x12 build/CheckStart.o
 .comment       0x00000318       0x12 build/Calibration.o
 .comment       0x0000032a       0x12 build/syslib/at91sam7s-gnu/lego_nxt/hw_sys_timer.oram
 .comment       0x0000033c       0x12 ../nxtOSEK/ecrobot/../ecrobot/libecrobot.a(ecrobot_HiTechnic.o)
 .comment       0x0000034e       0x12 ../nxtOSEK/ecrobot/../ecrobot/libecrobot.a(ecrobot_interface.o)
 .comment       0x00000360       0x12 ../nxtOSEK/ecrobot/../ecrobot/libecrobot.a(colorsensor.o)
 .comment       0x00000372       0x12 ../nxtOSEK/ecrobot/../ecrobot/libecrobot.a(osek_hook.o)
 .comment       0x00000384       0x12 ../nxtOSEK/ecrobot/../ecrobot/libecrobot.a(uart.oram)
 .comment       0x00000396       0x12 ../nxtOSEK/ecrobot/../ecrobot/libecrobot.a(systick.oram)
 .comment       0x000003a8       0x12 ../nxtOSEK/ecrobot/../ecrobot/libecrobot.a(byte_fifo.oram)
 .comment       0x000003ba       0x12 ../nxtOSEK/ecrobot/../ecrobot/libecrobot.a(aic.oram)
 .comment       0x000003cc       0x12 ../nxtOSEK/ecrobot/../ecrobot/libecrobot.a(udp.oram)
 .comment       0x000003de       0x12 ../nxtOSEK/ecrobot/../ecrobot/libecrobot.a(twi.oram)
 .comment       0x000003f0       0x12 ../nxtOSEK/ecrobot/../ecrobot/libecrobot.a(nxt_spi.oram)
 .comment       0x00000402       0x12 ../nxtOSEK/ecrobot/../ecrobot/libecrobot.a(nxt_motors.oram)
 .comment       0x00000414       0x12 ../nxtOSEK/ecrobot/../ecrobot/libecrobot.a(data_abort.oram)
 .comment       0x00000426       0x12 ../nxtOSEK/ecrobot/../ecrobot/libecrobot.a(display.oram)
 .comment       0x00000438       0x12 ../nxtOSEK/ecrobot/../ecrobot/libecrobot.a(i2c.oram)
 .comment       0x0000044a       0x12 ../nxtOSEK/ecrobot/../ecrobot/libecrobot.a(sound.oram)
 .comment       0x0000045c       0x12 ../nxtOSEK/ecrobot/../ecrobot/libecrobot.a(bt.oram)
 .comment       0x0000046e       0x12 ../nxtOSEK/ecrobot/../ecrobot/libecrobot.a(nxt_avr.oram)
 .comment       0x00000480       0x12 ../nxtOSEK/ecrobot/../ecrobot/libecrobot.a(sensors.oram)
 .comment       0x00000492       0x12 ../nxtOSEK/ecrobot/../ecrobot/libecrobot.a(sensors1.oram)
 .comment       0x000004a4       0x12 ../nxtOSEK/ecrobot/../ecrobot/libecrobot.a(nxt_lcd.oram)
 .comment       0x000004b6       0x12 ../nxtOSEK/ecrobot/../ecrobot/libecrobot.a(flash_loader.oram)
 .comment       0x000004c8       0x12 ../nxtOSEK/ecrobot/../ecrobot/libecrobot.a(ecrobot_usb.o)
 .comment       0x000004da       0x12 ../nxtOSEK/ecrobot/../ecrobot/libecrobot.a(flashprog.oram)
 .comment       0x000004ec       0x12 ../nxtOSEK/ecrobot/../ecrobot/libnxtway_gs_balancer.a(balancer.o)
 .comment       0x000004fe       0x12 /cygdrive/C/cygwin/GNUARM/bin/../lib/gcc/arm-elf/4.0.2/thumb/interwork/libgcc.a(_muldi3.o)
 .comment       0x00000510       0x12 /cygdrive/C/cygwin/GNUARM/bin/../lib/gcc/arm-elf/4.0.2/thumb/interwork/libgcc.a(_divdi3.o)
 .comment       0x00000522       0x12 /cygdrive/C/cygwin/GNUARM/bin/../lib/gcc/arm-elf/4.0.2/thumb/interwork/libgcc.a(_clz.o)
 .comment       0x00000534       0x12 /cygdrive/C/cygwin/GNUARM/bin/../lib/gcc/arm-elf/4.0.2/../../../../arm-elf/lib/thumb/interwork/libc.a(memcpy.o)
 .comment       0x00000546       0x12 /cygdrive/C/cygwin/GNUARM/bin/../lib/gcc/arm-elf/4.0.2/../../../../arm-elf/lib/thumb/interwork/libc.a(memset.o)
 .comment       0x00000558       0x12 /cygdrive/C/cygwin/GNUARM/bin/../lib/gcc/arm-elf/4.0.2/../../../../arm-elf/lib/thumb/interwork/libc.a(strcmp.o)
 .comment       0x0000056a       0x12 /cygdrive/C/cygwin/GNUARM/bin/../lib/gcc/arm-elf/4.0.2/../../../../arm-elf/lib/thumb/interwork/libc.a(strcpy.o)
 .comment       0x0000057c       0x12 /cygdrive/C/cygwin/GNUARM/bin/../lib/gcc/arm-elf/4.0.2/../../../../arm-elf/lib/thumb/interwork/libc.a(strlen.o)
 .comment       0x0000058e       0x12 /cygdrive/C/cygwin/GNUARM/bin/../lib/gcc/arm-elf/4.0.2/../../../../arm-elf/lib/thumb/interwork/libc.a(strncpy.o)

.debug_line     0x00000000      0xf28
 .debug_line    0x00000000       0x70 /cygdrive/C/cygwin/GNUARM/bin/../lib/gcc/arm-elf/4.0.2/thumb/interwork/libgcc.a(_udivsi3.o)
 .debug_line    0x00000070       0x7c /cygdrive/C/cygwin/GNUARM/bin/../lib/gcc/arm-elf/4.0.2/thumb/interwork/libgcc.a(_divsi3.o)
 .debug_line    0x000000ec       0x68 /cygdrive/C/cygwin/GNUARM/bin/../lib/gcc/arm-elf/4.0.2/thumb/interwork/libgcc.a(_umodsi3.o)
 .debug_line    0x00000154       0x71 /cygdrive/C/cygwin/GNUARM/bin/../lib/gcc/arm-elf/4.0.2/thumb/interwork/libgcc.a(_modsi3.o)
 .debug_line    0x000001c5       0x5a /cygdrive/C/cygwin/GNUARM/bin/../lib/gcc/arm-elf/4.0.2/thumb/interwork/libgcc.a(_dvmd_tls.o)
 .debug_line    0x0000021f      0x162 /cygdrive/C/cygwin/GNUARM/bin/../lib/gcc/arm-elf/4.0.2/thumb/interwork/libgcc.a(_addsubdf3.o)
 .debug_line    0x00000381      0x177 /cygdrive/C/cygwin/GNUARM/bin/../lib/gcc/arm-elf/4.0.2/thumb/interwork/libgcc.a(_muldivdf3.o)
 .debug_line    0x000004f8       0xa4 /cygdrive/C/cygwin/GNUARM/bin/../lib/gcc/arm-elf/4.0.2/thumb/interwork/libgcc.a(_cmpdf2.o)
 .debug_line    0x0000059c       0x80 /cygdrive/C/cygwin/GNUARM/bin/../lib/gcc/arm-elf/4.0.2/thumb/interwork/libgcc.a(_truncdfsf2.o)
 .debug_line    0x0000061c      0x110 /cygdrive/C/cygwin/GNUARM/bin/../lib/gcc/arm-elf/4.0.2/thumb/interwork/libgcc.a(_addsubsf3.o)
 .debug_line    0x0000072c      0x11a /cygdrive/C/cygwin/GNUARM/bin/../lib/gcc/arm-elf/4.0.2/thumb/interwork/libgcc.a(_muldivsf3.o)
 .debug_line    0x00000846       0x98 /cygdrive/C/cygwin/GNUARM/bin/../lib/gcc/arm-elf/4.0.2/thumb/interwork/libgcc.a(_cmpsf2.o)
 .debug_line    0x000008de       0x6f /cygdrive/C/cygwin/GNUARM/bin/../lib/gcc/arm-elf/4.0.2/thumb/interwork/libgcc.a(_fixsfsi.o)
 .debug_line    0x0000094d       0x61 /cygdrive/C/cygwin/GNUARM/bin/../lib/gcc/arm-elf/4.0.2/thumb/interwork/libgcc.a(_muldi3.o)
 .debug_line    0x000009ae      0x122 /cygdrive/C/cygwin/GNUARM/bin/../lib/gcc/arm-elf/4.0.2/thumb/interwork/libgcc.a(_divdi3.o)
 .debug_line    0x00000ad0       0x48 /cygdrive/C/cygwin/GNUARM/bin/../lib/gcc/arm-elf/4.0.2/thumb/interwork/libgcc.a(_clz.o)
 .debug_line    0x00000b18       0xc3 /cygdrive/C/cygwin/GNUARM/bin/../lib/gcc/arm-elf/4.0.2/../../../../arm-elf/lib/thumb/interwork/libc.a(memcpy.o)
 .debug_line    0x00000bdb       0xd4 /cygdrive/C/cygwin/GNUARM/bin/../lib/gcc/arm-elf/4.0.2/../../../../arm-elf/lib/thumb/interwork/libc.a(memset.o)
 .debug_line    0x00000caf       0x88 /cygdrive/C/cygwin/GNUARM/bin/../lib/gcc/arm-elf/4.0.2/../../../../arm-elf/lib/thumb/interwork/libc.a(strcmp.o)
 .debug_line    0x00000d37       0x80 /cygdrive/C/cygwin/GNUARM/bin/../lib/gcc/arm-elf/4.0.2/../../../../arm-elf/lib/thumb/interwork/libc.a(strcpy.o)
 .debug_line    0x00000db7       0xaf /cygdrive/C/cygwin/GNUARM/bin/../lib/gcc/arm-elf/4.0.2/../../../../arm-elf/lib/thumb/interwork/libc.a(strlen.o)
 .debug_line    0x00000e66       0xc2 /cygdrive/C/cygwin/GNUARM/bin/../lib/gcc/arm-elf/4.0.2/../../../../arm-elf/lib/thumb/interwork/libc.a(strncpy.o)

.debug_info     0x00000000     0x1587
 .debug_info    0x00000000       0x6a /cygdrive/C/cygwin/GNUARM/bin/../lib/gcc/arm-elf/4.0.2/thumb/interwork/libgcc.a(_udivsi3.o)
 .debug_info    0x0000006a       0x6a /cygdrive/C/cygwin/GNUARM/bin/../lib/gcc/arm-elf/4.0.2/thumb/interwork/libgcc.a(_divsi3.o)
 .debug_info    0x000000d4       0x6a /cygdrive/C/cygwin/GNUARM/bin/../lib/gcc/arm-elf/4.0.2/thumb/interwork/libgcc.a(_umodsi3.o)
 .debug_info    0x0000013e       0x6a /cygdrive/C/cygwin/GNUARM/bin/../lib/gcc/arm-elf/4.0.2/thumb/interwork/libgcc.a(_modsi3.o)
 .debug_info    0x000001a8       0x6a /cygdrive/C/cygwin/GNUARM/bin/../lib/gcc/arm-elf/4.0.2/thumb/interwork/libgcc.a(_dvmd_tls.o)
 .debug_info    0x00000212       0x69 /cygdrive/C/cygwin/GNUARM/bin/../lib/gcc/arm-elf/4.0.2/thumb/interwork/libgcc.a(_addsubdf3.o)
 .debug_info    0x0000027b       0x69 /cygdrive/C/cygwin/GNUARM/bin/../lib/gcc/arm-elf/4.0.2/thumb/interwork/libgcc.a(_muldivdf3.o)
 .debug_info    0x000002e4       0x69 /cygdrive/C/cygwin/GNUARM/bin/../lib/gcc/arm-elf/4.0.2/thumb/interwork/libgcc.a(_cmpdf2.o)
 .debug_info    0x0000034d       0x69 /cygdrive/C/cygwin/GNUARM/bin/../lib/gcc/arm-elf/4.0.2/thumb/interwork/libgcc.a(_truncdfsf2.o)
 .debug_info    0x000003b6       0x69 /cygdrive/C/cygwin/GNUARM/bin/../lib/gcc/arm-elf/4.0.2/thumb/interwork/libgcc.a(_addsubsf3.o)
 .debug_info    0x0000041f       0x69 /cygdrive/C/cygwin/GNUARM/bin/../lib/gcc/arm-elf/4.0.2/thumb/interwork/libgcc.a(_muldivsf3.o)
 .debug_info    0x00000488       0x69 /cygdrive/C/cygwin/GNUARM/bin/../lib/gcc/arm-elf/4.0.2/thumb/interwork/libgcc.a(_cmpsf2.o)
 .debug_info    0x000004f1       0x69 /cygdrive/C/cygwin/GNUARM/bin/../lib/gcc/arm-elf/4.0.2/thumb/interwork/libgcc.a(_fixsfsi.o)
 .debug_info    0x0000055a      0x20e /cygdrive/C/cygwin/GNUARM/bin/../lib/gcc/arm-elf/4.0.2/thumb/interwork/libgcc.a(_muldi3.o)
 .debug_info    0x00000768      0x758 /cygdrive/C/cygwin/GNUARM/bin/../lib/gcc/arm-elf/4.0.2/thumb/interwork/libgcc.a(_divdi3.o)
 .debug_info    0x00000ec0       0xc9 /cygdrive/C/cygwin/GNUARM/bin/../lib/gcc/arm-elf/4.0.2/thumb/interwork/libgcc.a(_clz.o)
 .debug_info    0x00000f89      0x10d /cygdrive/C/cygwin/GNUARM/bin/../lib/gcc/arm-elf/4.0.2/../../../../arm-elf/lib/thumb/interwork/libc.a(memcpy.o)