Archive member included because of file (symbol)

../nxtOSEK/ecrobot/../ecrobot/libecrobot.a(ecrobot_HiTechnic.o)
                              build/device/GyroSensor.o (ecrobot_get_gyro_sensor)
../nxtOSEK/ecrobot/../ecrobot/libecrobot.a(ecrobot_interface.o)
                              build/model_impl.o (ecrobot_set_light_sensor_active)
../nxtOSEK/ecrobot/../ecrobot/libecrobot.a(colorsensor.o)
                              ../nxtOSEK/ecrobot/../ecrobot/libecrobot.a(ecrobot_interface.o) (colorsensor_init)
../nxtOSEK/ecrobot/../ecrobot/libecrobot.a(osek_hook.o)
                              build/kernel/osctl.o (StartupHook)
../nxtOSEK/ecrobot/../ecrobot/libecrobot.a(uart.oram)
                              build/config/at91sam7s-gnu/irq.oram (uart_isr_C_0)
../nxtOSEK/ecrobot/../ecrobot/libecrobot.a(systick.oram)
                              build/syslib/at91sam7s-gnu/lego_nxt/hw_sys_timer.oram (systick_low_priority_C)
../nxtOSEK/ecrobot/../ecrobot/libecrobot.a(byte_fifo.oram)
                              ../nxtOSEK/ecrobot/../ecrobot/libecrobot.a(uart.oram) (byte_fifo_put)
../nxtOSEK/ecrobot/../ecrobot/libecrobot.a(aic.oram)
                              ../nxtOSEK/ecrobot/../ecrobot/libecrobot.a(uart.oram) (aic_set_vector)
../nxtOSEK/ecrobot/../ecrobot/libecrobot.a(udp.oram)
                              build/config/at91sam7s-gnu/irq.oram (udp_isr_C)
../nxtOSEK/ecrobot/../ecrobot/libecrobot.a(twi.oram)
                              build/config/at91sam7s-gnu/irq.oram (twi_isr_C)
../nxtOSEK/ecrobot/../ecrobot/libecrobot.a(nxt_spi.oram)
                              build/config/at91sam7s-gnu/irq.oram (spi_isr_C)
../nxtOSEK/ecrobot/../ecrobot/libecrobot.a(nxt_motors.oram)
                              build/device/Motor.o (nxt_motor_get_count)
../nxtOSEK/ecrobot/../ecrobot/libecrobot.a(data_abort.oram)
                              build/ecrobot_init.o (data_abort_C)
../nxtOSEK/ecrobot/../ecrobot/libecrobot.a(display.oram)
                              build/ecrobot_base.o (display_update)
../nxtOSEK/ecrobot/../ecrobot/libecrobot.a(i2c.oram)
                              build/config/at91sam7s-gnu/irq.oram (i2c_timer_isr_C)
../nxtOSEK/ecrobot/../ecrobot/libecrobot.a(sound.oram)
                              ../nxtOSEK/ecrobot/../ecrobot/libecrobot.a(ecrobot_interface.o) (sound_get_time)
../nxtOSEK/ecrobot/../ecrobot/libecrobot.a(bt.oram)
                              build/ecrobot_bluetooth.o (bt_send)
../nxtOSEK/ecrobot/../ecrobot/libecrobot.a(nxt_avr.oram)
                              build/ecrobot_base.o (nxt_avr_power_down)
../nxtOSEK/ecrobot/../ecrobot/libecrobot.a(sensors.oram)
                              ../nxtOSEK/ecrobot/../ecrobot/libecrobot.a(ecrobot_interface.o) (unset_digi0)
../nxtOSEK/ecrobot/../ecrobot/libecrobot.a(sensors1.oram)
                              ../nxtOSEK/ecrobot/../ecrobot/libecrobot.a(colorsensor.o) (sensor_pins)
../nxtOSEK/ecrobot/../ecrobot/libecrobot.a(nxt_lcd.oram)
                              ../nxtOSEK/ecrobot/../ecrobot/libecrobot.a(display.oram) (nxt_lcd_force_update)
../nxtOSEK/ecrobot/../ecrobot/libecrobot.a(flash_loader.oram)
                              build/ecrobot_base.o (set_flash_request)
../nxtOSEK/ecrobot/../ecrobot/libecrobot.a(interrupts.oram)
                              ../nxtOSEK/ecrobot/../ecrobot/libecrobot.a(uart.oram) (interrupts_get_and_disable)
../nxtOSEK/ecrobot/../ecrobot/libecrobot.a(nxtosek_splash.obmp)
                              build/ecrobot_base.o (nxtosek_splash_bmp_start)
../nxtOSEK/ecrobot/../ecrobot/libecrobot.a(ecrobot_usb.o)
                              ../nxtOSEK/ecrobot/../ecrobot/libecrobot.a(flash_loader.oram) (ecrobot_init_usb)
../nxtOSEK/ecrobot/../ecrobot/libecrobot.a(flashprog.oram)
                              ../nxtOSEK/ecrobot/../ecrobot/libecrobot.a(flash_loader.oram) (flash_write_page)
../nxtOSEK/ecrobot/../ecrobot/libnxtway_gs_balancer.a(balancer.o)
                              build/technique/BalanceControl.o (balance_control)
/cygdrive/C/cygwin/GNUARM/bin/../lib/gcc/arm-elf/4.0.2/thumb/interwork/libgcc.a(_udivsi3.o)
                              build/ecrobot_base.o (__udivsi3)
/cygdrive/C/cygwin/GNUARM/bin/../lib/gcc/arm-elf/4.0.2/thumb/interwork/libgcc.a(_divsi3.o)
                              build/technique/Commander.o (__divsi3)
/cygdrive/C/cygwin/GNUARM/bin/../lib/gcc/arm-elf/4.0.2/thumb/interwork/libgcc.a(_umodsi3.o)
                              ../nxtOSEK/ecrobot/../ecrobot/libecrobot.a(display.oram) (__umodsi3)
/cygdrive/C/cygwin/GNUARM/bin/../lib/gcc/arm-elf/4.0.2/thumb/interwork/libgcc.a(_modsi3.o)
                              build/competision/OrderList.o (__modsi3)
/cygdrive/C/cygwin/GNUARM/bin/../lib/gcc/arm-elf/4.0.2/thumb/interwork/libgcc.a(_dvmd_tls.o)
                              /cygdrive/C/cygwin/GNUARM/bin/../lib/gcc/arm-elf/4.0.2/thumb/interwork/libgcc.a(_udivsi3.o) (__div0)
/cygdrive/C/cygwin/GNUARM/bin/../lib/gcc/arm-elf/4.0.2/thumb/interwork/libgcc.a(_addsubdf3.o)
[...]
Memory Configuration

Name             Origin             Length             Attributes
vector_ram       0x00200000         0x00000040
ram              0x00200040         0x0000ffc0
*default*        0x00000000         0xffffffff

Linker script and memory map

LOAD build/kernel/alarm.o
LOAD build/kernel/event.o
LOAD build/kernel/interrupt.o
LOAD build/kernel/osctl.o
LOAD build/kernel/resource.o
LOAD build/kernel/task.o
LOAD build/kernel/task_manage.o
LOAD build/config/at91sam7s-gnu/cpu_config.o
LOAD build/config/at91sam7s-gnu/lego_nxt/sys_config.o
LOAD build/./kernel_cfg.o
LOAD build/syscalls.o
LOAD build/ecrobot_bluetooth.o
LOAD build/ecrobot_base.o
LOAD build/ecrobot.o
LOAD build/model_impl.o
LOAD build/balancer_param.o
LOAD build/device/Bluetooth.o
LOAD build/device/GyroSensor.o
LOAD build/device/TouchSensor.o
LOAD build/device/Motor.o
LOAD build/device/LightSensor.o
LOAD build/device/SonarSensor.o
LOAD build/device/LCD.o
LOAD build/device/Logger.o
LOAD build/device/Timer.o
LOAD build/competision/Competision.o
LOAD build/competision/Strategy.o
LOAD build/competision/LineTracer.o
LOAD build/competision/Runner.o
LOAD build/competision/BasicStage.o
LOAD build/technique/Tail.o
LOAD build/technique/Wheel.o
LOAD build/technique/BalanceControl.o
LOAD build/technique/PidControl.o
LOAD build/technique/Communication.o
LOAD build/technique/Commander.o
LOAD build/technique/Distance.o
LOAD build/technique/Dash.o
LOAD build/CheckStart.o
LOAD build/Calibration.o
LOAD build/competision/RoboControl.o
LOAD build/competision/Order.o
LOAD build/competision/OrderList.o
LOAD build/competision/Jump.o
LOAD build/competision/Mogul.o
LOAD build/competision/OrderTest.o
LOAD build/competision/Course.o
LOAD build/competision/PendingArea.o
LOAD build/competision/FigureL.o
LOAD build/technique/FrontWheel.o
LOAD build/technique/DrivingWheel.o
LOAD build/technique/BumpDecision.o
LOAD build/technique/TrialDecision.o
LOAD build/technique/LineChange.o
LOAD build/technique/LineComeback.o
LOAD build/technique/ColorJudgement.o
LOAD build/syslib/at91sam7s-gnu/lego_nxt/hw_sys_timer.oram
LOAD build/nxtvm/platform/nxt/vectors.o
LOAD build/config/at91sam7s-gnu/debug.o
LOAD build/config/at91sam7s-gnu/lego_nxt/sys_support.o
LOAD build/nxt_binary_header.o
LOAD build/nxt_entry_point.o
LOAD build/ecrobot_init.o
LOAD build/config/at91sam7s-gnu/cpu_support.oram
LOAD build/config/at91sam7s-gnu/irq.oram
LOAD ../nxtOSEK/ecrobot/../c++/liblejososek.a
LOAD ../nxtOSEK/ecrobot/../ecrobot/libecrobot.a
LOAD ../nxtOSEK/ecrobot/../ecrobot/libnxtway_gs_balancer.a
LOAD /cygdrive/C/cygwin/GNUARM/bin/../lib/gcc/arm-elf/4.0.2/../../../../arm-elf/lib/thumb/interwork/libstdc++.a
LOAD /cygdrive/C/cygwin/GNUARM/bin/../lib/gcc/arm-elf/4.0.2/../../../../arm-elf/lib/thumb/interwork/libm.a
LOAD /cygdrive/C/cygwin/GNUARM/bin/../lib/gcc/arm-elf/4.0.2/thumb/interwork/libgcc.a
LOAD /cygdrive/C/cygwin/GNUARM/bin/../lib/gcc/arm-elf/4.0.2/../../../../arm-elf/lib/thumb/interwork/libc.a
LOAD /cygdrive/C/cygwin/GNUARM/bin/../lib/gcc/arm-elf/4.0.2/thumb/interwork/libgcc.a
                0x00200000                RAM_BASE = 0x200000
                0x00010000                RAM_SIZE = 0x10000

.samba_reserved
                0x00200040     0x1fc0
                0x00202000                . = 0x1fc0
 *fill*         0x00200040     0x1fc0 00
                0x00200040                __samba_ram_start__ = ADDR (.samba_reserved)
                0x00202000                __samba_ram_end__ = (__samba_ram_start__ + SIZEOF (.samba_reserved))

.vectors        0x00200000       0x40 load address 0x00202000
 vectors.o(*.text *.text.*)
 .text          0x00200000       0x38 build/nxtvm/platform/nxt/vectors.o
                0x00200040                . = ALIGN (0x10)
 *fill*         0x00200038        0x8 00
                0x00200000                __vectors_ram_start__ = ADDR (.vectors)
                0x00200040                __vectors_ram_end__ = (ADDR (.vectors) + SIZEOF (.vectors))
                0x00202000                __vectors_load_start__ = LOADADDR (.vectors)
                0x00202040                __vectors_load_end__ = (LOADADDR (.vectors) + SIZEOF (.vectors))

.init           0x00202040      0x280
 *ecrobot_init.o(*.text *.text.*)
 .text          0x00202040      0x280 build/ecrobot_init.o
                0x002021ac                undef_handler
                0x002021b4                prefetch_abort_handler
                0x002021b8                data_abort_handler
                0x002021b0                swi_handler
                0x00202040                start
                0x002021d4                reserved_handler
                0x002022c0                . = ALIGN (0x10)

.ram_text       0x002022c0     0x3750
                0x002022c0                . = ALIGN (0x10)
 *.oram(*.text *.text.* *.glue*)
 .text.systick_isr_C1
                0x002022c0       0x28 build/syslib/at91sam7s-gnu/lego_nxt/hw_sys_timer.oram
                0x002022c0                systick_isr_C1
 *fill*         0x002022e8        0x8 00
 .text          0x002022f0      0x230 build/config/at91sam7s-gnu/cpu_support.oram
                0x002024d0                enable_int
                0x00202370                start_dispatch
                0x00202330                activate_r
                0x002024c8                disable_int
                0x002022f0                dispatch
                0x0020249c                int_return
                0x0020242c                _interrupt
                0x00202360                exit_and_dispatch
                0x002024d8                nop
 .text          0x00202520      0x2c0 build/config/at91sam7s-gnu/irq.oram
                0x00202520                default_isr
                0x002026ac                uart_isr_entry_0
                0x0020262c                twi_isr_entry
                0x002026ec                uart_isr_entry_1
                0x002025ec                spi_isr_entry
                0x0020256c                systick_low_priority_entry
                0x0020272c                nxt_motor_isr_entry
                0x0020276c                i2c_timer_isr_entry
                0x00202520                default_fiq
                0x00202524                systick_isr_entry
                0x00202520                spurious_isr
                0x0020266c                sound_isr_entry
                0x002025ac                udp_isr_entry
 .text.uart_process_isr
                0x002027e0       0x88 ../nxtOSEK/ecrobot/../ecrobot/libecrobot.a(uart.oram)
 .text.uart_isr_C_0
                0x00202868        0xc ../nxtOSEK/ecrobot/../ecrobot/libecrobot.a(uart.oram)
                0x00202868                uart_isr_C_0
 .text.uart_isr_C_1
                0x00202874        0xc ../nxtOSEK/ecrobot/../ecrobot/libecrobot.a(uart.oram)
                0x00202874                uart_isr_C_1
 .text.systick_low_priority_C
                0x00202880       0x1c ../nxtOSEK/ecrobot/../ecrobot/libecrobot.a(systick.oram)
                0x00202880                systick_low_priority_C
 .text.systick_isr_C
                0x0020289c       0x24 ../nxtOSEK/ecrobot/../ecrobot/libecrobot.a(systick.oram)
                0x0020289c                systick_isr_C
 .text.systick_get_ms
                0x002028c0        0xc ../nxtOSEK/ecrobot/../ecrobot/libecrobot.a(systick.oram)
                0x002028c0                systick_get_ms
 .text.systick_wait_ms
                0x002028cc       0x1c ../nxtOSEK/ecrobot/../ecrobot/libecrobot.a(systick.oram)
                0x002028cc                systick_wait_ms
 .text.systick_wait_ns
                0x002028e8       0x1c ../nxtOSEK/ecrobot/../ecrobot/libecrobot.a(systick.oram)
                0x002028e8                systick_wait_ns
 .text.systick_init
                0x00202904       0x58 ../nxtOSEK/ecrobot/../ecrobot/libecrobot.a(systick.oram)
                0x00202904                systick_init
 .text.systick_suspend
                0x0020295c        0xc ../nxtOSEK/ecrobot/../ecrobot/libecrobot.a(systick.oram)
                0x0020295c                systick_suspend
 .text.systick_resume
                0x00202968        0xc ../nxtOSEK/ecrobot/../ecrobot/libecrobot.a(systick.oram)
                0x00202968                systick_resume
 .text.byte_fifo_put
                0x00202974       0x58 ../nxtOSEK/ecrobot/../ecrobot/libecrobot.a(byte_fifo.oram)
                0x00202974                byte_fifo_put
 .text.byte_fifo_get
                0x002029cc       0x2c ../nxtOSEK/ecrobot/../ecrobot/libecrobot.a(byte_fifo.oram)
                0x002029cc                byte_fifo_get
 .text.aic_initialise
                0x002029f8       0x5c ../nxtOSEK/ecrobot/../ecrobot/libecrobot.a(aic.oram)
                0x002029f8                aic_initialise
 .text.aic_set_vector
                0x00202a54       0x30 ../nxtOSEK/ecrobot/../ecrobot/libecrobot.a(aic.oram)
                0x00202a54                aic_set_vector
 .text.aic_mask_on
                0x00202a84       0x24 ../nxtOSEK/ecrobot/../ecrobot/libecrobot.a(aic.oram)
                0x00202a84                aic_mask_on
 .text.aic_mask_off
                0x00202aa8       0x24 ../nxtOSEK/ecrobot/../ecrobot/libecrobot.a(aic.oram)
                0x00202aa8                aic_mask_off
 .text.aic_clear
                0x00202acc       0x24 ../nxtOSEK/ecrobot/../ecrobot/libecrobot.a(aic.oram)
                0x00202acc                aic_clear
 .text.reset    0x00202af0       0x4c ../nxtOSEK/ecrobot/../ecrobot/libecrobot.a(udp.oram)
 .text.udp_send_null
                0x00202b3c       0x2c ../nxtOSEK/ecrobot/../ecrobot/libecrobot.a(udp.oram)
 .text.udp_send_stall
                0x00202b68       0x2c ../nxtOSEK/ecrobot/../ecrobot/libecrobot.a(udp.oram)
 .text.udp_send_control
                0x00202b94       0x60 ../nxtOSEK/ecrobot/../ecrobot/libecrobot.a(udp.oram)
 .text.udp_isr_C
                0x00202bf4      0x7d0 ../nxtOSEK/ecrobot/../ecrobot/libecrobot.a(udp.oram)
                0x00202bf4                udp_isr_C
 .text.twi_status
                0x002033c4       0x20 ../nxtOSEK/ecrobot/../ecrobot/libecrobot.a(twi.oram)
                0x002033c4                twi_status
 .text.twi_isr_C
                0x002033e4       0xc4 ../nxtOSEK/ecrobot/../ecrobot/libecrobot.a(twi.oram)
                0x002033e4                twi_isr_C
 .text.twi_reset
                0x002034a8       0xb4 ../nxtOSEK/ecrobot/../ecrobot/libecrobot.a(twi.oram)
                0x002034a8                twi_reset
 .text.twi_init
                0x0020355c       0x4c ../nxtOSEK/ecrobot/../ecrobot/libecrobot.a(twi.oram)
                0x0020355c                twi_init
 .text.twi_start_read
                0x002035a8       0x60 ../nxtOSEK/ecrobot/../ecrobot/libecrobot.a(twi.oram)
                0x002035a8                twi_start_read
 .text.twi_start_write
                0x00203608       0x64 ../nxtOSEK/ecrobot/../ecrobot/libecrobot.a(twi.oram)
                0x00203608                twi_start_write
 .text.spi_set_mode
                0x0020366c       0x40 ../nxtOSEK/ecrobot/../ecrobot/libecrobot.a(nxt_spi.oram)
 .text.spi_isr_C
                0x002036ac       0x8c ../nxtOSEK/ecrobot/../ecrobot/libecrobot.a(nxt_spi.oram)
                0x002036ac                spi_isr_C
 .text.nxt_spi_init
                0x00203738      0x12c ../nxtOSEK/ecrobot/../ecrobot/libecrobot.a(nxt_spi.oram)
                0x00203738                nxt_spi_init
 .text.nxt_spi_write
                0x00203864       0x44 ../nxtOSEK/ecrobot/../ecrobot/libecrobot.a(nxt_spi.oram)
                0x00203864                nxt_spi_write
 .text.nxt_spi_set_display
                0x002038a8       0x10 ../nxtOSEK/ecrobot/../ecrobot/libecrobot.a(nxt_spi.oram)
                0x002038a8                nxt_spi_set_display
 .text.nxt_spi_refresh
                0x002038b8       0x24 ../nxtOSEK/ecrobot/../ecrobot/libecrobot.a(nxt_spi.oram)
                0x002038b8                nxt_spi_refresh
 .text.nxt_motor_get_count
                0x002038dc       0x14 ../nxtOSEK/ecrobot/../ecrobot/libecrobot.a(nxt_motors.oram)
                0x002038dc                nxt_motor_get_count
 .text.nxt_motor_set_count
                0x002038f0       0x10 ../nxtOSEK/ecrobot/../ecrobot/libecrobot.a(nxt_motors.oram)
                0x002038f0                nxt_motor_set_count
 .text.nxt_motor_set_speed
                0x00203900       0x34 ../nxtOSEK/ecrobot/../ecrobot/libecrobot.a(nxt_motors.oram)
                0x00203900                nxt_motor_set_speed
 .text.nxt_motor_1kHz_process
                0x00203934       0x28 ../nxtOSEK/ecrobot/../ecrobot/libecrobot.a(nxt_motors.oram)
                0x00203934                nxt_motor_1kHz_process
 .text.nxt_motor_quad_decode
                0x0020395c       0x30 ../nxtOSEK/ecrobot/../ecrobot/libecrobot.a(nxt_motors.oram)
                0x0020395c                nxt_motor_quad_decode
 .text.nxt_motor_isr_C
                0x0020398c       0x88 ../nxtOSEK/ecrobot/../ecrobot/libecrobot.a(nxt_motors.oram)
                0x0020398c                nxt_motor_isr_C
 .text.nxt_motor_init
                0x00203a14       0x68 ../nxtOSEK/ecrobot/../ecrobot/libecrobot.a(nxt_motors.oram)
                0x00203a14                nxt_motor_init
 .text.data_abort_C
                0x00203a7c       0x7c ../nxtOSEK/ecrobot/../ecrobot/libecrobot.a(data_abort.oram)
                0x00203a7c                data_abort_C
 .text.display_update
                0x00203af8       0x14 ../nxtOSEK/ecrobot/../ecrobot/libecrobot.a(display.oram)
                0x00203af8                display_update
 .text.display_force_update
                0x00203b0c        0xc ../nxtOSEK/ecrobot/../ecrobot/libecrobot.a(display.oram)
                0x00203b0c                display_force_update
 .text.display_clear
                0x00203b18       0x24 ../nxtOSEK/ecrobot/../ecrobot/libecrobot.a(display.oram)
                0x00203b18                display_clear
 .text.display_goto_xy
                0x00203b3c       0x14 ../nxtOSEK/ecrobot/../ecrobot/libecrobot.a(display.oram)
                0x00203b3c                display_goto_xy
 .text.display_char
                0x00203b50       0x60 ../nxtOSEK/ecrobot/../ecrobot/libecrobot.a(display.oram)
                0x00203b50                display_char
 .text.display_string
                0x00203bb0       0x3c ../nxtOSEK/ecrobot/../ecrobot/libecrobot.a(display.oram)
                0x00203bb0                display_string
 .text.display_hex
                0x00203bec       0x50 ../nxtOSEK/ecrobot/../ecrobot/libecrobot.a(display.oram)
                0x00203bec                display_hex
 .text.display_unsigned_worker
                0x00203c3c       0x70 ../nxtOSEK/ecrobot/../ecrobot/libecrobot.a(display.oram)
 .text.display_unsigned
                0x00203cac        0xc ../nxtOSEK/ecrobot/../ecrobot/libecrobot.a(display.oram)
                0x00203cac                display_unsigned
 .text.display_bitmap_copy
                0x00203cb8       0x5c ../nxtOSEK/ecrobot/../ecrobot/libecrobot.a(display.oram)
                0x00203cb8                display_bitmap_copy
 .text.display_init
                0x00203d14       0x50 ../nxtOSEK/ecrobot/../ecrobot/libecrobot.a(display.oram)
                0x00203d14                display_init
 .text.i2c_timer_isr_C
                0x00203d64      0x314 ../nxtOSEK/ecrobot/../ecrobot/libecrobot.a(i2c.oram)
                0x00203d64                i2c_timer_isr_C
 .text.i2c_disable
                0x00204078       0x20 ../nxtOSEK/ecrobot/../ecrobot/libecrobot.a(i2c.oram)
                0x00204078                i2c_disable
 .text.i2c_enable
                0x00204098       0x40 ../nxtOSEK/ecrobot/../ecrobot/libecrobot.a(i2c.oram)
                0x00204098                i2c_enable
 .text.i2c_init
                0x002040d8       0xa4 ../nxtOSEK/ecrobot/../ecrobot/libecrobot.a(i2c.oram)
                0x002040d8                i2c_init
 .text.set_vol  0x0020417c       0xa4 ../nxtOSEK/ecrobot/../ecrobot/libecrobot.a(sound.oram)
 .text.sound_fill_sample_buffer
                0x00204220       0xe4 ../nxtOSEK/ecrobot/../ecrobot/libecrobot.a(sound.oram)
                0x00204220                sound_fill_sample_buffer
 .text.sound_freq_vol
                0x00204304      0x1ec ../nxtOSEK/ecrobot/../ecrobot/libecrobot.a(sound.oram)
                0x00204304                sound_freq_vol
 .text.sound_init
                0x002044f0       0xa0 ../nxtOSEK/ecrobot/../ecrobot/libecrobot.a(sound.oram)
                0x002044f0                sound_init
 .text.sound_isr_C
                0x00204590      0x180 ../nxtOSEK/ecrobot/../ecrobot/libecrobot.a(sound.oram)
                0x00204590                sound_isr_C
 .text.bt_init  0x00204710      0x1c0 ../nxtOSEK/ecrobot/../ecrobot/libecrobot.a(bt.oram)
                0x00204710                bt_init
 .text.bt_send  0x002048d0       0x5c ../nxtOSEK/ecrobot/../ecrobot/libecrobot.a(bt.oram)
                0x002048d0                bt_send
 .text.bt_write
                0x0020492c       0x70 ../nxtOSEK/ecrobot/../ecrobot/libecrobot.a(bt.oram)
                0x0020492c                bt_write
 .text.bt_pending
                0x0020499c       0x50 ../nxtOSEK/ecrobot/../ecrobot/libecrobot.a(bt.oram)
                0x0020499c                bt_pending
 .text.bt_clear_arm7_cmd
                0x002049ec       0x10 ../nxtOSEK/ecrobot/../ecrobot/libecrobot.a(bt.oram)
                0x002049ec                bt_clear_arm7_cmd
 .text.bt_set_arm7_cmd
                0x002049fc       0x10 ../nxtOSEK/ecrobot/../ecrobot/libecrobot.a(bt.oram)
                0x002049fc                bt_set_arm7_cmd
 .text.bt_receive
                0x00204a0c      0x160 ../nxtOSEK/ecrobot/../ecrobot/libecrobot.a(bt.oram)
                0x00204a0c                bt_receive
 .text.bt_read  0x00204b6c      0x140 ../nxtOSEK/ecrobot/../ecrobot/libecrobot.a(bt.oram)
                0x00204b6c                bt_read
 .text.bt_reset
                0x00204cac       0x84 ../nxtOSEK/ecrobot/../ecrobot/libecrobot.a(bt.oram)
                0x00204cac                bt_reset
 .text.nxt_avr_power_down
                0x00204d30       0x10 ../nxtOSEK/ecrobot/../ecrobot/libecrobot.a(nxt_avr.oram)
                0x00204d30                nxt_avr_power_down
 .text.nxt_avr_link_init
                0x00204d40       0x20 ../nxtOSEK/ecrobot/../ecrobot/libecrobot.a(nxt_avr.oram)
                0x00204d40                nxt_avr_link_init
 .text.nxt_avr_init
                0x00204d60       0x6c ../nxtOSEK/ecrobot/../ecrobot/libecrobot.a(nxt_avr.oram)
                0x00204d60                nxt_avr_init
 .text.nxt_avr_1kHz_update
                0x00204dcc      0x1cc ../nxtOSEK/ecrobot/../ecrobot/libecrobot.a(nxt_avr.oram)
                0x00204dcc                nxt_avr_1kHz_update
 .text.buttons_get
                0x00204f98        0xc ../nxtOSEK/ecrobot/../ecrobot/libecrobot.a(nxt_avr.oram)
                0x00204f98                buttons_get
 .text.battery_voltage
                0x00204fa4       0x28 ../nxtOSEK/ecrobot/../ecrobot/libecrobot.a(nxt_avr.oram)
                0x00204fa4                battery_voltage
 .text.sensor_adc
                0x00204fcc       0x20 ../nxtOSEK/ecrobot/../ecrobot/libecrobot.a(nxt_avr.oram)
                0x00204fcc                sensor_adc
 .text.nxt_avr_set_motor
                0x00204fec       0x34 ../nxtOSEK/ecrobot/../ecrobot/libecrobot.a(nxt_avr.oram)
                0x00204fec                nxt_avr_set_motor
 .text.nxt_avr_set_input_power
                0x00205020       0x3c ../nxtOSEK/ecrobot/../ecrobot/libecrobot.a(nxt_avr.oram)
                0x00205020                nxt_avr_set_input_power
 .text.unset_digi0
                0x0020505c       0x44 ../nxtOSEK/ecrobot/../ecrobot/libecrobot.a(sensors.oram)
                0x0020505c                unset_digi0
 .text.unset_digi1
                0x002050a0       0x44 ../nxtOSEK/ecrobot/../ecrobot/libecrobot.a(sensors.oram)
                0x002050a0                unset_digi1
 .text.init_sensors
                0x002050e4       0x4c ../nxtOSEK/ecrobot/../ecrobot/libecrobot.a(sensors.oram)
                0x002050e4                init_sensors
 .text.set_digi0
                0x00205130       0x44 ../nxtOSEK/ecrobot/../ecrobot/libecrobot.a(sensors.oram)
                0x00205130                set_digi0
 .text.nxt_lcd_command
                0x00205174       0x18 ../nxtOSEK/ecrobot/../ecrobot/libecrobot.a(nxt_lcd.oram)
                0x00205174                nxt_lcd_command
 .text.nxt_lcd_set_col
                0x0020518c       0x24 ../nxtOSEK/ecrobot/../ecrobot/libecrobot.a(nxt_lcd.oram)
                0x0020518c                nxt_lcd_set_col
 .text.nxt_lcd_set_multiplex_rate
                0x002051b0       0x18 ../nxtOSEK/ecrobot/../ecrobot/libecrobot.a(nxt_lcd.oram)
                0x002051b0                nxt_lcd_set_multiplex_rate
 .text.nxt_lcd_set_page_address
                0x002051c8       0x18 ../nxtOSEK/ecrobot/../ecrobot/libecrobot.a(nxt_lcd.oram)
                0x002051c8                nxt_lcd_set_page_address
 .text.nxt_lcd_set_pot
                0x002051e0       0x1c ../nxtOSEK/ecrobot/../ecrobot/libecrobot.a(nxt_lcd.oram)
                0x002051e0                nxt_lcd_set_pot
 .text.nxt_lcd_set_ram_address_control
                0x002051fc       0x18 ../nxtOSEK/ecrobot/../ecrobot/libecrobot.a(nxt_lcd.oram)
                0x002051fc                nxt_lcd_set_ram_address_control
 .text.nxt_lcd_enable
                0x00205214       0x14 ../nxtOSEK/ecrobot/../ecrobot/libecrobot.a(nxt_lcd.oram)
                0x00205214                nxt_lcd_enable
 .text.nxt_lcd_set_map_control
                0x00205228       0x18 ../nxtOSEK/ecrobot/../ecrobot/libecrobot.a(nxt_lcd.oram)
                0x00205228                nxt_lcd_set_map_control
 .text.nxt_lcd_reset
                0x00205240        0xc ../nxtOSEK/ecrobot/../ecrobot/libecrobot.a(nxt_lcd.oram)
                0x00205240                nxt_lcd_reset
 .text.nxt_lcd_set_bias_ratio
                0x0020524c       0x18 ../nxtOSEK/ecrobot/../ecrobot/libecrobot.a(nxt_lcd.oram)
                0x0020524c                nxt_lcd_set_bias_ratio
 .text.nxt_lcd_force_update
                0x00205264       0x30 ../nxtOSEK/ecrobot/../ecrobot/libecrobot.a(nxt_lcd.oram)
                0x00205264                nxt_lcd_force_update
 .text.nxt_lcd_update
                0x00205294        0xc ../nxtOSEK/ecrobot/../ecrobot/libecrobot.a(nxt_lcd.oram)
                0x00205294                nxt_lcd_update
 .text.nxt_lcd_power_up
                0x002052a0       0x48 ../nxtOSEK/ecrobot/../ecrobot/libecrobot.a(nxt_lcd.oram)
                0x002052a0                nxt_lcd_power_up
 .text.nxt_lcd_power_down
                0x002052e8        0xc ../nxtOSEK/ecrobot/../ecrobot/libecrobot.a(nxt_lcd.oram)
                0x002052e8                nxt_lcd_power_down
 .text.nxt_lcd_init
                0x002052f4       0x18 ../nxtOSEK/ecrobot/../ecrobot/libecrobot.a(nxt_lcd.oram)
                0x002052f4                nxt_lcd_init
 .text.verify_flash_page
                0x0020530c       0x34 ../nxtOSEK/ecrobot/../ecrobot/libecrobot.a(flash_loader.oram)
 .text.set_flash_request
                0x00205340       0x38 ../nxtOSEK/ecrobot/../ecrobot/libecrobot.a(flash_loader.oram)
                0x00205340                set_flash_request
 .text.nxt_device_init
                0x00205378       0x38 ../nxtOSEK/ecrobot/../ecrobot/libecrobot.a(flash_loader.oram)
                0x00205378                nxt_device_init
 .text          0x002053b0       0x68 ../nxtOSEK/ecrobot/../ecrobot/libecrobot.a(interrupts.oram)
                0x00205408                fiq_enable
                0x002053b0                interrupts_get_and_disable
                0x002053e4                fiq_get_and_disable
                0x002053d4                interrupts_enable
 .text.flash_write_page
                0x00205418       0xc0 ../nxtOSEK/ecrobot/../ecrobot/libecrobot.a(flashprog.oram)
                0x00205418                flash_write_page
                0x002054e0                . = ALIGN (0x10)
 *fill*         0x002054d8        0x8 00
 *.oram(*.rodata *.rodata.*)
 .rodata.ld     0x002054e0        0x4 ../nxtOSEK/ecrobot/../ecrobot/libecrobot.a(udp.oram)
 .rodata.cfd    0x002054e4       0x20 ../nxtOSEK/ecrobot/../ecrobot/libecrobot.a(udp.oram)
 .rodata.dd     0x00205504       0x12 ../nxtOSEK/ecrobot/../ecrobot/libecrobot.a(udp.oram)
 *fill*         0x00205516        0x2 00
 .rodata.str1.4
                0x00205518       0x22 ../nxtOSEK/ecrobot/../ecrobot/libecrobot.a(data_abort.oram)
                                 0x24 (size before relaxing)
 .rodata.font   0x0020553a      0x280 ../nxtOSEK/ecrobot/../ecrobot/libecrobot.a(display.oram)
 *fill*         0x002057ba        0x2 00
 .rodata.str1.4
                0x002057bc       0x76 ../nxtOSEK/ecrobot/../ecrobot/libecrobot.a(display.oram)
                                 0x78 (size before relaxing)
 *fill*         0x00205832        0x2 00
 .rodata.i2c_pin
                0x00205834       0x20 ../nxtOSEK/ecrobot/../ecrobot/libecrobot.a(i2c.oram)
 .rodata.i2c_timer_isr_C
                0x00205854       0x38 ../nxtOSEK/ecrobot/../ecrobot/libecrobot.a(i2c.oram)
 .rodata.logvol
                0x0020588c        0xc ../nxtOSEK/ecrobot/../ecrobot/libecrobot.a(sound.oram)
                0x0020588c                logvol
 .rodata.silence
                0x00205898       0x40 ../nxtOSEK/ecrobot/../ecrobot/libecrobot.a(sound.oram)
                0x00205898                silence
 .rodata.sine   0x002058d8       0x10 ../nxtOSEK/ecrobot/../ecrobot/libecrobot.a(sound.oram)
                0x002058d8                sine
 .rodata.sample_pattern
                0x002058e8       0x84 ../nxtOSEK/ecrobot/../ecrobot/libecrobot.a(sound.oram)
                0x002058e8                sample_pattern
 .rodata        0x0020596c        0xc ../nxtOSEK/ecrobot/../ecrobot/libecrobot.a(sound.oram)
 .rodata.avr_brainwash_string
                0x00205978       0x30 ../nxtOSEK/ecrobot/../ecrobot/libecrobot.a(nxt_avr.oram)
                0x00205978                avr_brainwash_string
 .rodata.nxt_avr_1kHz_update
                0x002059a8       0x14 ../nxtOSEK/ecrobot/../ecrobot/libecrobot.a(nxt_avr.oram)
 .rodata.C.33.1823
                0x002059bc       0x10 ../nxtOSEK/ecrobot/../ecrobot/libecrobot.a(sensors.oram)
 .rodata.C.37.1857
                0x002059cc       0x10 ../nxtOSEK/ecrobot/../ecrobot/libecrobot.a(sensors.oram)
 .rodata.C.31.1806
                0x002059dc       0x10 ../nxtOSEK/ecrobot/../ecrobot/libecrobot.a(sensors.oram)
 .rodata.str1.4
                0x002059ec       0x23 ../nxtOSEK/ecrobot/../ecrobot/libecrobot.a(flash_loader.oram)
                                 0x24 (size before relaxing)
                0x00205a10                . = ALIGN (0x10)
 *fill*         0x00205a0f        0x1 00
                0x002022c0                __ramtext_ram_start__ = ADDR (.ram_text)
                0x00205a10                __ramtext_ram_end__ = (ADDR (.ram_text) + SIZEOF (.ram_text))
                0x002022c0                __ramtext_load_start__ = LOADADDR (.ram_text)
                0x00205a10                __ramtext_load_end__ = (__ramtext_load_start__ + SIZEOF (.ram_text))

.wav_data       0x00205a10        0x0
 *.owav(*.data *.data.*)
                0x00205a10                . = ALIGN (0x10)

.bmp_data       0x00205a10      0x440
 *.obmp(*.data *.data.*)
 .data          0x00205a10      0x43e ../nxtOSEK/ecrobot/../ecrobot/libecrobot.a(nxtosek_splash.obmp)
                0x00205a10                nxtosek_splash_bmp_start
                0x00205e4e                nxtosek_splash_bmp_end
                0x00205e50                . = ALIGN (0x10)
 *fill*         0x00205e4e        0x2 00

.spr_data       0x00205e50        0x0
 *.ospr(*.data *.data.*)
                0x00205e50                . = ALIGN (0x10)

.data           0x00205e50       0x70
 *(*.data *.data.*)
 .data.bt_status
                0x00205e50        0x1 build/ecrobot_bluetooth.o
 *fill*         0x00205e51        0x3 00
 .data.distance_state
                0x00205e54       0x10 ../nxtOSEK/ecrobot/../ecrobot/libecrobot.a(ecrobot_interface.o)
 .data.deviceStatus
                0x00205e64        0x1 ../nxtOSEK/ecrobot/../ecrobot/libecrobot.a(ecrobot_interface.o)
 .data.named    0x00205e65       0x22 ../nxtOSEK/ecrobot/../ecrobot/libecrobot.a(udp.oram)
 .data.snd      0x00205e87       0x1a ../nxtOSEK/ecrobot/../ecrobot/libecrobot.a(udp.oram)
 *fill*         0x00205ea1        0x3 00
 .data.configured
                0x00205ea4        0x4 ../nxtOSEK/ecrobot/../ecrobot/libecrobot.a(udp.oram)
 .data.mode     0x00205ea8        0x1 ../nxtOSEK/ecrobot/../ecrobot/libecrobot.a(nxt_spi.oram)
                0x00205ea8                mode
 *fill*         0x00205ea9        0x3 00
 .bss.data      0x00205eac        0x4 ../nxtOSEK/ecrobot/../ecrobot/libecrobot.a(nxt_spi.oram)
                0x00205eac                data
 .data.display_auto_update
                0x00205eb0        0x4 ../nxtOSEK/ecrobot/../ecrobot/libecrobot.a(display.oram)
                0x00205eb0                display_auto_update
 .data.display_buffer
                0x00205eb4        0x4 ../nxtOSEK/ecrobot/../ecrobot/libecrobot.a(display.oram)
                0x00205ec0                . = ALIGN (0x10)
 *fill*         0x00205eb8        0x8 00
                0x00205e50                __data_ram_start__ = ADDR (.data)
                0x00205ec0                __data_ram_end__ = (ADDR (.data) + SIZEOF (.data))
                0x00205e50                __data_load_start__ = LOADADDR (.data)
                0x00205ec0                __data_load_end__ = (__data_load_start__ + SIZEOF (.data))

.text           0x00205ec0     0x4cd0
                0x00205ec0                . = ALIGN (0x10)
 *(*.text *.text.* *.glue*)
 .text.enqueue_alarm
                0x00205ec0       0x90 build/kernel/alarm.o
 .text.alarm_initialize
                0x00205f50       0x98 build/kernel/alarm.o
                0x00205f50                alarm_initialize
 .text.SignalCounter
                0x00205fe8      0x134 build/kernel/alarm.o
                0x00205fe8                SignalCounter
 .text.StartOS  0x0020611c       0x58 build/kernel/osctl.o
                0x0020611c                StartOS
 .text.ShutdownOS
                0x00206174       0x4c build/kernel/osctl.o
                0x00206174                ShutdownOS
 .text.call_pretaskhook
                0x002061c0       0x24 build/kernel/osctl.o
                0x002061c0                call_pretaskhook
 .text.call_errorhook
                0x002061e4       0x78 build/kernel/osctl.o
                0x002061e4                call_errorhook
 .text.call_posttaskhook
                0x0020625c       0x24 build/kernel/osctl.o
                0x0020625c                call_posttaskhook
 .text.search_schedtsk
                0x00206280       0x94 build/kernel/task.o
                0x00206280                search_schedtsk
 .text.make_runnable
                0x00206314       0xac build/kernel/task.o
                0x00206314                make_runnable
 .text.make_active
                0x002063c0       0x78 build/kernel/task.o
                0x002063c0                make_active
 .text.task_initialize
                0x00206438       0x90 build/kernel/task.o
                0x00206438                task_initialize
 .text.ActivateTask
                0x002064c8       0x8c build/kernel/task_manage.o
                0x002064c8                ActivateTask
 .text.TerminateTask
                0x00206554       0x74 build/kernel/task_manage.o
                0x00206554                TerminateTask
 .text.cpu_initialize
                0x002065c8        0x4 build/config/at91sam7s-gnu/cpu_config.o
                0x002065c8                cpu_initialize
 .text.cpu_terminate
                0x002065cc        0x4 build/config/at91sam7s-gnu/cpu_config.o
                0x002065cc                cpu_terminate
 .text.sys_initialize
                0x002065d0        0x4 build/config/at91sam7s-gnu/lego_nxt/sys_config.o
                0x002065d0                sys_initialize
 .text.sys_exit
                0x002065d4        0x4 build/config/at91sam7s-gnu/lego_nxt/sys_config.o
                0x002065d4                sys_exit
 .text._activate_alarm_cyclic_alarm1
                0x002065d8        0xc build/./kernel_cfg.o
 .text._activate_alarm_cyclic_alarm2
                0x002065e4        0xc build/./kernel_cfg.o
 .text.object_initialize
                0x002065f0       0x10 build/./kernel_cfg.o
                0x002065f0                object_initialize
 .text.ecrobot_get_bt_status
                0x00206600       0x10 build/ecrobot_bluetooth.o
                0x00206600                ecrobot_get_bt_status
 .text.close_bt_stream
                0x00206610       0x2c build/ecrobot_bluetooth.o
 .text.ecrobot_send_bt_packet
                0x0020663c       0x54 build/ecrobot_bluetooth.o
                0x0020663c                ecrobot_send_bt_packet
 .text.ecrobot_send_bt
                0x00206690       0x40 build/ecrobot_bluetooth.o
                0x00206690                ecrobot_send_bt
 .text.ecrobot_read_bt
                0x002066d0       0x24 build/ecrobot_bluetooth.o
                0x002066d0                ecrobot_read_bt
 .text.send_bt_command
                0x002066f4       0x40 build/ecrobot_bluetooth.o
 .text.ecrobot_term_bt_connection
                0x00206734       0x48 build/ecrobot_bluetooth.o
                0x00206734                ecrobot_term_bt_connection
 .text.read_bt_command
                0x0020677c       0x5c build/ecrobot_bluetooth.o
 .text.open_bt_stream
                0x002067d8       0x50 build/ecrobot_bluetooth.o
 .text.ecrobot_get_bt_device_address
                0x00206828       0x6c build/ecrobot_bluetooth.o
                0x00206828                ecrobot_get_bt_device_address
 .text.ecrobot_init_bt_slave
                0x00206894      0x12c build/ecrobot_bluetooth.o
                0x00206894                ecrobot_init_bt_slave
 .text.init_OS_flag
                0x002069c0        0xc build/ecrobot_base.o
                0x002069c0                init_OS_flag
 .text.set_OS_flag
                0x002069cc        0xc build/ecrobot_base.o
                0x002069cc                set_OS_flag
 .text.get_OS_flag
                0x002069d8        0xc build/ecrobot_base.o
                0x002069d8                get_OS_flag
 .text.cpp_constructor
                0x002069e4       0x28 build/ecrobot_base.o
                0x002069e4                cpp_constructor
 .text.cpp_destructor
                0x00206a0c       0x28 build/ecrobot_base.o
                0x00206a0c                cpp_destructor
 .text.execution_mode
                0x00206a34       0x24 build/ecrobot_base.o
                0x00206a34                execution_mode
 .text.show_main_screen
                0x00206a58       0x48 build/ecrobot_base.o
                0x00206a58                show_main_screen
 .text.display_status_bar
                0x00206aa0       0x5c build/ecrobot_base.o
                0x00206aa0                display_status_bar
 .text.restart_NXT
                0x00206afc       0x2c build/ecrobot_base.o
                0x00206afc                restart_NXT
 .text.shutdown_NXT
                0x00206b28       0x2c build/ecrobot_base.o
                0x00206b28                shutdown_NXT
 .text.check_NXT_buttons
                0x00206b54       0x38 build/ecrobot_base.o
                0x00206b54                check_NXT_buttons
 .text.show_bd_addr
                0x00206b8c       0x44 build/ecrobot_base.o
                0x00206b8c                show_bd_addr
 .text.show_bd_addr_err
                0x00206bd0       0x3c build/ecrobot_base.o
                0x00206bd0                show_bd_addr_err
 .text.add_status_info
                0x00206c0c       0x68 build/ecrobot_base.o
                0x00206c0c                add_status_info
 .text.show_splash_screen
                0x00206c74       0x90 build/ecrobot_base.o
                0x00206c74                show_splash_screen
 .text.main     0x00206d04      0x10c build/ecrobot.o
                0x00206d04                main
 .text.test_data_send
                0x00206e10      0x124 build/model_impl.o
                0x00206e10                test_data_send
 .text.ecrobot_device_initialize
                0x00206f34       0x18 build/model_impl.o
                0x00206f34                ecrobot_device_initialize
 .text.ecrobot_device_terminate
                0x00206f4c       0x20 build/model_impl.o
                0x00206f4c                ecrobot_device_terminate
 .text.user_1ms_isr_type2
                0x00206f6c       0x14 build/model_impl.o
                0x00206f6c                user_1ms_isr_type2
 .text.TaskMainTaskInit
                0x00206f80      0x36c build/model_impl.o
                0x00206f80                TaskMainTaskInit
 .text.TaskMainTaskMain
                0x002072ec       0x74 build/model_impl.o
                0x002072ec                TaskMainTaskMain
 .text.TaskMainTaskBuletooth
                0x00207360       0x44 build/model_impl.o
                0x00207360                TaskMainTaskBuletooth
 .text.Bluetooth_init
                0x002073a4        0xc build/device/Bluetooth.o
                0x002073a4                Bluetooth_init
 .text.Bluetooth_start
                0x002073b0        0xc build/device/Bluetooth.o
                0x002073b0                Bluetooth_start
 .text.Bluetooth_checkConnection
                0x002073bc       0x14 build/device/Bluetooth.o
                0x002073bc                Bluetooth_checkConnection
 .text.Bluetooth_terminate
                0x002073d0        0xc build/device/Bluetooth.o
                0x002073d0                Bluetooth_terminate
 .text.Bluetooth_receive
                0x002073dc       0x10 build/device/Bluetooth.o
                0x002073dc                Bluetooth_receive
 .text.Bluetooth_send
                0x002073ec       0x10 build/device/Bluetooth.o
                0x002073ec                Bluetooth_send
 .text.GyroSensor_init
                0x002073fc        0xc build/device/GyroSensor.o
                0x002073fc                GyroSensor_init
 .text.GyroSensor_getAngularVelocity
                0x00207408        0xc build/device/GyroSensor.o
                0x00207408                GyroSensor_getAngularVelocity
 .text.TouchSensor_init
                0x00207414        0x4 build/device/TouchSensor.o
                0x00207414                TouchSensor_init
 .text.TouchSensor_isPressed
                0x00207418        0xc build/device/TouchSensor.o
                0x00207418                TouchSensor_isPressed
 .text.Motor_init
                0x00207424        0x8 build/device/Motor.o
                0x00207424                Motor_init
 .text.Motor_getAngle
                0x0020742c        0xc build/device/Motor.o
                0x0020742c                Motor_getAngle
 .text.Motor_rotate
                0x00207438       0x10 build/device/Motor.o
                0x00207438                Motor_rotate
 .text.LightSensor_init
                0x00207448        0x4 build/device/LightSensor.o
                0x00207448                LightSensor_init
 .text.LightSensor_getBrightness
                0x0020744c        0xc build/device/LightSensor.o
                0x0020744c                LightSensor_getBrightness
 .text.SonarSensor_init
                0x00207458       0x14 build/device/SonarSensor.o
                0x00207458                SonarSensor_init
 .text.SonarSensor_term
                0x0020746c        0xc build/device/SonarSensor.o
                0x0020746c                SonarSensor_term
 .text.LCD_init
                0x00207478        0x8 build/device/LCD.o
                0x00207478                LCD_init
 .text.LCD_DisplayClear
                0x00207480       0x10 build/device/LCD.o
                0x00207480                LCD_DisplayClear
 .text.Logger_send
                0x00207490       0x18 build/device/Logger.o
                0x00207490                Logger_send
 .text.Timer_init
                0x002074a8        0x8 build/device/Timer.o
                0x002074a8                Timer_init
 .text.Competision_action
                0x002074b0       0x24 build/competision/Competision.o
                0x002074b0                Competision_action
 .text.Strategy_action
                0x002074d4      0x160 build/competision/Strategy.o
                0x002074d4                Strategy_action
 .text.LineTracer_init
                0x00207634        0xc build/competision/LineTracer.o
                0x00207634                LineTracer_init
 .text.LineTracer_trace
                0x00207640       0x34 build/competision/LineTracer.o
                0x00207640                LineTracer_trace
 .text.LineTracer_getTurn
                0x00207674        0x4 build/competision/LineTracer.o
                0x00207674                LineTracer_getTurn
 .text.LineTracer_setTarget
                0x00207678        0x4 build/competision/LineTracer.o
                0x00207678                LineTracer_setTarget
 .text.LineTracer_setRightEdge
                0x0020767c        0x8 build/competision/LineTracer.o
                0x0020767c                LineTracer_setRightEdge
 .text.LineTracer_setLeftEdge
                0x00207684        0x8 build/competision/LineTracer.o
                0x00207684                LineTracer_setLeftEdge
 .text.LineTracer_getEdge
                0x0020768c        0x4 build/competision/LineTracer.o
                0x0020768c                LineTracer_getEdge
 .text.Runner_getDistance
                0x00207690       0x28 build/competision/Runner.o
                0x00207690                Runner_getDistance
 .text.Runner_lineTraceRun
                0x002076b8       0x1c build/competision/Runner.o
 .text.Runner_turnByFrontWheel
                0x002076d4       0x2c build/competision/Runner.o
 .text.Runner_turnByDrivingWheel
                0x00207700       0x9c build/competision/Runner.o
 .text.Runner_turnOnSpotLeft
                0x0020779c       0x64 build/competision/Runner.o
 .text.Runner_turnOnSpotRight
                0x00207800       0x68 build/competision/Runner.o
 .text.Runner_fowardFrontWheel
                0x00207868       0x24 build/competision/Runner.o
 .text.Runner_run_TURN_SPOT
                0x0020788c       0x28 build/competision/Runner.o
 .text.Runner_run
                0x002078b4       0xac build/competision/Runner.o
                0x002078b4                Runner_run
 .text.PidControl_init
                0x00207960       0x10 build/technique/PidControl.o
                0x00207960                PidControl_init
 .text.PidControl_calcTurn
                0x00207970       0xe4 build/technique/PidControl.o
                0x00207970                PidControl_calcTurn
 .text.Communication_init
                0x00207a54        0xc build/technique/Communication.o
                0x00207a54                Communication_init
 .text.Communication_setSendData
                0x00207a60       0x1c build/technique/Communication.o
                0x00207a60                Communication_setSendData
 .text.Communication_communicate
                0x00207a7c       0x6c build/technique/Communication.o
                0x00207a7c                Communication_communicate
 .text.Communication_setLogData1
                0x00207ae8        0x8 build/technique/Communication.o
                0x00207ae8                Communication_setLogData1
 .text.Communication_setLogData2
                0x00207af0        0x8 build/technique/Communication.o
                0x00207af0                Communication_setLogData2
 .text.Communication_getCommandValue
                0x00207af8       0x44 build/technique/Communication.o
 .text.Communication_getCommand
                0x00207b3c       0x90 build/technique/Communication.o
                0x00207b3c                Communication_getCommand
 .text.Commander_setCommandResult
                0x00207bcc       0x2c build/technique/Commander.o
 .text.Commander_action
                0x00207bf8      0x2cc build/technique/Commander.o
                0x00207bf8                Commander_action
 .text.Distance_init
                0x00207ec4        0x8 build/technique/Distance.o
                0x00207ec4                Distance_init
 .text.Dash_init
                0x00207ecc        0x8 build/technique/Dash.o
                0x00207ecc                Dash_init
 .text.CheckStart_init
                0x00207ed4        0x8 build/CheckStart.o
                0x00207ed4                CheckStart_init
 .text.CheckStart_isStart
                0x00207edc       0x10 build/CheckStart.o
                0x00207edc                CheckStart_isStart
 .text.CheckStart_start
                0x00207eec       0x24 build/CheckStart.o
 .text.CheckStart_waitStart
                0x00207f10       0x30 build/CheckStart.o
                0x00207f10                CheckStart_waitStart
 .text.RoboControl_init
                0x00207f40        0xc build/competision/RoboControl.o
                0x00207f40                RoboControl_init
 .text.RoboControl_control
                0x00207f4c      0x16c build/competision/RoboControl.o
                0x00207f4c                RoboControl_control
 .text.Order_init
                0x002080b8       0x14 build/competision/Order.o
                0x002080b8                Order_init
 .text.OrderList_init
                0x002080cc       0x28 build/competision/OrderList.o
                0x002080cc                OrderList_init
 .text.OrderList_getOrder
                0x002080f4        0xc build/competision/OrderList.o
                0x002080f4                OrderList_getOrder
 .text.OrderList_addOrder
                0x00208100       0x7c build/competision/OrderList.o
                0x00208100                OrderList_addOrder
 .text.OrderList_finishOrder
                0x0020817c       0x1c build/competision/OrderList.o
                0x0020817c                OrderList_finishOrder
 .text.OrderList_checkFinished
                0x00208198       0x18 build/competision/OrderList.o
                0x00208198                OrderList_checkFinished
 .text.OrderList_manualRunning
                0x002081b0       0x24 build/competision/OrderList.o
                0x002081b0                OrderList_manualRunning
 .text.OrderList_lineTraceRunning
                0x002081d4       0x24 build/competision/OrderList.o
                0x002081d4                OrderList_lineTraceRunning
 .text.OrderList_stop
                0x002081f8       0x1c build/competision/OrderList.o
                0x002081f8                OrderList_stop
 .text.OrderList_setPID
                0x00208214       0x24 build/competision/OrderList.o
                0x00208214                OrderList_setPID
 .text.OrderList_turnOnSpotLeft
                0x00208238       0x24 build/competision/OrderList.o
                0x00208238                OrderList_turnOnSpotLeft
 .text.OrderList_turnOnSpotRight
                0x0020825c       0x24 build/competision/OrderList.o
                0x0020825c                OrderList_turnOnSpotRight
 .text.Jump_init
                0x00208280        0x8 build/competision/Jump.o
                0x00208280                Jump_init
 .text.Jump_action
                0x00208288       0xbc build/competision/Jump.o
                0x00208288                Jump_action
 .text.Mogul_init
                0x00208344        0x8 build/competision/Mogul.o
                0x00208344                Mogul_init
 .text.Mogul_main
                0x0020834c       0x7c build/competision/Mogul.o
                0x0020834c                Mogul_main
 .text.OrderTest_init
                0x002083c8        0x8 build/competision/OrderTest.o
                0x002083c8                OrderTest_init
 .text.Course_init
                0x002083d0       0x10 build/competision/Course.o
                0x002083d0                Course_init
 .text.Course_resetMode
                0x002083e0        0x8 build/competision/Course.o
                0x002083e0                Course_resetMode
 .text.Course_stop
                0x002083e8        0xc build/competision/Course.o
                0x002083e8                Course_stop
 .text.Course_IN_StartToCurve
                0x002083f4       0x6c build/competision/Course.o
                0x002083f4                Course_IN_StartToCurve
 .text.Course_IN_CurveToLineChange
                0x00208460       0x6c build/competision/Course.o
                0x00208460                Course_IN_CurveToLineChange
 .text.Course_IN_LineChangeToReStart
                0x002084cc       0x6c build/competision/Course.o
                0x002084cc                Course_IN_LineChangeToReStart
 .text.Course_IN_CurveToMogul
                0x00208538       0x6c build/competision/Course.o
                0x00208538                Course_IN_CurveToMogul
 .text.Course_IN_MogulToManual
                0x002085a4       0x6c build/competision/Course.o
                0x002085a4                Course_IN_MogulToManual
 .text.Course_IN_ManualToFigureL
                0x00208610       0x6c build/competision/Course.o
                0x00208610                Course_IN_ManualToFigureL
 .text.Course_IN_FigureLToStop
                0x0020867c       0x6c build/competision/Course.o
                0x0020867c                Course_IN_FigureLToStop
 .text.Course_OUT_StartToCurve
                0x002086e8       0x6c build/competision/Course.o
                0x002086e8                Course_OUT_StartToCurve
 .text.Course_OUT_CurveToJump
                0x00208754       0x6c build/competision/Course.o
                0x00208754                Course_OUT_CurveToJump
 .text.Course_OUT_JumpToDashStart
                0x002087c0       0x6c build/competision/Course.o
                0x002087c0                Course_OUT_JumpToDashStart
 .text.Course_OUT_DashStartToDashEnd
                0x0020882c       0x6c build/competision/Course.o
                0x0020882c                Course_OUT_DashStartToDashEnd
 .text.Course_OUT_DashEndToPending
                0x00208898       0x6c build/competision/Course.o
                0x00208898                Course_OUT_DashEndToPending
 .text.Course_OUT_PendingToCurve
                0x00208904       0x6c build/competision/Course.o
                0x00208904                Course_OUT_PendingToCurve
 .text.Course_OUT_CurveToGoal
                0x00208970       0x6c build/competision/Course.o
                0x00208970                Course_OUT_CurveToGoal
 .text.PendingArea_init
                0x002089dc        0xc build/competision/PendingArea.o
                0x002089dc                PendingArea_init
 .text.PendingArea_action
                0x002089e8        0x4 build/competision/PendingArea.o
                0x002089e8                PendingArea_action
 .text.FigureL_init
                0x002089ec        0x8 build/competision/FigureL.o
                0x002089ec                FigureL_init
 .text.FigureL_action
                0x002089f4       0xf4 build/competision/FigureL.o
                0x002089f4                FigureL_action
 .text.FrontWheel_init
                0x00208ae8        0x4 build/technique/FrontWheel.o
                0x00208ae8                FrontWheel_init
 .text.FrontWheel_setAngle
                0x00208aec       0x68 build/technique/FrontWheel.o
                0x00208aec                FrontWheel_setAngle
 .text.FrontWheel_getAngle
                0x00208b54        0xc build/technique/FrontWheel.o
                0x00208b54                FrontWheel_getAngle
 .text.DrivingWheel_init
                0x00208b60        0x4 build/technique/DrivingWheel.o
                0x00208b60                DrivingWheel_init
 .text.DrivingWheel_setPwm
                0x00208b64       0x20 build/technique/DrivingWheel.o
                0x00208b64                DrivingWheel_setPwm
 .text.DrivingWheel_getLeftAngle
                0x00208b84        0xc build/technique/DrivingWheel.o
                0x00208b84                DrivingWheel_getLeftAngle
 .text.DrivingWheel_getRightAngle
                0x00208b90        0xc build/technique/DrivingWheel.o
                0x00208b90                DrivingWheel_getRightAngle
 .text.BumpDecision_init
                0x00208b9c        0x8 build/technique/BumpDecision.o
                0x00208b9c                BumpDecision_init
 .text.BumpDecision_checkBump
                0x00208ba4       0x28 build/technique/BumpDecision.o
                0x00208ba4                BumpDecision_checkBump
 .text.TrialDecision_init
                0x00208bcc        0x8 build/technique/TrialDecision.o
                0x00208bcc                TrialDecision_init
 .text.TrialDecision_action
                0x00208bd4       0xa4 build/technique/TrialDecision.o
                0x00208bd4                TrialDecision_action
 .text.LineChange_init
                0x00208c78        0x8 build/technique/LineChange.o
                0x00208c78                LineChange_init
 .text.LineChange_action
                0x00208c80       0x78 build/technique/LineChange.o
                0x00208c80                LineChange_action
 .text.LineComeback_init
                0x00208cf8       0x10 build/technique/LineComeback.o
                0x00208cf8                LineComeback_init
 .text.LineComeback_main
                0x00208d08       0xe0 build/technique/LineComeback.o
                0x00208d08                LineComeback_main
 .text.ColorJudgement_judgeColor
                0x00208de8       0x24 build/technique/ColorJudgement.o
                0x00208de8                ColorJudgement_judgeColor
 .text.ecrobot_get_gyro_sensor
                0x00208e0c       0x14 ../nxtOSEK/ecrobot/../ecrobot/libecrobot.a(ecrobot_HiTechnic.o)
                0x00208e0c                ecrobot_get_gyro_sensor
 .text.ecrobot_set_light_sensor_active
                0x00208e20       0x10 ../nxtOSEK/ecrobot/../ecrobot/libecrobot.a(ecrobot_interface.o)
                0x00208e20                ecrobot_set_light_sensor_active
 .text.ecrobot_set_light_sensor_inactive
                0x00208e30       0x10 ../nxtOSEK/ecrobot/../ecrobot/libecrobot.a(ecrobot_interface.o)
                0x00208e30                ecrobot_set_light_sensor_inactive
 .text.ecrobot_get_light_sensor
                0x00208e40       0x14 ../nxtOSEK/ecrobot/../ecrobot/libecrobot.a(ecrobot_interface.o)
                0x00208e40                ecrobot_get_light_sensor
 .text.ecrobot_get_touch_sensor
                0x00208e54       0x20 ../nxtOSEK/ecrobot/../ecrobot/libecrobot.a(ecrobot_interface.o)
                0x00208e54                ecrobot_get_touch_sensor
 .text.ecrobot_init_i2c
                0x00208e74       0x2c ../nxtOSEK/ecrobot/../ecrobot/libecrobot.a(ecrobot_interface.o)
                0x00208e74                ecrobot_init_i2c
 .text.getDistance
                0x00208ea0       0x20 ../nxtOSEK/ecrobot/../ecrobot/libecrobot.a(ecrobot_interface.o)
 .text.ecrobot_init_sonar_sensor
                0x00208ec0       0x10 ../nxtOSEK/ecrobot/../ecrobot/libecrobot.a(ecrobot_interface.o)
                0x00208ec0                ecrobot_init_sonar_sensor
 .text.ecrobot_term_sonar_sensor
                0x00208ed0       0x20 ../nxtOSEK/ecrobot/../ecrobot/libecrobot.a(ecrobot_interface.o)
                0x00208ed0                ecrobot_term_sonar_sensor
 .text.ecrobot_get_battery_voltage
                0x00208ef0        0xc ../nxtOSEK/ecrobot/../ecrobot/libecrobot.a(ecrobot_interface.o)
                0x00208ef0                ecrobot_get_battery_voltage
 .text.ecrobot_get_button_state
                0x00208efc        0xc ../nxtOSEK/ecrobot/../ecrobot/libecrobot.a(ecrobot_interface.o)
                0x00208efc                ecrobot_get_button_state
 .text.ecrobot_init_nxtstate
                0x00208f08       0x28 ../nxtOSEK/ecrobot/../ecrobot/libecrobot.a(ecrobot_interface.o)
                0x00208f08                ecrobot_init_nxtstate
 .text.ecrobot_poll_nxtstate
                0x00208f30       0x64 ../nxtOSEK/ecrobot/../ecrobot/libecrobot.a(ecrobot_interface.o)
                0x00208f30                ecrobot_poll_nxtstate
 .text.ecrobot_setDeviceInitialized
                0x00208f94       0x18 ../nxtOSEK/ecrobot/../ecrobot/libecrobot.a(ecrobot_interface.o)
                0x00208f94                ecrobot_setDeviceInitialized
 .text.ecrobot_initDeviceStatus
                0x00208fac        0xc ../nxtOSEK/ecrobot/../ecrobot/libecrobot.a(ecrobot_interface.o)
                0x00208fac                ecrobot_initDeviceStatus
 .text.ecrobot_bt_data_logger
                0x00208fb8       0x84 ../nxtOSEK/ecrobot/../ecrobot/libecrobot.a(ecrobot_interface.o)
                0x00208fb8                ecrobot_bt_data_logger
 .text.ecrobot_bmp2lcd
                0x0020903c      0x1c8 ../nxtOSEK/ecrobot/../ecrobot/libecrobot.a(ecrobot_interface.o)
                0x0020903c                ecrobot_bmp2lcd
 .text.ecrobot_sound_tone
                0x00209204        0xc ../nxtOSEK/ecrobot/../ecrobot/libecrobot.a(ecrobot_interface.o)
                0x00209204                ecrobot_sound_tone
 .text.StartupHook
                0x00209210        0x4 ../nxtOSEK/ecrobot/../ecrobot/libecrobot.a(osek_hook.o)
                0x00209210                StartupHook
 .text.PreTaskHook
                0x00209214        0x4 ../nxtOSEK/ecrobot/../ecrobot/libecrobot.a(osek_hook.o)
                0x00209214                PreTaskHook
 .text.PostTaskHook
                0x00209218        0x4 ../nxtOSEK/ecrobot/../ecrobot/libecrobot.a(osek_hook.o)
                0x00209218                PostTaskHook
 .text.ErrorHook
                0x0020921c        0x4 ../nxtOSEK/ecrobot/../ecrobot/libecrobot.a(osek_hook.o)
                0x0020921c                ErrorHook
 .text.ShutdownHook
                0x00209220        0x4 ../nxtOSEK/ecrobot/../ecrobot/libecrobot.a(osek_hook.o)
                0x00209220                ShutdownHook
 .text          0x00209224       0x8c /cygdrive/C/cygwin/GNUARM/bin/../lib/gcc/arm-elf/4.0.2/thumb/interwork/libgcc.a(_udivsi3.o)
                0x00209224                __udivsi3
                0x002092a0                __aeabi_uidivmod
 .text          0x002092b0       0xa4 /cygdrive/C/cygwin/GNUARM/bin/../lib/gcc/arm-elf/4.0.2/thumb/interwork/libgcc.a(_divsi3.o)
                0x002092b0                __divsi3
                0x00209344                __aeabi_idivmod
 .text          0x00209354       0xc8 /cygdrive/C/cygwin/GNUARM/bin/../lib/gcc/arm-elf/4.0.2/thumb/interwork/libgcc.a(_umodsi3.o)
                0x00209354                __umodsi3
 .text          0x0020941c       0xd8 /cygdrive/C/cygwin/GNUARM/bin/../lib/gcc/arm-elf/4.0.2/thumb/interwork/libgcc.a(_modsi3.o)
                0x0020941c                __modsi3
 .text          0x002094f4        0x4 /cygdrive/C/cygwin/GNUARM/bin/../lib/gcc/arm-elf/4.0.2/thumb/interwork/libgcc.a(_dvmd_tls.o)
                0x002094f4                __aeabi_ldiv0
                0x002094f4                __div0
                0x002094f4                __aeabi_idiv0
 .text          0x002094f8      0x430 /cygdrive/C/cygwin/GNUARM/bin/../lib/gcc/arm-elf/4.0.2/thumb/interwork/libgcc.a(_addsubdf3.o)
                0x002098bc                __floatdidf
                0x0020983c                __floatsidf
                0x00209814                __aeabi_ui2d
                0x002094f8                __aeabi_drsub
                0x00209868                __extendsfdf2
                0x00209504                __adddf3
                0x00209814                __floatunsidf
                0x00209504                __aeabi_dadd
                0x002098a8                __aeabi_ul2d
                0x00209500                __aeabi_dsub
                0x002098a8                __floatundidf
                0x0020983c                __aeabi_i2d
                0x002098bc                __aeabi_l2d
                0x00209868                __aeabi_f2d
                0x00209500                __subdf3
 .text          0x00209928      0x49c /cygdrive/C/cygwin/GNUARM/bin/../lib/gcc/arm-elf/4.0.2/thumb/interwork/libgcc.a(_muldivdf3.o)
                0x00209bb8                __aeabi_ddiv
                0x00209928                __aeabi_dmul
                0x00209bb8                __divdf3
                0x00209928                __muldf3
 .text          0x00209dc4       0x5c /cygdrive/C/cygwin/GNUARM/bin/../lib/gcc/arm-elf/4.0.2/thumb/interwork/libgcc.a(_fixdfsi.o)
                0x00209dc4                __fixdfsi
                0x00209dc4                __aeabi_d2iz
 .text          0x00209e20       0xa0 /cygdrive/C/cygwin/GNUARM/bin/../lib/gcc/arm-elf/4.0.2/thumb/interwork/libgcc.a(_truncdfsf2.o)
                0x00209e20                __aeabi_d2f
                0x00209e20                __truncdfsf2
 .text          0x00209ec0      0x2ac /cygdrive/C/cygwin/GNUARM/bin/../lib/gcc/arm-elf/4.0.2/thumb/interwork/libgcc.a(_addsubsf3.o)
                0x00209ecc                __aeabi_fadd
                0x00209ec8                __subsf3
                0x0020a090                __aeabi_i2f
                0x00209ec8                __aeabi_fsub
                0x0020a0c0                __floatdisf
                0x0020a090                __floatsisf
                0x0020a0b0                __floatundisf
                0x0020a088                __aeabi_ui2f
                0x0020a0c0                __aeabi_l2f
                0x0020a0b0                __aeabi_ul2f
                0x00209ec0                __aeabi_frsub
                0x0020a088                __floatunsisf
                0x00209ecc                __addsf3
 .text          0x0020a16c      0x2f8 /cygdrive/C/cygwin/GNUARM/bin/../lib/gcc/arm-elf/4.0.2/thumb/interwork/libgcc.a(_muldivsf3.o)
                0x0020a304                __divsf3
                0x0020a304                __aeabi_fdiv
                0x0020a16c                __mulsf3
                0x0020a16c                __aeabi_fmul
 .text          0x0020a464      0x110 /cygdrive/C/cygwin/GNUARM/bin/../lib/gcc/arm-elf/4.0.2/thumb/interwork/libgcc.a(_cmpsf2.o)
                0x0020a55c                __aeabi_fcmpgt
                0x0020a46c                __lesf2
                0x0020a474                __nesf2
                0x0020a544                __aeabi_fcmpge
                0x0020a464                __gtsf2
                0x0020a52c                __aeabi_fcmple
                0x0020a474                __eqsf2
                0x0020a474                __cmpsf2
                0x0020a46c                __ltsf2
                0x0020a4e4                __aeabi_cfcmple
                0x0020a464                __gesf2
                0x0020a4fc                __aeabi_fcmpeq
                0x0020a4d4                __aeabi_cfrcmple
                0x0020a514                __aeabi_fcmplt
                0x0020a4e4                __aeabi_cfcmpeq
 .text          0x0020a574       0x5c /cygdrive/C/cygwin/GNUARM/bin/../lib/gcc/arm-elf/4.0.2/thumb/interwork/libgcc.a(_fixsfsi.o)
                0x0020a574                __fixsfsi
                0x0020a574                __aeabi_f2iz
 .text          0x0020a5d0       0x68 /cygdrive/C/cygwin/GNUARM/bin/../lib/gcc/arm-elf/4.0.2/../../../../arm-elf/lib/thumb/interwork/libc.a(memcpy.o)
                0x0020a5d0                memcpy
 .text          0x0020a638       0x68 /cygdrive/C/cygwin/GNUARM/bin/../lib/gcc/arm-elf/4.0.2/../../../../arm-elf/lib/thumb/interwork/libc.a(memset.o)
                0x0020a638                memset
 .text          0x0020a6a0       0x60 /cygdrive/C/cygwin/GNUARM/bin/../lib/gcc/arm-elf/4.0.2/../../../../arm-elf/lib/thumb/interwork/libc.a(strcpy.o)
                0x0020a6a0                strcpy
 .text          0x0020a700       0x48 /cygdrive/C/cygwin/GNUARM/bin/../lib/gcc/arm-elf/4.0.2/../../../../arm-elf/lib/thumb/interwork/libc.a(strlen.o)
                0x0020a700                strlen
 .glue_7        0x0020a748       0x30 /cygdrive/C/cygwin/GNUARM/bin/../lib/gcc/arm-elf/4.0.2/../../../../arm-elf/lib/thumb/interwork/libc.a(strncpy.o)
                0x0020a760                __call_posttaskhook_from_arm
                0x0020a749                __ecrobot_debug1_from_arm
                0x0020a755                __ecrobot_debug2_from_arm
                0x0020a76c                __call_pretaskhook_from_arm
 .glue_7t       0x0020a778       0xe0 /cygdrive/C/cygwin/GNUARM/bin/../lib/gcc/arm-elf/4.0.2/../../../../arm-elf/lib/thumb/interwork/libc.a(strncpy.o)
                0x0020a7a4                __start_change_to_arm
                0x0020a830                __interrupts_get_and_disable_from_thumb
                0x0020a851                ____lesf2_from_thumb
                0x0020a829                ____gtdf2_from_thumb
                0x0020a798                __exit_and_dispatch_from_thumb
                0x0020a808                ____divsf3_from_thumb
                0x0020a84c                ____gesf2_change_to_arm
                0x0020a818                ____subdf3_from_thumb
                0x0020a7b4                ____fixsfsi_change_to_arm
                0x0020a7c4                ____addsf3_change_to_arm
                0x0020a81c                ____subdf3_change_to_arm
                0x0020a7b0                ____fixsfsi_from_thumb
                0x0020a7b8                ____floatsisf_from_thumb
                0x0020a7e0                ____extendsfdf2_from_thumb
                0x0020a79c                __exit_and_dispatch_change_to_arm
                0x0020a778                __disable_int_from_thumb
                0x0020a849                ____gesf2_from_thumb
                0x0020a790                __start_dispatch_from_thumb
                0x0020a7d8                ____ltsf2_from_thumb
                0x0020a820                ____fixdfsi_from_thumb
                0x0020a804                ____divdf3_change_to_arm
                0x0020a854                ____lesf2_change_to_arm
                0x0020a7a0                __start_from_thumb
                0x0020a7f8                ____truncdfsf2_from_thumb
                0x0020a7ec                ____muldf3_change_to_arm
                0x0020a80c                ____divsf3_change_to_arm
                0x0020a824                ____fixdfsi_change_to_arm
                0x0020a800                ____divdf3_from_thumb
                0x0020a780                __enable_int_from_thumb
                0x0020a788                __dispatch_from_thumb
                0x0020a83c                __interrupts_enable_change_to_arm
                0x0020a7d0                ____gtsf2_from_thumb
                0x0020a834                __interrupts_get_and_disable_change_to_arm
                0x0020a78c                __dispatch_change_to_arm
                0x0020a7ac                ____mulsf3_change_to_arm
                0x0020a7f4                ____adddf3_change_to_arm
                0x0020a82c                ____gtdf2_change_to_arm
                0x0020a7fc                ____truncdfsf2_change_to_arm
                0x0020a7e4                ____extendsfdf2_change_to_arm
                0x0020a810                ____floatsidf_from_thumb
                0x0020a7bc                ____floatsisf_change_to_arm
                0x0020a841                __display_bios_status_from_thumb
                0x0020a7c8                ____subsf3_from_thumb
                0x0020a7f0                ____adddf3_from_thumb
                0x0020a7d4                ____gtsf2_change_to_arm
                0x0020a77c                __disable_int_change_to_arm
                0x0020a7dc                ____ltsf2_change_to_arm
                0x0020a7a8                ____mulsf3_from_thumb
                0x0020a7c0                ____addsf3_from_thumb
                0x0020a7e8                ____muldf3_from_thumb
                0x0020a7cc                ____subsf3_change_to_arm
                0x0020a784                __enable_int_change_to_arm
                0x0020a814                ____floatsidf_change_to_arm
                0x0020a838                __interrupts_enable_from_thumb
                0x0020a844                __display_bios_status_change_to_arm
                0x0020a794                __start_dispatch_change_to_arm
                0x0020a860                . = ALIGN (0x10)
 *fill*         0x0020a858        0x8 00
 *(*.rodata *.rodata.*)
 .rodata.search_table.966
                0x0020a860        0xf build/kernel/task.o
 *fill*         0x0020a86f        0x1 00
 .rodata.alminib_cycle
                0x0020a870        0x8 build/./kernel_cfg.o
                0x0020a870                alminib_cycle
 .rodata.alminib_almval
                0x0020a878        0x8 build/./kernel_cfg.o
                0x0020a878                alminib_almval
 .rodata.alminib_autosta
                0x0020a880        0x2 build/./kernel_cfg.o
                0x0020a880                alminib_autosta
 *fill*         0x0020a882        0x2 00
 .rodata.alminib_cback
                0x0020a884        0x8 build/./kernel_cfg.o
                0x0020a884                alminib_cback
 .rodata.alminib_cntid
                0x0020a88c        0x2 build/./kernel_cfg.o
                0x0020a88c                alminib_cntid
 *fill*         0x0020a88e        0x2 00
 .rodata.cntinib_tickbase
                0x0020a890        0x4 build/./kernel_cfg.o
                0x0020a890                cntinib_tickbase
 .rodata.cntinib_maxval2
                0x0020a894        0x4 build/./kernel_cfg.o
                0x0020a894                cntinib_maxval2
 .rodata.cntinib_maxval
                0x0020a898        0x4 build/./kernel_cfg.o
                0x0020a898                cntinib_maxval
 .rodata.SysTimerCnt
                0x0020a89c        0x1 build/./kernel_cfg.o
                0x0020a89c                SysTimerCnt
 *fill*         0x0020a89d        0x1 00
 .rodata.tinib_stksz
                0x0020a89e        0x6 build/./kernel_cfg.o
                0x0020a89e                tinib_stksz
 .rodata.tinib_stk
                0x0020a8a4        0xc build/./kernel_cfg.o
                0x0020a8a4                tinib_stk
 .rodata.tinib_task
                0x0020a8b0        0xc build/./kernel_cfg.o
                0x0020a8b0                tinib_task
 .rodata.tinib_autoact
                0x0020a8bc        0x3 build/./kernel_cfg.o
                0x0020a8bc                tinib_autoact
 .rodata.tinib_maxact
                0x0020a8bf        0x3 build/./kernel_cfg.o
                0x0020a8bf                tinib_maxact
 .rodata.tinib_exepri
                0x0020a8c2        0x3 build/./kernel_cfg.o
                0x0020a8c2                tinib_exepri
 .rodata.tinib_inipri
                0x0020a8c5        0x3 build/./kernel_cfg.o
                0x0020a8c5                tinib_inipri
 .rodata.tnum_exttask
                0x0020a8c8        0x1 build/./kernel_cfg.o
                0x0020a8c8                tnum_exttask
 .rodata.tnum_task
                0x0020a8c9        0x1 build/./kernel_cfg.o
                0x0020a8c9                tnum_task
 .rodata.tnum_counter
                0x0020a8ca        0x1 build/./kernel_cfg.o
                0x0020a8ca                tnum_counter
 .rodata.tnum_alarm
                0x0020a8cb        0x1 build/./kernel_cfg.o
                0x0020a8cb                tnum_alarm
 .rodata.exec_addr
                0x0020a8cc        0x4 build/ecrobot_base.o
                0x0020a8cc                exec_addr
 .rodata.str1.4
                0x0020a8d0       0x80 build/ecrobot_base.o
 .rodata.str1.4
                0x0020a950        0xd build/model_impl.o
                                 0x10 (size before relaxing)
 *fill*         0x0020a95d        0x3 00
 .rodata.str1.4
                0x0020a960        0x5 build/device/Bluetooth.o
                                  0x8 (size before relaxing)
 *fill*         0x0020a965        0x3 00
 .rodata.Strategy_action
                0x0020a968      0x1a4 build/competision/Strategy.o
 .rodata.Runner_run
                0x0020ab0c       0x14 build/competision/Runner.o
 .rodata.Commander_action
                0x0020ab20       0x18 build/technique/Commander.o
 .rodata.RoboControl_control
                0x0020ab38       0x18 build/competision/RoboControl.o
 .rodata.Jump_action
                0x0020ab50       0x14 build/competision/Jump.o
 .rodata.FigureL_action
                0x0020ab64       0x14 build/competision/FigureL.o
 .rodata.TrialDecision_action
                0x0020ab78       0x14 build/technique/TrialDecision.o
                0x0020ab90                . = ALIGN (0x10)
 *fill*         0x0020ab8c        0x4 00
 *(*.gnu.linkonce.* .gcc_except_table)
                0x0020ab90                . = ALIGN (0x10)

.tors           0x0020ab90        0x0
                0x0020ab90                . = ALIGN (0x10)
                0x0020ab90                __ctor_begin = .
 *(*.ctors*)
                0x0020ab90                __ctor_end = .
                0x0020ab90                . = ALIGN (0x10)
                0x0020ab90                __dtor_begin = .
 *(*.dtors*)
                0x0020ab90                __dtor_end = .
                0x0020ab90                . = ALIGN (0x10)

.bss            0x0020ab90     0x1f14
 *(*.bss *.bss.*)
 .bss.ready_primap
                0x0020ab90        0x2 build/kernel/task.o
 .bss.ready_queue_last
                0x0020ab92       0x10 build/kernel/task.o
 .bss.ready_queue_first
                0x0020aba2       0x10 build/kernel/task.o
 *fill*         0x0020abb2        0x2 00
 .bss._stack_TaskBuletooth
                0x0020abb4      0x200 build/./kernel_cfg.o
 .bss._stack_TaskMain
                0x0020adb4      0x200 build/./kernel_cfg.o
 .bss._stack_TaskInit
                0x0020afb4      0x200 build/./kernel_cfg.o
 .bss.receiveBuf
                0x0020b1b4       0x80 build/ecrobot_bluetooth.o
 .bss.sendBuf   0x0020b234      0x100 build/ecrobot_bluetooth.o
 .bss.handle    0x0020b334        0x1 build/ecrobot_bluetooth.o
 *fill*         0x0020b335        0x3 00
 .bss.status_bar_position
                0x0020b338        0x4 build/ecrobot_base.o
 .bss.last_act_time.2753
                0x0020b33c        0x4 build/ecrobot_base.o
 .bss.lcd.2682  0x0020b340      0x320 build/ecrobot_base.o
 .bss.OS_flag   0x0020b660        0x4 build/ecrobot_base.o
 .bss.status_bar
                0x0020b664       0x10 build/ecrobot_base.o
 .bss.i         0x0020b674        0x4 build/competision/Mogul.o
                0x0020b674                i
 .bss.buttons_i
                0x0020b678        0x4 ../nxtOSEK/ecrobot/../ecrobot/libecrobot.a(ecrobot_interface.o)
 .bss.buttons_states
                0x0020b67c       0x14 ../nxtOSEK/ecrobot/../ecrobot/libecrobot.a(ecrobot_interface.o)
 .bss.ecrobot_inputs
                0x0020b690        0x8 ../nxtOSEK/ecrobot/../ecrobot/libecrobot.a(ecrobot_interface.o)
 .bss.systick_ms
                0x0020b698        0x4 ../nxtOSEK/ecrobot/../ecrobot/libecrobot.a(systick.oram)
 .bss.delayedEnable
                0x0020b69c        0x1 ../nxtOSEK/ecrobot/../ecrobot/libecrobot.a(udp.oram)
 *fill*         0x0020b69d        0x3 00
 .bss.outCnt    0x0020b6a0        0x4 ../nxtOSEK/ecrobot/../ecrobot/libecrobot.a(udp.oram)
 .bss.outPtr    0x0020b6a4        0x4 ../nxtOSEK/ecrobot/../ecrobot/libecrobot.a(udp.oram)
 .bss.newAddress
                0x0020b6a8        0x4 ../nxtOSEK/ecrobot/../ecrobot/libecrobot.a(udp.oram)
 .bss.currentRxBank
                0x0020b6ac        0x4 ../nxtOSEK/ecrobot/../ecrobot/libecrobot.a(udp.oram)
 .bss.currentFeatures
                0x0020b6b0        0x4 ../nxtOSEK/ecrobot/../ecrobot/libecrobot.a(udp.oram)
 .bss.currentConfig
                0x0020b6b4        0x1 ../nxtOSEK/ecrobot/../ecrobot/libecrobot.a(udp.oram)
 *fill*         0x0020b6b5        0x3 00
 .bss.twi_mask  0x0020b6b8        0x4 ../nxtOSEK/ecrobot/../ecrobot/libecrobot.a(twi.oram)
 .bss.twi_ptr   0x0020b6bc        0x4 ../nxtOSEK/ecrobot/../ecrobot/libecrobot.a(twi.oram)
 .bss.twi_pending
                0x0020b6c0        0x4 ../nxtOSEK/ecrobot/../ecrobot/libecrobot.a(twi.oram)
 .bss.twi_state
                0x0020b6c4        0x4 ../nxtOSEK/ecrobot/../ecrobot/libecrobot.a(twi.oram)
 .bss.page      0x0020b6c8        0x1 ../nxtOSEK/ecrobot/../ecrobot/libecrobot.a(nxt_spi.oram)
                0x0020b6c8                page
 .bss.dirty     0x0020b6c9        0x1 ../nxtOSEK/ecrobot/../ecrobot/libecrobot.a(nxt_spi.oram)
                0x0020b6c9                dirty
 *fill*         0x0020b6ca        0x2 00
 .bss.display   0x0020b6cc        0x4 ../nxtOSEK/ecrobot/../ecrobot/libecrobot.a(nxt_spi.oram)
                0x0020b6cc                display
 .bss.interrupts_this_period
                0x0020b6d0        0x4 ../nxtOSEK/ecrobot/../ecrobot/libecrobot.a(nxt_motors.oram)
 .bss.nxt_motor_initialised
                0x0020b6d4        0x4 ../nxtOSEK/ecrobot/../ecrobot/libecrobot.a(nxt_motors.oram)
 .bss.motor     0x0020b6d8       0x30 ../nxtOSEK/ecrobot/../ecrobot/libecrobot.a(nxt_motors.oram)
 .bss.display_tick
                0x0020b708        0x4 ../nxtOSEK/ecrobot/../ecrobot/libecrobot.a(display.oram)
                0x0020b708                display_tick
 .bss.display_array
                0x0020b70c      0x388 ../nxtOSEK/ecrobot/../ecrobot/libecrobot.a(display.oram)
 .bss.i2c_int_count
                0x0020ba94        0x4 ../nxtOSEK/ecrobot/../ecrobot/libecrobot.a(i2c.oram)
 .bss.i2c_port  0x0020ba98      0x170 ../nxtOSEK/ecrobot/../ecrobot/libecrobot.a(i2c.oram)
 .bss.sound_mode
                0x0020bc08        0x1 ../nxtOSEK/ecrobot/../ecrobot/libecrobot.a(sound.oram)
                0x0020bc08                sound_mode
 *fill*         0x0020bc09        0x3 00
 .bss.in_buf_idx
                0x0020bc0c        0x4 ../nxtOSEK/ecrobot/../ecrobot/libecrobot.a(bt.oram)
 .bss.buf_ptr   0x0020bc10        0x4 ../nxtOSEK/ecrobot/../ecrobot/libecrobot.a(bt.oram)
 .bss.out_buf   0x0020bc14      0x200 ../nxtOSEK/ecrobot/../ecrobot/libecrobot.a(bt.oram)
 .bss.out_buf_ptr
                0x0020be14        0x1 ../nxtOSEK/ecrobot/../ecrobot/libecrobot.a(bt.oram)
 .bss.in_buf_in_ptr
                0x0020be15        0x1 ../nxtOSEK/ecrobot/../ecrobot/libecrobot.a(bt.oram)
 .bss.in_buf    0x0020be16      0x100 ../nxtOSEK/ecrobot/../ecrobot/libecrobot.a(bt.oram)
 *fill*         0x0020bf16        0x2 00
 .bss.link_state
                0x0020bf18        0x4 ../nxtOSEK/ecrobot/../ecrobot/libecrobot.a(nxt_avr.oram)
 .bss.update_count
                0x0020bf1c        0x4 ../nxtOSEK/ecrobot/../ecrobot/libecrobot.a(nxt_avr.oram)
 .bss.nxt_avr_stats
                0x0020bf20       0x14 ../nxtOSEK/ecrobot/../ecrobot/libecrobot.a(nxt_avr.oram)
 .bss.debounce_cnt
                0x0020bf34        0x2 ../nxtOSEK/ecrobot/../ecrobot/libecrobot.a(nxt_avr.oram)
 .bss.debounce_state
                0x0020bf36        0x2 ../nxtOSEK/ecrobot/../ecrobot/libecrobot.a(nxt_avr.oram)
 .bss.button_state
                0x0020bf38        0x2 ../nxtOSEK/ecrobot/../ecrobot/libecrobot.a(nxt_avr.oram)
 .bss.prev_buttons
                0x0020bf3a        0x2 ../nxtOSEK/ecrobot/../ecrobot/libecrobot.a(nxt_avr.oram)
 .bss.from_buf  0x0020bf3c        0x4 ../nxtOSEK/ecrobot/../ecrobot/libecrobot.a(nxt_avr.oram)
 .bss.io_from_avr
                0x0020bf40        0x4 ../nxtOSEK/ecrobot/../ecrobot/libecrobot.a(nxt_avr.oram)
 .bss.data_from_avr
                0x0020bf44       0x1a ../nxtOSEK/ecrobot/../ecrobot/libecrobot.a(nxt_avr.oram)
 .bss.data_to_avr
                0x0020bf5e        0x9 ../nxtOSEK/ecrobot/../ecrobot/libecrobot.a(nxt_avr.oram)
 .bss.io_to_avr
                0x0020bf67        0x8 ../nxtOSEK/ecrobot/../ecrobot/libecrobot.a(nxt_avr.oram)
 *fill*         0x0020bf6f        0x1 00
 .bss.display   0x0020bf70        0x4 ../nxtOSEK/ecrobot/../ecrobot/libecrobot.a(nxt_lcd.oram)
                0x0020bf80                . = ALIGN (0x10)
 *fill*         0x0020bf74        0xc 00
                0x0020bf80                __bss_end__ = .
 COMMON         0x0020bf80        0x2 build/kernel/interrupt.o
                0x0020bf80                runisr
                0x0020bf81                sus_all_cnt
 *fill*         0x0020bf82        0x2 00
 COMMON         0x0020bf84       0x10 build/kernel/osctl.o
                0x0020bf84                callevel
                0x0020bf85                _errorhook_svcid
                0x0020bf86                appmode
                0x0020bf88                _errorhook_par1
                0x0020bf8c                _errorhook_par3
                0x0020bf90                _errorhook_par2
 COMMON         0x0020bf94        0x3 build/kernel/task.o
                0x0020bf94                runtsk
                0x0020bf95                schedtsk
                0x0020bf96                nextpri
 *fill*         0x0020bf97        0x1 00
 COMMON         0x0020bf98       0x50 build/./kernel_cfg.o
                0x0020bf98                tcb_waievt
                0x0020bf9c                rescb_prevpri
                0x0020bf9d                almcb_prev
                0x0020bf9f                tcb_lastres
                0x0020bfa4                almcb_almval
                0x0020bfac                tcxb_pc
                0x0020bfb8                tcb_next
                0x0020bfbb                tcb_curpri
                0x0020bfbe                tcb_tstat
                0x0020bfc1                isrcb_lastres
                0x0020bfc2                cntcb_almque
                0x0020bfc3                rescb_prevres
                0x0020bfc4                tcb_actcnt
                0x0020bfc8                tcb_curevt
                0x0020bfcc                almcb_cycle
                0x0020bfd4                tcxb_sp
                0x0020bfe0                almcb_next
                0x0020bfe4                cntcb_curval
 COMMON         0x0020bfe8      0x748 build/model_impl.o
                0x0020bfe8                info
                0x0020c004                wheel
                0x0020c00c                basicStageDistance
                0x0020c010                strategy
                0x0020c048                pidControl
                0x0020c060                rightMotor
                0x0020c068                frontMotor
                0x0020c070                orderList
                0x0020c3c0                lcd
                0x0020c3c8                lineComeback
                0x0020c3d8                tailMotor
                0x0020c3e0                basicStage
                0x0020c3e8                bluetooth
                0x0020c3ec                sonarSensor
                0x0020c3f0                lookUpGateTimer
                0x0020c3f4                runner
                0x0020c410                command
                0x0020c42c                gyroSensor
                0x0020c434                runnerInfo
                0x0020c460                distance
                0x0020c464                active
                0x0020c468                communication
                0x0020c584                direction
                0x0020c588                tail
                0x0020c58c                orderTest
                0x0020c598                leftMotor
                0x0020c5a0                jump
                0x0020c5ac                logger
                0x0020c5b0                figureL
                0x0020c5bc                course
                0x0020c5cc                frontWheel
                0x0020c5d4                touchSensor
                0x0020c5d8                strategyDistance
                0x0020c5dc                commander
                0x0020c5e8                trialDicision
                0x0020c5f8                calibration
                0x0020c610                lookupGageDistance
                0x0020c614                pendingArea
                0x0020c624                lightSensor
                0x0020c628                lineTracer
                0x0020c64c                checkStart
                0x0020c660                dash
                0x0020c664                color
                0x0020c668                drivingWheel
                0x0020c670                courseInfo
                0x0020c684                balanceControl
                0x0020c6b4                garageInDistance
                0x0020c6b8                bumpDecision
                0x0020c6c0                colorJudgement
                0x0020c6c8                settingInfo
                0x0020c6e8                grayDecisionTimer
                0x0020c6ec                competision
                0x0020c6fc                lineChange
                0x0020c70c                mogul
                0x0020c718                roboControl
 COMMON         0x0020c730       0x44 ../nxtOSEK/ecrobot/../ecrobot/libecrobot.a(uart.oram)
                0x0020c730                uart
 COMMON         0x0020c774        0x4 ../nxtOSEK/ecrobot/../ecrobot/libecrobot.a(data_abort.oram)
                0x0020c774                data_abort_pc
 COMMON         0x0020c778        0x8 ../nxtOSEK/ecrobot/../ecrobot/libecrobot.a(display.oram)
                0x0020c778                display_x
                0x0020c77c                display_y
 COMMON         0x0020c780      0x324 ../nxtOSEK/ecrobot/../ecrobot/libecrobot.a(sound.oram)
                0x0020c780                sample
                0x0020ab90                __bss_start__ = ADDR (.bss)
                0x0020caa4                __bss_end__ = (ADDR (.bss) + SIZEOF (.bss))
                0x0020caa4                PROVIDE (end, .)

.heap_area      0x0020caa4     0x30d4
                0x0020fb78                . = (. + (0x20fb78 - end))
 *fill*         0x0020caa4     0x30d4 00

.stack          0x0020fb78      0x488
                0x0020fbf8                . = (. + 0x80)
 *fill*         0x0020fb78       0x80 00
                0x0020fc00                . = ALIGN (0x10)
 *fill*         0x0020fbf8        0x8 00
                0x0020fc00                __irq_stack__ = .
                0x0020fc00                __system_stack_bottom__ = .
                0x00210000                . = (. + 0x400)
 *fill*         0x0020fc00      0x400 00
                0x00210000                . = ALIGN (0x10)
                0x00210000                __system_stack__ = .
                0x00210000                __system_stack_top__ = .
                0x0020fb78                __stack_start__ = ADDR (.stack)
                0x00210000                __stack_end__ = (ADDR (.stack) + SIZEOF (.stack))
OUTPUT(azuma2014_ram.elf elf32-littlearm)

.comment        0x00000000      0x666
 .comment       0x00000000       0x12 build/kernel/alarm.o
 .comment       0x00000012       0x12 build/kernel/event.o
 .comment       0x00000024       0x12 build/kernel/interrupt.o
 .comment       0x00000036       0x12 build/kernel/osctl.o
 .comment       0x00000048       0x12 build/kernel/resource.o
 .comment       0x0000005a       0x12 build/kernel/task.o
 .comment       0x0000006c       0x12 build/kernel/task_manage.o
 .comment       0x0000007e       0x12 build/config/at91sam7s-gnu/cpu_config.o
 .comment       0x00000090       0x12 build/config/at91sam7s-gnu/lego_nxt/sys_config.o
 .comment       0x000000a2       0x12 build/./kernel_cfg.o
 .comment       0x000000b4       0x12 build/syscalls.o
 .comment       0x000000c6       0x12 build/ecrobot_bluetooth.o
 .comment       0x000000d8       0x12 build/ecrobot_base.o
 .comment       0x000000ea       0x12 build/ecrobot.o
 .comment       0x000000fc       0x12 build/model_impl.o
 .comment       0x0000010e       0x12 build/balancer_param.o
 .comment       0x00000120       0x12 build/device/Bluetooth.o
 .comment       0x00000132       0x12 build/device/GyroSensor.o
 .comment       0x00000144       0x12 build/device/TouchSensor.o
 .comment       0x00000156       0x12 build/device/Motor.o
 .comment       0x00000168       0x12 build/device/LightSensor.o
 .comment       0x0000017a       0x12 build/device/SonarSensor.o
 .comment       0x0000018c       0x12 build/device/LCD.o
 .comment       0x0000019e       0x12 build/device/Logger.o
 .comment       0x000001b0       0x12 build/device/Timer.o
 .comment       0x000001c2       0x12 build/competision/Competision.o
 .comment       0x000001d4       0x12 build/competision/Strategy.o
 .comment       0x000001e6       0x12 build/competision/LineTracer.o
 .comment       0x000001f8       0x12 build/competision/Runner.o
 .comment       0x0000020a       0x12 build/competision/BasicStage.o
 .comment       0x0000021c       0x12 build/technique/Tail.o
 .comment       0x0000022e       0x12 build/technique/Wheel.o
 .comment       0x00000240       0x12 build/technique/BalanceControl.o
 .comment       0x00000252       0x12 build/technique/PidControl.o
 .comment       0x00000264       0x12 build/technique/Communication.o
 .comment       0x00000276       0x12 build/technique/Commander.o
 .comment       0x00000288       0x12 build/technique/Distance.o
 .comment       0x0000029a       0x12 build/technique/Dash.o
 .comment       0x000002ac       0x12 build/CheckStart.o
 .comment       0x000002be       0x12 build/Calibration.o
 .comment       0x000002d0       0x12 build/competision/RoboControl.o
 .comment       0x000002e2       0x12 build/competision/Order.o
 .comment       0x000002f4       0x12 build/competision/OrderList.o
 .comment       0x00000306       0x12 build/competision/Jump.o
 .comment       0x00000318       0x12 build/competision/Mogul.o
 .comment       0x0000032a       0x12 build/competision/OrderTest.o
 .comment       0x0000033c       0x12 build/competision/Course.o
 .comment       0x0000034e       0x12 build/competision/PendingArea.o
 .comment       0x00000360       0x12 build/competision/FigureL.o
 .comment       0x00000372       0x12 build/technique/FrontWheel.o
 .comment       0x00000384       0x12 build/technique/DrivingWheel.o
 .comment       0x00000396       0x12 build/technique/BumpDecision.o
 .comment       0x000003a8       0x12 build/technique/TrialDecision.o
 .comment       0x000003ba       0x12 build/technique/LineChange.o
 .comment       0x000003cc       0x12 build/technique/LineComeback.o
 .comment       0x000003de       0x12 build/technique/ColorJudgement.o
 .comment       0x000003f0       0x12 build/syslib/at91sam7s-gnu/lego_nxt/hw_sys_timer.oram
 .comment       0x00000402       0x12 ../nxtOSEK/ecrobot/../ecrobot/libecrobot.a(ecrobot_HiTechnic.o)
 .comment       0x00000414       0x12 ../nxtOSEK/ecrobot/../ecrobot/libecrobot.a(ecrobot_interface.o)
 .comment       0x00000426       0x12 ../nxtOSEK/ecrobot/../ecrobot/libecrobot.a(colorsensor.o)
 .comment       0x00000438       0x12 ../nxtOSEK/ecrobot/../ecrobot/libecrobot.a(osek_hook.o)
 .comment       0x0000044a       0x12 ../nxtOSEK/ecrobot/../ecrobot/libecrobot.a(uart.oram)
 .comment       0x0000045c       0x12 ../nxtOSEK/ecrobot/../ecrobot/libecrobot.a(systick.oram)
 .comment       0x0000046e       0x12 ../nxtOSEK/ecrobot/../ecrobot/libecrobot.a(byte_fifo.oram)
 .comment       0x00000480       0x12 ../nxtOSEK/ecrobot/../ecrobot/libecrobot.a(aic.oram)
 .comment       0x00000492       0x12 ../nxtOSEK/ecrobot/../ecrobot/libecrobot.a(udp.oram)
 .comment       0x000004a4       0x12 ../nxtOSEK/ecrobot/../ecrobot/libecrobot.a(twi.oram)
 .comment       0x000004b6       0x12 ../nxtOSEK/ecrobot/../ecrobot/libecrobot.a(nxt_spi.oram)
 .comment       0x000004c8       0x12 ../nxtOSEK/ecrobot/../ecrobot/libecrobot.a(nxt_motors.oram)
 .comment       0x000004da       0x12 ../nxtOSEK/ecrobot/../ecrobot/libecrobot.a(data_abort.oram)
 .comment       0x000004ec       0x12 ../nxtOSEK/ecrobot/../ecrobot/libecrobot.a(display.oram)
 .comment       0x000004fe       0x12 ../nxtOSEK/ecrobot/../ecrobot/libecrobot.a(i2c.oram)
 .comment       0x00000510       0x12 ../nxtOSEK/ecrobot/../ecrobot/libecrobot.a(sound.oram)
 .comment       0x00000522       0x12 ../nxtOSEK/ecrobot/../ecrobot/libecrobot.a(bt.oram)
 .comment       0x00000534       0x12 ../nxtOSEK/ecrobot/../ecrobot/libecrobot.a(nxt_avr.oram)
 .comment       0x00000546       0x12 ../nxtOSEK/ecrobot/../ecrobot/libecrobot.a(sensors.oram)
 .comment       0x00000558       0x12 ../nxtOSEK/ecrobot/../ecrobot/libecrobot.a(sensors1.oram)
 .comment       0x0000056a       0x12 ../nxtOSEK/ecrobot/../ecrobot/libecrobot.a(nxt_lcd.oram)
 .comment       0x0000057c       0x12 ../nxtOSEK/ecrobot/../ecrobot/libecrobot.a(flash_loader.oram)
 .comment       0x0000058e       0x12 ../nxtOSEK/ecrobot/../ecrobot/libecrobot.a(ecrobot_usb.o)
 .comment       0x000005a0       0x12 ../nxtOSEK/ecrobot/../ecrobot/libecrobot.a(flashprog.oram)
 .comment       0x000005b2       0x12 ../nxtOSEK/ecrobot/../ecrobot/libnxtway_gs_balancer.a(balancer.o)
 .comment       0x000005c4       0x12 /cygdrive/C/cygwin/GNUARM/bin/../lib/gcc/arm-elf/4.0.2/thumb/interwork/libgcc.a(_muldi3.o)
 .comment       0x000005d6       0x12 /cygdrive/C/cygwin/GNUARM/bin/../lib/gcc/arm-elf/4.0.2/thumb/interwork/libgcc.a(_divdi3.o)
 .comment       0x000005e8       0x12 /cygdrive/C/cygwin/GNUARM/bin/../lib/gcc/arm-elf/4.0.2/thumb/interwork/libgcc.a(_clz.o)
 .comment       0x000005fa       0x12 /cygdrive/C/cygwin/GNUARM/bin/../lib/gcc/arm-elf/4.0.2/../../../../arm-elf/lib/thumb/interwork/libc.a(memcpy.o)
 .comment       0x0000060c       0x12 /cygdrive/C/cygwin/GNUARM/bin/../lib/gcc/arm-elf/4.0.2/../../../../arm-elf/lib/thumb/interwork/libc.a(memset.o)
 .comment       0x0000061e       0x12 /cygdrive/C/cygwin/GNUARM/bin/../lib/gcc/arm-elf/4.0.2/../../../../arm-elf/lib/thumb/interwork/libc.a(strcmp.o)
 .comment       0x00000630       0x12 /cygdrive/C/cygwin/GNUARM/bin/../lib/gcc/arm-elf/4.0.2/../../../../arm-elf/lib/thumb/interwork/libc.a(strcpy.o)
 .comment       0x00000642       0x12 /cygdrive/C/cygwin/GNUARM/bin/../lib/gcc/arm-elf/4.0.2/../../../../arm-elf/lib/thumb/interwork/libc.a(strlen.o)
 .comment       0x00000654       0x12 /cygdrive/C/cygwin/GNUARM/bin/../lib/gcc/arm-elf/4.0.2/../../../../arm-elf/lib/thumb/interwork/libc.a(strncpy.o)

.debug_line     0x00000000      0xf97